2026-03-22 22:51:56  INFO      Log file: /Users/tanmaybhuskute/Documents/gifdroid-reproduction/app_PortAuthority/utg03/gifdroid_20260322_225156_srv.log
2026-03-22 22:51:56  INFO      GIFdroid started
2026-03-22 22:51:56  INFO        --video          : /Users/tanmaybhuskute/Documents/gifdroid-reproduction/app_PortAuthority/utg03/input/screenrec/srv_app_PortAuthority.mp4
2026-03-22 22:51:56  INFO        --utg            : /Users/tanmaybhuskute/Documents/gifdroid-reproduction/app_PortAuthority/utg03/input/utg.json
2026-03-22 22:51:56  INFO        --artifact       : /Users/tanmaybhuskute/Documents/gifdroid-reproduction/app_PortAuthority/utg03/input/artifacts
2026-03-22 22:51:56  INFO        --out            : /Users/tanmaybhuskute/Documents/gifdroid-reproduction/app_PortAuthority/utg03/output/execution_srv_PortAuthority.json
2026-03-22 22:51:56  INFO        --log-dir        : None
2026-03-22 22:51:56  INFO        --save-keyframes : /Users/tanmaybhuskute/Documents/gifdroid-reproduction/app_PortAuthority/utg03/output/keyframes
2026-03-22 22:51:56  INFO      ==================================================
2026-03-22 22:51:56  INFO      STEP 1: Keyframe Location
2026-03-22 22:51:56  INFO        Input video : /Users/tanmaybhuskute/Documents/gifdroid-reproduction/app_PortAuthority/utg03/input/screenrec/srv_app_PortAuthority.mp4
2026-03-22 22:51:56  INFO      keyframe_location: starting on video "/Users/tanmaybhuskute/Documents/gifdroid-reproduction/app_PortAuthority/utg03/input/screenrec/srv_app_PortAuthority.mp4"
2026-03-22 22:52:22  DEBUG     read_frames_from_video: 3050 frames decoded in 25.90s
2026-03-22 22:56:53  DEBUG     calculate_sim_seq: 3049 similarities computed in 271.63s
2026-03-22 22:56:53  DEBUG     detect_keyframes: 7 keyframes detected from 3049 frames in 0.00s
2026-03-22 22:56:53  INFO      keyframe_location: done — 7 keyframes at indices [11, 40, 161, 286, 2962, 3000, 3049] (297.59s total)
2026-03-22 22:56:54  INFO        Keyframes found   : 7
2026-03-22 22:56:54  INFO        Keyframe indices  : [11, 40, 161, 286, 2962, 3000, 3049]
2026-03-22 22:56:54  INFO        Duration          : 298.20s
2026-03-22 22:56:54  INFO        Keyframes saved to: /Users/tanmaybhuskute/Documents/gifdroid-reproduction/app_PortAuthority/utg03/output/keyframes (7 files)
2026-03-22 22:56:54  INFO      ==================================================
2026-03-22 22:56:54  INFO      STEP 2: GUI Mapping
2026-03-22 22:56:54  INFO        Screenshots dir : /Users/tanmaybhuskute/Documents/gifdroid-reproduction/app_PortAuthority/utg03/input/artifacts
2026-03-22 22:56:54  INFO      gui_mapping: matching 7 keyframes against screenshots in "/Users/tanmaybhuskute/Documents/gifdroid-reproduction/app_PortAuthority/utg03/input/artifacts"
2026-03-22 22:57:00  DEBUG     load_screenshots: 63 screenshots loaded in 5.67s from "/Users/tanmaybhuskute/Documents/gifdroid-reproduction/app_PortAuthority/utg03/input/artifacts"
2026-03-22 22:57:36  DEBUG     mapping: best match "artifacts_12.png" (score=0.223)
2026-03-22 22:58:02  DEBUG     mapping: best match "artifacts_1.png" (score=0.358)
2026-03-22 22:58:28  DEBUG     mapping: best match "artifacts_25.png" (score=0.562)
2026-03-22 22:58:52  DEBUG     mapping: best match "artifacts_25.png" (score=0.422)
2026-03-22 22:59:14  DEBUG     mapping: best match "artifacts_35.png" (score=0.449)
2026-03-22 22:59:36  DEBUG     mapping: best match "artifacts_35.png" (score=0.453)
2026-03-22 22:59:58  DEBUG     mapping: best match "artifacts_35.png" (score=0.475)
2026-03-22 22:59:58  INFO      gui_mapping: done — index sequence [12, 1, 25, 25, 35, 35, 35] (184.25s)
2026-03-22 22:59:58  INFO        Mapped index sequence : [12, 1, 25, 25, 35, 35, 35]
2026-03-22 22:59:58  INFO        Duration              : 184.25s
2026-03-22 22:59:58  INFO      ==================================================
2026-03-22 22:59:58  INFO      STEP 3: Find Execution Trace
2026-03-22 22:59:58  INFO        UTG file : /Users/tanmaybhuskute/Documents/gifdroid-reproduction/app_PortAuthority/utg03/input/utg.json
2026-03-22 22:59:58  INFO      find_execution_trace: target sequence [12, 1, 25, 25, 35, 35, 35]
2026-03-22 22:59:58  DEBUG     read_graph: 154 edges, 62 vertices loaded in 0.00s
2026-03-22 22:59:58  DEBUG     find_execution_trace: 74 candidate paths found in 0.00s
2026-03-22 22:59:58  INFO      find_execution_trace: 2 trace(s) found (LCS=3, length=11) in 0.01s
2026-03-22 22:59:58  INFO        Candidate traces found : 2
2026-03-22 22:59:58  INFO          Trace 0: [0, 1, 2, 3, 15, 16, 24, 25, 5, 34, 35]
2026-03-22 22:59:58  INFO          Trace 1: [0, 1, 2, 3, 15, 21, 24, 25, 5, 34, 35]
2026-03-22 22:59:58  INFO        Duration : 0.01s
2026-03-22 22:59:58  INFO      ==================================================
2026-03-22 22:59:58  INFO      STEP 4: Store Execution Trace
2026-03-22 22:59:58  INFO      Execution trace written to: /Users/tanmaybhuskute/Documents/gifdroid-reproduction/app_PortAuthority/utg03/output/execution_srv_PortAuthority.json
2026-03-22 22:59:58  INFO        Duration : 0.00s
2026-03-22 22:59:58  INFO      ==================================================
2026-03-22 22:59:58  INFO      Pipeline complete.  Total time: 482.65s
2026-03-22 22:59:58  INFO      ==================================================
