2026-03-20 17:23:04  INFO      Log file: /Users/tanmaybhuskute/Documents/gifdroid-reproduction/app_HomeMedKit/utg01/gifdroid_20260320_172304_hhv.log
2026-03-20 17:23:04  INFO      GIFdroid started
2026-03-20 17:23:04  INFO        --video          : app_HomeMedKit/utg01/input/handheld/hhv_app_HomeMedkit.mp4
2026-03-20 17:23:04  INFO        --utg            : app_HomeMedKit/utg01/input/utg.json
2026-03-20 17:23:04  INFO        --artifact       : app_HomeMedKit/utg01/input/artifacts
2026-03-20 17:23:04  INFO        --out            : app_HomeMedKit/utg01/output/execution_hhv_HomeMedKit.json
2026-03-20 17:23:04  INFO        --log-dir        : None
2026-03-20 17:23:04  INFO        --save-keyframes : app_HomeMedKit/utg01/output/keyframes
2026-03-20 17:23:04  INFO      ==================================================
2026-03-20 17:23:04  INFO      STEP 1: Keyframe Location
2026-03-20 17:23:04  INFO        Input video : app_HomeMedKit/utg01/input/handheld/hhv_app_HomeMedkit.mp4
2026-03-20 17:23:04  INFO      keyframe_location: starting on video "app_HomeMedKit/utg01/input/handheld/hhv_app_HomeMedkit.mp4"
2026-03-20 17:23:16  DEBUG     read_frames_from_video: 1359 frames decoded in 12.58s
2026-03-20 17:25:25  DEBUG     calculate_sim_seq: 1358 similarities computed in 128.89s
2026-03-20 17:25:25  DEBUG     detect_keyframes: 54 keyframes detected from 1358 frames in 0.00s
2026-03-20 17:25:25  INFO      keyframe_location: done — 54 keyframes at indices [129, 281, 379, 400, 434, 454, 465, 492, 497, 515, 520, 526, 543, 558, 591, 604, 615, 640, 649, 676, 688, 707, 768, 775, 786, 807, 838, 849, 918, 928, 945, 957, 967, 1015, 1023, 1033, 1043, 1052, 1061, 1082, 1118, 1134, 1144, 1150, 1158, 1181, 1201, 1207, 1240, 1248, 1265, 1271, 1297, 1358] (141.53s total)
2026-03-20 17:25:25  INFO        Keyframes found   : 54
2026-03-20 17:25:25  INFO        Keyframe indices  : [129, 281, 379, 400, 434, 454, 465, 492, 497, 515, 520, 526, 543, 558, 591, 604, 615, 640, 649, 676, 688, 707, 768, 775, 786, 807, 838, 849, 918, 928, 945, 957, 967, 1015, 1023, 1033, 1043, 1052, 1061, 1082, 1118, 1134, 1144, 1150, 1158, 1181, 1201, 1207, 1240, 1248, 1265, 1271, 1297, 1358]
2026-03-20 17:25:25  INFO        Duration          : 141.84s
2026-03-20 17:25:30  INFO        Keyframes saved to: app_HomeMedKit/utg01/output/keyframes (54 files)
2026-03-20 17:25:30  INFO      ==================================================
2026-03-20 17:25:30  INFO      STEP 2: GUI Mapping
2026-03-20 17:25:30  INFO        Screenshots dir : app_HomeMedKit/utg01/input/artifacts
2026-03-20 17:25:30  INFO      gui_mapping: matching 54 keyframes against screenshots in "app_HomeMedKit/utg01/input/artifacts"
2026-03-20 17:25:33  DEBUG     load_screenshots: 48 screenshots loaded in 2.66s from "app_HomeMedKit/utg01/input/artifacts"
2026-03-20 17:25:38  DEBUG     mapping: best match "artifacts_15.png" (score=0.283)
2026-03-20 17:25:42  DEBUG     mapping: best match "artifacts_15.png" (score=0.317)
2026-03-20 17:25:47  DEBUG     mapping: best match "artifacts_15.png" (score=0.314)
2026-03-20 17:25:52  DEBUG     mapping: best match "artifacts_15.png" (score=0.307)
2026-03-20 17:25:57  DEBUG     mapping: best match "artifacts_15.png" (score=0.275)
2026-03-20 17:26:02  DEBUG     mapping: best match "artifacts_15.png" (score=0.275)
2026-03-20 17:26:07  DEBUG     mapping: best match "artifacts_15.png" (score=0.275)
2026-03-20 17:26:11  DEBUG     mapping: best match "artifacts_15.png" (score=0.298)
2026-03-20 17:26:16  DEBUG     mapping: best match "artifacts_15.png" (score=0.297)
2026-03-20 17:26:21  DEBUG     mapping: best match "artifacts_15.png" (score=0.294)
2026-03-20 17:26:26  DEBUG     mapping: best match "artifacts_15.png" (score=0.298)
2026-03-20 17:26:31  DEBUG     mapping: best match "artifacts_15.png" (score=0.301)
2026-03-20 17:26:35  DEBUG     mapping: best match "artifacts_15.png" (score=0.293)
2026-03-20 17:26:40  DEBUG     mapping: best match "artifacts_15.png" (score=0.290)
2026-03-20 17:26:45  DEBUG     mapping: best match "artifacts_15.png" (score=0.283)
2026-03-20 17:26:50  DEBUG     mapping: best match "artifacts_15.png" (score=0.284)
2026-03-20 17:26:55  DEBUG     mapping: best match "artifacts_15.png" (score=0.255)
2026-03-20 17:26:59  DEBUG     mapping: best match "artifacts_15.png" (score=0.269)
2026-03-20 17:27:04  DEBUG     mapping: best match "artifacts_15.png" (score=0.264)
2026-03-20 17:27:09  DEBUG     mapping: best match "artifacts_15.png" (score=0.275)
2026-03-20 17:27:14  DEBUG     mapping: best match "artifacts_15.png" (score=0.275)
2026-03-20 17:27:19  DEBUG     mapping: best match "artifacts_15.png" (score=0.285)
2026-03-20 17:27:23  DEBUG     mapping: best match "artifacts_15.png" (score=0.285)
2026-03-20 17:27:28  DEBUG     mapping: best match "artifacts_15.png" (score=0.283)
2026-03-20 17:27:33  DEBUG     mapping: best match "artifacts_15.png" (score=0.280)
2026-03-20 17:27:38  DEBUG     mapping: best match "artifacts_15.png" (score=0.278)
2026-03-20 17:27:43  DEBUG     mapping: best match "artifacts_15.png" (score=0.286)
2026-03-20 17:27:48  DEBUG     mapping: best match "artifacts_15.png" (score=0.304)
2026-03-20 17:27:53  DEBUG     mapping: best match "artifacts_15.png" (score=0.308)
2026-03-20 17:27:57  DEBUG     mapping: best match "artifacts_15.png" (score=0.308)
2026-03-20 17:28:02  DEBUG     mapping: best match "artifacts_15.png" (score=0.304)
2026-03-20 17:28:07  DEBUG     mapping: best match "artifacts_15.png" (score=0.308)
2026-03-20 17:28:12  DEBUG     mapping: best match "artifacts_15.png" (score=0.304)
2026-03-20 17:28:17  DEBUG     mapping: best match "artifacts_15.png" (score=0.299)
2026-03-20 17:28:22  DEBUG     mapping: best match "artifacts_15.png" (score=0.292)
2026-03-20 17:28:26  DEBUG     mapping: best match "artifacts_15.png" (score=0.289)
2026-03-20 17:28:31  DEBUG     mapping: best match "artifacts_15.png" (score=0.293)
2026-03-20 17:28:36  DEBUG     mapping: best match "artifacts_15.png" (score=0.296)
2026-03-20 17:28:41  DEBUG     mapping: best match "artifacts_15.png" (score=0.294)
2026-03-20 17:28:46  DEBUG     mapping: best match "artifacts_15.png" (score=0.287)
2026-03-20 17:28:50  DEBUG     mapping: best match "artifacts_15.png" (score=0.304)
2026-03-20 17:28:55  DEBUG     mapping: best match "artifacts_15.png" (score=0.304)
2026-03-20 17:29:00  DEBUG     mapping: best match "artifacts_15.png" (score=0.302)
2026-03-20 17:29:05  DEBUG     mapping: best match "artifacts_15.png" (score=0.301)
2026-03-20 17:29:10  DEBUG     mapping: best match "artifacts_15.png" (score=0.297)
2026-03-20 17:29:15  DEBUG     mapping: best match "artifacts_15.png" (score=0.286)
2026-03-20 17:29:19  DEBUG     mapping: best match "artifacts_15.png" (score=0.286)
2026-03-20 17:29:24  DEBUG     mapping: best match "artifacts_15.png" (score=0.297)
2026-03-20 17:29:29  DEBUG     mapping: best match "artifacts_15.png" (score=0.293)
2026-03-20 17:29:34  DEBUG     mapping: best match "artifacts_15.png" (score=0.291)
2026-03-20 17:29:39  DEBUG     mapping: best match "artifacts_15.png" (score=0.308)
2026-03-20 17:29:44  DEBUG     mapping: best match "artifacts_15.png" (score=0.309)
2026-03-20 17:29:48  DEBUG     mapping: best match "artifacts_15.png" (score=0.306)
2026-03-20 17:29:53  DEBUG     mapping: best match "artifacts_15.png" (score=0.321)
2026-03-20 17:29:53  INFO      gui_mapping: done — index sequence [15, 15, 15, 15, 15, 15, 15, 15, 15, 15, 15, 15, 15, 15, 15, 15, 15, 15, 15, 15, 15, 15, 15, 15, 15, 15, 15, 15, 15, 15, 15, 15, 15, 15, 15, 15, 15, 15, 15, 15, 15, 15, 15, 15, 15, 15, 15, 15, 15, 15, 15, 15, 15, 15] (263.26s)
2026-03-20 17:29:53  INFO        Mapped index sequence : [15, 15, 15, 15, 15, 15, 15, 15, 15, 15, 15, 15, 15, 15, 15, 15, 15, 15, 15, 15, 15, 15, 15, 15, 15, 15, 15, 15, 15, 15, 15, 15, 15, 15, 15, 15, 15, 15, 15, 15, 15, 15, 15, 15, 15, 15, 15, 15, 15, 15, 15, 15, 15, 15]
2026-03-20 17:29:53  INFO        Duration              : 263.26s
2026-03-20 17:29:53  INFO      ==================================================
2026-03-20 17:29:53  INFO      STEP 3: Find Execution Trace
2026-03-20 17:29:53  INFO        UTG file : app_HomeMedKit/utg01/input/utg.json
2026-03-20 17:29:53  INFO      find_execution_trace: target sequence [15, 15, 15, 15, 15, 15, 15, 15, 15, 15, 15, 15, 15, 15, 15, 15, 15, 15, 15, 15, 15, 15, 15, 15, 15, 15, 15, 15, 15, 15, 15, 15, 15, 15, 15, 15, 15, 15, 15, 15, 15, 15, 15, 15, 15, 15, 15, 15, 15, 15, 15, 15, 15, 15]
2026-03-20 17:29:53  DEBUG     read_graph: 127 edges, 49 vertices loaded in 0.00s
2026-03-20 17:29:53  DEBUG     find_execution_trace: 1 candidate paths found in 0.00s
2026-03-20 17:29:53  INFO      find_execution_trace: 1 trace(s) found (LCS=1, length=3) in 0.00s
2026-03-20 17:29:53  INFO        Candidate traces found : 1
2026-03-20 17:29:53  INFO          Trace 0: [0, 1, 15]
2026-03-20 17:29:53  INFO        Duration : 0.00s
2026-03-20 17:29:53  INFO      ==================================================
2026-03-20 17:29:53  INFO      STEP 4: Store Execution Trace
2026-03-20 17:29:53  INFO      Execution trace written to: app_HomeMedKit/utg01/output/execution_hhv_HomeMedKit.json
2026-03-20 17:29:53  INFO        Duration : 0.00s
2026-03-20 17:29:53  INFO      ==================================================
2026-03-20 17:29:53  INFO      Pipeline complete.  Total time: 409.47s
2026-03-20 17:29:53  INFO      ==================================================
