2026-03-20 00:51:46  INFO      Log file: /Users/tanmaybhuskute/Documents/gifdroid-reproduction/app_HomeMedkit/utg01/gifdroid_20260320_005146_hhv.log
2026-03-20 00:51:46  INFO      GIFdroid started
2026-03-20 00:51:46  INFO        --video    : /Users/tanmaybhuskute/Documents/gifdroid-reproduction/app_HomeMedkit/utg01/input/handheld/hhv_app_HomeMedkit.mp4
2026-03-20 00:51:46  INFO        --utg      : /Users/tanmaybhuskute/Documents/gifdroid-reproduction/app_HomeMedkit/utg01/input/utg.json
2026-03-20 00:51:46  INFO        --artifact : /Users/tanmaybhuskute/Documents/gifdroid-reproduction/app_HomeMedkit/utg01/input/artifacts
2026-03-20 00:51:46  INFO        --out      : /Users/tanmaybhuskute/Documents/gifdroid-reproduction/app_HomeMedkit/utg01/output/execution_hhv_HomeMedkit.json
2026-03-20 00:51:46  INFO        --log-dir  : None
2026-03-20 00:51:46  INFO      ==================================================
2026-03-20 00:51:46  INFO      STEP 1: Keyframe Location
2026-03-20 00:51:46  INFO        Input video : /Users/tanmaybhuskute/Documents/gifdroid-reproduction/app_HomeMedkit/utg01/input/handheld/hhv_app_HomeMedkit.mp4
2026-03-20 00:51:46  INFO      keyframe_location: starting on video "/Users/tanmaybhuskute/Documents/gifdroid-reproduction/app_HomeMedkit/utg01/input/handheld/hhv_app_HomeMedkit.mp4"
2026-03-20 00:51:57  DEBUG     read_frames_from_video: 1359 frames decoded in 11.06s
2026-03-20 00:54:00  DEBUG     calculate_sim_seq: 1358 similarities computed in 122.58s
2026-03-20 00:54:00  DEBUG     detect_keyframes: 54 keyframes detected from 1358 frames in 0.00s
2026-03-20 00:54:00  INFO      keyframe_location: done — 54 keyframes at indices [129, 281, 379, 400, 434, 454, 465, 492, 497, 515, 520, 526, 543, 558, 591, 604, 615, 640, 649, 676, 688, 707, 768, 775, 786, 807, 838, 849, 918, 928, 945, 957, 967, 1015, 1023, 1033, 1043, 1052, 1061, 1082, 1118, 1134, 1144, 1150, 1158, 1181, 1201, 1207, 1240, 1248, 1265, 1271, 1297, 1358] (133.67s total)
2026-03-20 00:54:00  INFO        Keyframes found   : 54
2026-03-20 00:54:00  INFO        Keyframe indices  : [129, 281, 379, 400, 434, 454, 465, 492, 497, 515, 520, 526, 543, 558, 591, 604, 615, 640, 649, 676, 688, 707, 768, 775, 786, 807, 838, 849, 918, 928, 945, 957, 967, 1015, 1023, 1033, 1043, 1052, 1061, 1082, 1118, 1134, 1144, 1150, 1158, 1181, 1201, 1207, 1240, 1248, 1265, 1271, 1297, 1358]
2026-03-20 00:54:00  INFO        Duration          : 133.99s
2026-03-20 00:54:00  INFO      ==================================================
2026-03-20 00:54:00  INFO      STEP 2: GUI Mapping
2026-03-20 00:54:00  INFO        Screenshots dir : /Users/tanmaybhuskute/Documents/gifdroid-reproduction/app_HomeMedkit/utg01/input/artifacts
2026-03-20 00:54:00  INFO      gui_mapping: matching 54 keyframes against screenshots in "/Users/tanmaybhuskute/Documents/gifdroid-reproduction/app_HomeMedkit/utg01/input/artifacts"
2026-03-20 00:54:03  DEBUG     load_screenshots: 48 screenshots loaded in 2.56s from "/Users/tanmaybhuskute/Documents/gifdroid-reproduction/app_HomeMedkit/utg01/input/artifacts"
2026-03-20 00:54:08  DEBUG     mapping: best match "artifacts_15.png" (score=0.283)
2026-03-20 00:54:13  DEBUG     mapping: best match "artifacts_15.png" (score=0.317)
2026-03-20 00:54:17  DEBUG     mapping: best match "artifacts_15.png" (score=0.314)
2026-03-20 00:54:22  DEBUG     mapping: best match "artifacts_15.png" (score=0.307)
2026-03-20 00:54:27  DEBUG     mapping: best match "artifacts_15.png" (score=0.275)
2026-03-20 00:54:31  DEBUG     mapping: best match "artifacts_15.png" (score=0.275)
2026-03-20 00:54:36  DEBUG     mapping: best match "artifacts_15.png" (score=0.275)
2026-03-20 00:54:41  DEBUG     mapping: best match "artifacts_15.png" (score=0.298)
2026-03-20 00:54:46  DEBUG     mapping: best match "artifacts_15.png" (score=0.297)
2026-03-20 00:54:51  DEBUG     mapping: best match "artifacts_15.png" (score=0.294)
2026-03-20 00:54:55  DEBUG     mapping: best match "artifacts_15.png" (score=0.298)
2026-03-20 00:55:00  DEBUG     mapping: best match "artifacts_15.png" (score=0.301)
2026-03-20 00:55:05  DEBUG     mapping: best match "artifacts_15.png" (score=0.293)
2026-03-20 00:55:10  DEBUG     mapping: best match "artifacts_15.png" (score=0.290)
2026-03-20 00:55:15  DEBUG     mapping: best match "artifacts_15.png" (score=0.283)
2026-03-20 00:55:19  DEBUG     mapping: best match "artifacts_15.png" (score=0.284)
2026-03-20 00:55:24  DEBUG     mapping: best match "artifacts_15.png" (score=0.255)
2026-03-20 00:55:29  DEBUG     mapping: best match "artifacts_15.png" (score=0.269)
2026-03-20 00:55:33  DEBUG     mapping: best match "artifacts_15.png" (score=0.264)
2026-03-20 00:55:38  DEBUG     mapping: best match "artifacts_15.png" (score=0.275)
2026-03-20 00:55:43  DEBUG     mapping: best match "artifacts_15.png" (score=0.275)
2026-03-20 00:55:48  DEBUG     mapping: best match "artifacts_15.png" (score=0.285)
2026-03-20 00:55:52  DEBUG     mapping: best match "artifacts_15.png" (score=0.285)
2026-03-20 00:55:57  DEBUG     mapping: best match "artifacts_15.png" (score=0.283)
2026-03-20 00:56:02  DEBUG     mapping: best match "artifacts_15.png" (score=0.280)
2026-03-20 00:56:06  DEBUG     mapping: best match "artifacts_15.png" (score=0.278)
2026-03-20 00:56:11  DEBUG     mapping: best match "artifacts_15.png" (score=0.286)
2026-03-20 00:56:16  DEBUG     mapping: best match "artifacts_15.png" (score=0.304)
2026-03-20 00:56:20  DEBUG     mapping: best match "artifacts_15.png" (score=0.308)
2026-03-20 00:56:25  DEBUG     mapping: best match "artifacts_15.png" (score=0.308)
2026-03-20 00:56:30  DEBUG     mapping: best match "artifacts_15.png" (score=0.304)
2026-03-20 00:56:34  DEBUG     mapping: best match "artifacts_15.png" (score=0.308)
2026-03-20 00:56:39  DEBUG     mapping: best match "artifacts_15.png" (score=0.304)
2026-03-20 00:56:44  DEBUG     mapping: best match "artifacts_15.png" (score=0.299)
2026-03-20 00:56:49  DEBUG     mapping: best match "artifacts_15.png" (score=0.292)
2026-03-20 00:56:54  DEBUG     mapping: best match "artifacts_15.png" (score=0.289)
2026-03-20 00:57:00  DEBUG     mapping: best match "artifacts_15.png" (score=0.293)
2026-03-20 00:57:05  DEBUG     mapping: best match "artifacts_15.png" (score=0.296)
2026-03-20 00:57:10  DEBUG     mapping: best match "artifacts_15.png" (score=0.294)
2026-03-20 00:57:14  DEBUG     mapping: best match "artifacts_15.png" (score=0.287)
2026-03-20 00:57:19  DEBUG     mapping: best match "artifacts_15.png" (score=0.304)
2026-03-20 00:57:24  DEBUG     mapping: best match "artifacts_15.png" (score=0.304)
2026-03-20 00:57:29  DEBUG     mapping: best match "artifacts_15.png" (score=0.302)
2026-03-20 00:57:34  DEBUG     mapping: best match "artifacts_15.png" (score=0.301)
2026-03-20 00:57:39  DEBUG     mapping: best match "artifacts_15.png" (score=0.297)
2026-03-20 00:57:44  DEBUG     mapping: best match "artifacts_15.png" (score=0.286)
2026-03-20 00:57:49  DEBUG     mapping: best match "artifacts_15.png" (score=0.286)
2026-03-20 00:57:53  DEBUG     mapping: best match "artifacts_15.png" (score=0.297)
2026-03-20 00:57:58  DEBUG     mapping: best match "artifacts_15.png" (score=0.293)
2026-03-20 00:58:03  DEBUG     mapping: best match "artifacts_15.png" (score=0.291)
2026-03-20 00:58:08  DEBUG     mapping: best match "artifacts_15.png" (score=0.308)
2026-03-20 00:58:13  DEBUG     mapping: best match "artifacts_15.png" (score=0.309)
2026-03-20 00:58:18  DEBUG     mapping: best match "artifacts_15.png" (score=0.306)
2026-03-20 00:58:23  DEBUG     mapping: best match "artifacts_15.png" (score=0.321)
2026-03-20 00:58:23  INFO      gui_mapping: done — index sequence [15, 15, 15, 15, 15, 15, 15, 15, 15, 15, 15, 15, 15, 15, 15, 15, 15, 15, 15, 15, 15, 15, 15, 15, 15, 15, 15, 15, 15, 15, 15, 15, 15, 15, 15, 15, 15, 15, 15, 15, 15, 15, 15, 15, 15, 15, 15, 15, 15, 15, 15, 15, 15, 15] (262.76s)
2026-03-20 00:58:23  INFO        Mapped index sequence : [15, 15, 15, 15, 15, 15, 15, 15, 15, 15, 15, 15, 15, 15, 15, 15, 15, 15, 15, 15, 15, 15, 15, 15, 15, 15, 15, 15, 15, 15, 15, 15, 15, 15, 15, 15, 15, 15, 15, 15, 15, 15, 15, 15, 15, 15, 15, 15, 15, 15, 15, 15, 15, 15]
2026-03-20 00:58:23  INFO        Duration              : 262.77s
2026-03-20 00:58:23  INFO      ==================================================
2026-03-20 00:58:23  INFO      STEP 3: Find Execution Trace
2026-03-20 00:58:23  INFO        UTG file : /Users/tanmaybhuskute/Documents/gifdroid-reproduction/app_HomeMedkit/utg01/input/utg.json
2026-03-20 00:58:23  INFO      find_execution_trace: target sequence [15, 15, 15, 15, 15, 15, 15, 15, 15, 15, 15, 15, 15, 15, 15, 15, 15, 15, 15, 15, 15, 15, 15, 15, 15, 15, 15, 15, 15, 15, 15, 15, 15, 15, 15, 15, 15, 15, 15, 15, 15, 15, 15, 15, 15, 15, 15, 15, 15, 15, 15, 15, 15, 15]
2026-03-20 00:58:23  DEBUG     read_graph: 127 edges, 49 vertices loaded in 0.00s
2026-03-20 00:58:23  DEBUG     find_execution_trace: 1 candidate paths found in 0.00s
2026-03-20 00:58:23  INFO      find_execution_trace: 1 trace(s) found (LCS=1, length=3) in 0.00s
2026-03-20 00:58:23  INFO        Candidate traces found : 1
2026-03-20 00:58:23  INFO          Trace 0: [0, 1, 15]
2026-03-20 00:58:23  INFO        Duration : 0.00s
2026-03-20 00:58:23  INFO      ==================================================
2026-03-20 00:58:23  INFO      STEP 4: Store Execution Trace
2026-03-20 00:58:23  INFO      Execution trace written to: /Users/tanmaybhuskute/Documents/gifdroid-reproduction/app_HomeMedkit/utg01/output/execution_hhv_HomeMedkit.json
2026-03-20 00:58:23  INFO        Duration : 0.00s
2026-03-20 00:58:23  INFO      ==================================================
2026-03-20 00:58:23  INFO      Pipeline complete.  Total time: 396.76s
2026-03-20 00:58:23  INFO      ==================================================
