2026-03-27 01:55:21  INFO      Log file: /Users/tanmaybhuskute/Documents/gifdroid-reproduction/app_HomeMedkit/utg01/gifdroid_20260327_015521_hhv_stabilize.log
2026-03-27 01:55:21  INFO      GIFdroid started
2026-03-27 01:55:21  INFO        --video            : /Users/tanmaybhuskute/Documents/gifdroid-reproduction/app_HomeMedkit/utg01/input/handheld/hhv_app_HomeMedkit.mp4
2026-03-27 01:55:21  INFO        --utg              : /Users/tanmaybhuskute/Documents/gifdroid-reproduction/app_HomeMedkit/utg01/input/utg.json
2026-03-27 01:55:21  INFO        --artifact         : /Users/tanmaybhuskute/Documents/gifdroid-reproduction/app_HomeMedkit/utg01/input/artifacts
2026-03-27 01:55:21  INFO        --out              : /Users/tanmaybhuskute/Documents/gifdroid-reproduction/app_HomeMedkit/utg01/output/execution_hhv_HomeMedkit_stabilize.json
2026-03-27 01:55:21  INFO        --log-dir          : None
2026-03-27 01:55:21  INFO        --save-keyframes   : /Users/tanmaybhuskute/Documents/gifdroid-reproduction/app_HomeMedkit/utg01/output/keyframes_stabilize
2026-03-27 01:55:21  INFO        --keyframe-method  : stabilize
2026-03-27 01:55:21  INFO      ==================================================
2026-03-27 01:55:21  INFO      STEP 1: Keyframe Location
2026-03-27 01:55:21  INFO        Input video      : /Users/tanmaybhuskute/Documents/gifdroid-reproduction/app_HomeMedkit/utg01/input/handheld/hhv_app_HomeMedkit.mp4
2026-03-27 01:55:21  INFO        Keyframe method  : stabilize
2026-03-27 01:55:21  INFO      keyframe_location_stabilized: starting on "/Users/tanmaybhuskute/Documents/gifdroid-reproduction/app_HomeMedkit/utg01/input/handheld/hhv_app_HomeMedkit.mp4"
2026-03-27 01:58:25  INFO      keyframe_location: starting on video "/Users/tanmaybhuskute/Documents/gifdroid-reproduction/app_HomeMedkit/utg01/input/handheld/hhv_app_HomeMedkit_stabilized.mp4"
2026-03-27 01:58:44  DEBUG     read_frames_from_video: 1359 frames decoded in 19.10s
2026-03-27 02:01:18  DEBUG     calculate_sim_seq: 1358 similarities computed in 154.73s
2026-03-27 02:01:18  DEBUG     detect_keyframes: 52 keyframes detected from 1358 frames in 0.00s
2026-03-27 02:01:18  INFO      keyframe_location: done — 52 keyframes at indices [45, 128, 281, 319, 379, 400, 416, 427, 446, 454, 465, 481, 497, 514, 558, 590, 604, 613, 640, 649, 660, 676, 690, 697, 704, 776, 782, 794, 838, 870, 875, 895, 911, 946, 956, 971, 977, 989, 1015, 1022, 1041, 1063, 1082, 1120, 1138, 1201, 1207, 1214, 1248, 1265, 1284, 1358] (173.92s total)
2026-03-27 02:01:19  INFO      keyframe_location_stabilized: done — 52 keyframes at indices [45, 128, 281, 319, 379, 400, 416, 427, 446, 454, 465, 481, 497, 514, 558, 590, 604, 613, 640, 649, 660, 676, 690, 697, 704, 776, 782, 794, 838, 870, 875, 895, 911, 946, 956, 971, 977, 989, 1015, 1022, 1041, 1063, 1082, 1120, 1138, 1201, 1207, 1214, 1248, 1265, 1284, 1358] (358.12s)
2026-03-27 02:01:19  INFO        Keyframes found   : 52
2026-03-27 02:01:19  INFO        Keyframe indices  : [45, 128, 281, 319, 379, 400, 416, 427, 446, 454, 465, 481, 497, 514, 558, 590, 604, 613, 640, 649, 660, 676, 690, 697, 704, 776, 782, 794, 838, 870, 875, 895, 911, 946, 956, 971, 977, 989, 1015, 1022, 1041, 1063, 1082, 1120, 1138, 1201, 1207, 1214, 1248, 1265, 1284, 1358]
2026-03-27 02:01:19  INFO        Duration          : 358.12s
2026-03-27 02:01:23  INFO        Keyframes saved to: /Users/tanmaybhuskute/Documents/gifdroid-reproduction/app_HomeMedkit/utg01/output/keyframes_stabilize (52 files)
2026-03-27 02:01:23  INFO      ==================================================
2026-03-27 02:01:23  INFO      STEP 2: GUI Mapping
2026-03-27 02:01:23  INFO        Screenshots dir : /Users/tanmaybhuskute/Documents/gifdroid-reproduction/app_HomeMedkit/utg01/input/artifacts
2026-03-27 02:01:23  INFO      gui_mapping: matching 52 keyframes against screenshots in "/Users/tanmaybhuskute/Documents/gifdroid-reproduction/app_HomeMedkit/utg01/input/artifacts"
2026-03-27 02:01:27  DEBUG     load_screenshots: 48 screenshots loaded in 3.66s from "/Users/tanmaybhuskute/Documents/gifdroid-reproduction/app_HomeMedkit/utg01/input/artifacts"
2026-03-27 02:01:33  DEBUG     mapping: best match "artifacts_15.png" (score=0.282)
2026-03-27 02:01:38  DEBUG     mapping: best match "artifacts_15.png" (score=0.288)
2026-03-27 02:01:44  DEBUG     mapping: best match "artifacts_15.png" (score=0.321)
2026-03-27 02:01:50  DEBUG     mapping: best match "artifacts_15.png" (score=0.318)
2026-03-27 02:01:55  DEBUG     mapping: best match "artifacts_15.png" (score=0.318)
2026-03-27 02:02:00  DEBUG     mapping: best match "artifacts_15.png" (score=0.313)
2026-03-27 02:02:06  DEBUG     mapping: best match "artifacts_15.png" (score=0.287)
2026-03-27 02:02:11  DEBUG     mapping: best match "artifacts_15.png" (score=0.280)
2026-03-27 02:02:17  DEBUG     mapping: best match "artifacts_15.png" (score=0.280)
2026-03-27 02:02:22  DEBUG     mapping: best match "artifacts_15.png" (score=0.280)
2026-03-27 02:02:28  DEBUG     mapping: best match "artifacts_15.png" (score=0.279)
2026-03-27 02:02:33  DEBUG     mapping: best match "artifacts_15.png" (score=0.301)
2026-03-27 02:02:38  DEBUG     mapping: best match "artifacts_15.png" (score=0.303)
2026-03-27 02:02:43  DEBUG     mapping: best match "artifacts_15.png" (score=0.299)
2026-03-27 02:02:48  DEBUG     mapping: best match "artifacts_15.png" (score=0.295)
2026-03-27 02:02:53  DEBUG     mapping: best match "artifacts_15.png" (score=0.288)
2026-03-27 02:02:58  DEBUG     mapping: best match "artifacts_15.png" (score=0.289)
2026-03-27 02:03:04  DEBUG     mapping: best match "artifacts_15.png" (score=0.259)
2026-03-27 02:03:09  DEBUG     mapping: best match "artifacts_15.png" (score=0.273)
2026-03-27 02:03:14  DEBUG     mapping: best match "artifacts_15.png" (score=0.268)
2026-03-27 02:03:20  DEBUG     mapping: best match "artifacts_15.png" (score=0.285)
2026-03-27 02:03:25  DEBUG     mapping: best match "artifacts_15.png" (score=0.280)
2026-03-27 02:03:31  DEBUG     mapping: best match "artifacts_15.png" (score=0.282)
2026-03-27 02:03:36  DEBUG     mapping: best match "artifacts_15.png" (score=0.281)
2026-03-27 02:03:42  DEBUG     mapping: best match "artifacts_15.png" (score=0.287)
2026-03-27 02:03:47  DEBUG     mapping: best match "artifacts_15.png" (score=0.280)
2026-03-27 02:03:52  DEBUG     mapping: best match "artifacts_15.png" (score=0.284)
2026-03-27 02:03:57  DEBUG     mapping: best match "artifacts_15.png" (score=0.277)
2026-03-27 02:04:03  DEBUG     mapping: best match "artifacts_15.png" (score=0.287)
2026-03-27 02:04:09  DEBUG     mapping: best match "artifacts_15.png" (score=0.306)
2026-03-27 02:04:14  DEBUG     mapping: best match "artifacts_15.png" (score=0.306)
2026-03-27 02:04:19  DEBUG     mapping: best match "artifacts_15.png" (score=0.305)
2026-03-27 02:04:25  DEBUG     mapping: best match "artifacts_15.png" (score=0.302)
2026-03-27 02:04:30  DEBUG     mapping: best match "artifacts_15.png" (score=0.307)
2026-03-27 02:04:35  DEBUG     mapping: best match "artifacts_15.png" (score=0.310)
2026-03-27 02:04:41  DEBUG     mapping: best match "artifacts_15.png" (score=0.304)
2026-03-27 02:04:47  DEBUG     mapping: best match "artifacts_15.png" (score=0.305)
2026-03-27 02:04:54  DEBUG     mapping: best match "artifacts_15.png" (score=0.306)
2026-03-27 02:04:59  DEBUG     mapping: best match "artifacts_15.png" (score=0.303)
2026-03-27 02:05:05  DEBUG     mapping: best match "artifacts_15.png" (score=0.298)
2026-03-27 02:05:10  DEBUG     mapping: best match "artifacts_15.png" (score=0.297)
2026-03-27 02:05:15  DEBUG     mapping: best match "artifacts_15.png" (score=0.297)
2026-03-27 02:05:21  DEBUG     mapping: best match "artifacts_15.png" (score=0.291)
2026-03-27 02:05:26  DEBUG     mapping: best match "artifacts_15.png" (score=0.307)
2026-03-27 02:05:32  DEBUG     mapping: best match "artifacts_15.png" (score=0.305)
2026-03-27 02:05:39  DEBUG     mapping: best match "artifacts_15.png" (score=0.292)
2026-03-27 02:05:46  DEBUG     mapping: best match "artifacts_15.png" (score=0.304)
2026-03-27 02:05:51  DEBUG     mapping: best match "artifacts_15.png" (score=0.285)
2026-03-27 02:05:57  DEBUG     mapping: best match "artifacts_15.png" (score=0.296)
2026-03-27 02:06:02  DEBUG     mapping: best match "artifacts_15.png" (score=0.309)
2026-03-27 02:06:08  DEBUG     mapping: best match "artifacts_15.png" (score=0.318)
2026-03-27 02:06:13  DEBUG     mapping: best match "artifacts_15.png" (score=0.322)
2026-03-27 02:06:13  INFO      gui_mapping: done — index sequence [15, 15, 15, 15, 15, 15, 15, 15, 15, 15, 15, 15, 15, 15, 15, 15, 15, 15, 15, 15, 15, 15, 15, 15, 15, 15, 15, 15, 15, 15, 15, 15, 15, 15, 15, 15, 15, 15, 15, 15, 15, 15, 15, 15, 15, 15, 15, 15, 15, 15, 15, 15] (289.73s)
2026-03-27 02:06:13  INFO        Mapped index sequence : [15, 15, 15, 15, 15, 15, 15, 15, 15, 15, 15, 15, 15, 15, 15, 15, 15, 15, 15, 15, 15, 15, 15, 15, 15, 15, 15, 15, 15, 15, 15, 15, 15, 15, 15, 15, 15, 15, 15, 15, 15, 15, 15, 15, 15, 15, 15, 15, 15, 15, 15, 15]
2026-03-27 02:06:13  INFO        Duration              : 289.73s
2026-03-27 02:06:13  INFO      ==================================================
2026-03-27 02:06:13  INFO      STEP 3: Find Execution Trace
2026-03-27 02:06:13  INFO        UTG file : /Users/tanmaybhuskute/Documents/gifdroid-reproduction/app_HomeMedkit/utg01/input/utg.json
2026-03-27 02:06:13  INFO      find_execution_trace: target sequence [15, 15, 15, 15, 15, 15, 15, 15, 15, 15, 15, 15, 15, 15, 15, 15, 15, 15, 15, 15, 15, 15, 15, 15, 15, 15, 15, 15, 15, 15, 15, 15, 15, 15, 15, 15, 15, 15, 15, 15, 15, 15, 15, 15, 15, 15, 15, 15, 15, 15, 15, 15]
2026-03-27 02:06:13  DEBUG     read_graph: 127 edges, 49 vertices loaded in 0.00s
2026-03-27 02:06:13  DEBUG     find_execution_trace: 1 candidate paths found in 0.00s
2026-03-27 02:06:13  INFO      find_execution_trace: 1 trace(s) found (LCS=1, length=3) in 0.01s
2026-03-27 02:06:13  INFO        Candidate traces found : 1
2026-03-27 02:06:13  INFO          Trace 0: [0, 1, 15]
2026-03-27 02:06:13  INFO        Duration : 0.01s
2026-03-27 02:06:13  INFO      ==================================================
2026-03-27 02:06:13  INFO      STEP 4: Store Execution Trace
2026-03-27 02:06:13  INFO      Execution trace written to: /Users/tanmaybhuskute/Documents/gifdroid-reproduction/app_HomeMedkit/utg01/output/execution_hhv_HomeMedkit_stabilize.json
2026-03-27 02:06:13  INFO        Duration : 0.00s
2026-03-27 02:06:13  INFO      ==================================================
2026-03-27 02:06:13  INFO      Pipeline complete.  Total time: 652.44s
2026-03-27 02:06:13  INFO      ==================================================
