2026-03-20 00:46:39  INFO      Log file: /Users/tanmaybhuskute/Documents/gifdroid-reproduction/app_HomeMedkit/utg01/gifdroid_20260320_004639_srv.log
2026-03-20 00:46:39  INFO      GIFdroid started
2026-03-20 00:46:39  INFO        --video    : /Users/tanmaybhuskute/Documents/gifdroid-reproduction/app_HomeMedkit/utg01/input/screenrec/srv_app_HomeMedkit.mp4
2026-03-20 00:46:39  INFO        --utg      : /Users/tanmaybhuskute/Documents/gifdroid-reproduction/app_HomeMedkit/utg01/input/utg.json
2026-03-20 00:46:39  INFO        --artifact : /Users/tanmaybhuskute/Documents/gifdroid-reproduction/app_HomeMedkit/utg01/input/artifacts
2026-03-20 00:46:39  INFO        --out      : /Users/tanmaybhuskute/Documents/gifdroid-reproduction/app_HomeMedkit/utg01/output/execution_srv_HomeMedkit.json
2026-03-20 00:46:39  INFO        --log-dir  : None
2026-03-20 00:46:39  INFO      ==================================================
2026-03-20 00:46:39  INFO      STEP 1: Keyframe Location
2026-03-20 00:46:39  INFO        Input video : /Users/tanmaybhuskute/Documents/gifdroid-reproduction/app_HomeMedkit/utg01/input/screenrec/srv_app_HomeMedkit.mp4
2026-03-20 00:46:39  INFO      keyframe_location: starting on video "/Users/tanmaybhuskute/Documents/gifdroid-reproduction/app_HomeMedkit/utg01/input/screenrec/srv_app_HomeMedkit.mp4"
2026-03-20 00:46:45  DEBUG     read_frames_from_video: 777 frames decoded in 5.85s
2026-03-20 00:47:54  DEBUG     calculate_sim_seq: 776 similarities computed in 68.46s
2026-03-20 00:47:54  DEBUG     detect_keyframes: 8 keyframes detected from 776 frames in 0.00s
2026-03-20 00:47:54  INFO      keyframe_location: done — 8 keyframes at indices [15, 47, 281, 371, 400, 517, 585, 776] (74.34s total)
2026-03-20 00:47:54  INFO        Keyframes found   : 8
2026-03-20 00:47:54  INFO        Keyframe indices  : [15, 47, 281, 371, 400, 517, 585, 776]
2026-03-20 00:47:54  INFO        Duration          : 74.62s
2026-03-20 00:47:54  INFO      ==================================================
2026-03-20 00:47:54  INFO      STEP 2: GUI Mapping
2026-03-20 00:47:54  INFO        Screenshots dir : /Users/tanmaybhuskute/Documents/gifdroid-reproduction/app_HomeMedkit/utg01/input/artifacts
2026-03-20 00:47:54  INFO      gui_mapping: matching 8 keyframes against screenshots in "/Users/tanmaybhuskute/Documents/gifdroid-reproduction/app_HomeMedkit/utg01/input/artifacts"
2026-03-20 00:47:56  DEBUG     load_screenshots: 48 screenshots loaded in 2.31s from "/Users/tanmaybhuskute/Documents/gifdroid-reproduction/app_HomeMedkit/utg01/input/artifacts"
2026-03-20 00:48:01  DEBUG     mapping: best match "artifacts_15.png" (score=0.164)
2026-03-20 00:48:06  DEBUG     mapping: best match "artifacts_15.png" (score=0.363)
2026-03-20 00:48:11  DEBUG     mapping: best match "artifacts_18.png" (score=0.537)
2026-03-20 00:48:15  DEBUG     mapping: best match "artifacts_15.png" (score=0.495)
2026-03-20 00:48:20  DEBUG     mapping: best match "artifacts_18.png" (score=0.553)
2026-03-20 00:48:25  DEBUG     mapping: best match "artifacts_18.png" (score=0.546)
2026-03-20 00:48:30  DEBUG     mapping: best match "artifacts_28.png" (score=0.484)
2026-03-20 00:48:34  DEBUG     mapping: best match "artifacts_1.png" (score=0.481)
2026-03-20 00:48:34  INFO      gui_mapping: done — index sequence [15, 15, 18, 15, 18, 18, 28, 1] (40.52s)
2026-03-20 00:48:34  INFO        Mapped index sequence : [15, 15, 18, 15, 18, 18, 28, 1]
2026-03-20 00:48:34  INFO        Duration              : 40.52s
2026-03-20 00:48:34  INFO      ==================================================
2026-03-20 00:48:34  INFO      STEP 3: Find Execution Trace
2026-03-20 00:48:34  INFO        UTG file : /Users/tanmaybhuskute/Documents/gifdroid-reproduction/app_HomeMedkit/utg01/input/utg.json
2026-03-20 00:48:34  INFO      find_execution_trace: target sequence [15, 15, 18, 15, 18, 18, 28, 1]
2026-03-20 00:48:34  DEBUG     read_graph: 127 edges, 49 vertices loaded in 0.00s
2026-03-20 00:48:34  DEBUG     find_execution_trace: 1 candidate paths found in 0.00s
2026-03-20 00:48:34  INFO      find_execution_trace: 1 trace(s) found (LCS=1, length=2) in 0.00s
2026-03-20 00:48:34  INFO        Candidate traces found : 1
2026-03-20 00:48:34  INFO          Trace 0: [0, 1]
2026-03-20 00:48:34  INFO        Duration : 0.00s
2026-03-20 00:48:34  INFO      ==================================================
2026-03-20 00:48:34  INFO      STEP 4: Store Execution Trace
2026-03-20 00:48:34  INFO      Execution trace written to: /Users/tanmaybhuskute/Documents/gifdroid-reproduction/app_HomeMedkit/utg01/output/execution_srv_HomeMedkit.json
2026-03-20 00:48:34  INFO        Duration : 0.00s
2026-03-20 00:48:34  INFO      ==================================================
2026-03-20 00:48:34  INFO      Pipeline complete.  Total time: 115.14s
2026-03-20 00:48:34  INFO      ==================================================
