2026-03-23 02:27:07  INFO      Log file: /Users/tanmaybhuskute/Documents/gifdroid-reproduction/app_AdAway/utg03/gifdroid_20260323_022707_hhv.log
2026-03-23 02:27:07  INFO      GIFdroid started
2026-03-23 02:27:07  INFO        --video          : app_AdAway/utg03/input/handheld/hhv_app_AdAway.mp4
2026-03-23 02:27:07  INFO        --utg            : app_AdAway/utg03/input/utg.json
2026-03-23 02:27:07  INFO        --artifact       : app_AdAway/utg03/input/artifacts
2026-03-23 02:27:07  INFO        --out            : app_AdAway/utg03/output/execution_hhv_AdAway.json
2026-03-23 02:27:07  INFO        --log-dir        : None
2026-03-23 02:27:07  INFO        --save-keyframes : /Users/tanmaybhuskute/Documents/gifdroid-reproduction/app_AdAway/utg03/output/keyframes
2026-03-23 02:27:07  INFO      ==================================================
2026-03-23 02:27:07  INFO      STEP 1: Keyframe Location
2026-03-23 02:27:07  INFO        Input video : app_AdAway/utg03/input/handheld/hhv_app_AdAway.mp4
2026-03-23 02:27:07  INFO      keyframe_location: starting on video "app_AdAway/utg03/input/handheld/hhv_app_AdAway.mp4"
2026-03-23 02:27:18  DEBUG     read_frames_from_video: 1331 frames decoded in 11.07s
2026-03-23 02:29:45  DEBUG     calculate_sim_seq: 1330 similarities computed in 146.91s
2026-03-23 02:29:45  DEBUG     detect_keyframes: 39 keyframes detected from 1330 frames in 0.00s
2026-03-23 02:29:45  INFO      keyframe_location: done — 39 keyframes at indices [11, 21, 74, 168, 231, 245, 366, 421, 428, 454, 550, 608, 626, 643, 677, 683, 689, 718, 745, 764, 792, 802, 812, 819, 827, 858, 880, 943, 1017, 1097, 1126, 1161, 1174, 1187, 1221, 1227, 1262, 1270, 1330] (158.06s total)
2026-03-23 02:29:46  INFO        Keyframes found   : 39
2026-03-23 02:29:46  INFO        Keyframe indices  : [11, 21, 74, 168, 231, 245, 366, 421, 428, 454, 550, 608, 626, 643, 677, 683, 689, 718, 745, 764, 792, 802, 812, 819, 827, 858, 880, 943, 1017, 1097, 1126, 1161, 1174, 1187, 1221, 1227, 1262, 1270, 1330]
2026-03-23 02:29:46  INFO        Duration          : 158.47s
2026-03-23 02:29:50  INFO        Keyframes saved to: /Users/tanmaybhuskute/Documents/gifdroid-reproduction/app_AdAway/utg03/output/keyframes (39 files)
2026-03-23 02:29:50  INFO      ==================================================
2026-03-23 02:29:50  INFO      STEP 2: GUI Mapping
2026-03-23 02:29:50  INFO        Screenshots dir : app_AdAway/utg03/input/artifacts
2026-03-23 02:29:50  INFO      gui_mapping: matching 39 keyframes against screenshots in "app_AdAway/utg03/input/artifacts"
2026-03-23 02:29:51  DEBUG     load_screenshots: 5 screenshots loaded in 1.16s from "app_AdAway/utg03/input/artifacts"
2026-03-23 02:29:53  DEBUG     mapping: best match "artifacts_2.png" (score=0.271)
2026-03-23 02:29:54  DEBUG     mapping: best match "artifacts_2.png" (score=0.283)
2026-03-23 02:29:54  DEBUG     mapping: best match "artifacts_2.png" (score=0.285)
2026-03-23 02:29:57  DEBUG     mapping: best match "artifacts_2.png" (score=0.265)
2026-03-23 02:29:58  DEBUG     mapping: best match "artifacts_2.png" (score=0.276)
2026-03-23 02:29:59  DEBUG     mapping: best match "artifacts_2.png" (score=0.289)
2026-03-23 02:29:59  DEBUG     mapping: best match "artifacts_2.png" (score=0.287)
2026-03-23 02:30:00  DEBUG     mapping: best match "artifacts_2.png" (score=0.251)
2026-03-23 02:30:01  DEBUG     mapping: best match "artifacts_2.png" (score=0.256)
2026-03-23 02:30:01  DEBUG     mapping: best match "artifacts_2.png" (score=0.265)
2026-03-23 02:30:02  DEBUG     mapping: best match "artifacts_2.png" (score=0.276)
2026-03-23 02:30:02  DEBUG     mapping: best match "artifacts_2.png" (score=0.276)
2026-03-23 02:30:03  DEBUG     mapping: best match "artifacts_2.png" (score=0.269)
2026-03-23 02:30:04  DEBUG     mapping: best match "artifacts_2.png" (score=0.272)
2026-03-23 02:30:04  DEBUG     mapping: best match "artifacts_2.png" (score=0.272)
2026-03-23 02:30:05  DEBUG     mapping: best match "artifacts_2.png" (score=0.272)
2026-03-23 02:30:05  DEBUG     mapping: best match "artifacts_2.png" (score=0.272)
2026-03-23 02:30:06  DEBUG     mapping: best match "artifacts_2.png" (score=0.274)
2026-03-23 02:30:06  DEBUG     mapping: best match "artifacts_2.png" (score=0.275)
2026-03-23 02:30:07  DEBUG     mapping: best match "artifacts_2.png" (score=0.275)
2026-03-23 02:30:08  DEBUG     mapping: best match "artifacts_2.png" (score=0.276)
2026-03-23 02:30:08  DEBUG     mapping: best match "artifacts_2.png" (score=0.276)
2026-03-23 02:30:09  DEBUG     mapping: best match "artifacts_2.png" (score=0.280)
2026-03-23 02:30:10  DEBUG     mapping: best match "artifacts_2.png" (score=0.285)
2026-03-23 02:30:10  DEBUG     mapping: best match "artifacts_2.png" (score=0.282)
2026-03-23 02:30:11  DEBUG     mapping: best match "artifacts_2.png" (score=0.285)
2026-03-23 02:30:11  DEBUG     mapping: best match "artifacts_2.png" (score=0.289)
2026-03-23 02:30:12  DEBUG     mapping: best match "artifacts_2.png" (score=0.294)
2026-03-23 02:30:12  DEBUG     mapping: best match "artifacts_2.png" (score=0.352)
2026-03-23 02:30:13  DEBUG     mapping: best match "artifacts_2.png" (score=0.333)
2026-03-23 02:30:14  DEBUG     mapping: best match "artifacts_2.png" (score=0.297)
2026-03-23 02:30:14  DEBUG     mapping: best match "artifacts_2.png" (score=0.336)
2026-03-23 02:30:15  DEBUG     mapping: best match "artifacts_2.png" (score=0.337)
2026-03-23 02:30:15  DEBUG     mapping: best match "artifacts_2.png" (score=0.303)
2026-03-23 02:30:16  DEBUG     mapping: best match "artifacts_2.png" (score=0.312)
2026-03-23 02:30:16  DEBUG     mapping: best match "artifacts_2.png" (score=0.306)
2026-03-23 02:30:17  DEBUG     mapping: best match "artifacts_2.png" (score=0.290)
2026-03-23 02:30:17  DEBUG     mapping: best match "artifacts_2.png" (score=0.292)
2026-03-23 02:30:18  DEBUG     mapping: best match "artifacts_2.png" (score=0.275)
2026-03-23 02:30:18  INFO      gui_mapping: done — index sequence [2, 2, 2, 2, 2, 2, 2, 2, 2, 2, 2, 2, 2, 2, 2, 2, 2, 2, 2, 2, 2, 2, 2, 2, 2, 2, 2, 2, 2, 2, 2, 2, 2, 2, 2, 2, 2, 2, 2] (27.28s)
2026-03-23 02:30:18  INFO        Mapped index sequence : [2, 2, 2, 2, 2, 2, 2, 2, 2, 2, 2, 2, 2, 2, 2, 2, 2, 2, 2, 2, 2, 2, 2, 2, 2, 2, 2, 2, 2, 2, 2, 2, 2, 2, 2, 2, 2, 2, 2]
2026-03-23 02:30:18  INFO        Duration              : 27.28s
2026-03-23 02:30:18  INFO      ==================================================
2026-03-23 02:30:18  INFO      STEP 3: Find Execution Trace
2026-03-23 02:30:18  INFO        UTG file : app_AdAway/utg03/input/utg.json
2026-03-23 02:30:18  INFO      find_execution_trace: target sequence [2, 2, 2, 2, 2, 2, 2, 2, 2, 2, 2, 2, 2, 2, 2, 2, 2, 2, 2, 2, 2, 2, 2, 2, 2, 2, 2, 2, 2, 2, 2, 2, 2, 2, 2, 2, 2, 2, 2]
2026-03-23 02:30:18  DEBUG     read_graph: 5 edges, 4 vertices loaded in 0.00s
2026-03-23 02:30:18  DEBUG     find_execution_trace: 1 candidate paths found in 0.00s
2026-03-23 02:30:18  INFO      find_execution_trace: 1 trace(s) found (LCS=1, length=3) in 0.00s
2026-03-23 02:30:18  INFO        Candidate traces found : 1
2026-03-23 02:30:18  INFO          Trace 0: [0, 1, 2]
2026-03-23 02:30:18  INFO        Duration : 0.00s
2026-03-23 02:30:18  INFO      ==================================================
2026-03-23 02:30:18  INFO      STEP 4: Store Execution Trace
2026-03-23 02:30:18  INFO      Execution trace written to: app_AdAway/utg03/output/execution_hhv_AdAway.json
2026-03-23 02:30:18  INFO        Duration : 0.01s
2026-03-23 02:30:18  INFO      ==================================================
2026-03-23 02:30:18  INFO      Pipeline complete.  Total time: 190.41s
2026-03-23 02:30:18  INFO      ==================================================
