2026-03-22 18:27:33  INFO      Log file: /Users/tanmaybhuskute/Documents/gifdroid-reproduction/app_AdAway/utg03/gifdroid_20260322_182733_srv.log
2026-03-22 18:27:33  INFO      GIFdroid started
2026-03-22 18:27:33  INFO        --video          : /Users/tanmaybhuskute/Documents/gifdroid-reproduction/app_AdAway/utg03/input/screenrec/srv_app_AdAway.mp4
2026-03-22 18:27:33  INFO        --utg            : /Users/tanmaybhuskute/Documents/gifdroid-reproduction/app_AdAway/utg03/input/utg.json
2026-03-22 18:27:33  INFO        --artifact       : /Users/tanmaybhuskute/Documents/gifdroid-reproduction/app_AdAway/utg03/input/artifacts
2026-03-22 18:27:33  INFO        --out            : /Users/tanmaybhuskute/Documents/gifdroid-reproduction/app_AdAway/utg03/output/execution_srv_AdAway.json
2026-03-22 18:27:33  INFO        --log-dir        : None
2026-03-22 18:27:33  INFO        --save-keyframes : /Users/tanmaybhuskute/Documents/gifdroid-reproduction/app_AdAway/utg03/output/keyframes
2026-03-22 18:27:33  INFO      ==================================================
2026-03-22 18:27:33  INFO      STEP 1: Keyframe Location
2026-03-22 18:27:33  INFO        Input video : /Users/tanmaybhuskute/Documents/gifdroid-reproduction/app_AdAway/utg03/input/screenrec/srv_app_AdAway.mp4
2026-03-22 18:27:33  INFO      keyframe_location: starting on video "/Users/tanmaybhuskute/Documents/gifdroid-reproduction/app_AdAway/utg03/input/screenrec/srv_app_AdAway.mp4"
2026-03-22 18:27:40  DEBUG     read_frames_from_video: 772 frames decoded in 7.41s
2026-03-22 18:28:48  DEBUG     calculate_sim_seq: 771 similarities computed in 68.16s
2026-03-22 18:28:48  DEBUG     detect_keyframes: 3 keyframes detected from 771 frames in 0.00s
2026-03-22 18:28:48  INFO      keyframe_location: done — 3 keyframes at indices [11, 52, 771] (75.64s total)
2026-03-22 18:28:48  INFO        Keyframes found   : 3
2026-03-22 18:28:48  INFO        Keyframe indices  : [11, 52, 771]
2026-03-22 18:28:48  INFO        Duration          : 75.77s
2026-03-22 18:28:48  INFO        Keyframes saved to: /Users/tanmaybhuskute/Documents/gifdroid-reproduction/app_AdAway/utg03/output/keyframes (3 files)
2026-03-22 18:28:48  INFO      ==================================================
2026-03-22 18:28:48  INFO      STEP 2: GUI Mapping
2026-03-22 18:28:48  INFO        Screenshots dir : /Users/tanmaybhuskute/Documents/gifdroid-reproduction/app_AdAway/utg03/input/artifacts
2026-03-22 18:28:48  INFO      gui_mapping: matching 3 keyframes against screenshots in "/Users/tanmaybhuskute/Documents/gifdroid-reproduction/app_AdAway/utg03/input/artifacts"
2026-03-22 18:28:49  DEBUG     load_screenshots: 5 screenshots loaded in 0.60s from "/Users/tanmaybhuskute/Documents/gifdroid-reproduction/app_AdAway/utg03/input/artifacts"
2026-03-22 18:28:50  DEBUG     mapping: best match "artifacts_1.png" (score=0.223)
2026-03-22 18:28:50  DEBUG     mapping: best match "artifacts_3.png" (score=0.332)
2026-03-22 18:28:51  DEBUG     mapping: best match "artifacts_1.png" (score=0.283)
2026-03-22 18:28:51  INFO      gui_mapping: done — index sequence [1, 3, 1] (2.24s)
2026-03-22 18:28:51  INFO        Mapped index sequence : [1, 3, 1]
2026-03-22 18:28:51  INFO        Duration              : 2.24s
2026-03-22 18:28:51  INFO      ==================================================
2026-03-22 18:28:51  INFO      STEP 3: Find Execution Trace
2026-03-22 18:28:51  INFO        UTG file : /Users/tanmaybhuskute/Documents/gifdroid-reproduction/app_AdAway/utg03/input/utg.json
2026-03-22 18:28:51  INFO      find_execution_trace: target sequence [1, 3, 1]
2026-03-22 18:28:51  DEBUG     read_graph: 5 edges, 4 vertices loaded in 0.00s
2026-03-22 18:28:51  DEBUG     find_execution_trace: 1 candidate paths found in 0.00s
2026-03-22 18:28:51  INFO      find_execution_trace: 1 trace(s) found (LCS=1, length=2) in 0.00s
2026-03-22 18:28:51  INFO        Candidate traces found : 1
2026-03-22 18:28:51  INFO          Trace 0: [0, 1]
2026-03-22 18:28:51  INFO        Duration : 0.00s
2026-03-22 18:28:51  INFO      ==================================================
2026-03-22 18:28:51  INFO      STEP 4: Store Execution Trace
2026-03-22 18:28:51  INFO      Execution trace written to: /Users/tanmaybhuskute/Documents/gifdroid-reproduction/app_AdAway/utg03/output/execution_srv_AdAway.json
2026-03-22 18:28:51  INFO        Duration : 0.00s
2026-03-22 18:28:51  INFO      ==================================================
2026-03-22 18:28:51  INFO      Pipeline complete.  Total time: 78.12s
2026-03-22 18:28:51  INFO      ==================================================
