2026-03-27 05:29:40  INFO      Log file: /Users/tanmaybhuskute/Documents/gifdroid-reproduction/app_AntennaPod/utg03/gifdroid_20260327_052940_hhv_hysteresis.log
2026-03-27 05:29:40  INFO      GIFdroid started
2026-03-27 05:29:40  INFO        --video            : /Users/tanmaybhuskute/Documents/gifdroid-reproduction/app_AntennaPod/utg03/input/handheld/hhv_app_AntennaPod.mp4
2026-03-27 05:29:40  INFO        --utg              : /Users/tanmaybhuskute/Documents/gifdroid-reproduction/app_AntennaPod/utg03/input/utg.json
2026-03-27 05:29:40  INFO        --artifact         : /Users/tanmaybhuskute/Documents/gifdroid-reproduction/app_AntennaPod/utg03/input/artifacts
2026-03-27 05:29:40  INFO        --out              : /Users/tanmaybhuskute/Documents/gifdroid-reproduction/app_AntennaPod/utg03/output/execution_hhv_AntennaPod_hysteresis.json
2026-03-27 05:29:40  INFO        --log-dir          : None
2026-03-27 05:29:40  INFO        --save-keyframes   : /Users/tanmaybhuskute/Documents/gifdroid-reproduction/app_AntennaPod/utg03/output/keyframes_hysteresis
2026-03-27 05:29:40  INFO        --keyframe-method  : hysteresis
2026-03-27 05:29:40  INFO      ==================================================
2026-03-27 05:29:40  INFO      STEP 1: Keyframe Location
2026-03-27 05:29:40  INFO        Input video      : /Users/tanmaybhuskute/Documents/gifdroid-reproduction/app_AntennaPod/utg03/input/handheld/hhv_app_AntennaPod.mp4
2026-03-27 05:29:40  INFO        Keyframe method  : hysteresis
2026-03-27 05:29:40  INFO      keyframe_location_hysteresis: starting on "/Users/tanmaybhuskute/Documents/gifdroid-reproduction/app_AntennaPod/utg03/input/handheld/hhv_app_AntennaPod.mp4" (k=3)
2026-03-27 05:29:59  DEBUG     read_frames_from_video: 2025 frames decoded in 18.96s
2026-03-27 05:33:36  DEBUG     calculate_sim_seq: 2024 similarities computed in 217.10s
2026-03-27 05:33:36  INFO      keyframe_location_hysteresis: done — 11 keyframes at indices [3, 8, 114, 119, 171, 929, 1018, 1429, 1678, 1987, 2024] (236.12s)
2026-03-27 05:33:37  INFO        Keyframes found   : 11
2026-03-27 05:33:37  INFO        Keyframe indices  : [3, 8, 114, 119, 171, 929, 1018, 1429, 1678, 1987, 2024]
2026-03-27 05:33:37  INFO        Duration          : 236.66s
2026-03-27 05:33:38  INFO        Keyframes saved to: /Users/tanmaybhuskute/Documents/gifdroid-reproduction/app_AntennaPod/utg03/output/keyframes_hysteresis (11 files)
2026-03-27 05:33:38  INFO      ==================================================
2026-03-27 05:33:38  INFO      STEP 2: GUI Mapping
2026-03-27 05:33:38  INFO        Screenshots dir : /Users/tanmaybhuskute/Documents/gifdroid-reproduction/app_AntennaPod/utg03/input/artifacts
2026-03-27 05:33:38  INFO      gui_mapping: matching 11 keyframes against screenshots in "/Users/tanmaybhuskute/Documents/gifdroid-reproduction/app_AntennaPod/utg03/input/artifacts"
2026-03-27 05:33:46  DEBUG     load_screenshots: 85 screenshots loaded in 7.60s from "/Users/tanmaybhuskute/Documents/gifdroid-reproduction/app_AntennaPod/utg03/input/artifacts"
2026-03-27 05:34:22  DEBUG     mapping: best match "artifacts_85.png" (score=0.327)
2026-03-27 05:34:55  DEBUG     mapping: best match "artifacts_85.png" (score=0.326)
2026-03-27 05:35:26  DEBUG     mapping: best match "artifacts_85.png" (score=0.322)
2026-03-27 05:36:02  DEBUG     mapping: best match "artifacts_85.png" (score=0.321)
2026-03-27 05:36:29  DEBUG     mapping: best match "artifacts_85.png" (score=0.332)
2026-03-27 05:37:00  DEBUG     mapping: best match "artifacts_85.png" (score=0.342)
2026-03-27 05:37:30  DEBUG     mapping: best match "artifacts_85.png" (score=0.339)
2026-03-27 05:38:04  DEBUG     mapping: best match "artifacts_85.png" (score=0.338)
2026-03-27 05:38:34  DEBUG     mapping: best match "artifacts_85.png" (score=0.332)
2026-03-27 05:39:12  DEBUG     mapping: best match "artifacts_85.png" (score=0.337)
2026-03-27 05:39:38  DEBUG     mapping: best match "artifacts_85.png" (score=0.337)
2026-03-27 05:39:38  INFO      gui_mapping: done — index sequence [85, 85, 85, 85, 85, 85, 85, 85, 85, 85, 85] (359.49s)
2026-03-27 05:39:38  INFO        Mapped index sequence : [85, 85, 85, 85, 85, 85, 85, 85, 85, 85, 85]
2026-03-27 05:39:38  INFO        Duration              : 359.49s
2026-03-27 05:39:38  INFO      ==================================================
2026-03-27 05:39:38  INFO      STEP 3: Find Execution Trace
2026-03-27 05:39:38  INFO        UTG file : /Users/tanmaybhuskute/Documents/gifdroid-reproduction/app_AntennaPod/utg03/input/utg.json
2026-03-27 05:39:38  INFO      find_execution_trace: target sequence [85, 85, 85, 85, 85, 85, 85, 85, 85, 85, 85]
2026-03-27 05:39:38  DEBUG     read_graph: 214 edges, 84 vertices loaded in 0.00s
2026-03-27 05:39:38  DEBUG     find_execution_trace: 0 candidate paths found in 0.19s
2026-03-27 05:39:38  WARNING   find_execution_trace: no paths found from node 0 to screen 85 in the UTG (sequence=[85, 85, 85, 85, 85, 85, 85, 85, 85, 85, 85]). Returning empty trace. (0.19s)
2026-03-27 05:39:38  INFO        Candidate traces found : 0
2026-03-27 05:39:38  INFO        Duration : 0.19s
2026-03-27 05:39:38  INFO      ==================================================
2026-03-27 05:39:38  INFO      STEP 4: Store Execution Trace
2026-03-27 05:39:38  INFO      Execution trace written to: /Users/tanmaybhuskute/Documents/gifdroid-reproduction/app_AntennaPod/utg03/output/execution_hhv_AntennaPod_hysteresis.json
2026-03-27 05:39:38  INFO        Duration : 0.00s
2026-03-27 05:39:38  INFO      ==================================================
2026-03-27 05:39:38  INFO      Pipeline complete.  Total time: 597.64s
2026-03-27 05:39:38  INFO      ==================================================
