2026-03-20 01:37:29  INFO      Log file: /Users/tanmaybhuskute/Documents/gifdroid-reproduction/app_WifiAnalyzer/utg02/gifdroid_20260320_013729_srv.log
2026-03-20 01:37:29  INFO      GIFdroid started
2026-03-20 01:37:29  INFO        --video    : /Users/tanmaybhuskute/Documents/gifdroid-reproduction/app_WifiAnalyzer/utg02/input/screenrec/srv_app_WifiAnalyzer.mp4
2026-03-20 01:37:29  INFO        --utg      : /Users/tanmaybhuskute/Documents/gifdroid-reproduction/app_WifiAnalyzer/utg02/input/utg.json
2026-03-20 01:37:29  INFO        --artifact : /Users/tanmaybhuskute/Documents/gifdroid-reproduction/app_WifiAnalyzer/utg02/input/artifacts
2026-03-20 01:37:29  INFO        --out      : /Users/tanmaybhuskute/Documents/gifdroid-reproduction/app_WifiAnalyzer/utg02/output/execution_srv_WifiAnalyzer.json
2026-03-20 01:37:29  INFO        --log-dir  : None
2026-03-20 01:37:29  INFO      ==================================================
2026-03-20 01:37:29  INFO      STEP 1: Keyframe Location
2026-03-20 01:37:29  INFO        Input video : /Users/tanmaybhuskute/Documents/gifdroid-reproduction/app_WifiAnalyzer/utg02/input/screenrec/srv_app_WifiAnalyzer.mp4
2026-03-20 01:37:29  INFO      keyframe_location: starting on video "/Users/tanmaybhuskute/Documents/gifdroid-reproduction/app_WifiAnalyzer/utg02/input/screenrec/srv_app_WifiAnalyzer.mp4"
2026-03-20 01:37:38  DEBUG     read_frames_from_video: 877 frames decoded in 9.01s
2026-03-20 01:39:05  DEBUG     calculate_sim_seq: 876 similarities computed in 87.36s
2026-03-20 01:39:05  DEBUG     detect_keyframes: 16 keyframes detected from 876 frames in 0.00s
2026-03-20 01:39:05  INFO      keyframe_location: done — 16 keyframes at indices [12, 36, 114, 130, 211, 226, 244, 370, 514, 528, 623, 688, 715, 726, 749, 876] (96.46s total)
2026-03-20 01:39:06  INFO        Keyframes found   : 16
2026-03-20 01:39:06  INFO        Keyframe indices  : [12, 36, 114, 130, 211, 226, 244, 370, 514, 528, 623, 688, 715, 726, 749, 876]
2026-03-20 01:39:06  INFO        Duration          : 96.65s
2026-03-20 01:39:06  INFO      ==================================================
2026-03-20 01:39:06  INFO      STEP 2: GUI Mapping
2026-03-20 01:39:06  INFO        Screenshots dir : /Users/tanmaybhuskute/Documents/gifdroid-reproduction/app_WifiAnalyzer/utg02/input/artifacts
2026-03-20 01:39:06  INFO      gui_mapping: matching 16 keyframes against screenshots in "/Users/tanmaybhuskute/Documents/gifdroid-reproduction/app_WifiAnalyzer/utg02/input/artifacts"
2026-03-20 01:39:09  DEBUG     load_screenshots: 50 screenshots loaded in 2.97s from "/Users/tanmaybhuskute/Documents/gifdroid-reproduction/app_WifiAnalyzer/utg02/input/artifacts"
2026-03-20 01:39:14  DEBUG     mapping: best match "artifacts_23.png" (score=0.244)
2026-03-20 01:39:19  DEBUG     mapping: best match "artifacts_36.png" (score=0.391)
2026-03-20 01:39:25  DEBUG     mapping: best match "artifacts_4.png" (score=0.335)
2026-03-20 01:39:32  DEBUG     mapping: best match "artifacts_3.png" (score=0.343)
2026-03-20 01:39:39  DEBUG     mapping: best match "artifacts_36.png" (score=0.291)
2026-03-20 01:39:46  DEBUG     mapping: best match "artifacts_20.png" (score=0.366)
2026-03-20 01:39:52  DEBUG     mapping: best match "artifacts_19.png" (score=0.471)
2026-03-20 01:39:58  DEBUG     mapping: best match "artifacts_8.png" (score=0.490)
2026-03-20 01:40:04  DEBUG     mapping: best match "artifacts_8.png" (score=0.524)
2026-03-20 01:40:10  DEBUG     mapping: best match "artifacts_8.png" (score=0.525)
2026-03-20 01:40:16  DEBUG     mapping: best match "artifacts_18.png" (score=0.381)
2026-03-20 01:40:21  DEBUG     mapping: best match "artifacts_18.png" (score=0.630)
2026-03-20 01:40:26  DEBUG     mapping: best match "artifacts_12.png" (score=0.350)
2026-03-20 01:40:32  DEBUG     mapping: best match "artifacts_12.png" (score=0.324)
2026-03-20 01:40:38  DEBUG     mapping: best match "artifacts_38.png" (score=0.320)
2026-03-20 01:40:44  DEBUG     mapping: best match "artifacts_20.png" (score=0.454)
2026-03-20 01:40:44  INFO      gui_mapping: done — index sequence [23, 36, 4, 3, 36, 20, 19, 8, 8, 8, 18, 18, 12, 12, 38, 20] (98.34s)
2026-03-20 01:40:44  INFO        Mapped index sequence : [23, 36, 4, 3, 36, 20, 19, 8, 8, 8, 18, 18, 12, 12, 38, 20]
2026-03-20 01:40:44  INFO        Duration              : 98.34s
2026-03-20 01:40:44  INFO      ==================================================
2026-03-20 01:40:44  INFO      STEP 3: Find Execution Trace
2026-03-20 01:40:44  INFO        UTG file : /Users/tanmaybhuskute/Documents/gifdroid-reproduction/app_WifiAnalyzer/utg02/input/utg.json
2026-03-20 01:40:44  INFO      find_execution_trace: target sequence [23, 36, 4, 3, 36, 20, 19, 8, 8, 8, 18, 18, 12, 12, 38, 20]
2026-03-20 01:40:44  DEBUG     read_graph: 232 edges, 50 vertices loaded in 0.01s
2026-03-20 01:40:51  DEBUG     find_execution_trace: 775707 candidate paths found in 7.17s
2026-03-20 01:42:45  INFO      find_execution_trace: 2 trace(s) found (LCS=6, length=15) in 120.61s
2026-03-20 01:42:45  INFO        Candidate traces found : 2
2026-03-20 01:42:45  INFO          Trace 0: [0, 1, 2, 3, 9, 23, 8, 5, 4, 11, 14, 36, 19, 38, 20]
2026-03-20 01:42:45  INFO          Trace 1: [0, 1, 2, 3, 9, 23, 16, 5, 4, 11, 14, 36, 19, 38, 20]
2026-03-20 01:42:45  INFO        Duration : 120.92s
2026-03-20 01:42:45  INFO      ==================================================
2026-03-20 01:42:45  INFO      STEP 4: Store Execution Trace
2026-03-20 01:42:45  INFO      Execution trace written to: /Users/tanmaybhuskute/Documents/gifdroid-reproduction/app_WifiAnalyzer/utg02/output/execution_srv_WifiAnalyzer.json
2026-03-20 01:42:45  INFO        Duration : 0.01s
2026-03-20 01:42:45  INFO      ==================================================
2026-03-20 01:42:45  INFO      Pipeline complete.  Total time: 315.92s
2026-03-20 01:42:45  INFO      ==================================================
