2026-03-27 22:41:44  INFO      Log file: /Users/tanmaybhuskute/Documents/gifdroid-reproduction/app_WifiAnalyzer/utg02/gifdroid_20260327_224144_hhv_clip.log
2026-03-27 22:41:44  INFO      GIFdroid started
2026-03-27 22:41:44  INFO        --video            : /Users/tanmaybhuskute/Documents/gifdroid-reproduction/app_WifiAnalyzer/utg02/input/handheld/hhv_app_WifiAnalyzer.mp4
2026-03-27 22:41:44  INFO        --utg              : /Users/tanmaybhuskute/Documents/gifdroid-reproduction/app_WifiAnalyzer/utg02/input/utg.json
2026-03-27 22:41:44  INFO        --artifact         : /Users/tanmaybhuskute/Documents/gifdroid-reproduction/app_WifiAnalyzer/utg02/input/artifacts
2026-03-27 22:41:44  INFO        --out              : /Users/tanmaybhuskute/Documents/gifdroid-reproduction/app_WifiAnalyzer/utg02/output/execution_hhv_WifiAnalyzer_clip.json
2026-03-27 22:41:44  INFO        --log-dir          : None
2026-03-27 22:41:44  INFO        --save-keyframes   : /Users/tanmaybhuskute/Documents/gifdroid-reproduction/app_WifiAnalyzer/utg02/output/keyframes_clip
2026-03-27 22:41:44  INFO        --keyframe-method  : clip
2026-03-27 22:41:44  INFO      ==================================================
2026-03-27 22:41:44  INFO      STEP 1: Keyframe Location
2026-03-27 22:41:44  INFO        Input video      : /Users/tanmaybhuskute/Documents/gifdroid-reproduction/app_WifiAnalyzer/utg02/input/handheld/hhv_app_WifiAnalyzer.mp4
2026-03-27 22:41:44  INFO        Keyframe method  : clip
2026-03-27 22:41:44  INFO      keyframe_location_clip_cluster: starting on "/Users/tanmaybhuskute/Documents/gifdroid-reproduction/app_WifiAnalyzer/utg02/input/handheld/hhv_app_WifiAnalyzer.mp4" (threshold=0.85)
2026-03-27 22:41:44  INFO      keyframe_location: starting on video "/Users/tanmaybhuskute/Documents/gifdroid-reproduction/app_WifiAnalyzer/utg02/input/handheld/hhv_app_WifiAnalyzer.mp4"
2026-03-27 22:41:55  DEBUG     read_frames_from_video: 1191 frames decoded in 11.29s
2026-03-27 22:43:41  DEBUG     calculate_sim_seq: 1190 similarities computed in 105.15s
2026-03-27 22:43:41  DEBUG     detect_keyframes: 15 keyframes detected from 1190 frames in 0.00s
2026-03-27 22:43:41  INFO      keyframe_location: done — 15 keyframes at indices [96, 131, 198, 260, 379, 466, 574, 599, 720, 738, 900, 943, 1100, 1124, 1190] (116.49s total)
2026-03-27 22:43:41  INFO      keyframe_location_clip_cluster: baseline produced 15 keyframes
2026-03-27 22:43:43  WARNING   keyframe_location_clip_cluster: missing dependency (No module named 'transformers'); returning baseline result. Install with: pip install transformers torch scikit-learn
2026-03-27 22:43:43  INFO        Keyframes found   : 15
2026-03-27 22:43:43  INFO        Keyframe indices  : [96, 131, 198, 260, 379, 466, 574, 599, 720, 738, 900, 943, 1100, 1124, 1190]
2026-03-27 22:43:43  INFO        Duration          : 118.37s
2026-03-27 22:43:44  INFO        Keyframes saved to: /Users/tanmaybhuskute/Documents/gifdroid-reproduction/app_WifiAnalyzer/utg02/output/keyframes_clip (15 files)
2026-03-27 22:43:44  INFO      ==================================================
2026-03-27 22:43:44  INFO      STEP 2: GUI Mapping
2026-03-27 22:43:44  INFO        Screenshots dir : /Users/tanmaybhuskute/Documents/gifdroid-reproduction/app_WifiAnalyzer/utg02/input/artifacts
2026-03-27 22:43:44  INFO      gui_mapping: matching 15 keyframes against screenshots in "/Users/tanmaybhuskute/Documents/gifdroid-reproduction/app_WifiAnalyzer/utg02/input/artifacts"
2026-03-27 22:43:47  DEBUG     load_screenshots: 50 screenshots loaded in 2.78s from "/Users/tanmaybhuskute/Documents/gifdroid-reproduction/app_WifiAnalyzer/utg02/input/artifacts"
2026-03-27 22:43:52  DEBUG     mapping: best match "artifacts_36.png" (score=0.281)
2026-03-27 22:43:56  DEBUG     mapping: best match "artifacts_36.png" (score=0.345)
2026-03-27 22:44:01  DEBUG     mapping: best match "artifacts_36.png" (score=0.301)
2026-03-27 22:44:06  DEBUG     mapping: best match "artifacts_36.png" (score=0.300)
2026-03-27 22:44:11  DEBUG     mapping: best match "artifacts_36.png" (score=0.295)
2026-03-27 22:44:16  DEBUG     mapping: best match "artifacts_36.png" (score=0.333)
2026-03-27 22:44:21  DEBUG     mapping: best match "artifacts_36.png" (score=0.309)
2026-03-27 22:44:26  DEBUG     mapping: best match "artifacts_36.png" (score=0.308)
2026-03-27 22:44:31  DEBUG     mapping: best match "artifacts_36.png" (score=0.302)
2026-03-27 22:44:36  DEBUG     mapping: best match "artifacts_36.png" (score=0.305)
2026-03-27 22:44:41  DEBUG     mapping: best match "artifacts_36.png" (score=0.318)
2026-03-27 22:44:46  DEBUG     mapping: best match "artifacts_36.png" (score=0.315)
2026-03-27 22:44:51  DEBUG     mapping: best match "artifacts_36.png" (score=0.331)
2026-03-27 22:44:56  DEBUG     mapping: best match "artifacts_36.png" (score=0.334)
2026-03-27 22:45:01  DEBUG     mapping: best match "artifacts_36.png" (score=0.336)
2026-03-27 22:45:01  INFO      gui_mapping: done — index sequence [36, 36, 36, 36, 36, 36, 36, 36, 36, 36, 36, 36, 36, 36, 36] (76.88s)
2026-03-27 22:45:01  INFO        Mapped index sequence : [36, 36, 36, 36, 36, 36, 36, 36, 36, 36, 36, 36, 36, 36, 36]
2026-03-27 22:45:01  INFO        Duration              : 76.88s
2026-03-27 22:45:01  INFO      ==================================================
2026-03-27 22:45:01  INFO      STEP 3: Find Execution Trace
2026-03-27 22:45:01  INFO        UTG file : /Users/tanmaybhuskute/Documents/gifdroid-reproduction/app_WifiAnalyzer/utg02/input/utg.json
2026-03-27 22:45:01  INFO      find_execution_trace: target sequence [36, 36, 36, 36, 36, 36, 36, 36, 36, 36, 36, 36, 36, 36, 36]
2026-03-27 22:45:01  DEBUG     read_graph: 232 edges, 50 vertices loaded in 0.00s
2026-03-27 22:45:10  DEBUG     find_execution_trace: 925440 candidate paths found in 9.07s
2026-03-27 22:47:11  INFO      find_execution_trace: 2 trace(s) found (LCS=1, length=8) in 130.59s
2026-03-27 22:47:11  INFO        Candidate traces found : 2
2026-03-27 22:47:11  INFO          Trace 0: [0, 1, 2, 3, 4, 11, 14, 36]
2026-03-27 22:47:11  INFO          Trace 1: [0, 1, 2, 3, 9, 11, 14, 36]
2026-03-27 22:47:11  INFO        Duration : 130.65s
2026-03-27 22:47:11  INFO      ==================================================
2026-03-27 22:47:11  INFO      STEP 4: Store Execution Trace
2026-03-27 22:47:11  INFO      Execution trace written to: /Users/tanmaybhuskute/Documents/gifdroid-reproduction/app_WifiAnalyzer/utg02/output/execution_hhv_WifiAnalyzer_clip.json
2026-03-27 22:47:11  INFO        Duration : 0.00s
2026-03-27 22:47:11  INFO      ==================================================
2026-03-27 22:47:11  INFO      Pipeline complete.  Total time: 327.21s
2026-03-27 22:47:11  INFO      ==================================================
