2026-03-27 22:20:52  INFO      Log file: /Users/tanmaybhuskute/Documents/gifdroid-reproduction/app_WifiAnalyzer/utg02/gifdroid_20260327_222052_hhv_homography.log
2026-03-27 22:20:52  INFO      GIFdroid started
2026-03-27 22:20:52  INFO        --video            : /Users/tanmaybhuskute/Documents/gifdroid-reproduction/app_WifiAnalyzer/utg02/input/handheld/hhv_app_WifiAnalyzer.mp4
2026-03-27 22:20:52  INFO        --utg              : /Users/tanmaybhuskute/Documents/gifdroid-reproduction/app_WifiAnalyzer/utg02/input/utg.json
2026-03-27 22:20:52  INFO        --artifact         : /Users/tanmaybhuskute/Documents/gifdroid-reproduction/app_WifiAnalyzer/utg02/input/artifacts
2026-03-27 22:20:52  INFO        --out              : /Users/tanmaybhuskute/Documents/gifdroid-reproduction/app_WifiAnalyzer/utg02/output/execution_hhv_WifiAnalyzer_homography.json
2026-03-27 22:20:52  INFO        --log-dir          : None
2026-03-27 22:20:52  INFO        --save-keyframes   : /Users/tanmaybhuskute/Documents/gifdroid-reproduction/app_WifiAnalyzer/utg02/output/keyframes_homography
2026-03-27 22:20:52  INFO        --keyframe-method  : homography
2026-03-27 22:20:52  INFO      ==================================================
2026-03-27 22:20:52  INFO      STEP 1: Keyframe Location
2026-03-27 22:20:52  INFO        Input video      : /Users/tanmaybhuskute/Documents/gifdroid-reproduction/app_WifiAnalyzer/utg02/input/handheld/hhv_app_WifiAnalyzer.mp4
2026-03-27 22:20:52  INFO        Keyframe method  : homography
2026-03-27 22:20:52  INFO      keyframe_location_homography: starting on "/Users/tanmaybhuskute/Documents/gifdroid-reproduction/app_WifiAnalyzer/utg02/input/handheld/hhv_app_WifiAnalyzer.mp4"
2026-03-27 22:21:04  DEBUG     read_frames_from_video: 1191 frames decoded in 11.87s
2026-03-27 22:38:29  DEBUG     detect_keyframes: 13 keyframes detected from 1190 frames in 0.00s
2026-03-27 22:38:29  INFO      keyframe_location_homography: done — 13 keyframes at indices [96, 123, 128, 206, 219, 260, 379, 466, 599, 720, 738, 943, 1190] (1056.12s)
2026-03-27 22:38:29  INFO        Keyframes found   : 13
2026-03-27 22:38:29  INFO        Keyframe indices  : [96, 123, 128, 206, 219, 260, 379, 466, 599, 720, 738, 943, 1190]
2026-03-27 22:38:29  INFO        Duration          : 1056.45s
2026-03-27 22:38:30  INFO        Keyframes saved to: /Users/tanmaybhuskute/Documents/gifdroid-reproduction/app_WifiAnalyzer/utg02/output/keyframes_homography (13 files)
2026-03-27 22:38:30  INFO      ==================================================
2026-03-27 22:38:30  INFO      STEP 2: GUI Mapping
2026-03-27 22:38:30  INFO        Screenshots dir : /Users/tanmaybhuskute/Documents/gifdroid-reproduction/app_WifiAnalyzer/utg02/input/artifacts
2026-03-27 22:38:30  INFO      gui_mapping: matching 13 keyframes against screenshots in "/Users/tanmaybhuskute/Documents/gifdroid-reproduction/app_WifiAnalyzer/utg02/input/artifacts"
2026-03-27 22:38:34  DEBUG     load_screenshots: 50 screenshots loaded in 4.27s from "/Users/tanmaybhuskute/Documents/gifdroid-reproduction/app_WifiAnalyzer/utg02/input/artifacts"
2026-03-27 22:38:40  DEBUG     mapping: best match "artifacts_36.png" (score=0.281)
2026-03-27 22:38:45  DEBUG     mapping: best match "artifacts_36.png" (score=0.366)
2026-03-27 22:38:50  DEBUG     mapping: best match "artifacts_36.png" (score=0.365)
2026-03-27 22:38:55  DEBUG     mapping: best match "artifacts_36.png" (score=0.301)
2026-03-27 22:39:00  DEBUG     mapping: best match "artifacts_36.png" (score=0.297)
2026-03-27 22:39:05  DEBUG     mapping: best match "artifacts_36.png" (score=0.300)
2026-03-27 22:39:11  DEBUG     mapping: best match "artifacts_36.png" (score=0.295)
2026-03-27 22:39:16  DEBUG     mapping: best match "artifacts_36.png" (score=0.333)
2026-03-27 22:39:22  DEBUG     mapping: best match "artifacts_36.png" (score=0.308)
2026-03-27 22:39:27  DEBUG     mapping: best match "artifacts_36.png" (score=0.302)
2026-03-27 22:39:33  DEBUG     mapping: best match "artifacts_36.png" (score=0.305)
2026-03-27 22:39:38  DEBUG     mapping: best match "artifacts_36.png" (score=0.315)
2026-03-27 22:39:43  DEBUG     mapping: best match "artifacts_36.png" (score=0.336)
2026-03-27 22:39:43  INFO      gui_mapping: done — index sequence [36, 36, 36, 36, 36, 36, 36, 36, 36, 36, 36, 36, 36] (72.72s)
2026-03-27 22:39:43  INFO        Mapped index sequence : [36, 36, 36, 36, 36, 36, 36, 36, 36, 36, 36, 36, 36]
2026-03-27 22:39:43  INFO        Duration              : 72.72s
2026-03-27 22:39:43  INFO      ==================================================
2026-03-27 22:39:43  INFO      STEP 3: Find Execution Trace
2026-03-27 22:39:43  INFO        UTG file : /Users/tanmaybhuskute/Documents/gifdroid-reproduction/app_WifiAnalyzer/utg02/input/utg.json
2026-03-27 22:39:43  INFO      find_execution_trace: target sequence [36, 36, 36, 36, 36, 36, 36, 36, 36, 36, 36, 36, 36]
2026-03-27 22:39:43  DEBUG     read_graph: 232 edges, 50 vertices loaded in 0.00s
2026-03-27 22:39:52  DEBUG     find_execution_trace: 925440 candidate paths found in 8.96s
2026-03-27 22:41:43  INFO      find_execution_trace: 2 trace(s) found (LCS=1, length=8) in 119.73s
2026-03-27 22:41:43  INFO        Candidate traces found : 2
2026-03-27 22:41:43  INFO          Trace 0: [0, 1, 2, 3, 4, 11, 14, 36]
2026-03-27 22:41:43  INFO          Trace 1: [0, 1, 2, 3, 9, 11, 14, 36]
2026-03-27 22:41:43  INFO        Duration : 119.79s
2026-03-27 22:41:43  INFO      ==================================================
2026-03-27 22:41:43  INFO      STEP 4: Store Execution Trace
2026-03-27 22:41:43  INFO      Execution trace written to: /Users/tanmaybhuskute/Documents/gifdroid-reproduction/app_WifiAnalyzer/utg02/output/execution_hhv_WifiAnalyzer_homography.json
2026-03-27 22:41:43  INFO        Duration : 0.00s
2026-03-27 22:41:43  INFO      ==================================================
2026-03-27 22:41:43  INFO      Pipeline complete.  Total time: 1250.25s
2026-03-27 22:41:43  INFO      ==================================================
