2026-03-27 21:39:02  INFO      Log file: /Users/tanmaybhuskute/Documents/gifdroid-reproduction/app_WifiAnalyzer/utg02/gifdroid_20260327_213902_hhv_baseline.log
2026-03-27 21:39:02  INFO      GIFdroid started
2026-03-27 21:39:02  INFO        --video            : /Users/tanmaybhuskute/Documents/gifdroid-reproduction/app_WifiAnalyzer/utg02/input/handheld/hhv_app_WifiAnalyzer.mp4
2026-03-27 21:39:02  INFO        --utg              : /Users/tanmaybhuskute/Documents/gifdroid-reproduction/app_WifiAnalyzer/utg02/input/utg.json
2026-03-27 21:39:02  INFO        --artifact         : /Users/tanmaybhuskute/Documents/gifdroid-reproduction/app_WifiAnalyzer/utg02/input/artifacts
2026-03-27 21:39:02  INFO        --out              : /Users/tanmaybhuskute/Documents/gifdroid-reproduction/app_WifiAnalyzer/utg02/output/execution_hhv_WifiAnalyzer_baseline.json
2026-03-27 21:39:02  INFO        --log-dir          : None
2026-03-27 21:39:02  INFO        --save-keyframes   : /Users/tanmaybhuskute/Documents/gifdroid-reproduction/app_WifiAnalyzer/utg02/output/keyframes_baseline
2026-03-27 21:39:02  INFO        --keyframe-method  : baseline
2026-03-27 21:39:02  INFO      ==================================================
2026-03-27 21:39:02  INFO      STEP 1: Keyframe Location
2026-03-27 21:39:02  INFO        Input video      : /Users/tanmaybhuskute/Documents/gifdroid-reproduction/app_WifiAnalyzer/utg02/input/handheld/hhv_app_WifiAnalyzer.mp4
2026-03-27 21:39:02  INFO        Keyframe method  : baseline
2026-03-27 21:39:02  INFO      keyframe_location: starting on video "/Users/tanmaybhuskute/Documents/gifdroid-reproduction/app_WifiAnalyzer/utg02/input/handheld/hhv_app_WifiAnalyzer.mp4"
2026-03-27 21:43:19  DEBUG     read_frames_from_video: 1191 frames decoded in 257.43s
2026-03-27 22:00:21  DEBUG     calculate_sim_seq: 1190 similarities computed in 1021.43s
2026-03-27 22:00:21  DEBUG     detect_keyframes: 15 keyframes detected from 1190 frames in 0.00s
2026-03-27 22:00:21  INFO      keyframe_location: done — 15 keyframes at indices [96, 131, 198, 260, 379, 466, 574, 599, 720, 738, 900, 943, 1100, 1124, 1190] (1278.89s total)
2026-03-27 22:00:21  INFO        Keyframes found   : 15
2026-03-27 22:00:21  INFO        Keyframe indices  : [96, 131, 198, 260, 379, 466, 574, 599, 720, 738, 900, 943, 1100, 1124, 1190]
2026-03-27 22:00:21  INFO        Duration          : 1279.44s
2026-03-27 22:00:22  INFO        Keyframes saved to: /Users/tanmaybhuskute/Documents/gifdroid-reproduction/app_WifiAnalyzer/utg02/output/keyframes_baseline (15 files)
2026-03-27 22:00:22  INFO      ==================================================
2026-03-27 22:00:22  INFO      STEP 2: GUI Mapping
2026-03-27 22:00:22  INFO        Screenshots dir : /Users/tanmaybhuskute/Documents/gifdroid-reproduction/app_WifiAnalyzer/utg02/input/artifacts
2026-03-27 22:00:22  INFO      gui_mapping: matching 15 keyframes against screenshots in "/Users/tanmaybhuskute/Documents/gifdroid-reproduction/app_WifiAnalyzer/utg02/input/artifacts"
2026-03-27 22:00:25  DEBUG     load_screenshots: 50 screenshots loaded in 2.96s from "/Users/tanmaybhuskute/Documents/gifdroid-reproduction/app_WifiAnalyzer/utg02/input/artifacts"
2026-03-27 22:00:33  DEBUG     mapping: best match "artifacts_36.png" (score=0.281)
2026-03-27 22:00:39  DEBUG     mapping: best match "artifacts_36.png" (score=0.345)
2026-03-27 22:00:45  DEBUG     mapping: best match "artifacts_36.png" (score=0.301)
2026-03-27 22:01:58  DEBUG     mapping: best match "artifacts_36.png" (score=0.300)
2026-03-27 22:02:04  DEBUG     mapping: best match "artifacts_36.png" (score=0.295)
2026-03-27 22:02:25  DEBUG     mapping: best match "artifacts_36.png" (score=0.333)
2026-03-27 22:02:31  DEBUG     mapping: best match "artifacts_36.png" (score=0.309)
2026-03-27 22:02:37  DEBUG     mapping: best match "artifacts_36.png" (score=0.308)
2026-03-27 22:02:43  DEBUG     mapping: best match "artifacts_36.png" (score=0.302)
2026-03-27 22:03:28  DEBUG     mapping: best match "artifacts_36.png" (score=0.305)
2026-03-27 22:03:33  DEBUG     mapping: best match "artifacts_36.png" (score=0.318)
2026-03-27 22:05:37  DEBUG     mapping: best match "artifacts_36.png" (score=0.315)
2026-03-27 22:05:43  DEBUG     mapping: best match "artifacts_36.png" (score=0.331)
2026-03-27 22:05:49  DEBUG     mapping: best match "artifacts_36.png" (score=0.334)
2026-03-27 22:05:55  DEBUG     mapping: best match "artifacts_36.png" (score=0.336)
2026-03-27 22:05:55  INFO      gui_mapping: done — index sequence [36, 36, 36, 36, 36, 36, 36, 36, 36, 36, 36, 36, 36, 36, 36] (332.83s)
2026-03-27 22:05:55  INFO        Mapped index sequence : [36, 36, 36, 36, 36, 36, 36, 36, 36, 36, 36, 36, 36, 36, 36]
2026-03-27 22:05:55  INFO        Duration              : 332.83s
2026-03-27 22:05:55  INFO      ==================================================
2026-03-27 22:05:55  INFO      STEP 3: Find Execution Trace
2026-03-27 22:05:55  INFO        UTG file : /Users/tanmaybhuskute/Documents/gifdroid-reproduction/app_WifiAnalyzer/utg02/input/utg.json
2026-03-27 22:05:55  INFO      find_execution_trace: target sequence [36, 36, 36, 36, 36, 36, 36, 36, 36, 36, 36, 36, 36, 36, 36]
2026-03-27 22:05:55  DEBUG     read_graph: 232 edges, 50 vertices loaded in 0.00s
2026-03-27 22:06:04  DEBUG     find_execution_trace: 925440 candidate paths found in 8.65s
2026-03-27 22:08:07  INFO      find_execution_trace: 2 trace(s) found (LCS=1, length=8) in 132.13s
2026-03-27 22:08:07  INFO        Candidate traces found : 2
2026-03-27 22:08:07  INFO          Trace 0: [0, 1, 2, 3, 4, 11, 14, 36]
2026-03-27 22:08:07  INFO          Trace 1: [0, 1, 2, 3, 9, 11, 14, 36]
2026-03-27 22:08:07  INFO        Duration : 132.18s
2026-03-27 22:08:07  INFO      ==================================================
2026-03-27 22:08:07  INFO      STEP 4: Store Execution Trace
2026-03-27 22:08:07  INFO      Execution trace written to: /Users/tanmaybhuskute/Documents/gifdroid-reproduction/app_WifiAnalyzer/utg02/output/execution_hhv_WifiAnalyzer_baseline.json
2026-03-27 22:08:07  INFO        Duration : 0.00s
2026-03-27 22:08:07  INFO      ==================================================
2026-03-27 22:08:07  INFO      Pipeline complete.  Total time: 1745.64s
2026-03-27 22:08:07  INFO      ==================================================
