2026-03-27 22:08:08  INFO      Log file: /Users/tanmaybhuskute/Documents/gifdroid-reproduction/app_WifiAnalyzer/utg02/gifdroid_20260327_220808_hhv_stabilize.log
2026-03-27 22:08:08  INFO      GIFdroid started
2026-03-27 22:08:08  INFO        --video            : /Users/tanmaybhuskute/Documents/gifdroid-reproduction/app_WifiAnalyzer/utg02/input/handheld/hhv_app_WifiAnalyzer.mp4
2026-03-27 22:08:08  INFO        --utg              : /Users/tanmaybhuskute/Documents/gifdroid-reproduction/app_WifiAnalyzer/utg02/input/utg.json
2026-03-27 22:08:08  INFO        --artifact         : /Users/tanmaybhuskute/Documents/gifdroid-reproduction/app_WifiAnalyzer/utg02/input/artifacts
2026-03-27 22:08:08  INFO        --out              : /Users/tanmaybhuskute/Documents/gifdroid-reproduction/app_WifiAnalyzer/utg02/output/execution_hhv_WifiAnalyzer_stabilize.json
2026-03-27 22:08:08  INFO        --log-dir          : None
2026-03-27 22:08:08  INFO        --save-keyframes   : /Users/tanmaybhuskute/Documents/gifdroid-reproduction/app_WifiAnalyzer/utg02/output/keyframes_stabilize
2026-03-27 22:08:08  INFO        --keyframe-method  : stabilize
2026-03-27 22:08:08  INFO      ==================================================
2026-03-27 22:08:08  INFO      STEP 1: Keyframe Location
2026-03-27 22:08:08  INFO        Input video      : /Users/tanmaybhuskute/Documents/gifdroid-reproduction/app_WifiAnalyzer/utg02/input/handheld/hhv_app_WifiAnalyzer.mp4
2026-03-27 22:08:08  INFO        Keyframe method  : stabilize
2026-03-27 22:08:08  INFO      keyframe_location_stabilized: starting on "/Users/tanmaybhuskute/Documents/gifdroid-reproduction/app_WifiAnalyzer/utg02/input/handheld/hhv_app_WifiAnalyzer.mp4"
2026-03-27 22:09:29  INFO      keyframe_location: starting on video "/Users/tanmaybhuskute/Documents/gifdroid-reproduction/app_WifiAnalyzer/utg02/input/handheld/hhv_app_WifiAnalyzer_stabilized.mp4"
2026-03-27 22:09:39  DEBUG     read_frames_from_video: 1191 frames decoded in 9.94s
2026-03-27 22:11:30  DEBUG     calculate_sim_seq: 1190 similarities computed in 110.94s
2026-03-27 22:11:30  DEBUG     detect_keyframes: 16 keyframes detected from 1190 frames in 0.00s
2026-03-27 22:11:30  INFO      keyframe_location: done — 16 keyframes at indices [93, 132, 200, 260, 379, 466, 573, 598, 605, 720, 738, 842, 855, 943, 983, 1190] (120.93s total)
2026-03-27 22:11:30  INFO      keyframe_location_stabilized: done — 16 keyframes at indices [93, 132, 200, 260, 379, 466, 573, 598, 605, 720, 738, 842, 855, 943, 983, 1190] (202.07s)
2026-03-27 22:11:30  INFO        Keyframes found   : 16
2026-03-27 22:11:30  INFO        Keyframe indices  : [93, 132, 200, 260, 379, 466, 573, 598, 605, 720, 738, 842, 855, 943, 983, 1190]
2026-03-27 22:11:30  INFO        Duration          : 202.07s
2026-03-27 22:11:32  INFO        Keyframes saved to: /Users/tanmaybhuskute/Documents/gifdroid-reproduction/app_WifiAnalyzer/utg02/output/keyframes_stabilize (16 files)
2026-03-27 22:11:32  INFO      ==================================================
2026-03-27 22:11:32  INFO      STEP 2: GUI Mapping
2026-03-27 22:11:32  INFO        Screenshots dir : /Users/tanmaybhuskute/Documents/gifdroid-reproduction/app_WifiAnalyzer/utg02/input/artifacts
2026-03-27 22:11:32  INFO      gui_mapping: matching 16 keyframes against screenshots in "/Users/tanmaybhuskute/Documents/gifdroid-reproduction/app_WifiAnalyzer/utg02/input/artifacts"
2026-03-27 22:11:35  DEBUG     load_screenshots: 50 screenshots loaded in 3.14s from "/Users/tanmaybhuskute/Documents/gifdroid-reproduction/app_WifiAnalyzer/utg02/input/artifacts"
2026-03-27 22:11:40  DEBUG     mapping: best match "artifacts_36.png" (score=0.289)
2026-03-27 22:11:45  DEBUG     mapping: best match "artifacts_36.png" (score=0.341)
2026-03-27 22:11:50  DEBUG     mapping: best match "artifacts_36.png" (score=0.306)
2026-03-27 22:11:55  DEBUG     mapping: best match "artifacts_36.png" (score=0.306)
2026-03-27 22:11:59  DEBUG     mapping: best match "artifacts_36.png" (score=0.302)
2026-03-27 22:12:04  DEBUG     mapping: best match "artifacts_36.png" (score=0.341)
2026-03-27 22:12:09  DEBUG     mapping: best match "artifacts_36.png" (score=0.316)
2026-03-27 22:12:14  DEBUG     mapping: best match "artifacts_36.png" (score=0.316)
2026-03-27 22:12:19  DEBUG     mapping: best match "artifacts_36.png" (score=0.316)
2026-03-27 22:12:24  DEBUG     mapping: best match "artifacts_36.png" (score=0.312)
2026-03-27 22:12:29  DEBUG     mapping: best match "artifacts_36.png" (score=0.314)
2026-03-27 22:12:34  DEBUG     mapping: best match "artifacts_36.png" (score=0.322)
2026-03-27 22:12:38  DEBUG     mapping: best match "artifacts_36.png" (score=0.318)
2026-03-27 22:12:43  DEBUG     mapping: best match "artifacts_36.png" (score=0.323)
2026-03-27 22:12:49  DEBUG     mapping: best match "artifacts_36.png" (score=0.341)
2026-03-27 22:12:54  DEBUG     mapping: best match "artifacts_36.png" (score=0.341)
2026-03-27 22:12:54  INFO      gui_mapping: done — index sequence [36, 36, 36, 36, 36, 36, 36, 36, 36, 36, 36, 36, 36, 36, 36, 36] (82.39s)
2026-03-27 22:12:54  INFO        Mapped index sequence : [36, 36, 36, 36, 36, 36, 36, 36, 36, 36, 36, 36, 36, 36, 36, 36]
2026-03-27 22:12:54  INFO        Duration              : 82.39s
2026-03-27 22:12:54  INFO      ==================================================
2026-03-27 22:12:54  INFO      STEP 3: Find Execution Trace
2026-03-27 22:12:54  INFO        UTG file : /Users/tanmaybhuskute/Documents/gifdroid-reproduction/app_WifiAnalyzer/utg02/input/utg.json
2026-03-27 22:12:54  INFO      find_execution_trace: target sequence [36, 36, 36, 36, 36, 36, 36, 36, 36, 36, 36, 36, 36, 36, 36, 36]
2026-03-27 22:12:54  DEBUG     read_graph: 232 edges, 50 vertices loaded in 0.00s
2026-03-27 22:13:03  DEBUG     find_execution_trace: 925440 candidate paths found in 9.05s
2026-03-27 22:15:11  INFO      find_execution_trace: 2 trace(s) found (LCS=1, length=8) in 136.89s
2026-03-27 22:15:11  INFO        Candidate traces found : 2
2026-03-27 22:15:11  INFO          Trace 0: [0, 1, 2, 3, 4, 11, 14, 36]
2026-03-27 22:15:11  INFO          Trace 1: [0, 1, 2, 3, 9, 11, 14, 36]
2026-03-27 22:15:11  INFO        Duration : 136.95s
2026-03-27 22:15:11  INFO      ==================================================
2026-03-27 22:15:11  INFO      STEP 4: Store Execution Trace
2026-03-27 22:15:11  INFO      Execution trace written to: /Users/tanmaybhuskute/Documents/gifdroid-reproduction/app_WifiAnalyzer/utg02/output/execution_hhv_WifiAnalyzer_stabilize.json
2026-03-27 22:15:11  INFO        Duration : 0.00s
2026-03-27 22:15:11  INFO      ==================================================
2026-03-27 22:15:11  INFO      Pipeline complete.  Total time: 422.76s
2026-03-27 22:15:11  INFO      ==================================================
