2026-03-20 02:26:59  INFO      Log file: /Users/tanmaybhuskute/Documents/gifdroid-reproduction/app_WifiAnalyzer/utg02/gifdroid_20260320_022659_hhv.log
2026-03-20 02:26:59  INFO      GIFdroid started
2026-03-20 02:26:59  INFO        --video    : /Users/tanmaybhuskute/Documents/gifdroid-reproduction/app_WifiAnalyzer/utg02/input/handheld/hhv_app_WifiAnalyzer.mp4
2026-03-20 02:26:59  INFO        --utg      : /Users/tanmaybhuskute/Documents/gifdroid-reproduction/app_WifiAnalyzer/utg02/input/utg.json
2026-03-20 02:26:59  INFO        --artifact : /Users/tanmaybhuskute/Documents/gifdroid-reproduction/app_WifiAnalyzer/utg02/input/artifacts
2026-03-20 02:26:59  INFO        --out      : /Users/tanmaybhuskute/Documents/gifdroid-reproduction/app_WifiAnalyzer/utg02/output/execution_hhv_WifiAnalyzer.json
2026-03-20 02:26:59  INFO        --log-dir  : None
2026-03-20 02:26:59  INFO      ==================================================
2026-03-20 02:26:59  INFO      STEP 1: Keyframe Location
2026-03-20 02:26:59  INFO        Input video : /Users/tanmaybhuskute/Documents/gifdroid-reproduction/app_WifiAnalyzer/utg02/input/handheld/hhv_app_WifiAnalyzer.mp4
2026-03-20 02:26:59  INFO      keyframe_location: starting on video "/Users/tanmaybhuskute/Documents/gifdroid-reproduction/app_WifiAnalyzer/utg02/input/handheld/hhv_app_WifiAnalyzer.mp4"
2026-03-20 02:27:13  DEBUG     read_frames_from_video: 1191 frames decoded in 13.80s
2026-03-20 02:29:53  DEBUG     calculate_sim_seq: 1190 similarities computed in 160.79s
2026-03-20 02:29:53  DEBUG     detect_keyframes: 15 keyframes detected from 1190 frames in 0.00s
2026-03-20 02:29:53  INFO      keyframe_location: done — 15 keyframes at indices [96, 131, 198, 260, 379, 466, 574, 599, 720, 738, 900, 943, 1100, 1124, 1190] (174.69s total)
2026-03-20 02:29:54  INFO        Keyframes found   : 15
2026-03-20 02:29:54  INFO        Keyframe indices  : [96, 131, 198, 260, 379, 466, 574, 599, 720, 738, 900, 943, 1100, 1124, 1190]
2026-03-20 02:29:54  INFO        Duration          : 175.20s
2026-03-20 02:29:54  INFO      ==================================================
2026-03-20 02:29:54  INFO      STEP 2: GUI Mapping
2026-03-20 02:29:54  INFO        Screenshots dir : /Users/tanmaybhuskute/Documents/gifdroid-reproduction/app_WifiAnalyzer/utg02/input/artifacts
2026-03-20 02:29:54  INFO      gui_mapping: matching 15 keyframes against screenshots in "/Users/tanmaybhuskute/Documents/gifdroid-reproduction/app_WifiAnalyzer/utg02/input/artifacts"
2026-03-20 02:29:59  DEBUG     load_screenshots: 50 screenshots loaded in 5.11s from "/Users/tanmaybhuskute/Documents/gifdroid-reproduction/app_WifiAnalyzer/utg02/input/artifacts"
2026-03-20 02:30:06  DEBUG     mapping: best match "artifacts_36.png" (score=0.281)
2026-03-20 02:30:12  DEBUG     mapping: best match "artifacts_36.png" (score=0.345)
2026-03-20 02:30:18  DEBUG     mapping: best match "artifacts_36.png" (score=0.301)
2026-03-20 02:30:24  DEBUG     mapping: best match "artifacts_36.png" (score=0.300)
2026-03-20 02:30:29  DEBUG     mapping: best match "artifacts_36.png" (score=0.295)
2026-03-20 02:30:34  DEBUG     mapping: best match "artifacts_36.png" (score=0.333)
2026-03-20 02:30:40  DEBUG     mapping: best match "artifacts_36.png" (score=0.309)
2026-03-20 02:30:47  DEBUG     mapping: best match "artifacts_36.png" (score=0.308)
2026-03-20 02:30:53  DEBUG     mapping: best match "artifacts_36.png" (score=0.302)
2026-03-20 02:31:00  DEBUG     mapping: best match "artifacts_36.png" (score=0.305)
2026-03-20 02:31:06  DEBUG     mapping: best match "artifacts_36.png" (score=0.318)
2026-03-20 02:31:12  DEBUG     mapping: best match "artifacts_36.png" (score=0.315)
2026-03-20 02:31:18  DEBUG     mapping: best match "artifacts_36.png" (score=0.331)
2026-03-20 02:31:24  DEBUG     mapping: best match "artifacts_36.png" (score=0.334)
2026-03-20 02:31:30  DEBUG     mapping: best match "artifacts_36.png" (score=0.336)
2026-03-20 02:31:30  INFO      gui_mapping: done — index sequence [36, 36, 36, 36, 36, 36, 36, 36, 36, 36, 36, 36, 36, 36, 36] (95.73s)
2026-03-20 02:31:30  INFO        Mapped index sequence : [36, 36, 36, 36, 36, 36, 36, 36, 36, 36, 36, 36, 36, 36, 36]
2026-03-20 02:31:30  INFO        Duration              : 95.73s
2026-03-20 02:31:30  INFO      ==================================================
2026-03-20 02:31:30  INFO      STEP 3: Find Execution Trace
2026-03-20 02:31:30  INFO        UTG file : /Users/tanmaybhuskute/Documents/gifdroid-reproduction/app_WifiAnalyzer/utg02/input/utg.json
2026-03-20 02:31:30  INFO      find_execution_trace: target sequence [36, 36, 36, 36, 36, 36, 36, 36, 36, 36, 36, 36, 36, 36, 36]
2026-03-20 02:31:30  DEBUG     read_graph: 232 edges, 50 vertices loaded in 0.01s
2026-03-20 02:31:39  DEBUG     find_execution_trace: 925440 candidate paths found in 9.60s
2026-03-20 02:34:11  INFO      find_execution_trace: 2 trace(s) found (LCS=1, length=8) in 161.73s
2026-03-20 02:34:12  INFO        Candidate traces found : 2
2026-03-20 02:34:12  INFO          Trace 0: [0, 1, 2, 3, 4, 11, 14, 36]
2026-03-20 02:34:12  INFO          Trace 1: [0, 1, 2, 3, 9, 11, 14, 36]
2026-03-20 02:34:12  INFO        Duration : 162.44s
2026-03-20 02:34:12  INFO      ==================================================
2026-03-20 02:34:12  INFO      STEP 4: Store Execution Trace
2026-03-20 02:34:12  INFO      Execution trace written to: /Users/tanmaybhuskute/Documents/gifdroid-reproduction/app_WifiAnalyzer/utg02/output/execution_hhv_WifiAnalyzer.json
2026-03-20 02:34:12  INFO        Duration : 0.10s
2026-03-20 02:34:12  INFO      ==================================================
2026-03-20 02:34:12  INFO      Pipeline complete.  Total time: 433.48s
2026-03-20 02:34:12  INFO      ==================================================
