2026-03-27 09:35:10  INFO      Log file: /Users/tanmaybhuskute/Documents/gifdroid-reproduction/app_SimpleNotes/utg01/gifdroid_20260327_093510_hhv_baseline.log
2026-03-27 09:35:10  INFO      GIFdroid started
2026-03-27 09:35:10  INFO        --video            : /Users/tanmaybhuskute/Documents/gifdroid-reproduction/app_SimpleNotes/utg01/input/handheld/hhv_app_SimpleNotes.mp4
2026-03-27 09:35:10  INFO        --utg              : /Users/tanmaybhuskute/Documents/gifdroid-reproduction/app_SimpleNotes/utg01/input/utg.json
2026-03-27 09:35:10  INFO        --artifact         : /Users/tanmaybhuskute/Documents/gifdroid-reproduction/app_SimpleNotes/utg01/input/artifacts
2026-03-27 09:35:10  INFO        --out              : /Users/tanmaybhuskute/Documents/gifdroid-reproduction/app_SimpleNotes/utg01/output/execution_hhv_SimpleNotes_baseline.json
2026-03-27 09:35:10  INFO        --log-dir          : None
2026-03-27 09:35:10  INFO        --save-keyframes   : /Users/tanmaybhuskute/Documents/gifdroid-reproduction/app_SimpleNotes/utg01/output/keyframes_baseline
2026-03-27 09:35:10  INFO        --keyframe-method  : baseline
2026-03-27 09:35:10  INFO      ==================================================
2026-03-27 09:35:10  INFO      STEP 1: Keyframe Location
2026-03-27 09:35:10  INFO        Input video      : /Users/tanmaybhuskute/Documents/gifdroid-reproduction/app_SimpleNotes/utg01/input/handheld/hhv_app_SimpleNotes.mp4
2026-03-27 09:35:10  INFO        Keyframe method  : baseline
2026-03-27 09:35:10  INFO      keyframe_location: starting on video "/Users/tanmaybhuskute/Documents/gifdroid-reproduction/app_SimpleNotes/utg01/input/handheld/hhv_app_SimpleNotes.mp4"
2026-03-27 09:35:20  DEBUG     read_frames_from_video: 1256 frames decoded in 9.93s
2026-03-27 09:37:10  DEBUG     calculate_sim_seq: 1255 similarities computed in 109.77s
2026-03-27 09:37:10  DEBUG     detect_keyframes: 35 keyframes detected from 1255 frames in 0.00s
2026-03-27 09:37:10  INFO      keyframe_location: done — 35 keyframes at indices [178, 220, 256, 280, 300, 346, 360, 406, 436, 463, 473, 498, 503, 512, 523, 557, 627, 729, 775, 915, 938, 954, 968, 976, 983, 997, 1015, 1035, 1069, 1082, 1108, 1143, 1236, 1242, 1255] (119.75s total)
2026-03-27 09:37:10  INFO        Keyframes found   : 35
2026-03-27 09:37:10  INFO        Keyframe indices  : [178, 220, 256, 280, 300, 346, 360, 406, 436, 463, 473, 498, 503, 512, 523, 557, 627, 729, 775, 915, 938, 954, 968, 976, 983, 997, 1015, 1035, 1069, 1082, 1108, 1143, 1236, 1242, 1255]
2026-03-27 09:37:10  INFO        Duration          : 120.20s
2026-03-27 09:37:13  INFO        Keyframes saved to: /Users/tanmaybhuskute/Documents/gifdroid-reproduction/app_SimpleNotes/utg01/output/keyframes_baseline (35 files)
2026-03-27 09:37:13  INFO      ==================================================
2026-03-27 09:37:13  INFO      STEP 2: GUI Mapping
2026-03-27 09:37:13  INFO        Screenshots dir : /Users/tanmaybhuskute/Documents/gifdroid-reproduction/app_SimpleNotes/utg01/input/artifacts
2026-03-27 09:37:13  INFO      gui_mapping: matching 35 keyframes against screenshots in "/Users/tanmaybhuskute/Documents/gifdroid-reproduction/app_SimpleNotes/utg01/input/artifacts"
2026-03-27 09:37:15  DEBUG     load_screenshots: 47 screenshots loaded in 2.40s from "/Users/tanmaybhuskute/Documents/gifdroid-reproduction/app_SimpleNotes/utg01/input/artifacts"
2026-03-27 09:37:20  DEBUG     mapping: best match "artifacts_1.png" (score=0.284)
2026-03-27 09:37:24  DEBUG     mapping: best match "artifacts_1.png" (score=0.282)
2026-03-27 09:37:29  DEBUG     mapping: best match "artifacts_1.png" (score=0.280)
2026-03-27 09:37:33  DEBUG     mapping: best match "artifacts_1.png" (score=0.281)
2026-03-27 09:37:38  DEBUG     mapping: best match "artifacts_1.png" (score=0.279)
2026-03-27 09:37:43  DEBUG     mapping: best match "artifacts_1.png" (score=0.263)
2026-03-27 09:37:47  DEBUG     mapping: best match "artifacts_1.png" (score=0.264)
2026-03-27 09:37:52  DEBUG     mapping: best match "artifacts_1.png" (score=0.284)
2026-03-27 09:37:56  DEBUG     mapping: best match "artifacts_1.png" (score=0.294)
2026-03-27 09:38:01  DEBUG     mapping: best match "artifacts_1.png" (score=0.288)
2026-03-27 09:38:05  DEBUG     mapping: best match "artifacts_1.png" (score=0.288)
2026-03-27 09:38:10  DEBUG     mapping: best match "artifacts_1.png" (score=0.277)
2026-03-27 09:38:14  DEBUG     mapping: best match "artifacts_1.png" (score=0.272)
2026-03-27 09:38:19  DEBUG     mapping: best match "artifacts_1.png" (score=0.269)
2026-03-27 09:38:23  DEBUG     mapping: best match "artifacts_1.png" (score=0.269)
2026-03-27 09:38:28  DEBUG     mapping: best match "artifacts_1.png" (score=0.271)
2026-03-27 09:38:33  DEBUG     mapping: best match "artifacts_1.png" (score=0.265)
2026-03-27 09:38:37  DEBUG     mapping: best match "artifacts_1.png" (score=0.288)
2026-03-27 09:38:41  DEBUG     mapping: best match "artifacts_1.png" (score=0.262)
2026-03-27 09:38:46  DEBUG     mapping: best match "artifacts_1.png" (score=0.241)
2026-03-27 09:38:51  DEBUG     mapping: best match "artifacts_1.png" (score=0.267)
2026-03-27 09:38:55  DEBUG     mapping: best match "artifacts_1.png" (score=0.260)
2026-03-27 09:39:00  DEBUG     mapping: best match "artifacts_1.png" (score=0.262)
2026-03-27 09:39:04  DEBUG     mapping: best match "artifacts_1.png" (score=0.260)
2026-03-27 09:39:09  DEBUG     mapping: best match "artifacts_1.png" (score=0.258)
2026-03-27 09:39:13  DEBUG     mapping: best match "artifacts_1.png" (score=0.257)
2026-03-27 09:39:18  DEBUG     mapping: best match "artifacts_1.png" (score=0.258)
2026-03-27 09:39:22  DEBUG     mapping: best match "artifacts_1.png" (score=0.258)
2026-03-27 09:39:27  DEBUG     mapping: best match "artifacts_1.png" (score=0.251)
2026-03-27 09:39:31  DEBUG     mapping: best match "artifacts_1.png" (score=0.254)
2026-03-27 09:39:36  DEBUG     mapping: best match "artifacts_1.png" (score=0.258)
2026-03-27 09:39:41  DEBUG     mapping: best match "artifacts_1.png" (score=0.257)
2026-03-27 09:39:45  DEBUG     mapping: best match "artifacts_1.png" (score=0.256)
2026-03-27 09:39:50  DEBUG     mapping: best match "artifacts_1.png" (score=0.257)
2026-03-27 09:39:54  DEBUG     mapping: best match "artifacts_1.png" (score=0.257)
2026-03-27 09:39:54  INFO      gui_mapping: done — index sequence [1, 1, 1, 1, 1, 1, 1, 1, 1, 1, 1, 1, 1, 1, 1, 1, 1, 1, 1, 1, 1, 1, 1, 1, 1, 1, 1, 1, 1, 1, 1, 1, 1, 1, 1] (161.34s)
2026-03-27 09:39:54  INFO        Mapped index sequence : [1, 1, 1, 1, 1, 1, 1, 1, 1, 1, 1, 1, 1, 1, 1, 1, 1, 1, 1, 1, 1, 1, 1, 1, 1, 1, 1, 1, 1, 1, 1, 1, 1, 1, 1]
2026-03-27 09:39:54  INFO        Duration              : 161.34s
2026-03-27 09:39:54  INFO      ==================================================
2026-03-27 09:39:54  INFO      STEP 3: Find Execution Trace
2026-03-27 09:39:54  INFO        UTG file : /Users/tanmaybhuskute/Documents/gifdroid-reproduction/app_SimpleNotes/utg01/input/utg.json
2026-03-27 09:39:54  INFO      find_execution_trace: target sequence [1, 1, 1, 1, 1, 1, 1, 1, 1, 1, 1, 1, 1, 1, 1, 1, 1, 1, 1, 1, 1, 1, 1, 1, 1, 1, 1, 1, 1, 1, 1, 1, 1, 1, 1]
2026-03-27 09:39:54  DEBUG     read_graph: 190 edges, 48 vertices loaded in 0.00s
2026-03-27 09:39:54  DEBUG     find_execution_trace: 2 candidate paths found in 0.00s
2026-03-27 09:39:54  INFO      find_execution_trace: 1 trace(s) found (LCS=1, length=2) in 0.00s
2026-03-27 09:39:54  INFO        Candidate traces found : 1
2026-03-27 09:39:54  INFO          Trace 0: [0, 1]
2026-03-27 09:39:54  INFO        Duration : 0.00s
2026-03-27 09:39:54  INFO      ==================================================
2026-03-27 09:39:54  INFO      STEP 4: Store Execution Trace
2026-03-27 09:39:54  INFO      Execution trace written to: /Users/tanmaybhuskute/Documents/gifdroid-reproduction/app_SimpleNotes/utg01/output/execution_hhv_SimpleNotes_baseline.json
2026-03-27 09:39:54  INFO        Duration : 0.00s
2026-03-27 09:39:54  INFO      ==================================================
2026-03-27 09:39:54  INFO      Pipeline complete.  Total time: 284.10s
2026-03-27 09:39:54  INFO      ==================================================
