2026-03-27 10:04:09  INFO      Log file: /Users/tanmaybhuskute/Documents/gifdroid-reproduction/app_SimpleNotes/utg01/gifdroid_20260327_100409_hhv_clip.log
2026-03-27 10:04:09  INFO      GIFdroid started
2026-03-27 10:04:09  INFO        --video            : /Users/tanmaybhuskute/Documents/gifdroid-reproduction/app_SimpleNotes/utg01/input/handheld/hhv_app_SimpleNotes.mp4
2026-03-27 10:04:09  INFO        --utg              : /Users/tanmaybhuskute/Documents/gifdroid-reproduction/app_SimpleNotes/utg01/input/utg.json
2026-03-27 10:04:09  INFO        --artifact         : /Users/tanmaybhuskute/Documents/gifdroid-reproduction/app_SimpleNotes/utg01/input/artifacts
2026-03-27 10:04:09  INFO        --out              : /Users/tanmaybhuskute/Documents/gifdroid-reproduction/app_SimpleNotes/utg01/output/execution_hhv_SimpleNotes_clip.json
2026-03-27 10:04:09  INFO        --log-dir          : None
2026-03-27 10:04:09  INFO        --save-keyframes   : /Users/tanmaybhuskute/Documents/gifdroid-reproduction/app_SimpleNotes/utg01/output/keyframes_clip
2026-03-27 10:04:09  INFO        --keyframe-method  : clip
2026-03-27 10:04:09  INFO      ==================================================
2026-03-27 10:04:09  INFO      STEP 1: Keyframe Location
2026-03-27 10:04:09  INFO        Input video      : /Users/tanmaybhuskute/Documents/gifdroid-reproduction/app_SimpleNotes/utg01/input/handheld/hhv_app_SimpleNotes.mp4
2026-03-27 10:04:09  INFO        Keyframe method  : clip
2026-03-27 10:04:09  INFO      keyframe_location_clip_cluster: starting on "/Users/tanmaybhuskute/Documents/gifdroid-reproduction/app_SimpleNotes/utg01/input/handheld/hhv_app_SimpleNotes.mp4" (threshold=0.85)
2026-03-27 10:04:09  INFO      keyframe_location: starting on video "/Users/tanmaybhuskute/Documents/gifdroid-reproduction/app_SimpleNotes/utg01/input/handheld/hhv_app_SimpleNotes.mp4"
2026-03-27 10:04:19  DEBUG     read_frames_from_video: 1256 frames decoded in 10.21s
2026-03-27 10:06:12  DEBUG     calculate_sim_seq: 1255 similarities computed in 112.40s
2026-03-27 10:06:12  DEBUG     detect_keyframes: 35 keyframes detected from 1255 frames in 0.00s
2026-03-27 10:06:12  INFO      keyframe_location: done — 35 keyframes at indices [178, 220, 256, 280, 300, 346, 360, 406, 436, 463, 473, 498, 503, 512, 523, 557, 627, 729, 775, 915, 938, 954, 968, 976, 983, 997, 1015, 1035, 1069, 1082, 1108, 1143, 1236, 1242, 1255] (122.63s total)
2026-03-27 10:06:12  INFO      keyframe_location_clip_cluster: baseline produced 35 keyframes
2026-03-27 10:06:13  WARNING   keyframe_location_clip_cluster: missing dependency (No module named 'transformers'); returning baseline result. Install with: pip install transformers torch scikit-learn
2026-03-27 10:06:13  INFO        Keyframes found   : 35
2026-03-27 10:06:13  INFO        Keyframe indices  : [178, 220, 256, 280, 300, 346, 360, 406, 436, 463, 473, 498, 503, 512, 523, 557, 627, 729, 775, 915, 938, 954, 968, 976, 983, 997, 1015, 1035, 1069, 1082, 1108, 1143, 1236, 1242, 1255]
2026-03-27 10:06:13  INFO        Duration          : 124.11s
2026-03-27 10:06:16  INFO        Keyframes saved to: /Users/tanmaybhuskute/Documents/gifdroid-reproduction/app_SimpleNotes/utg01/output/keyframes_clip (35 files)
2026-03-27 10:06:16  INFO      ==================================================
2026-03-27 10:06:16  INFO      STEP 2: GUI Mapping
2026-03-27 10:06:16  INFO        Screenshots dir : /Users/tanmaybhuskute/Documents/gifdroid-reproduction/app_SimpleNotes/utg01/input/artifacts
2026-03-27 10:06:16  INFO      gui_mapping: matching 35 keyframes against screenshots in "/Users/tanmaybhuskute/Documents/gifdroid-reproduction/app_SimpleNotes/utg01/input/artifacts"
2026-03-27 10:06:18  DEBUG     load_screenshots: 47 screenshots loaded in 2.40s from "/Users/tanmaybhuskute/Documents/gifdroid-reproduction/app_SimpleNotes/utg01/input/artifacts"
2026-03-27 10:06:23  DEBUG     mapping: best match "artifacts_1.png" (score=0.284)
2026-03-27 10:06:28  DEBUG     mapping: best match "artifacts_1.png" (score=0.282)
2026-03-27 10:06:32  DEBUG     mapping: best match "artifacts_1.png" (score=0.280)
2026-03-27 10:06:37  DEBUG     mapping: best match "artifacts_1.png" (score=0.281)
2026-03-27 10:06:41  DEBUG     mapping: best match "artifacts_1.png" (score=0.279)
2026-03-27 10:06:46  DEBUG     mapping: best match "artifacts_1.png" (score=0.263)
2026-03-27 10:06:51  DEBUG     mapping: best match "artifacts_1.png" (score=0.264)
2026-03-27 10:06:55  DEBUG     mapping: best match "artifacts_1.png" (score=0.284)
2026-03-27 10:07:00  DEBUG     mapping: best match "artifacts_1.png" (score=0.294)
2026-03-27 10:07:04  DEBUG     mapping: best match "artifacts_1.png" (score=0.288)
2026-03-27 10:07:09  DEBUG     mapping: best match "artifacts_1.png" (score=0.288)
2026-03-27 10:07:13  DEBUG     mapping: best match "artifacts_1.png" (score=0.277)
2026-03-27 10:07:18  DEBUG     mapping: best match "artifacts_1.png" (score=0.272)
2026-03-27 10:07:22  DEBUG     mapping: best match "artifacts_1.png" (score=0.269)
2026-03-27 10:07:27  DEBUG     mapping: best match "artifacts_1.png" (score=0.269)
2026-03-27 10:07:31  DEBUG     mapping: best match "artifacts_1.png" (score=0.271)
2026-03-27 10:07:36  DEBUG     mapping: best match "artifacts_1.png" (score=0.265)
2026-03-27 10:07:40  DEBUG     mapping: best match "artifacts_1.png" (score=0.288)
2026-03-27 10:07:45  DEBUG     mapping: best match "artifacts_1.png" (score=0.262)
2026-03-27 10:07:49  DEBUG     mapping: best match "artifacts_1.png" (score=0.241)
2026-03-27 10:07:54  DEBUG     mapping: best match "artifacts_1.png" (score=0.267)
2026-03-27 10:07:58  DEBUG     mapping: best match "artifacts_1.png" (score=0.260)
2026-03-27 10:08:03  DEBUG     mapping: best match "artifacts_1.png" (score=0.262)
2026-03-27 10:08:07  DEBUG     mapping: best match "artifacts_1.png" (score=0.260)
2026-03-27 10:08:12  DEBUG     mapping: best match "artifacts_1.png" (score=0.258)
2026-03-27 10:08:16  DEBUG     mapping: best match "artifacts_1.png" (score=0.257)
2026-03-27 10:08:21  DEBUG     mapping: best match "artifacts_1.png" (score=0.258)
2026-03-27 10:08:25  DEBUG     mapping: best match "artifacts_1.png" (score=0.258)
2026-03-27 10:08:30  DEBUG     mapping: best match "artifacts_1.png" (score=0.251)
2026-03-27 10:08:35  DEBUG     mapping: best match "artifacts_1.png" (score=0.254)
2026-03-27 10:08:39  DEBUG     mapping: best match "artifacts_1.png" (score=0.258)
2026-03-27 10:08:44  DEBUG     mapping: best match "artifacts_1.png" (score=0.257)
2026-03-27 10:08:48  DEBUG     mapping: best match "artifacts_1.png" (score=0.256)
2026-03-27 10:08:53  DEBUG     mapping: best match "artifacts_1.png" (score=0.257)
2026-03-27 10:08:57  DEBUG     mapping: best match "artifacts_1.png" (score=0.257)
2026-03-27 10:08:57  INFO      gui_mapping: done — index sequence [1, 1, 1, 1, 1, 1, 1, 1, 1, 1, 1, 1, 1, 1, 1, 1, 1, 1, 1, 1, 1, 1, 1, 1, 1, 1, 1, 1, 1, 1, 1, 1, 1, 1, 1] (161.43s)
2026-03-27 10:08:57  INFO        Mapped index sequence : [1, 1, 1, 1, 1, 1, 1, 1, 1, 1, 1, 1, 1, 1, 1, 1, 1, 1, 1, 1, 1, 1, 1, 1, 1, 1, 1, 1, 1, 1, 1, 1, 1, 1, 1]
2026-03-27 10:08:57  INFO        Duration              : 161.43s
2026-03-27 10:08:57  INFO      ==================================================
2026-03-27 10:08:57  INFO      STEP 3: Find Execution Trace
2026-03-27 10:08:57  INFO        UTG file : /Users/tanmaybhuskute/Documents/gifdroid-reproduction/app_SimpleNotes/utg01/input/utg.json
2026-03-27 10:08:57  INFO      find_execution_trace: target sequence [1, 1, 1, 1, 1, 1, 1, 1, 1, 1, 1, 1, 1, 1, 1, 1, 1, 1, 1, 1, 1, 1, 1, 1, 1, 1, 1, 1, 1, 1, 1, 1, 1, 1, 1]
2026-03-27 10:08:57  DEBUG     read_graph: 190 edges, 48 vertices loaded in 0.00s
2026-03-27 10:08:57  DEBUG     find_execution_trace: 2 candidate paths found in 0.00s
2026-03-27 10:08:57  INFO      find_execution_trace: 1 trace(s) found (LCS=1, length=2) in 0.00s
2026-03-27 10:08:57  INFO        Candidate traces found : 1
2026-03-27 10:08:57  INFO          Trace 0: [0, 1]
2026-03-27 10:08:57  INFO        Duration : 0.00s
2026-03-27 10:08:57  INFO      ==================================================
2026-03-27 10:08:57  INFO      STEP 4: Store Execution Trace
2026-03-27 10:08:57  INFO      Execution trace written to: /Users/tanmaybhuskute/Documents/gifdroid-reproduction/app_SimpleNotes/utg01/output/execution_hhv_SimpleNotes_clip.json
2026-03-27 10:08:57  INFO        Duration : 0.00s
2026-03-27 10:08:57  INFO      ==================================================
2026-03-27 10:08:57  INFO      Pipeline complete.  Total time: 288.30s
2026-03-27 10:08:57  INFO      ==================================================
