2026-03-20 01:04:46  INFO      Log file: /Users/tanmaybhuskute/Documents/gifdroid-reproduction/app_SimpleNotes/utg01/gifdroid_20260320_010446_hhv.log
2026-03-20 01:04:46  INFO      GIFdroid started
2026-03-20 01:04:46  INFO        --video    : /Users/tanmaybhuskute/Documents/gifdroid-reproduction/app_SimpleNotes/utg01/input/handheld/hhv_app_SimpleNotes.mp4
2026-03-20 01:04:46  INFO        --utg      : /Users/tanmaybhuskute/Documents/gifdroid-reproduction/app_SimpleNotes/utg01/input/utg.json
2026-03-20 01:04:46  INFO        --artifact : /Users/tanmaybhuskute/Documents/gifdroid-reproduction/app_SimpleNotes/utg01/input/artifacts
2026-03-20 01:04:46  INFO        --out      : /Users/tanmaybhuskute/Documents/gifdroid-reproduction/app_SimpleNotes/utg01/output/execution_hhv_SimpleNotes.json
2026-03-20 01:04:46  INFO        --log-dir  : None
2026-03-20 01:04:46  INFO      ==================================================
2026-03-20 01:04:46  INFO      STEP 1: Keyframe Location
2026-03-20 01:04:46  INFO        Input video : /Users/tanmaybhuskute/Documents/gifdroid-reproduction/app_SimpleNotes/utg01/input/handheld/hhv_app_SimpleNotes.mp4
2026-03-20 01:04:46  INFO      keyframe_location: starting on video "/Users/tanmaybhuskute/Documents/gifdroid-reproduction/app_SimpleNotes/utg01/input/handheld/hhv_app_SimpleNotes.mp4"
2026-03-20 01:04:59  DEBUG     read_frames_from_video: 1256 frames decoded in 12.79s
2026-03-20 01:06:53  DEBUG     calculate_sim_seq: 1255 similarities computed in 114.57s
2026-03-20 01:06:53  DEBUG     detect_keyframes: 35 keyframes detected from 1255 frames in 0.00s
2026-03-20 01:06:53  INFO      keyframe_location: done — 35 keyframes at indices [178, 220, 256, 280, 300, 346, 360, 406, 436, 463, 473, 498, 503, 512, 523, 557, 627, 729, 775, 915, 938, 954, 968, 976, 983, 997, 1015, 1035, 1069, 1082, 1108, 1143, 1236, 1242, 1255] (127.39s total)
2026-03-20 01:06:54  INFO        Keyframes found   : 35
2026-03-20 01:06:54  INFO        Keyframe indices  : [178, 220, 256, 280, 300, 346, 360, 406, 436, 463, 473, 498, 503, 512, 523, 557, 627, 729, 775, 915, 938, 954, 968, 976, 983, 997, 1015, 1035, 1069, 1082, 1108, 1143, 1236, 1242, 1255]
2026-03-20 01:06:54  INFO        Duration          : 127.78s
2026-03-20 01:06:54  INFO      ==================================================
2026-03-20 01:06:54  INFO      STEP 2: GUI Mapping
2026-03-20 01:06:54  INFO        Screenshots dir : /Users/tanmaybhuskute/Documents/gifdroid-reproduction/app_SimpleNotes/utg01/input/artifacts
2026-03-20 01:06:54  INFO      gui_mapping: matching 35 keyframes against screenshots in "/Users/tanmaybhuskute/Documents/gifdroid-reproduction/app_SimpleNotes/utg01/input/artifacts"
2026-03-20 01:06:56  DEBUG     load_screenshots: 47 screenshots loaded in 2.63s from "/Users/tanmaybhuskute/Documents/gifdroid-reproduction/app_SimpleNotes/utg01/input/artifacts"
2026-03-20 01:07:01  DEBUG     mapping: best match "artifacts_1.png" (score=0.284)
2026-03-20 01:07:06  DEBUG     mapping: best match "artifacts_1.png" (score=0.282)
2026-03-20 01:07:11  DEBUG     mapping: best match "artifacts_1.png" (score=0.280)
2026-03-20 01:07:15  DEBUG     mapping: best match "artifacts_1.png" (score=0.281)
2026-03-20 01:07:20  DEBUG     mapping: best match "artifacts_1.png" (score=0.279)
2026-03-20 01:07:25  DEBUG     mapping: best match "artifacts_1.png" (score=0.263)
2026-03-20 01:07:30  DEBUG     mapping: best match "artifacts_1.png" (score=0.264)
2026-03-20 01:07:36  DEBUG     mapping: best match "artifacts_1.png" (score=0.284)
2026-03-20 01:07:40  DEBUG     mapping: best match "artifacts_1.png" (score=0.294)
2026-03-20 01:07:45  DEBUG     mapping: best match "artifacts_1.png" (score=0.288)
2026-03-20 01:07:50  DEBUG     mapping: best match "artifacts_1.png" (score=0.288)
2026-03-20 01:07:55  DEBUG     mapping: best match "artifacts_1.png" (score=0.277)
2026-03-20 01:07:59  DEBUG     mapping: best match "artifacts_1.png" (score=0.272)
2026-03-20 01:08:04  DEBUG     mapping: best match "artifacts_1.png" (score=0.269)
2026-03-20 01:08:09  DEBUG     mapping: best match "artifacts_1.png" (score=0.269)
2026-03-20 01:08:14  DEBUG     mapping: best match "artifacts_1.png" (score=0.271)
2026-03-20 01:08:19  DEBUG     mapping: best match "artifacts_1.png" (score=0.265)
2026-03-20 01:08:23  DEBUG     mapping: best match "artifacts_1.png" (score=0.288)
2026-03-20 01:08:28  DEBUG     mapping: best match "artifacts_1.png" (score=0.262)
2026-03-20 01:08:33  DEBUG     mapping: best match "artifacts_1.png" (score=0.241)
2026-03-20 01:08:38  DEBUG     mapping: best match "artifacts_1.png" (score=0.267)
2026-03-20 01:08:43  DEBUG     mapping: best match "artifacts_1.png" (score=0.260)
2026-03-20 01:08:48  DEBUG     mapping: best match "artifacts_1.png" (score=0.262)
2026-03-20 01:08:52  DEBUG     mapping: best match "artifacts_1.png" (score=0.260)
2026-03-20 01:08:57  DEBUG     mapping: best match "artifacts_1.png" (score=0.258)
2026-03-20 01:09:02  DEBUG     mapping: best match "artifacts_1.png" (score=0.257)
2026-03-20 01:09:07  DEBUG     mapping: best match "artifacts_1.png" (score=0.258)
2026-03-20 01:09:11  DEBUG     mapping: best match "artifacts_1.png" (score=0.258)
2026-03-20 01:09:16  DEBUG     mapping: best match "artifacts_1.png" (score=0.251)
2026-03-20 01:09:21  DEBUG     mapping: best match "artifacts_1.png" (score=0.254)
2026-03-20 01:09:26  DEBUG     mapping: best match "artifacts_1.png" (score=0.258)
2026-03-20 01:09:31  DEBUG     mapping: best match "artifacts_1.png" (score=0.257)
2026-03-20 01:09:36  DEBUG     mapping: best match "artifacts_1.png" (score=0.256)
2026-03-20 01:09:41  DEBUG     mapping: best match "artifacts_1.png" (score=0.257)
2026-03-20 01:09:45  DEBUG     mapping: best match "artifacts_1.png" (score=0.257)
2026-03-20 01:09:45  INFO      gui_mapping: done — index sequence [1, 1, 1, 1, 1, 1, 1, 1, 1, 1, 1, 1, 1, 1, 1, 1, 1, 1, 1, 1, 1, 1, 1, 1, 1, 1, 1, 1, 1, 1, 1, 1, 1, 1, 1] (171.54s)
2026-03-20 01:09:45  INFO        Mapped index sequence : [1, 1, 1, 1, 1, 1, 1, 1, 1, 1, 1, 1, 1, 1, 1, 1, 1, 1, 1, 1, 1, 1, 1, 1, 1, 1, 1, 1, 1, 1, 1, 1, 1, 1, 1]
2026-03-20 01:09:45  INFO        Duration              : 171.54s
2026-03-20 01:09:45  INFO      ==================================================
2026-03-20 01:09:45  INFO      STEP 3: Find Execution Trace
2026-03-20 01:09:45  INFO        UTG file : /Users/tanmaybhuskute/Documents/gifdroid-reproduction/app_SimpleNotes/utg01/input/utg.json
2026-03-20 01:09:45  INFO      find_execution_trace: target sequence [1, 1, 1, 1, 1, 1, 1, 1, 1, 1, 1, 1, 1, 1, 1, 1, 1, 1, 1, 1, 1, 1, 1, 1, 1, 1, 1, 1, 1, 1, 1, 1, 1, 1, 1]
2026-03-20 01:09:45  DEBUG     read_graph: 190 edges, 48 vertices loaded in 0.00s
2026-03-20 01:09:45  DEBUG     find_execution_trace: 2 candidate paths found in 0.00s
2026-03-20 01:09:45  INFO      find_execution_trace: 1 trace(s) found (LCS=1, length=2) in 0.00s
2026-03-20 01:09:45  INFO        Candidate traces found : 1
2026-03-20 01:09:45  INFO          Trace 0: [0, 1]
2026-03-20 01:09:45  INFO        Duration : 0.00s
2026-03-20 01:09:45  INFO      ==================================================
2026-03-20 01:09:45  INFO      STEP 4: Store Execution Trace
2026-03-20 01:09:45  INFO      Execution trace written to: /Users/tanmaybhuskute/Documents/gifdroid-reproduction/app_SimpleNotes/utg01/output/execution_hhv_SimpleNotes.json
2026-03-20 01:09:45  INFO        Duration : 0.00s
2026-03-20 01:09:45  INFO      ==================================================
2026-03-20 01:09:45  INFO      Pipeline complete.  Total time: 299.32s
2026-03-20 01:09:45  INFO      ==================================================
