2026-03-23 10:53:15  INFO      Log file: /Users/tanmaybhuskute/Documents/gifdroid-reproduction/app_LuxAlarm/utg02/gifdroid_20260323_105315_hhv.log
2026-03-23 10:53:15  INFO      GIFdroid started
2026-03-23 10:53:15  INFO        --video          : app_LuxAlarm/utg02/input/handheld/hhv_app_LuxAlarm.mp4
2026-03-23 10:53:15  INFO        --utg            : app_LuxAlarm/utg02/input/utg.json
2026-03-23 10:53:15  INFO        --artifact       : app_LuxAlarm/utg02/input/artifacts
2026-03-23 10:53:15  INFO        --out            : app_LuxAlarm/utg02/output/execution_hhv_LuxAlarm.json
2026-03-23 10:53:15  INFO        --log-dir        : None
2026-03-23 10:53:15  INFO        --save-keyframes : /Users/tanmaybhuskute/Documents/gifdroid-reproduction/app_LuxAlarm/utg02/output/keyframes
2026-03-23 10:53:15  INFO      ==================================================
2026-03-23 10:53:15  INFO      STEP 1: Keyframe Location
2026-03-23 10:53:15  INFO        Input video : app_LuxAlarm/utg02/input/handheld/hhv_app_LuxAlarm.mp4
2026-03-23 10:53:15  INFO      keyframe_location: starting on video "app_LuxAlarm/utg02/input/handheld/hhv_app_LuxAlarm.mp4"
2026-03-23 10:53:22  DEBUG     read_frames_from_video: 818 frames decoded in 7.30s
2026-03-23 10:54:42  DEBUG     calculate_sim_seq: 817 similarities computed in 79.07s
2026-03-23 10:54:42  DEBUG     detect_keyframes: 11 keyframes detected from 817 frames in 0.01s
2026-03-23 10:54:42  INFO      keyframe_location: done — 11 keyframes at indices [107, 179, 229, 254, 262, 438, 626, 721, 733, 801, 809] (86.80s total)
2026-03-23 10:54:42  INFO        Keyframes found   : 11
2026-03-23 10:54:42  INFO        Keyframe indices  : [107, 179, 229, 254, 262, 438, 626, 721, 733, 801, 809]
2026-03-23 10:54:42  INFO        Duration          : 87.02s
2026-03-23 10:54:44  INFO        Keyframes saved to: /Users/tanmaybhuskute/Documents/gifdroid-reproduction/app_LuxAlarm/utg02/output/keyframes (11 files)
2026-03-23 10:54:44  INFO      ==================================================
2026-03-23 10:54:44  INFO      STEP 2: GUI Mapping
2026-03-23 10:54:44  INFO        Screenshots dir : app_LuxAlarm/utg02/input/artifacts
2026-03-23 10:54:44  INFO      gui_mapping: matching 11 keyframes against screenshots in "app_LuxAlarm/utg02/input/artifacts"
2026-03-23 10:54:46  DEBUG     load_screenshots: 25 screenshots loaded in 2.09s from "app_LuxAlarm/utg02/input/artifacts"
2026-03-23 10:54:48  DEBUG     mapping: best match "artifacts_7.png" (score=0.306)
2026-03-23 10:54:51  DEBUG     mapping: best match "artifacts_7.png" (score=0.324)
2026-03-23 10:54:53  DEBUG     mapping: best match "artifacts_7.png" (score=0.320)
2026-03-23 10:54:56  DEBUG     mapping: best match "artifacts_7.png" (score=0.312)
2026-03-23 10:54:59  DEBUG     mapping: best match "artifacts_7.png" (score=0.310)
2026-03-23 10:55:01  DEBUG     mapping: best match "artifacts_7.png" (score=0.311)
2026-03-23 10:55:04  DEBUG     mapping: best match "artifacts_7.png" (score=0.342)
2026-03-23 10:55:06  DEBUG     mapping: best match "artifacts_7.png" (score=0.312)
2026-03-23 10:55:09  DEBUG     mapping: best match "artifacts_7.png" (score=0.310)
2026-03-23 10:55:11  DEBUG     mapping: best match "artifacts_7.png" (score=0.319)
2026-03-23 10:55:14  DEBUG     mapping: best match "artifacts_7.png" (score=0.319)
2026-03-23 10:55:14  INFO      gui_mapping: done — index sequence [7, 7, 7, 7, 7, 7, 7, 7, 7, 7, 7] (30.29s)
2026-03-23 10:55:14  INFO        Mapped index sequence : [7, 7, 7, 7, 7, 7, 7, 7, 7, 7, 7]
2026-03-23 10:55:14  INFO        Duration              : 30.29s
2026-03-23 10:55:14  INFO      ==================================================
2026-03-23 10:55:14  INFO      STEP 3: Find Execution Trace
2026-03-23 10:55:14  INFO        UTG file : app_LuxAlarm/utg02/input/utg.json
2026-03-23 10:55:14  INFO      find_execution_trace: target sequence [7, 7, 7, 7, 7, 7, 7, 7, 7, 7, 7]
2026-03-23 10:55:14  DEBUG     read_graph: 331 edges, 25 vertices loaded in 0.00s
