2026-03-20 01:29:23  INFO      Log file: /Users/tanmaybhuskute/Documents/gifdroid-reproduction/app_LuxAlarm/utg01/gifdroid_20260320_012923_srv.log
2026-03-20 01:29:23  INFO      GIFdroid started
2026-03-20 01:29:23  INFO        --video    : /Users/tanmaybhuskute/Documents/gifdroid-reproduction/app_LuxAlarm/utg01/input/screenrec/srv_app_LuxAlarm.mp4
2026-03-20 01:29:23  INFO        --utg      : /Users/tanmaybhuskute/Documents/gifdroid-reproduction/app_LuxAlarm/utg01/input/utg.json
2026-03-20 01:29:23  INFO        --artifact : /Users/tanmaybhuskute/Documents/gifdroid-reproduction/app_LuxAlarm/utg01/input/artifacts
2026-03-20 01:29:23  INFO        --out      : /Users/tanmaybhuskute/Documents/gifdroid-reproduction/app_LuxAlarm/utg01/output/execution_srv_LuxAlarm.json
2026-03-20 01:29:23  INFO        --log-dir  : None
2026-03-20 01:29:23  INFO      ==================================================
2026-03-20 01:29:23  INFO      STEP 1: Keyframe Location
2026-03-20 01:29:23  INFO        Input video : /Users/tanmaybhuskute/Documents/gifdroid-reproduction/app_LuxAlarm/utg01/input/screenrec/srv_app_LuxAlarm.mp4
2026-03-20 01:29:23  INFO      keyframe_location: starting on video "/Users/tanmaybhuskute/Documents/gifdroid-reproduction/app_LuxAlarm/utg01/input/screenrec/srv_app_LuxAlarm.mp4"
2026-03-20 01:29:30  DEBUG     read_frames_from_video: 714 frames decoded in 6.97s
2026-03-20 01:30:39  DEBUG     calculate_sim_seq: 713 similarities computed in 69.24s
2026-03-20 01:30:39  DEBUG     detect_keyframes: 8 keyframes detected from 713 frames in 0.00s
2026-03-20 01:30:39  INFO      keyframe_location: done — 8 keyframes at indices [3, 40, 81, 433, 477, 555, 682, 713] (76.25s total)
2026-03-20 01:30:40  INFO        Keyframes found   : 8
2026-03-20 01:30:40  INFO        Keyframe indices  : [3, 40, 81, 433, 477, 555, 682, 713]
2026-03-20 01:30:40  INFO        Duration          : 76.48s
2026-03-20 01:30:40  INFO      ==================================================
2026-03-20 01:30:40  INFO      STEP 2: GUI Mapping
2026-03-20 01:30:40  INFO        Screenshots dir : /Users/tanmaybhuskute/Documents/gifdroid-reproduction/app_LuxAlarm/utg01/input/artifacts
2026-03-20 01:30:40  INFO      gui_mapping: matching 8 keyframes against screenshots in "/Users/tanmaybhuskute/Documents/gifdroid-reproduction/app_LuxAlarm/utg01/input/artifacts"
2026-03-20 01:30:45  DEBUG     load_screenshots: 95 screenshots loaded in 5.48s from "/Users/tanmaybhuskute/Documents/gifdroid-reproduction/app_LuxAlarm/utg01/input/artifacts"
2026-03-20 01:30:56  DEBUG     mapping: best match "artifacts_92.png" (score=0.147)
2026-03-20 01:31:06  DEBUG     mapping: best match "artifacts_1.png" (score=0.169)
2026-03-20 01:31:17  DEBUG     mapping: best match "artifacts_86.png" (score=0.147)
2026-03-20 01:31:27  DEBUG     mapping: best match "artifacts_9.png" (score=0.618)
2026-03-20 01:31:38  DEBUG     mapping: best match "artifacts_1.png" (score=0.456)
2026-03-20 01:31:48  DEBUG     mapping: best match "artifacts_1.png" (score=0.453)
2026-03-20 01:31:58  DEBUG     mapping: best match "artifacts_1.png" (score=0.461)
2026-03-20 01:32:08  DEBUG     mapping: best match "artifacts_9.png" (score=0.613)
2026-03-20 01:32:08  INFO      gui_mapping: done — index sequence [92, 1, 86, 9, 1, 1, 1, 9] (88.83s)
2026-03-20 01:32:08  INFO        Mapped index sequence : [92, 1, 86, 9, 1, 1, 1, 9]
2026-03-20 01:32:08  INFO        Duration              : 88.83s
2026-03-20 01:32:08  INFO      ==================================================
2026-03-20 01:32:08  INFO      STEP 3: Find Execution Trace
2026-03-20 01:32:08  INFO        UTG file : /Users/tanmaybhuskute/Documents/gifdroid-reproduction/app_LuxAlarm/utg01/input/utg.json
2026-03-20 01:32:08  INFO      find_execution_trace: target sequence [92, 1, 86, 9, 1, 1, 1, 9]
2026-03-20 01:32:08  DEBUG     read_graph: 298 edges, 96 vertices loaded in 0.00s
2026-03-20 01:32:09  DEBUG     find_execution_trace: 602 candidate paths found in 0.01s
2026-03-20 01:32:09  INFO      find_execution_trace: 1 trace(s) found (LCS=3, length=13) in 0.10s
2026-03-20 01:32:09  INFO        Candidate traces found : 1
2026-03-20 01:32:09  INFO          Trace 0: [0, 1, 85, 86, 87, 37, 29, 30, 31, 53, 54, 10, 9]
2026-03-20 01:32:09  INFO        Duration : 0.10s
2026-03-20 01:32:09  INFO      ==================================================
2026-03-20 01:32:09  INFO      STEP 4: Store Execution Trace
2026-03-20 01:32:09  INFO      Execution trace written to: /Users/tanmaybhuskute/Documents/gifdroid-reproduction/app_LuxAlarm/utg01/output/execution_srv_LuxAlarm.json
2026-03-20 01:32:09  INFO        Duration : 0.00s
2026-03-20 01:32:09  INFO      ==================================================
2026-03-20 01:32:09  INFO      Pipeline complete.  Total time: 165.41s
2026-03-20 01:32:09  INFO      ==================================================
