2026-03-27 06:06:31  INFO      Log file: /Users/tanmaybhuskute/Documents/gifdroid-reproduction/app_AntennaPod/utg03/gifdroid_20260327_060631_hhv_clip.log
2026-03-27 06:06:31  INFO      GIFdroid started
2026-03-27 06:06:31  INFO        --video            : /Users/tanmaybhuskute/Documents/gifdroid-reproduction/app_AntennaPod/utg03/input/handheld/hhv_app_AntennaPod.mp4
2026-03-27 06:06:31  INFO        --utg              : /Users/tanmaybhuskute/Documents/gifdroid-reproduction/app_AntennaPod/utg03/input/utg.json
2026-03-27 06:06:31  INFO        --artifact         : /Users/tanmaybhuskute/Documents/gifdroid-reproduction/app_AntennaPod/utg03/input/artifacts
2026-03-27 06:06:31  INFO        --out              : /Users/tanmaybhuskute/Documents/gifdroid-reproduction/app_AntennaPod/utg03/output/execution_hhv_AntennaPod_clip.json
2026-03-27 06:06:31  INFO        --log-dir          : None
2026-03-27 06:06:31  INFO        --save-keyframes   : /Users/tanmaybhuskute/Documents/gifdroid-reproduction/app_AntennaPod/utg03/output/keyframes_clip
2026-03-27 06:06:31  INFO        --keyframe-method  : clip
2026-03-27 06:06:31  INFO      ==================================================
2026-03-27 06:06:31  INFO      STEP 1: Keyframe Location
2026-03-27 06:06:31  INFO        Input video      : /Users/tanmaybhuskute/Documents/gifdroid-reproduction/app_AntennaPod/utg03/input/handheld/hhv_app_AntennaPod.mp4
2026-03-27 06:06:31  INFO        Keyframe method  : clip
2026-03-27 06:06:31  INFO      keyframe_location_clip_cluster: starting on "/Users/tanmaybhuskute/Documents/gifdroid-reproduction/app_AntennaPod/utg03/input/handheld/hhv_app_AntennaPod.mp4" (threshold=0.85)
2026-03-27 06:06:31  INFO      keyframe_location: starting on video "/Users/tanmaybhuskute/Documents/gifdroid-reproduction/app_AntennaPod/utg03/input/handheld/hhv_app_AntennaPod.mp4"
2026-03-27 06:06:50  DEBUG     read_frames_from_video: 2025 frames decoded in 18.45s
2026-03-27 06:10:16  DEBUG     calculate_sim_seq: 2024 similarities computed in 206.59s
2026-03-27 06:10:16  DEBUG     detect_keyframes: 10 keyframes detected from 2024 frames in 0.00s
2026-03-27 06:10:16  INFO      keyframe_location: done — 10 keyframes at indices [4, 9, 115, 172, 930, 1019, 1430, 1679, 1988, 2024] (225.07s total)
2026-03-27 06:10:17  INFO      keyframe_location_clip_cluster: baseline produced 10 keyframes
2026-03-27 06:10:18  WARNING   keyframe_location_clip_cluster: missing dependency (No module named 'transformers'); returning baseline result. Install with: pip install transformers torch scikit-learn
2026-03-27 06:10:18  INFO        Keyframes found   : 10
2026-03-27 06:10:18  INFO        Keyframe indices  : [4, 9, 115, 172, 930, 1019, 1430, 1679, 1988, 2024]
2026-03-27 06:10:18  INFO        Duration          : 227.25s
2026-03-27 06:10:20  INFO        Keyframes saved to: /Users/tanmaybhuskute/Documents/gifdroid-reproduction/app_AntennaPod/utg03/output/keyframes_clip (10 files)
2026-03-27 06:10:20  INFO      ==================================================
2026-03-27 06:10:20  INFO      STEP 2: GUI Mapping
2026-03-27 06:10:20  INFO        Screenshots dir : /Users/tanmaybhuskute/Documents/gifdroid-reproduction/app_AntennaPod/utg03/input/artifacts
2026-03-27 06:10:20  INFO      gui_mapping: matching 10 keyframes against screenshots in "/Users/tanmaybhuskute/Documents/gifdroid-reproduction/app_AntennaPod/utg03/input/artifacts"
2026-03-27 06:10:27  DEBUG     load_screenshots: 85 screenshots loaded in 7.59s from "/Users/tanmaybhuskute/Documents/gifdroid-reproduction/app_AntennaPod/utg03/input/artifacts"
2026-03-27 06:11:05  DEBUG     mapping: best match "artifacts_85.png" (score=0.326)
2026-03-27 06:11:35  DEBUG     mapping: best match "artifacts_85.png" (score=0.326)
2026-03-27 06:12:03  DEBUG     mapping: best match "artifacts_85.png" (score=0.322)
2026-03-27 06:12:42  DEBUG     mapping: best match "artifacts_85.png" (score=0.334)
2026-03-27 06:13:10  DEBUG     mapping: best match "artifacts_85.png" (score=0.341)
2026-03-27 06:13:44  DEBUG     mapping: best match "artifacts_85.png" (score=0.339)
2026-03-27 06:14:16  DEBUG     mapping: best match "artifacts_85.png" (score=0.338)
2026-03-27 06:14:50  DEBUG     mapping: best match "artifacts_85.png" (score=0.332)
2026-03-27 06:15:18  DEBUG     mapping: best match "artifacts_85.png" (score=0.337)
2026-03-27 06:15:37  DEBUG     mapping: best match "artifacts_85.png" (score=0.337)
2026-03-27 06:15:37  INFO      gui_mapping: done — index sequence [85, 85, 85, 85, 85, 85, 85, 85, 85, 85] (317.63s)
2026-03-27 06:15:37  INFO        Mapped index sequence : [85, 85, 85, 85, 85, 85, 85, 85, 85, 85]
2026-03-27 06:15:37  INFO        Duration              : 317.63s
2026-03-27 06:15:37  INFO      ==================================================
2026-03-27 06:15:37  INFO      STEP 3: Find Execution Trace
2026-03-27 06:15:37  INFO        UTG file : /Users/tanmaybhuskute/Documents/gifdroid-reproduction/app_AntennaPod/utg03/input/utg.json
2026-03-27 06:15:37  INFO      find_execution_trace: target sequence [85, 85, 85, 85, 85, 85, 85, 85, 85, 85]
2026-03-27 06:15:37  DEBUG     read_graph: 214 edges, 84 vertices loaded in 0.00s
2026-03-27 06:15:38  DEBUG     find_execution_trace: 0 candidate paths found in 0.19s
2026-03-27 06:15:38  WARNING   find_execution_trace: no paths found from node 0 to screen 85 in the UTG (sequence=[85, 85, 85, 85, 85, 85, 85, 85, 85, 85]). Returning empty trace. (0.19s)
2026-03-27 06:15:38  INFO        Candidate traces found : 0
2026-03-27 06:15:38  INFO        Duration : 0.19s
2026-03-27 06:15:38  INFO      ==================================================
2026-03-27 06:15:38  INFO      STEP 4: Store Execution Trace
2026-03-27 06:15:38  INFO      Execution trace written to: /Users/tanmaybhuskute/Documents/gifdroid-reproduction/app_AntennaPod/utg03/output/execution_hhv_AntennaPod_clip.json
2026-03-27 06:15:38  INFO        Duration : 0.00s
2026-03-27 06:15:38  INFO      ==================================================
2026-03-27 06:15:38  INFO      Pipeline complete.  Total time: 546.45s
2026-03-27 06:15:38  INFO      ==================================================
