2026-03-27 05:18:05  INFO      Log file: /Users/tanmaybhuskute/Documents/gifdroid-reproduction/app_AntennaPod/utg03/gifdroid_20260327_051805_hhv_stabilize.log
2026-03-27 05:18:05  INFO      GIFdroid started
2026-03-27 05:18:05  INFO        --video            : /Users/tanmaybhuskute/Documents/gifdroid-reproduction/app_AntennaPod/utg03/input/handheld/hhv_app_AntennaPod.mp4
2026-03-27 05:18:05  INFO        --utg              : /Users/tanmaybhuskute/Documents/gifdroid-reproduction/app_AntennaPod/utg03/input/utg.json
2026-03-27 05:18:05  INFO        --artifact         : /Users/tanmaybhuskute/Documents/gifdroid-reproduction/app_AntennaPod/utg03/input/artifacts
2026-03-27 05:18:05  INFO        --out              : /Users/tanmaybhuskute/Documents/gifdroid-reproduction/app_AntennaPod/utg03/output/execution_hhv_AntennaPod_stabilize.json
2026-03-27 05:18:05  INFO        --log-dir          : None
2026-03-27 05:18:05  INFO        --save-keyframes   : /Users/tanmaybhuskute/Documents/gifdroid-reproduction/app_AntennaPod/utg03/output/keyframes_stabilize
2026-03-27 05:18:05  INFO        --keyframe-method  : stabilize
2026-03-27 05:18:05  INFO      ==================================================
2026-03-27 05:18:05  INFO      STEP 1: Keyframe Location
2026-03-27 05:18:05  INFO        Input video      : /Users/tanmaybhuskute/Documents/gifdroid-reproduction/app_AntennaPod/utg03/input/handheld/hhv_app_AntennaPod.mp4
2026-03-27 05:18:05  INFO        Keyframe method  : stabilize
2026-03-27 05:18:05  INFO      keyframe_location_stabilized: starting on "/Users/tanmaybhuskute/Documents/gifdroid-reproduction/app_AntennaPod/utg03/input/handheld/hhv_app_AntennaPod.mp4"
2026-03-27 05:20:46  INFO      keyframe_location: starting on video "/Users/tanmaybhuskute/Documents/gifdroid-reproduction/app_AntennaPod/utg03/input/handheld/hhv_app_AntennaPod_stabilized.mp4"
2026-03-27 05:21:06  DEBUG     read_frames_from_video: 2025 frames decoded in 19.38s
2026-03-27 05:24:47  DEBUG     calculate_sim_seq: 2024 similarities computed in 220.92s
2026-03-27 05:24:47  DEBUG     detect_keyframes: 9 keyframes detected from 2024 frames in 0.00s
2026-03-27 05:24:47  INFO      keyframe_location: done — 9 keyframes at indices [115, 172, 517, 1019, 1252, 1259, 1679, 1906, 2024] (240.43s total)
2026-03-27 05:24:47  INFO      keyframe_location_stabilized: done — 9 keyframes at indices [115, 172, 517, 1019, 1252, 1259, 1679, 1906, 2024] (402.40s)
2026-03-27 05:24:47  INFO        Keyframes found   : 9
2026-03-27 05:24:47  INFO        Keyframe indices  : [115, 172, 517, 1019, 1252, 1259, 1679, 1906, 2024]
2026-03-27 05:24:47  INFO        Duration          : 402.40s
2026-03-27 05:24:49  INFO        Keyframes saved to: /Users/tanmaybhuskute/Documents/gifdroid-reproduction/app_AntennaPod/utg03/output/keyframes_stabilize (9 files)
2026-03-27 05:24:49  INFO      ==================================================
2026-03-27 05:24:49  INFO      STEP 2: GUI Mapping
2026-03-27 05:24:49  INFO        Screenshots dir : /Users/tanmaybhuskute/Documents/gifdroid-reproduction/app_AntennaPod/utg03/input/artifacts
2026-03-27 05:24:49  INFO      gui_mapping: matching 9 keyframes against screenshots in "/Users/tanmaybhuskute/Documents/gifdroid-reproduction/app_AntennaPod/utg03/input/artifacts"
2026-03-27 05:24:57  DEBUG     load_screenshots: 85 screenshots loaded in 8.16s from "/Users/tanmaybhuskute/Documents/gifdroid-reproduction/app_AntennaPod/utg03/input/artifacts"
2026-03-27 05:25:38  DEBUG     mapping: best match "artifacts_85.png" (score=0.325)
2026-03-27 05:26:08  DEBUG     mapping: best match "artifacts_85.png" (score=0.336)
2026-03-27 05:26:37  DEBUG     mapping: best match "artifacts_85.png" (score=0.365)
2026-03-27 05:27:08  DEBUG     mapping: best match "artifacts_85.png" (score=0.341)
2026-03-27 05:27:37  DEBUG     mapping: best match "artifacts_85.png" (score=0.340)
2026-03-27 05:28:10  DEBUG     mapping: best match "artifacts_85.png" (score=0.340)
2026-03-27 05:28:38  DEBUG     mapping: best match "artifacts_85.png" (score=0.334)
2026-03-27 05:29:12  DEBUG     mapping: best match "artifacts_85.png" (score=0.343)
2026-03-27 05:29:39  DEBUG     mapping: best match "artifacts_85.png" (score=0.339)
2026-03-27 05:29:39  INFO      gui_mapping: done — index sequence [85, 85, 85, 85, 85, 85, 85, 85, 85] (290.48s)
2026-03-27 05:29:39  INFO        Mapped index sequence : [85, 85, 85, 85, 85, 85, 85, 85, 85]
2026-03-27 05:29:39  INFO        Duration              : 290.48s
2026-03-27 05:29:39  INFO      ==================================================
2026-03-27 05:29:39  INFO      STEP 3: Find Execution Trace
2026-03-27 05:29:39  INFO        UTG file : /Users/tanmaybhuskute/Documents/gifdroid-reproduction/app_AntennaPod/utg03/input/utg.json
2026-03-27 05:29:39  INFO      find_execution_trace: target sequence [85, 85, 85, 85, 85, 85, 85, 85, 85]
2026-03-27 05:29:39  DEBUG     read_graph: 214 edges, 84 vertices loaded in 0.00s
2026-03-27 05:29:39  DEBUG     find_execution_trace: 0 candidate paths found in 0.19s
2026-03-27 05:29:39  WARNING   find_execution_trace: no paths found from node 0 to screen 85 in the UTG (sequence=[85, 85, 85, 85, 85, 85, 85, 85, 85]). Returning empty trace. (0.19s)
2026-03-27 05:29:39  INFO        Candidate traces found : 0
2026-03-27 05:29:39  INFO        Duration : 0.19s
2026-03-27 05:29:39  INFO      ==================================================
2026-03-27 05:29:39  INFO      STEP 4: Store Execution Trace
2026-03-27 05:29:39  INFO      Execution trace written to: /Users/tanmaybhuskute/Documents/gifdroid-reproduction/app_AntennaPod/utg03/output/execution_hhv_AntennaPod_stabilize.json
2026-03-27 05:29:39  INFO        Duration : 0.00s
2026-03-27 05:29:39  INFO      ==================================================
2026-03-27 05:29:39  INFO      Pipeline complete.  Total time: 694.23s
2026-03-27 05:29:39  INFO      ==================================================
