2026-03-27 05:08:49  INFO      Log file: /Users/tanmaybhuskute/Documents/gifdroid-reproduction/app_AntennaPod/utg03/gifdroid_20260327_050849_hhv_baseline.log
2026-03-27 05:08:49  INFO      GIFdroid started
2026-03-27 05:08:49  INFO        --video            : /Users/tanmaybhuskute/Documents/gifdroid-reproduction/app_AntennaPod/utg03/input/handheld/hhv_app_AntennaPod.mp4
2026-03-27 05:08:49  INFO        --utg              : /Users/tanmaybhuskute/Documents/gifdroid-reproduction/app_AntennaPod/utg03/input/utg.json
2026-03-27 05:08:49  INFO        --artifact         : /Users/tanmaybhuskute/Documents/gifdroid-reproduction/app_AntennaPod/utg03/input/artifacts
2026-03-27 05:08:49  INFO        --out              : /Users/tanmaybhuskute/Documents/gifdroid-reproduction/app_AntennaPod/utg03/output/execution_hhv_AntennaPod_baseline.json
2026-03-27 05:08:49  INFO        --log-dir          : None
2026-03-27 05:08:49  INFO        --save-keyframes   : /Users/tanmaybhuskute/Documents/gifdroid-reproduction/app_AntennaPod/utg03/output/keyframes_baseline
2026-03-27 05:08:49  INFO        --keyframe-method  : baseline
2026-03-27 05:08:49  INFO      ==================================================
2026-03-27 05:08:49  INFO      STEP 1: Keyframe Location
2026-03-27 05:08:49  INFO        Input video      : /Users/tanmaybhuskute/Documents/gifdroid-reproduction/app_AntennaPod/utg03/input/handheld/hhv_app_AntennaPod.mp4
2026-03-27 05:08:49  INFO        Keyframe method  : baseline
2026-03-27 05:08:49  INFO      keyframe_location: starting on video "/Users/tanmaybhuskute/Documents/gifdroid-reproduction/app_AntennaPod/utg03/input/handheld/hhv_app_AntennaPod.mp4"
2026-03-27 05:09:07  DEBUG     read_frames_from_video: 2025 frames decoded in 17.97s
2026-03-27 05:12:34  DEBUG     calculate_sim_seq: 2024 similarities computed in 206.90s
2026-03-27 05:12:34  DEBUG     detect_keyframes: 10 keyframes detected from 2024 frames in 0.00s
2026-03-27 05:12:34  INFO      keyframe_location: done — 10 keyframes at indices [4, 9, 115, 172, 930, 1019, 1430, 1679, 1988, 2024] (225.04s total)
2026-03-27 05:12:35  INFO        Keyframes found   : 10
2026-03-27 05:12:35  INFO        Keyframe indices  : [4, 9, 115, 172, 930, 1019, 1430, 1679, 1988, 2024]
2026-03-27 05:12:35  INFO        Duration          : 225.65s
2026-03-27 05:12:36  INFO        Keyframes saved to: /Users/tanmaybhuskute/Documents/gifdroid-reproduction/app_AntennaPod/utg03/output/keyframes_baseline (10 files)
2026-03-27 05:12:36  INFO      ==================================================
2026-03-27 05:12:36  INFO      STEP 2: GUI Mapping
2026-03-27 05:12:36  INFO        Screenshots dir : /Users/tanmaybhuskute/Documents/gifdroid-reproduction/app_AntennaPod/utg03/input/artifacts
2026-03-27 05:12:36  INFO      gui_mapping: matching 10 keyframes against screenshots in "/Users/tanmaybhuskute/Documents/gifdroid-reproduction/app_AntennaPod/utg03/input/artifacts"
2026-03-27 05:12:44  DEBUG     load_screenshots: 85 screenshots loaded in 8.09s from "/Users/tanmaybhuskute/Documents/gifdroid-reproduction/app_AntennaPod/utg03/input/artifacts"
2026-03-27 05:13:17  DEBUG     mapping: best match "artifacts_85.png" (score=0.326)
2026-03-27 05:13:54  DEBUG     mapping: best match "artifacts_85.png" (score=0.326)
2026-03-27 05:14:27  DEBUG     mapping: best match "artifacts_85.png" (score=0.322)
2026-03-27 05:14:59  DEBUG     mapping: best match "artifacts_85.png" (score=0.334)
2026-03-27 05:15:32  DEBUG     mapping: best match "artifacts_85.png" (score=0.341)
2026-03-27 05:16:02  DEBUG     mapping: best match "artifacts_85.png" (score=0.339)
2026-03-27 05:16:40  DEBUG     mapping: best match "artifacts_85.png" (score=0.338)
2026-03-27 05:17:06  DEBUG     mapping: best match "artifacts_85.png" (score=0.332)
2026-03-27 05:17:39  DEBUG     mapping: best match "artifacts_85.png" (score=0.337)
2026-03-27 05:18:04  DEBUG     mapping: best match "artifacts_85.png" (score=0.337)
2026-03-27 05:18:04  INFO      gui_mapping: done — index sequence [85, 85, 85, 85, 85, 85, 85, 85, 85, 85] (327.61s)
2026-03-27 05:18:04  INFO        Mapped index sequence : [85, 85, 85, 85, 85, 85, 85, 85, 85, 85]
2026-03-27 05:18:04  INFO        Duration              : 327.61s
2026-03-27 05:18:04  INFO      ==================================================
2026-03-27 05:18:04  INFO      STEP 3: Find Execution Trace
2026-03-27 05:18:04  INFO        UTG file : /Users/tanmaybhuskute/Documents/gifdroid-reproduction/app_AntennaPod/utg03/input/utg.json
2026-03-27 05:18:04  INFO      find_execution_trace: target sequence [85, 85, 85, 85, 85, 85, 85, 85, 85, 85]
2026-03-27 05:18:04  DEBUG     read_graph: 214 edges, 84 vertices loaded in 0.01s
2026-03-27 05:18:04  DEBUG     find_execution_trace: 0 candidate paths found in 0.19s
2026-03-27 05:18:04  WARNING   find_execution_trace: no paths found from node 0 to screen 85 in the UTG (sequence=[85, 85, 85, 85, 85, 85, 85, 85, 85, 85]). Returning empty trace. (0.20s)
2026-03-27 05:18:04  INFO        Candidate traces found : 0
2026-03-27 05:18:04  INFO        Duration : 0.20s
2026-03-27 05:18:04  INFO      ==================================================
2026-03-27 05:18:04  INFO      STEP 4: Store Execution Trace
2026-03-27 05:18:04  INFO      Execution trace written to: /Users/tanmaybhuskute/Documents/gifdroid-reproduction/app_AntennaPod/utg03/output/execution_hhv_AntennaPod_baseline.json
2026-03-27 05:18:04  INFO        Duration : 0.00s
2026-03-27 05:18:04  INFO      ==================================================
2026-03-27 05:18:04  INFO      Pipeline complete.  Total time: 554.68s
2026-03-27 05:18:04  INFO      ==================================================
