2026-03-22 17:55:27  INFO      Log file: /Users/tanmaybhuskute/Documents/gifdroid-reproduction/app_AntennaPod/utg03/gifdroid_20260322_175527_srv.log
2026-03-22 17:55:27  INFO      GIFdroid started
2026-03-22 17:55:27  INFO        --video          : /Users/tanmaybhuskute/Documents/gifdroid-reproduction/app_AntennaPod/utg03/input/screenrec/srv_app_AntennaPod.mp4
2026-03-22 17:55:27  INFO        --utg            : /Users/tanmaybhuskute/Documents/gifdroid-reproduction/app_AntennaPod/utg03/input/utg.json
2026-03-22 17:55:27  INFO        --artifact       : /Users/tanmaybhuskute/Documents/gifdroid-reproduction/app_AntennaPod/utg03/input/artifacts
2026-03-22 17:55:27  INFO        --out            : /Users/tanmaybhuskute/Documents/gifdroid-reproduction/app_AntennaPod/utg03/output/execution_srv_AntennaPod.json
2026-03-22 17:55:27  INFO        --log-dir        : None
2026-03-22 17:55:27  INFO        --save-keyframes : /Users/tanmaybhuskute/Documents/gifdroid-reproduction/app_AntennaPod/utg03/output/keyframes
2026-03-22 17:55:27  INFO      ==================================================
2026-03-22 17:55:27  INFO      STEP 1: Keyframe Location
2026-03-22 17:55:27  INFO        Input video : /Users/tanmaybhuskute/Documents/gifdroid-reproduction/app_AntennaPod/utg03/input/screenrec/srv_app_AntennaPod.mp4
2026-03-22 17:55:27  INFO      keyframe_location: starting on video "/Users/tanmaybhuskute/Documents/gifdroid-reproduction/app_AntennaPod/utg03/input/screenrec/srv_app_AntennaPod.mp4"
2026-03-22 17:55:33  DEBUG     read_frames_from_video: 583 frames decoded in 5.39s
2026-03-22 17:56:25  DEBUG     calculate_sim_seq: 582 similarities computed in 52.65s
2026-03-22 17:56:25  DEBUG     detect_keyframes: 9 keyframes detected from 582 frames in 0.00s
2026-03-22 17:56:25  INFO      keyframe_location: done — 9 keyframes at indices [12, 63, 264, 278, 368, 416, 471, 554, 582] (58.08s total)
2026-03-22 17:56:26  INFO        Keyframes found   : 9
2026-03-22 17:56:26  INFO        Keyframe indices  : [12, 63, 264, 278, 368, 416, 471, 554, 582]
2026-03-22 17:56:26  INFO        Duration          : 58.23s
2026-03-22 17:56:26  INFO        Keyframes saved to: /Users/tanmaybhuskute/Documents/gifdroid-reproduction/app_AntennaPod/utg03/output/keyframes (9 files)
2026-03-22 17:56:26  INFO      ==================================================
2026-03-22 17:56:26  INFO      STEP 2: GUI Mapping
2026-03-22 17:56:26  INFO        Screenshots dir : /Users/tanmaybhuskute/Documents/gifdroid-reproduction/app_AntennaPod/utg03/input/artifacts
2026-03-22 17:56:26  INFO      gui_mapping: matching 9 keyframes against screenshots in "/Users/tanmaybhuskute/Documents/gifdroid-reproduction/app_AntennaPod/utg03/input/artifacts"
2026-03-22 17:56:33  DEBUG     load_screenshots: 85 screenshots loaded in 7.08s from "/Users/tanmaybhuskute/Documents/gifdroid-reproduction/app_AntennaPod/utg03/input/artifacts"
