2026-03-25 09:52:10  INFO      Log file: /Users/tanmaybhuskute/Documents/gifdroid-reproduction/app_AdAway/utg02/gifdroid_20260325_095210_hhv_homography.log
2026-03-25 09:52:10  INFO      GIFdroid started
2026-03-25 09:52:10  INFO        --video            : app_AdAway/utg02/input/handheld/hhv_app_AdAway.mp4
2026-03-25 09:52:10  INFO        --utg              : app_AdAway/utg02/input/utg.json
2026-03-25 09:52:10  INFO        --artifact         : app_AdAway/utg02/input/artifacts
2026-03-25 09:52:10  INFO        --out              : app_AdAway/utg02/output/execution_hhv_AdAway_homography.json
2026-03-25 09:52:10  INFO        --log-dir          : None
2026-03-25 09:52:10  INFO        --save-keyframes   : /Users/tanmaybhuskute/Documents/gifdroid-reproduction/app_AdAway/utg02/output/keyframes_homography
2026-03-25 09:52:10  INFO        --keyframe-method  : homography
2026-03-25 09:52:10  INFO      ==================================================
2026-03-25 09:52:10  INFO      STEP 1: Keyframe Location
2026-03-25 09:52:10  INFO        Input video      : app_AdAway/utg02/input/handheld/hhv_app_AdAway.mp4
2026-03-25 09:52:10  INFO        Keyframe method  : homography
2026-03-25 09:52:10  INFO      keyframe_location_homography: starting on "app_AdAway/utg02/input/handheld/hhv_app_AdAway.mp4"
2026-03-25 09:52:23  DEBUG     read_frames_from_video: 1331 frames decoded in 13.31s
2026-03-25 10:04:23  DEBUG     detect_keyframes: 20 keyframes detected from 1330 frames in 0.00s
2026-03-25 10:04:23  INFO      keyframe_location_homography: done — 20 keyframes at indices [21, 74, 161, 231, 245, 366, 453, 834, 943, 968, 1010, 1015, 1039, 1097, 1133, 1161, 1174, 1226, 1271, 1330] (732.88s)
2026-03-25 10:04:23  INFO        Keyframes found   : 20
2026-03-25 10:04:23  INFO        Keyframe indices  : [21, 74, 161, 231, 245, 366, 453, 834, 943, 968, 1010, 1015, 1039, 1097, 1133, 1161, 1174, 1226, 1271, 1330]
2026-03-25 10:04:23  INFO        Duration          : 733.17s
2026-03-25 10:04:25  INFO        Keyframes saved to: /Users/tanmaybhuskute/Documents/gifdroid-reproduction/app_AdAway/utg02/output/keyframes_homography (20 files)
2026-03-25 10:04:25  INFO      ==================================================
2026-03-25 10:04:25  INFO      STEP 2: GUI Mapping
2026-03-25 10:04:25  INFO        Screenshots dir : app_AdAway/utg02/input/artifacts
2026-03-25 10:04:25  INFO      gui_mapping: matching 20 keyframes against screenshots in "app_AdAway/utg02/input/artifacts"
2026-03-25 10:04:26  DEBUG     load_screenshots: 4 screenshots loaded in 0.60s from "app_AdAway/utg02/input/artifacts"
2026-03-25 10:04:27  DEBUG     mapping: best match "artifacts_2.png" (score=0.283)
2026-03-25 10:04:27  DEBUG     mapping: best match "artifacts_2.png" (score=0.285)
2026-03-25 10:04:28  DEBUG     mapping: best match "artifacts_2.png" (score=0.269)
2026-03-25 10:04:28  DEBUG     mapping: best match "artifacts_2.png" (score=0.275)
2026-03-25 10:04:28  DEBUG     mapping: best match "artifacts_2.png" (score=0.289)
2026-03-25 10:04:29  DEBUG     mapping: best match "artifacts_2.png" (score=0.287)
2026-03-25 10:04:29  DEBUG     mapping: best match "artifacts_2.png" (score=0.265)
2026-03-25 10:04:30  DEBUG     mapping: best match "artifacts_2.png" (score=0.282)
2026-03-25 10:04:30  DEBUG     mapping: best match "artifacts_2.png" (score=0.295)
2026-03-25 10:04:31  DEBUG     mapping: best match "artifacts_2.png" (score=0.341)
2026-03-25 10:04:31  DEBUG     mapping: best match "artifacts_2.png" (score=0.346)
2026-03-25 10:04:32  DEBUG     mapping: best match "artifacts_2.png" (score=0.350)
2026-03-25 10:04:32  DEBUG     mapping: best match "artifacts_2.png" (score=0.278)
2026-03-25 10:04:33  DEBUG     mapping: best match "artifacts_2.png" (score=0.333)
2026-03-25 10:04:33  DEBUG     mapping: best match "artifacts_2.png" (score=0.311)
2026-03-25 10:04:34  DEBUG     mapping: best match "artifacts_2.png" (score=0.335)
2026-03-25 10:04:34  DEBUG     mapping: best match "artifacts_2.png" (score=0.336)
2026-03-25 10:04:34  DEBUG     mapping: best match "artifacts_2.png" (score=0.307)
2026-03-25 10:04:35  DEBUG     mapping: best match "artifacts_2.png" (score=0.292)
2026-03-25 10:04:36  DEBUG     mapping: best match "artifacts_2.png" (score=0.275)
2026-03-25 10:04:36  INFO      gui_mapping: done — index sequence [2, 2, 2, 2, 2, 2, 2, 2, 2, 2, 2, 2, 2, 2, 2, 2, 2, 2, 2, 2] (10.84s)
2026-03-25 10:04:36  INFO        Mapped index sequence : [2, 2, 2, 2, 2, 2, 2, 2, 2, 2, 2, 2, 2, 2, 2, 2, 2, 2, 2, 2]
2026-03-25 10:04:36  INFO        Duration              : 10.84s
2026-03-25 10:04:36  INFO      ==================================================
2026-03-25 10:04:36  INFO      STEP 3: Find Execution Trace
2026-03-25 10:04:36  INFO        UTG file : app_AdAway/utg02/input/utg.json
2026-03-25 10:04:36  INFO      find_execution_trace: target sequence [2, 2, 2, 2, 2, 2, 2, 2, 2, 2, 2, 2, 2, 2, 2, 2, 2, 2, 2, 2]
2026-03-25 10:04:36  DEBUG     read_graph: 5 edges, 4 vertices loaded in 0.00s
2026-03-25 10:04:36  DEBUG     find_execution_trace: 1 candidate paths found in 0.00s
2026-03-25 10:04:36  INFO      find_execution_trace: 1 trace(s) found (LCS=1, length=3) in 0.00s
2026-03-25 10:04:36  INFO        Candidate traces found : 1
2026-03-25 10:04:36  INFO          Trace 0: [0, 1, 2]
2026-03-25 10:04:36  INFO        Duration : 0.00s
2026-03-25 10:04:36  INFO      ==================================================
2026-03-25 10:04:36  INFO      STEP 4: Store Execution Trace
2026-03-25 10:04:36  INFO      Execution trace written to: app_AdAway/utg02/output/execution_hhv_AdAway_homography.json
2026-03-25 10:04:36  INFO        Duration : 0.00s
2026-03-25 10:04:36  INFO      ==================================================
2026-03-25 10:04:36  INFO      Pipeline complete.  Total time: 746.25s
2026-03-25 10:04:36  INFO      ==================================================
