2026-03-20 02:42:23  INFO      Log file: /Users/tanmaybhuskute/Documents/gifdroid-reproduction/app_AdAway/utg02/gifdroid_20260320_024223_hhv.log
2026-03-20 02:42:23  INFO      GIFdroid started
2026-03-20 02:42:23  INFO        --video    : /Users/tanmaybhuskute/Documents/gifdroid-reproduction/app_AdAway/utg02/input/handheld/hhv_app_AdAway.mp4
2026-03-20 02:42:23  INFO        --utg      : /Users/tanmaybhuskute/Documents/gifdroid-reproduction/app_AdAway/utg02/input/utg.json
2026-03-20 02:42:23  INFO        --artifact : /Users/tanmaybhuskute/Documents/gifdroid-reproduction/app_AdAway/utg02/input/artifacts
2026-03-20 02:42:23  INFO        --out      : /Users/tanmaybhuskute/Documents/gifdroid-reproduction/app_AdAway/utg02/output/execution_hhv_AdAway.json
2026-03-20 02:42:23  INFO        --log-dir  : None
2026-03-20 02:42:23  INFO      ==================================================
2026-03-20 02:42:23  INFO      STEP 1: Keyframe Location
2026-03-20 02:42:23  INFO        Input video : /Users/tanmaybhuskute/Documents/gifdroid-reproduction/app_AdAway/utg02/input/handheld/hhv_app_AdAway.mp4
2026-03-20 02:42:23  INFO      keyframe_location: starting on video "/Users/tanmaybhuskute/Documents/gifdroid-reproduction/app_AdAway/utg02/input/handheld/hhv_app_AdAway.mp4"
2026-03-20 02:42:37  DEBUG     read_frames_from_video: 1331 frames decoded in 13.82s
2026-03-20 02:45:03  DEBUG     calculate_sim_seq: 1330 similarities computed in 145.86s
2026-03-20 02:45:03  DEBUG     detect_keyframes: 39 keyframes detected from 1330 frames in 0.00s
2026-03-20 02:45:03  INFO      keyframe_location: done — 39 keyframes at indices [11, 20, 74, 149, 169, 231, 245, 366, 421, 428, 454, 527, 550, 608, 626, 643, 677, 683, 714, 745, 764, 792, 802, 812, 819, 857, 880, 943, 1016, 1097, 1126, 1161, 1173, 1187, 1221, 1227, 1262, 1270, 1330] (159.77s total)
2026-03-20 02:45:03  INFO        Keyframes found   : 39
2026-03-20 02:45:03  INFO        Keyframe indices  : [11, 20, 74, 149, 169, 231, 245, 366, 421, 428, 454, 527, 550, 608, 626, 643, 677, 683, 714, 745, 764, 792, 802, 812, 819, 857, 880, 943, 1016, 1097, 1126, 1161, 1173, 1187, 1221, 1227, 1262, 1270, 1330]
2026-03-20 02:45:03  INFO        Duration          : 160.15s
2026-03-20 02:45:03  INFO      ==================================================
2026-03-20 02:45:03  INFO      STEP 2: GUI Mapping
2026-03-20 02:45:03  INFO        Screenshots dir : /Users/tanmaybhuskute/Documents/gifdroid-reproduction/app_AdAway/utg02/input/artifacts
2026-03-20 02:45:03  INFO      gui_mapping: matching 39 keyframes against screenshots in "/Users/tanmaybhuskute/Documents/gifdroid-reproduction/app_AdAway/utg02/input/artifacts"
2026-03-20 02:45:04  DEBUG     load_screenshots: 4 screenshots loaded in 0.84s from "/Users/tanmaybhuskute/Documents/gifdroid-reproduction/app_AdAway/utg02/input/artifacts"
2026-03-20 02:45:05  DEBUG     mapping: best match "artifacts_2.png" (score=0.271)
2026-03-20 02:45:05  DEBUG     mapping: best match "artifacts_2.png" (score=0.278)
2026-03-20 02:45:06  DEBUG     mapping: best match "artifacts_2.png" (score=0.285)
2026-03-20 02:45:06  DEBUG     mapping: best match "artifacts_2.png" (score=0.273)
2026-03-20 02:45:06  DEBUG     mapping: best match "artifacts_2.png" (score=0.266)
2026-03-20 02:45:07  DEBUG     mapping: best match "artifacts_2.png" (score=0.275)
2026-03-20 02:45:07  DEBUG     mapping: best match "artifacts_2.png" (score=0.289)
2026-03-20 02:45:08  DEBUG     mapping: best match "artifacts_2.png" (score=0.287)
2026-03-20 02:45:08  DEBUG     mapping: best match "artifacts_2.png" (score=0.251)
2026-03-20 02:45:09  DEBUG     mapping: best match "artifacts_2.png" (score=0.256)
2026-03-20 02:45:09  DEBUG     mapping: best match "artifacts_2.png" (score=0.265)
2026-03-20 02:45:10  DEBUG     mapping: best match "artifacts_2.png" (score=0.275)
2026-03-20 02:45:10  DEBUG     mapping: best match "artifacts_2.png" (score=0.275)
2026-03-20 02:45:11  DEBUG     mapping: best match "artifacts_2.png" (score=0.275)
2026-03-20 02:45:11  DEBUG     mapping: best match "artifacts_2.png" (score=0.269)
2026-03-20 02:45:12  DEBUG     mapping: best match "artifacts_2.png" (score=0.271)
2026-03-20 02:45:12  DEBUG     mapping: best match "artifacts_2.png" (score=0.272)
2026-03-20 02:45:13  DEBUG     mapping: best match "artifacts_2.png" (score=0.272)
2026-03-20 02:45:13  DEBUG     mapping: best match "artifacts_2.png" (score=0.273)
2026-03-20 02:45:14  DEBUG     mapping: best match "artifacts_2.png" (score=0.275)
2026-03-20 02:45:15  DEBUG     mapping: best match "artifacts_2.png" (score=0.274)
2026-03-20 02:45:15  DEBUG     mapping: best match "artifacts_2.png" (score=0.276)
2026-03-20 02:45:16  DEBUG     mapping: best match "artifacts_2.png" (score=0.275)
2026-03-20 02:45:16  DEBUG     mapping: best match "artifacts_2.png" (score=0.279)
2026-03-20 02:45:17  DEBUG     mapping: best match "artifacts_2.png" (score=0.284)
2026-03-20 02:45:17  DEBUG     mapping: best match "artifacts_2.png" (score=0.286)
2026-03-20 02:45:18  DEBUG     mapping: best match "artifacts_2.png" (score=0.289)
2026-03-20 02:45:18  DEBUG     mapping: best match "artifacts_2.png" (score=0.295)
2026-03-20 02:45:19  DEBUG     mapping: best match "artifacts_2.png" (score=0.351)
2026-03-20 02:45:19  DEBUG     mapping: best match "artifacts_2.png" (score=0.333)
2026-03-20 02:45:20  DEBUG     mapping: best match "artifacts_2.png" (score=0.298)
2026-03-20 02:45:20  DEBUG     mapping: best match "artifacts_2.png" (score=0.335)
2026-03-20 02:45:21  DEBUG     mapping: best match "artifacts_2.png" (score=0.338)
2026-03-20 02:45:21  DEBUG     mapping: best match "artifacts_2.png" (score=0.303)
2026-03-20 02:45:22  DEBUG     mapping: best match "artifacts_2.png" (score=0.311)
2026-03-20 02:45:22  DEBUG     mapping: best match "artifacts_2.png" (score=0.306)
2026-03-20 02:45:23  DEBUG     mapping: best match "artifacts_2.png" (score=0.290)
2026-03-20 02:45:23  DEBUG     mapping: best match "artifacts_2.png" (score=0.292)
2026-03-20 02:45:24  DEBUG     mapping: best match "artifacts_2.png" (score=0.275)
2026-03-20 02:45:24  INFO      gui_mapping: done — index sequence [2, 2, 2, 2, 2, 2, 2, 2, 2, 2, 2, 2, 2, 2, 2, 2, 2, 2, 2, 2, 2, 2, 2, 2, 2, 2, 2, 2, 2, 2, 2, 2, 2, 2, 2, 2, 2, 2, 2] (20.73s)
2026-03-20 02:45:24  INFO        Mapped index sequence : [2, 2, 2, 2, 2, 2, 2, 2, 2, 2, 2, 2, 2, 2, 2, 2, 2, 2, 2, 2, 2, 2, 2, 2, 2, 2, 2, 2, 2, 2, 2, 2, 2, 2, 2, 2, 2, 2, 2]
2026-03-20 02:45:24  INFO        Duration              : 20.73s
2026-03-20 02:45:24  INFO      ==================================================
2026-03-20 02:45:24  INFO      STEP 3: Find Execution Trace
2026-03-20 02:45:24  INFO        UTG file : /Users/tanmaybhuskute/Documents/gifdroid-reproduction/app_AdAway/utg02/input/utg.json
2026-03-20 02:45:24  INFO      find_execution_trace: target sequence [2, 2, 2, 2, 2, 2, 2, 2, 2, 2, 2, 2, 2, 2, 2, 2, 2, 2, 2, 2, 2, 2, 2, 2, 2, 2, 2, 2, 2, 2, 2, 2, 2, 2, 2, 2, 2, 2, 2]
2026-03-20 02:45:24  DEBUG     read_graph: 5 edges, 4 vertices loaded in 0.00s
2026-03-20 02:45:24  DEBUG     find_execution_trace: 1 candidate paths found in 0.00s
2026-03-20 02:45:24  INFO      find_execution_trace: 1 trace(s) found (LCS=1, length=3) in 0.01s
2026-03-20 02:45:24  INFO        Candidate traces found : 1
2026-03-20 02:45:24  INFO          Trace 0: [0, 1, 2]
2026-03-20 02:45:24  INFO        Duration : 0.01s
2026-03-20 02:45:24  INFO      ==================================================
2026-03-20 02:45:24  INFO      STEP 4: Store Execution Trace
2026-03-20 02:45:24  INFO      Execution trace written to: /Users/tanmaybhuskute/Documents/gifdroid-reproduction/app_AdAway/utg02/output/execution_hhv_AdAway.json
2026-03-20 02:45:24  INFO        Duration : 0.00s
2026-03-20 02:45:24  INFO      ==================================================
2026-03-20 02:45:24  INFO      Pipeline complete.  Total time: 180.89s
2026-03-20 02:45:24  INFO      ==================================================
