2026-03-24 02:59:48  INFO      Log file: /Users/tanmaybhuskute/Documents/gifdroid-reproduction/app_AdAway/utg02/gifdroid_20260324_025948_hhv.log
2026-03-24 02:59:48  INFO      GIFdroid started
2026-03-24 02:59:48  INFO        --video            : app_AdAway/utg02/input/handheld/hhv_app_AdAway.mp4
2026-03-24 02:59:48  INFO        --utg              : app_AdAway/utg02/input/utg.json
2026-03-24 02:59:48  INFO        --artifact         : app_AdAway/utg02/input/artifacts
2026-03-24 02:59:48  INFO        --out              : app_AdAway/utg02/output/execution_hhv_AdAway_hysteresis.json
2026-03-24 02:59:48  INFO        --log-dir          : None
2026-03-24 02:59:48  INFO        --save-keyframes   : /Users/tanmaybhuskute/Documents/gifdroid-reproduction/app_AdAway/utg02/output/keyframes_hysteresis
2026-03-24 02:59:48  INFO        --keyframe-method  : hysteresis
2026-03-24 02:59:48  INFO      ==================================================
2026-03-24 02:59:48  INFO      STEP 1: Keyframe Location
2026-03-24 02:59:48  INFO        Input video      : app_AdAway/utg02/input/handheld/hhv_app_AdAway.mp4
2026-03-24 02:59:48  INFO        Keyframe method  : hysteresis
2026-03-24 02:59:48  INFO      keyframe_location_hysteresis: starting on "app_AdAway/utg02/input/handheld/hhv_app_AdAway.mp4" (k=3)
2026-03-24 03:00:00  DEBUG     read_frames_from_video: 1331 frames decoded in 12.03s
2026-03-24 03:02:29  DEBUG     calculate_sim_seq: 1330 similarities computed in 148.25s
2026-03-24 03:02:29  INFO      keyframe_location_hysteresis: done — 44 keyframes at indices [10, 19, 27, 73, 148, 168, 230, 244, 365, 420, 427, 453, 526, 549, 607, 625, 635, 642, 676, 682, 713, 717, 744, 763, 791, 801, 811, 818, 825, 833, 856, 879, 942, 1015, 1096, 1125, 1160, 1172, 1186, 1220, 1226, 1261, 1269, 1330] (160.30s)
2026-03-24 03:02:29  INFO        Keyframes found   : 44
2026-03-24 03:02:29  INFO        Keyframe indices  : [10, 19, 27, 73, 148, 168, 230, 244, 365, 420, 427, 453, 526, 549, 607, 625, 635, 642, 676, 682, 713, 717, 744, 763, 791, 801, 811, 818, 825, 833, 856, 879, 942, 1015, 1096, 1125, 1160, 1172, 1186, 1220, 1226, 1261, 1269, 1330]
2026-03-24 03:02:29  INFO        Duration          : 160.68s
2026-03-24 03:02:33  INFO        Keyframes saved to: /Users/tanmaybhuskute/Documents/gifdroid-reproduction/app_AdAway/utg02/output/keyframes_hysteresis (44 files)
2026-03-24 03:02:33  INFO      ==================================================
2026-03-24 03:02:33  INFO      STEP 2: GUI Mapping
2026-03-24 03:02:33  INFO        Screenshots dir : app_AdAway/utg02/input/artifacts
2026-03-24 03:02:33  INFO      gui_mapping: matching 44 keyframes against screenshots in "app_AdAway/utg02/input/artifacts"
2026-03-24 03:02:33  DEBUG     load_screenshots: 4 screenshots loaded in 0.73s from "app_AdAway/utg02/input/artifacts"
2026-03-24 03:02:34  DEBUG     mapping: best match "artifacts_2.png" (score=0.271)
2026-03-24 03:02:35  DEBUG     mapping: best match "artifacts_2.png" (score=0.274)
2026-03-24 03:02:35  DEBUG     mapping: best match "artifacts_2.png" (score=0.296)
2026-03-24 03:02:35  DEBUG     mapping: best match "artifacts_2.png" (score=0.286)
2026-03-24 03:02:36  DEBUG     mapping: best match "artifacts_2.png" (score=0.273)
2026-03-24 03:02:36  DEBUG     mapping: best match "artifacts_2.png" (score=0.266)
2026-03-24 03:02:37  DEBUG     mapping: best match "artifacts_2.png" (score=0.273)
2026-03-24 03:02:37  DEBUG     mapping: best match "artifacts_2.png" (score=0.290)
2026-03-24 03:02:38  DEBUG     mapping: best match "artifacts_2.png" (score=0.287)
2026-03-24 03:02:39  DEBUG     mapping: best match "artifacts_2.png" (score=0.251)
2026-03-24 03:02:39  DEBUG     mapping: best match "artifacts_2.png" (score=0.255)
2026-03-24 03:02:40  DEBUG     mapping: best match "artifacts_2.png" (score=0.265)
2026-03-24 03:02:40  DEBUG     mapping: best match "artifacts_2.png" (score=0.275)
2026-03-24 03:02:41  DEBUG     mapping: best match "artifacts_2.png" (score=0.275)
2026-03-24 03:02:41  DEBUG     mapping: best match "artifacts_2.png" (score=0.275)
2026-03-24 03:02:42  DEBUG     mapping: best match "artifacts_2.png" (score=0.269)
2026-03-24 03:02:42  DEBUG     mapping: best match "artifacts_2.png" (score=0.271)
2026-03-24 03:02:42  DEBUG     mapping: best match "artifacts_2.png" (score=0.271)
2026-03-24 03:02:43  DEBUG     mapping: best match "artifacts_2.png" (score=0.272)
2026-03-24 03:02:43  DEBUG     mapping: best match "artifacts_2.png" (score=0.272)
2026-03-24 03:02:44  DEBUG     mapping: best match "artifacts_2.png" (score=0.273)
2026-03-24 03:02:44  DEBUG     mapping: best match "artifacts_2.png" (score=0.274)
2026-03-24 03:02:45  DEBUG     mapping: best match "artifacts_2.png" (score=0.274)
2026-03-24 03:02:45  DEBUG     mapping: best match "artifacts_2.png" (score=0.274)
2026-03-24 03:02:46  DEBUG     mapping: best match "artifacts_2.png" (score=0.275)
2026-03-24 03:02:46  DEBUG     mapping: best match "artifacts_2.png" (score=0.275)
2026-03-24 03:02:47  DEBUG     mapping: best match "artifacts_2.png" (score=0.278)
2026-03-24 03:02:47  DEBUG     mapping: best match "artifacts_2.png" (score=0.284)
2026-03-24 03:02:48  DEBUG     mapping: best match "artifacts_2.png" (score=0.281)
2026-03-24 03:02:48  DEBUG     mapping: best match "artifacts_2.png" (score=0.282)
2026-03-24 03:02:48  DEBUG     mapping: best match "artifacts_2.png" (score=0.287)
2026-03-24 03:02:49  DEBUG     mapping: best match "artifacts_2.png" (score=0.288)
2026-03-24 03:02:49  DEBUG     mapping: best match "artifacts_2.png" (score=0.292)
2026-03-24 03:02:50  DEBUG     mapping: best match "artifacts_2.png" (score=0.350)
2026-03-24 03:02:50  DEBUG     mapping: best match "artifacts_2.png" (score=0.336)
2026-03-24 03:02:51  DEBUG     mapping: best match "artifacts_2.png" (score=0.295)
2026-03-24 03:02:51  DEBUG     mapping: best match "artifacts_2.png" (score=0.336)
2026-03-24 03:02:52  DEBUG     mapping: best match "artifacts_2.png" (score=0.339)
2026-03-24 03:02:52  DEBUG     mapping: best match "artifacts_2.png" (score=0.303)
2026-03-24 03:02:53  DEBUG     mapping: best match "artifacts_2.png" (score=0.311)
2026-03-24 03:02:53  DEBUG     mapping: best match "artifacts_2.png" (score=0.307)
2026-03-24 03:02:53  DEBUG     mapping: best match "artifacts_2.png" (score=0.289)
2026-03-24 03:02:54  DEBUG     mapping: best match "artifacts_2.png" (score=0.292)
2026-03-24 03:02:54  DEBUG     mapping: best match "artifacts_2.png" (score=0.275)
2026-03-24 03:02:54  INFO      gui_mapping: done — index sequence [2, 2, 2, 2, 2, 2, 2, 2, 2, 2, 2, 2, 2, 2, 2, 2, 2, 2, 2, 2, 2, 2, 2, 2, 2, 2, 2, 2, 2, 2, 2, 2, 2, 2, 2, 2, 2, 2, 2, 2, 2, 2, 2, 2] (21.65s)
2026-03-24 03:02:54  INFO        Mapped index sequence : [2, 2, 2, 2, 2, 2, 2, 2, 2, 2, 2, 2, 2, 2, 2, 2, 2, 2, 2, 2, 2, 2, 2, 2, 2, 2, 2, 2, 2, 2, 2, 2, 2, 2, 2, 2, 2, 2, 2, 2, 2, 2, 2, 2]
2026-03-24 03:02:54  INFO        Duration              : 21.65s
2026-03-24 03:02:54  INFO      ==================================================
2026-03-24 03:02:54  INFO      STEP 3: Find Execution Trace
2026-03-24 03:02:54  INFO        UTG file : app_AdAway/utg02/input/utg.json
2026-03-24 03:02:54  INFO      find_execution_trace: target sequence [2, 2, 2, 2, 2, 2, 2, 2, 2, 2, 2, 2, 2, 2, 2, 2, 2, 2, 2, 2, 2, 2, 2, 2, 2, 2, 2, 2, 2, 2, 2, 2, 2, 2, 2, 2, 2, 2, 2, 2, 2, 2, 2, 2]
2026-03-24 03:02:54  DEBUG     read_graph: 5 edges, 4 vertices loaded in 0.00s
2026-03-24 03:02:54  DEBUG     find_execution_trace: 1 candidate paths found in 0.00s
2026-03-24 03:02:54  INFO      find_execution_trace: 1 trace(s) found (LCS=1, length=3) in 0.00s
2026-03-24 03:02:54  INFO        Candidate traces found : 1
2026-03-24 03:02:54  INFO          Trace 0: [0, 1, 2]
2026-03-24 03:02:54  INFO        Duration : 0.00s
2026-03-24 03:02:54  INFO      ==================================================
2026-03-24 03:02:54  INFO      STEP 4: Store Execution Trace
2026-03-24 03:02:54  INFO      Execution trace written to: app_AdAway/utg02/output/execution_hhv_AdAway_hysteresis.json
2026-03-24 03:02:54  INFO        Duration : 0.00s
2026-03-24 03:02:54  INFO      ==================================================
2026-03-24 03:02:54  INFO      Pipeline complete.  Total time: 186.03s
2026-03-24 03:02:54  INFO      ==================================================
