2026-03-20 02:15:46  INFO      Log file: /Users/tanmaybhuskute/Documents/gifdroid-reproduction/app_AdAway/utg01/gifdroid_20260320_021546_srv.log
2026-03-20 02:15:46  INFO      GIFdroid started
2026-03-20 02:15:46  INFO        --video    : /Users/tanmaybhuskute/Documents/gifdroid-reproduction/app_AdAway/utg01/input/screenrec/srv_app_AdAway.mp4
2026-03-20 02:15:46  INFO        --utg      : /Users/tanmaybhuskute/Documents/gifdroid-reproduction/app_AdAway/utg01/input/utg.json
2026-03-20 02:15:46  INFO        --artifact : /Users/tanmaybhuskute/Documents/gifdroid-reproduction/app_AdAway/utg01/input/artifacts
2026-03-20 02:15:46  INFO        --out      : /Users/tanmaybhuskute/Documents/gifdroid-reproduction/app_AdAway/utg01/output/execution_srv_AdAway.json
2026-03-20 02:15:46  INFO        --log-dir  : None
2026-03-20 02:15:46  INFO      ==================================================
2026-03-20 02:15:46  INFO      STEP 1: Keyframe Location
2026-03-20 02:15:46  INFO        Input video : /Users/tanmaybhuskute/Documents/gifdroid-reproduction/app_AdAway/utg01/input/screenrec/srv_app_AdAway.mp4
2026-03-20 02:15:46  INFO      keyframe_location: starting on video "/Users/tanmaybhuskute/Documents/gifdroid-reproduction/app_AdAway/utg01/input/screenrec/srv_app_AdAway.mp4"
2026-03-20 02:15:55  DEBUG     read_frames_from_video: 772 frames decoded in 8.22s
2026-03-20 02:17:28  DEBUG     calculate_sim_seq: 771 similarities computed in 93.38s
2026-03-20 02:17:28  DEBUG     detect_keyframes: 3 keyframes detected from 771 frames in 0.00s
2026-03-20 02:17:28  INFO      keyframe_location: done — 3 keyframes at indices [11, 52, 771] (101.71s total)
2026-03-20 02:17:28  INFO        Keyframes found   : 3
2026-03-20 02:17:28  INFO        Keyframe indices  : [11, 52, 771]
2026-03-20 02:17:28  INFO        Duration          : 101.87s
2026-03-20 02:17:28  INFO      ==================================================
2026-03-20 02:17:28  INFO      STEP 2: GUI Mapping
2026-03-20 02:17:28  INFO        Screenshots dir : /Users/tanmaybhuskute/Documents/gifdroid-reproduction/app_AdAway/utg01/input/artifacts
2026-03-20 02:17:28  INFO      gui_mapping: matching 3 keyframes against screenshots in "/Users/tanmaybhuskute/Documents/gifdroid-reproduction/app_AdAway/utg01/input/artifacts"
2026-03-20 02:17:30  DEBUG     load_screenshots: 19 screenshots loaded in 1.81s from "/Users/tanmaybhuskute/Documents/gifdroid-reproduction/app_AdAway/utg01/input/artifacts"
2026-03-20 02:17:32  DEBUG     mapping: best match "artifacts_9.png" (score=0.323)
2026-03-20 02:17:35  DEBUG     mapping: best match "artifacts_8.png" (score=0.414)
2026-03-20 02:17:37  DEBUG     mapping: best match "artifacts_12.png" (score=0.410)
2026-03-20 02:17:37  INFO      gui_mapping: done — index sequence [9, 8, 12] (8.45s)
2026-03-20 02:17:37  INFO        Mapped index sequence : [9, 8, 12]
2026-03-20 02:17:37  INFO        Duration              : 8.45s
2026-03-20 02:17:37  INFO      ==================================================
2026-03-20 02:17:37  INFO      STEP 3: Find Execution Trace
2026-03-20 02:17:37  INFO        UTG file : /Users/tanmaybhuskute/Documents/gifdroid-reproduction/app_AdAway/utg01/input/utg.json
2026-03-20 02:17:37  INFO      find_execution_trace: target sequence [9, 8, 12]
2026-03-20 02:17:37  DEBUG     read_graph: 50 edges, 20 vertices loaded in 0.00s
2026-03-20 02:17:37  DEBUG     find_execution_trace: 2 candidate paths found in 0.00s
2026-03-20 02:17:37  INFO      find_execution_trace: 1 trace(s) found (LCS=2, length=9) in 0.00s
2026-03-20 02:17:37  INFO        Candidate traces found : 1
2026-03-20 02:17:37  INFO          Trace 0: [0, 1, 4, 5, 6, 8, 9, 10, 12]
2026-03-20 02:17:37  INFO        Duration : 0.00s
2026-03-20 02:17:37  INFO      ==================================================
2026-03-20 02:17:37  INFO      STEP 4: Store Execution Trace
2026-03-20 02:17:37  INFO      Execution trace written to: /Users/tanmaybhuskute/Documents/gifdroid-reproduction/app_AdAway/utg01/output/execution_srv_AdAway.json
2026-03-20 02:17:37  INFO        Duration : 0.00s
2026-03-20 02:17:37  INFO      ==================================================
2026-03-20 02:17:37  INFO      Pipeline complete.  Total time: 110.33s
2026-03-20 02:17:37  INFO      ==================================================
