2026-03-20 01:15:59  INFO      Log file: /Users/tanmaybhuskute/Documents/gifdroid-reproduction/app_AdAway/utg01/gifdroid_20260320_011559_hhv.log
2026-03-20 01:15:59  INFO      GIFdroid started
2026-03-20 01:15:59  INFO        --video    : /Users/tanmaybhuskute/Documents/gifdroid-reproduction/app_AdAway/utg01/input/handheld/hhv_app_AdAway.mp4
2026-03-20 01:15:59  INFO        --utg      : /Users/tanmaybhuskute/Documents/gifdroid-reproduction/app_AdAway/utg01/input/utg.json
2026-03-20 01:15:59  INFO        --artifact : /Users/tanmaybhuskute/Documents/gifdroid-reproduction/app_AdAway/utg01/input/artifacts
2026-03-20 01:15:59  INFO        --out      : /Users/tanmaybhuskute/Documents/gifdroid-reproduction/app_AdAway/utg01/output/execution_hhv_AdAway.json
2026-03-20 01:15:59  INFO        --log-dir  : None
2026-03-20 01:15:59  INFO      ==================================================
2026-03-20 01:15:59  INFO      STEP 1: Keyframe Location
2026-03-20 01:15:59  INFO        Input video : /Users/tanmaybhuskute/Documents/gifdroid-reproduction/app_AdAway/utg01/input/handheld/hhv_app_AdAway.mp4
2026-03-20 01:15:59  INFO      keyframe_location: starting on video "/Users/tanmaybhuskute/Documents/gifdroid-reproduction/app_AdAway/utg01/input/handheld/hhv_app_AdAway.mp4"
2026-03-20 01:16:12  DEBUG     read_frames_from_video: 1331 frames decoded in 13.10s
2026-03-20 01:18:15  DEBUG     calculate_sim_seq: 1330 similarities computed in 122.16s
2026-03-20 01:18:15  DEBUG     detect_keyframes: 39 keyframes detected from 1330 frames in 0.00s
2026-03-20 01:18:15  INFO      keyframe_location: done — 39 keyframes at indices [11, 21, 74, 168, 231, 245, 366, 421, 428, 454, 550, 608, 626, 643, 677, 683, 689, 718, 745, 764, 792, 802, 812, 819, 827, 858, 880, 943, 1017, 1097, 1126, 1161, 1174, 1187, 1221, 1227, 1262, 1270, 1330] (135.29s total)
2026-03-20 01:18:15  INFO        Keyframes found   : 39
2026-03-20 01:18:15  INFO        Keyframe indices  : [11, 21, 74, 168, 231, 245, 366, 421, 428, 454, 550, 608, 626, 643, 677, 683, 689, 718, 745, 764, 792, 802, 812, 819, 827, 858, 880, 943, 1017, 1097, 1126, 1161, 1174, 1187, 1221, 1227, 1262, 1270, 1330]
2026-03-20 01:18:15  INFO        Duration          : 135.64s
2026-03-20 01:18:15  INFO      ==================================================
2026-03-20 01:18:15  INFO      STEP 2: GUI Mapping
2026-03-20 01:18:15  INFO        Screenshots dir : /Users/tanmaybhuskute/Documents/gifdroid-reproduction/app_AdAway/utg01/input/artifacts
2026-03-20 01:18:15  INFO      gui_mapping: matching 39 keyframes against screenshots in "/Users/tanmaybhuskute/Documents/gifdroid-reproduction/app_AdAway/utg01/input/artifacts"
2026-03-20 01:18:16  DEBUG     load_screenshots: 19 screenshots loaded in 1.14s from "/Users/tanmaybhuskute/Documents/gifdroid-reproduction/app_AdAway/utg01/input/artifacts"
2026-03-20 01:18:18  DEBUG     mapping: best match "artifacts_5.png" (score=0.276)
2026-03-20 01:18:20  DEBUG     mapping: best match "artifacts_5.png" (score=0.290)
2026-03-20 01:18:22  DEBUG     mapping: best match "artifacts_5.png" (score=0.292)
2026-03-20 01:18:24  DEBUG     mapping: best match "artifacts_5.png" (score=0.271)
2026-03-20 01:18:26  DEBUG     mapping: best match "artifacts_5.png" (score=0.287)
2026-03-20 01:18:28  DEBUG     mapping: best match "artifacts_5.png" (score=0.303)
2026-03-20 01:18:30  DEBUG     mapping: best match "artifacts_5.png" (score=0.297)
2026-03-20 01:18:32  DEBUG     mapping: best match "artifacts_5.png" (score=0.258)
2026-03-20 01:18:34  DEBUG     mapping: best match "artifacts_5.png" (score=0.265)
2026-03-20 01:18:36  DEBUG     mapping: best match "artifacts_5.png" (score=0.276)
2026-03-20 01:18:38  DEBUG     mapping: best match "artifacts_5.png" (score=0.289)
2026-03-20 01:18:40  DEBUG     mapping: best match "artifacts_5.png" (score=0.289)
2026-03-20 01:18:42  DEBUG     mapping: best match "artifacts_5.png" (score=0.281)
2026-03-20 01:18:44  DEBUG     mapping: best match "artifacts_5.png" (score=0.283)
2026-03-20 01:18:46  DEBUG     mapping: best match "artifacts_5.png" (score=0.283)
2026-03-20 01:18:48  DEBUG     mapping: best match "artifacts_5.png" (score=0.284)
2026-03-20 01:18:50  DEBUG     mapping: best match "artifacts_5.png" (score=0.284)
2026-03-20 01:18:52  DEBUG     mapping: best match "artifacts_5.png" (score=0.286)
2026-03-20 01:18:54  DEBUG     mapping: best match "artifacts_5.png" (score=0.285)
2026-03-20 01:18:56  DEBUG     mapping: best match "artifacts_5.png" (score=0.286)
2026-03-20 01:18:58  DEBUG     mapping: best match "artifacts_5.png" (score=0.287)
2026-03-20 01:19:00  DEBUG     mapping: best match "artifacts_5.png" (score=0.286)
2026-03-20 01:19:02  DEBUG     mapping: best match "artifacts_5.png" (score=0.291)
2026-03-20 01:19:04  DEBUG     mapping: best match "artifacts_5.png" (score=0.295)
2026-03-20 01:19:06  DEBUG     mapping: best match "artifacts_5.png" (score=0.292)
2026-03-20 01:19:08  DEBUG     mapping: best match "artifacts_5.png" (score=0.297)
2026-03-20 01:19:10  DEBUG     mapping: best match "artifacts_5.png" (score=0.300)
2026-03-20 01:19:12  DEBUG     mapping: best match "artifacts_5.png" (score=0.305)
2026-03-20 01:19:14  DEBUG     mapping: best match "artifacts_5.png" (score=0.370)
2026-03-20 01:19:16  DEBUG     mapping: best match "artifacts_5.png" (score=0.351)
2026-03-20 01:19:18  DEBUG     mapping: best match "artifacts_5.png" (score=0.309)
2026-03-20 01:19:20  DEBUG     mapping: best match "artifacts_5.png" (score=0.352)
2026-03-20 01:19:22  DEBUG     mapping: best match "artifacts_5.png" (score=0.353)
2026-03-20 01:19:24  DEBUG     mapping: best match "artifacts_5.png" (score=0.317)
2026-03-20 01:19:26  DEBUG     mapping: best match "artifacts_5.png" (score=0.326)
2026-03-20 01:19:28  DEBUG     mapping: best match "artifacts_5.png" (score=0.321)
2026-03-20 01:19:30  DEBUG     mapping: best match "artifacts_5.png" (score=0.299)
2026-03-20 01:19:32  DEBUG     mapping: best match "artifacts_5.png" (score=0.302)
2026-03-20 01:19:34  DEBUG     mapping: best match "artifacts_5.png" (score=0.283)
2026-03-20 01:19:34  INFO      gui_mapping: done — index sequence [5, 5, 5, 5, 5, 5, 5, 5, 5, 5, 5, 5, 5, 5, 5, 5, 5, 5, 5, 5, 5, 5, 5, 5, 5, 5, 5, 5, 5, 5, 5, 5, 5, 5, 5, 5, 5, 5, 5] (79.16s)
2026-03-20 01:19:34  INFO        Mapped index sequence : [5, 5, 5, 5, 5, 5, 5, 5, 5, 5, 5, 5, 5, 5, 5, 5, 5, 5, 5, 5, 5, 5, 5, 5, 5, 5, 5, 5, 5, 5, 5, 5, 5, 5, 5, 5, 5, 5, 5]
2026-03-20 01:19:34  INFO        Duration              : 79.16s
2026-03-20 01:19:34  INFO      ==================================================
2026-03-20 01:19:34  INFO      STEP 3: Find Execution Trace
2026-03-20 01:19:34  INFO        UTG file : /Users/tanmaybhuskute/Documents/gifdroid-reproduction/app_AdAway/utg01/input/utg.json
2026-03-20 01:19:34  INFO      find_execution_trace: target sequence [5, 5, 5, 5, 5, 5, 5, 5, 5, 5, 5, 5, 5, 5, 5, 5, 5, 5, 5, 5, 5, 5, 5, 5, 5, 5, 5, 5, 5, 5, 5, 5, 5, 5, 5, 5, 5, 5, 5]
2026-03-20 01:19:34  DEBUG     read_graph: 50 edges, 20 vertices loaded in 0.00s
2026-03-20 01:19:34  DEBUG     find_execution_trace: 2 candidate paths found in 0.00s
2026-03-20 01:19:34  INFO      find_execution_trace: 1 trace(s) found (LCS=1, length=4) in 0.00s
2026-03-20 01:19:34  INFO        Candidate traces found : 1
2026-03-20 01:19:34  INFO          Trace 0: [0, 1, 4, 5]
2026-03-20 01:19:34  INFO        Duration : 0.00s
2026-03-20 01:19:34  INFO      ==================================================
2026-03-20 01:19:34  INFO      STEP 4: Store Execution Trace
2026-03-20 01:19:34  INFO      Execution trace written to: /Users/tanmaybhuskute/Documents/gifdroid-reproduction/app_AdAway/utg01/output/execution_hhv_AdAway.json
2026-03-20 01:19:34  INFO        Duration : 0.00s
2026-03-20 01:19:34  INFO      ==================================================
2026-03-20 01:19:34  INFO      Pipeline complete.  Total time: 214.80s
2026-03-20 01:19:34  INFO      ==================================================
