2026-03-27 01:42:17  INFO      Log file: /Users/tanmaybhuskute/Documents/gifdroid-reproduction/app_AdAway/utg01/gifdroid_20260327_014217_hhv_stabilize.log
2026-03-27 01:42:17  INFO      GIFdroid started
2026-03-27 01:42:17  INFO        --video            : /Users/tanmaybhuskute/Documents/gifdroid-reproduction/app_AdAway/utg01/input/handheld/hhv_app_AdAway.mp4
2026-03-27 01:42:17  INFO        --utg              : /Users/tanmaybhuskute/Documents/gifdroid-reproduction/app_AdAway/utg01/input/utg.json
2026-03-27 01:42:17  INFO        --artifact         : /Users/tanmaybhuskute/Documents/gifdroid-reproduction/app_AdAway/utg01/input/artifacts
2026-03-27 01:42:17  INFO        --out              : /Users/tanmaybhuskute/Documents/gifdroid-reproduction/app_AdAway/utg01/output/execution_hhv_AdAway_stabilize.json
2026-03-27 01:42:17  INFO        --log-dir          : None
2026-03-27 01:42:17  INFO        --save-keyframes   : /Users/tanmaybhuskute/Documents/gifdroid-reproduction/app_AdAway/utg01/output/keyframes_stabilize
2026-03-27 01:42:17  INFO        --keyframe-method  : stabilize
2026-03-27 01:42:17  INFO      ==================================================
2026-03-27 01:42:17  INFO      STEP 1: Keyframe Location
2026-03-27 01:42:17  INFO        Input video      : /Users/tanmaybhuskute/Documents/gifdroid-reproduction/app_AdAway/utg01/input/handheld/hhv_app_AdAway.mp4
2026-03-27 01:42:17  INFO        Keyframe method  : stabilize
2026-03-27 01:42:17  INFO      keyframe_location_stabilized: starting on "/Users/tanmaybhuskute/Documents/gifdroid-reproduction/app_AdAway/utg01/input/handheld/hhv_app_AdAway.mp4"
2026-03-27 01:44:51  INFO      keyframe_location: starting on video "/Users/tanmaybhuskute/Documents/gifdroid-reproduction/app_AdAway/utg01/input/handheld/hhv_app_AdAway_stabilized.mp4"
2026-03-27 01:45:05  DEBUG     read_frames_from_video: 1331 frames decoded in 13.81s
2026-03-27 01:47:24  DEBUG     calculate_sim_seq: 1330 similarities computed in 139.13s
2026-03-27 01:47:24  DEBUG     detect_keyframes: 23 keyframes detected from 1330 frames in 0.02s
2026-03-27 01:47:24  INFO      keyframe_location: done — 23 keyframes at indices [19, 74, 168, 231, 245, 263, 366, 454, 609, 617, 629, 718, 834, 880, 943, 1014, 1096, 1128, 1161, 1174, 1227, 1269, 1330] (153.11s total)
2026-03-27 01:47:25  INFO      keyframe_location_stabilized: done — 23 keyframes at indices [19, 74, 168, 231, 245, 263, 366, 454, 609, 617, 629, 718, 834, 880, 943, 1014, 1096, 1128, 1161, 1174, 1227, 1269, 1330] (308.12s)
2026-03-27 01:47:25  INFO        Keyframes found   : 23
2026-03-27 01:47:25  INFO        Keyframe indices  : [19, 74, 168, 231, 245, 263, 366, 454, 609, 617, 629, 718, 834, 880, 943, 1014, 1096, 1128, 1161, 1174, 1227, 1269, 1330]
2026-03-27 01:47:25  INFO        Duration          : 308.13s
2026-03-27 01:47:30  INFO        Keyframes saved to: /Users/tanmaybhuskute/Documents/gifdroid-reproduction/app_AdAway/utg01/output/keyframes_stabilize (23 files)
2026-03-27 01:47:30  INFO      ==================================================
2026-03-27 01:47:30  INFO      STEP 2: GUI Mapping
2026-03-27 01:47:30  INFO        Screenshots dir : /Users/tanmaybhuskute/Documents/gifdroid-reproduction/app_AdAway/utg01/input/artifacts
2026-03-27 01:47:30  INFO      gui_mapping: matching 23 keyframes against screenshots in "/Users/tanmaybhuskute/Documents/gifdroid-reproduction/app_AdAway/utg01/input/artifacts"
2026-03-27 01:47:32  DEBUG     load_screenshots: 19 screenshots loaded in 2.08s from "/Users/tanmaybhuskute/Documents/gifdroid-reproduction/app_AdAway/utg01/input/artifacts"
2026-03-27 01:47:35  DEBUG     mapping: best match "artifacts_5.png" (score=0.280)
2026-03-27 01:47:37  DEBUG     mapping: best match "artifacts_5.png" (score=0.292)
2026-03-27 01:47:40  DEBUG     mapping: best match "artifacts_5.png" (score=0.271)
2026-03-27 01:47:42  DEBUG     mapping: best match "artifacts_5.png" (score=0.287)
2026-03-27 01:47:44  DEBUG     mapping: best match "artifacts_5.png" (score=0.304)
2026-03-27 01:47:47  DEBUG     mapping: best match "artifacts_5.png" (score=0.292)
2026-03-27 01:47:49  DEBUG     mapping: best match "artifacts_5.png" (score=0.298)
2026-03-27 01:47:52  DEBUG     mapping: best match "artifacts_5.png" (score=0.277)
2026-03-27 01:47:54  DEBUG     mapping: best match "artifacts_5.png" (score=0.289)
2026-03-27 01:47:57  DEBUG     mapping: best match "artifacts_5.png" (score=0.278)
2026-03-27 01:48:00  DEBUG     mapping: best match "artifacts_5.png" (score=0.282)
2026-03-27 01:48:02  DEBUG     mapping: best match "artifacts_5.png" (score=0.286)
2026-03-27 01:48:04  DEBUG     mapping: best match "artifacts_5.png" (score=0.293)
2026-03-27 01:48:07  DEBUG     mapping: best match "artifacts_5.png" (score=0.301)
2026-03-27 01:48:09  DEBUG     mapping: best match "artifacts_5.png" (score=0.306)
2026-03-27 01:48:11  DEBUG     mapping: best match "artifacts_5.png" (score=0.370)
2026-03-27 01:48:13  DEBUG     mapping: best match "artifacts_5.png" (score=0.354)
2026-03-27 01:48:15  DEBUG     mapping: best match "artifacts_5.png" (score=0.315)
2026-03-27 01:48:18  DEBUG     mapping: best match "artifacts_5.png" (score=0.353)
2026-03-27 01:48:19  DEBUG     mapping: best match "artifacts_5.png" (score=0.353)
2026-03-27 01:48:22  DEBUG     mapping: best match "artifacts_5.png" (score=0.321)
2026-03-27 01:48:24  DEBUG     mapping: best match "artifacts_5.png" (score=0.302)
2026-03-27 01:48:26  DEBUG     mapping: best match "artifacts_5.png" (score=0.283)
2026-03-27 01:48:26  INFO      gui_mapping: done — index sequence [5, 5, 5, 5, 5, 5, 5, 5, 5, 5, 5, 5, 5, 5, 5, 5, 5, 5, 5, 5, 5, 5, 5] (56.14s)
2026-03-27 01:48:26  INFO        Mapped index sequence : [5, 5, 5, 5, 5, 5, 5, 5, 5, 5, 5, 5, 5, 5, 5, 5, 5, 5, 5, 5, 5, 5, 5]
2026-03-27 01:48:26  INFO        Duration              : 56.14s
2026-03-27 01:48:26  INFO      ==================================================
2026-03-27 01:48:26  INFO      STEP 3: Find Execution Trace
2026-03-27 01:48:26  INFO        UTG file : /Users/tanmaybhuskute/Documents/gifdroid-reproduction/app_AdAway/utg01/input/utg.json
2026-03-27 01:48:26  INFO      find_execution_trace: target sequence [5, 5, 5, 5, 5, 5, 5, 5, 5, 5, 5, 5, 5, 5, 5, 5, 5, 5, 5, 5, 5, 5, 5]
2026-03-27 01:48:26  DEBUG     read_graph: 50 edges, 20 vertices loaded in 0.05s
2026-03-27 01:48:26  DEBUG     find_execution_trace: 2 candidate paths found in 0.00s
2026-03-27 01:48:26  INFO      find_execution_trace: 1 trace(s) found (LCS=1, length=4) in 0.05s
2026-03-27 01:48:26  INFO        Candidate traces found : 1
2026-03-27 01:48:26  INFO          Trace 0: [0, 1, 4, 5]
2026-03-27 01:48:26  INFO        Duration : 0.05s
2026-03-27 01:48:26  INFO      ==================================================
2026-03-27 01:48:26  INFO      STEP 4: Store Execution Trace
2026-03-27 01:48:26  INFO      Execution trace written to: /Users/tanmaybhuskute/Documents/gifdroid-reproduction/app_AdAway/utg01/output/execution_hhv_AdAway_stabilize.json
2026-03-27 01:48:26  INFO        Duration : 0.01s
2026-03-27 01:48:26  INFO      ==================================================
2026-03-27 01:48:26  INFO      Pipeline complete.  Total time: 369.12s
2026-03-27 01:48:26  INFO      ==================================================
