2026-03-25 09:54:36  INFO      Log file: /Users/tanmaybhuskute/Documents/gifdroid-reproduction/app_AdAway/utg01/gifdroid_20260325_095436_hhv_clip.log
2026-03-25 09:54:36  INFO      GIFdroid started
2026-03-25 09:54:36  INFO        --video            : app_AdAway/utg01/input/handheld/hhv_app_AdAway.mp4
2026-03-25 09:54:36  INFO        --utg              : app_AdAway/utg01/input/utg.json
2026-03-25 09:54:36  INFO        --artifact         : app_AdAway/utg01/input/artifacts
2026-03-25 09:54:36  INFO        --out              : app_AdAway/utg01/output/execution_hhv_AdAway_fix4.json
2026-03-25 09:54:36  INFO        --log-dir          : None
2026-03-25 09:54:36  INFO        --save-keyframes   : /Users/tanmaybhuskute/Documents/gifdroid-reproduction/app_AdAway/utg01/output/keyframes_clip
2026-03-25 09:54:36  INFO        --keyframe-method  : clip
2026-03-25 09:54:36  INFO      ==================================================
2026-03-25 09:54:36  INFO      STEP 1: Keyframe Location
2026-03-25 09:54:36  INFO        Input video      : app_AdAway/utg01/input/handheld/hhv_app_AdAway.mp4
2026-03-25 09:54:36  INFO        Keyframe method  : clip
2026-03-25 09:54:36  INFO      keyframe_location_clip_cluster: starting on "app_AdAway/utg01/input/handheld/hhv_app_AdAway.mp4" (threshold=0.85)
2026-03-25 09:54:36  INFO      keyframe_location: starting on video "app_AdAway/utg01/input/handheld/hhv_app_AdAway.mp4"
2026-03-25 09:54:52  DEBUG     read_frames_from_video: 1331 frames decoded in 16.18s
2026-03-25 09:57:13  DEBUG     calculate_sim_seq: 1330 similarities computed in 140.42s
2026-03-25 09:57:13  DEBUG     detect_keyframes: 39 keyframes detected from 1330 frames in 0.00s
2026-03-25 09:57:13  INFO      keyframe_location: done — 39 keyframes at indices [11, 21, 74, 168, 231, 245, 366, 421, 428, 454, 550, 608, 626, 643, 677, 683, 689, 718, 745, 764, 792, 802, 812, 819, 827, 858, 880, 943, 1017, 1097, 1126, 1161, 1174, 1187, 1221, 1227, 1262, 1270, 1330] (156.94s total)
2026-03-25 09:57:13  INFO      keyframe_location_clip_cluster: baseline produced 39 keyframes
2026-03-25 09:57:55  WARNING   keyframe_location_clip_cluster: missing dependency (No module named 'transformers'); returning baseline result. Install with: pip install transformers torch scikit-learn
2026-03-25 09:57:55  INFO        Keyframes found   : 39
2026-03-25 09:57:55  INFO        Keyframe indices  : [11, 21, 74, 168, 231, 245, 366, 421, 428, 454, 550, 608, 626, 643, 677, 683, 689, 718, 745, 764, 792, 802, 812, 819, 827, 858, 880, 943, 1017, 1097, 1126, 1161, 1174, 1187, 1221, 1227, 1262, 1270, 1330]
2026-03-25 09:57:55  INFO        Duration          : 198.38s
2026-03-25 09:57:58  INFO        Keyframes saved to: /Users/tanmaybhuskute/Documents/gifdroid-reproduction/app_AdAway/utg01/output/keyframes_clip (39 files)
2026-03-25 09:57:58  INFO      ==================================================
2026-03-25 09:57:58  INFO      STEP 2: GUI Mapping
2026-03-25 09:57:58  INFO        Screenshots dir : app_AdAway/utg01/input/artifacts
2026-03-25 09:57:58  INFO      gui_mapping: matching 39 keyframes against screenshots in "app_AdAway/utg01/input/artifacts"
2026-03-25 09:57:59  DEBUG     load_screenshots: 19 screenshots loaded in 1.42s from "app_AdAway/utg01/input/artifacts"
2026-03-25 09:58:01  DEBUG     mapping: best match "artifacts_5.png" (score=0.276)
2026-03-25 09:58:03  DEBUG     mapping: best match "artifacts_5.png" (score=0.290)
2026-03-25 09:58:06  DEBUG     mapping: best match "artifacts_5.png" (score=0.292)
2026-03-25 09:58:08  DEBUG     mapping: best match "artifacts_5.png" (score=0.271)
2026-03-25 09:58:10  DEBUG     mapping: best match "artifacts_5.png" (score=0.287)
2026-03-25 09:58:12  DEBUG     mapping: best match "artifacts_5.png" (score=0.303)
2026-03-25 09:58:14  DEBUG     mapping: best match "artifacts_5.png" (score=0.297)
2026-03-25 09:58:16  DEBUG     mapping: best match "artifacts_5.png" (score=0.258)
2026-03-25 09:58:18  DEBUG     mapping: best match "artifacts_5.png" (score=0.265)
2026-03-25 09:58:20  DEBUG     mapping: best match "artifacts_5.png" (score=0.276)
2026-03-25 09:58:22  DEBUG     mapping: best match "artifacts_5.png" (score=0.289)
2026-03-25 09:58:24  DEBUG     mapping: best match "artifacts_5.png" (score=0.289)
2026-03-25 09:58:26  DEBUG     mapping: best match "artifacts_5.png" (score=0.281)
2026-03-25 09:58:28  DEBUG     mapping: best match "artifacts_5.png" (score=0.283)
2026-03-25 09:58:30  DEBUG     mapping: best match "artifacts_5.png" (score=0.283)
2026-03-25 09:58:32  DEBUG     mapping: best match "artifacts_5.png" (score=0.284)
2026-03-25 09:58:34  DEBUG     mapping: best match "artifacts_5.png" (score=0.284)
2026-03-25 09:58:36  DEBUG     mapping: best match "artifacts_5.png" (score=0.286)
2026-03-25 09:58:38  DEBUG     mapping: best match "artifacts_5.png" (score=0.285)
2026-03-25 09:58:40  DEBUG     mapping: best match "artifacts_5.png" (score=0.286)
2026-03-25 09:58:42  DEBUG     mapping: best match "artifacts_5.png" (score=0.287)
2026-03-25 09:58:44  DEBUG     mapping: best match "artifacts_5.png" (score=0.286)
2026-03-25 09:58:46  DEBUG     mapping: best match "artifacts_5.png" (score=0.291)
2026-03-25 09:58:49  DEBUG     mapping: best match "artifacts_5.png" (score=0.295)
2026-03-25 09:58:51  DEBUG     mapping: best match "artifacts_5.png" (score=0.292)
2026-03-25 09:58:53  DEBUG     mapping: best match "artifacts_5.png" (score=0.297)
2026-03-25 09:58:55  DEBUG     mapping: best match "artifacts_5.png" (score=0.300)
2026-03-25 09:58:57  DEBUG     mapping: best match "artifacts_5.png" (score=0.305)
2026-03-25 09:58:59  DEBUG     mapping: best match "artifacts_5.png" (score=0.370)
2026-03-25 09:59:01  DEBUG     mapping: best match "artifacts_5.png" (score=0.351)
2026-03-25 09:59:03  DEBUG     mapping: best match "artifacts_5.png" (score=0.309)
2026-03-25 09:59:05  DEBUG     mapping: best match "artifacts_5.png" (score=0.352)
2026-03-25 09:59:07  DEBUG     mapping: best match "artifacts_5.png" (score=0.353)
2026-03-25 09:59:09  DEBUG     mapping: best match "artifacts_5.png" (score=0.317)
2026-03-25 09:59:11  DEBUG     mapping: best match "artifacts_5.png" (score=0.326)
2026-03-25 09:59:13  DEBUG     mapping: best match "artifacts_5.png" (score=0.321)
2026-03-25 09:59:15  DEBUG     mapping: best match "artifacts_5.png" (score=0.299)
2026-03-25 09:59:17  DEBUG     mapping: best match "artifacts_5.png" (score=0.302)
2026-03-25 09:59:19  DEBUG     mapping: best match "artifacts_5.png" (score=0.283)
2026-03-25 09:59:19  INFO      gui_mapping: done — index sequence [5, 5, 5, 5, 5, 5, 5, 5, 5, 5, 5, 5, 5, 5, 5, 5, 5, 5, 5, 5, 5, 5, 5, 5, 5, 5, 5, 5, 5, 5, 5, 5, 5, 5, 5, 5, 5, 5, 5] (81.64s)
2026-03-25 09:59:19  INFO        Mapped index sequence : [5, 5, 5, 5, 5, 5, 5, 5, 5, 5, 5, 5, 5, 5, 5, 5, 5, 5, 5, 5, 5, 5, 5, 5, 5, 5, 5, 5, 5, 5, 5, 5, 5, 5, 5, 5, 5, 5, 5]
2026-03-25 09:59:19  INFO        Duration              : 81.64s
2026-03-25 09:59:19  INFO      ==================================================
2026-03-25 09:59:19  INFO      STEP 3: Find Execution Trace
2026-03-25 09:59:19  INFO        UTG file : app_AdAway/utg01/input/utg.json
2026-03-25 09:59:19  INFO      find_execution_trace: target sequence [5, 5, 5, 5, 5, 5, 5, 5, 5, 5, 5, 5, 5, 5, 5, 5, 5, 5, 5, 5, 5, 5, 5, 5, 5, 5, 5, 5, 5, 5, 5, 5, 5, 5, 5, 5, 5, 5, 5]
2026-03-25 09:59:19  DEBUG     read_graph: 50 edges, 20 vertices loaded in 0.00s
2026-03-25 09:59:19  DEBUG     find_execution_trace: 2 candidate paths found in 0.00s
2026-03-25 09:59:19  INFO      find_execution_trace: 1 trace(s) found (LCS=1, length=4) in 0.00s
2026-03-25 09:59:19  INFO        Candidate traces found : 1
2026-03-25 09:59:19  INFO          Trace 0: [0, 1, 4, 5]
2026-03-25 09:59:19  INFO        Duration : 0.00s
2026-03-25 09:59:19  INFO      ==================================================
2026-03-25 09:59:19  INFO      STEP 4: Store Execution Trace
2026-03-25 09:59:19  INFO      Execution trace written to: app_AdAway/utg01/output/execution_hhv_AdAway_fix4.json
2026-03-25 09:59:19  INFO        Duration : 0.00s
2026-03-25 09:59:19  INFO      ==================================================
2026-03-25 09:59:19  INFO      Pipeline complete.  Total time: 283.22s
2026-03-25 09:59:19  INFO      ==================================================
