2026-03-27 01:48:29  INFO      Log file: /Users/tanmaybhuskute/Documents/gifdroid-reproduction/app_AdAway/utg01/gifdroid_20260327_014829_hhv_hysteresis.log
2026-03-27 01:48:29  INFO      GIFdroid started
2026-03-27 01:48:29  INFO        --video            : /Users/tanmaybhuskute/Documents/gifdroid-reproduction/app_AdAway/utg01/input/handheld/hhv_app_AdAway.mp4
2026-03-27 01:48:29  INFO        --utg              : /Users/tanmaybhuskute/Documents/gifdroid-reproduction/app_AdAway/utg01/input/utg.json
2026-03-27 01:48:29  INFO        --artifact         : /Users/tanmaybhuskute/Documents/gifdroid-reproduction/app_AdAway/utg01/input/artifacts
2026-03-27 01:48:29  INFO        --out              : /Users/tanmaybhuskute/Documents/gifdroid-reproduction/app_AdAway/utg01/output/execution_hhv_AdAway_hysteresis.json
2026-03-27 01:48:29  INFO        --log-dir          : None
2026-03-27 01:48:29  INFO        --save-keyframes   : /Users/tanmaybhuskute/Documents/gifdroid-reproduction/app_AdAway/utg01/output/keyframes_hysteresis
2026-03-27 01:48:29  INFO        --keyframe-method  : hysteresis
2026-03-27 01:48:29  INFO      ==================================================
2026-03-27 01:48:29  INFO      STEP 1: Keyframe Location
2026-03-27 01:48:29  INFO        Input video      : /Users/tanmaybhuskute/Documents/gifdroid-reproduction/app_AdAway/utg01/input/handheld/hhv_app_AdAway.mp4
2026-03-27 01:48:29  INFO        Keyframe method  : hysteresis
2026-03-27 01:48:29  INFO      keyframe_location_hysteresis: starting on "/Users/tanmaybhuskute/Documents/gifdroid-reproduction/app_AdAway/utg01/input/handheld/hhv_app_AdAway.mp4" (k=3)
2026-03-27 01:48:45  DEBUG     read_frames_from_video: 1331 frames decoded in 15.49s
2026-03-27 01:51:06  DEBUG     calculate_sim_seq: 1330 similarities computed in 140.99s
2026-03-27 01:51:06  INFO      keyframe_location_hysteresis: done — 42 keyframes at indices [10, 20, 27, 73, 167, 230, 244, 365, 420, 427, 453, 549, 607, 625, 635, 642, 676, 682, 688, 717, 744, 763, 791, 801, 811, 818, 826, 833, 857, 879, 942, 1016, 1096, 1125, 1160, 1173, 1186, 1220, 1226, 1261, 1269, 1330] (156.62s)
2026-03-27 01:51:06  INFO        Keyframes found   : 42
2026-03-27 01:51:06  INFO        Keyframe indices  : [10, 20, 27, 73, 167, 230, 244, 365, 420, 427, 453, 549, 607, 625, 635, 642, 676, 682, 688, 717, 744, 763, 791, 801, 811, 818, 826, 833, 857, 879, 942, 1016, 1096, 1125, 1160, 1173, 1186, 1220, 1226, 1261, 1269, 1330]
2026-03-27 01:51:06  INFO        Duration          : 156.97s
2026-03-27 01:51:10  INFO        Keyframes saved to: /Users/tanmaybhuskute/Documents/gifdroid-reproduction/app_AdAway/utg01/output/keyframes_hysteresis (42 files)
2026-03-27 01:51:10  INFO      ==================================================
2026-03-27 01:51:10  INFO      STEP 2: GUI Mapping
2026-03-27 01:51:10  INFO        Screenshots dir : /Users/tanmaybhuskute/Documents/gifdroid-reproduction/app_AdAway/utg01/input/artifacts
2026-03-27 01:51:10  INFO      gui_mapping: matching 42 keyframes against screenshots in "/Users/tanmaybhuskute/Documents/gifdroid-reproduction/app_AdAway/utg01/input/artifacts"
2026-03-27 01:51:11  DEBUG     load_screenshots: 19 screenshots loaded in 1.26s from "/Users/tanmaybhuskute/Documents/gifdroid-reproduction/app_AdAway/utg01/input/artifacts"
2026-03-27 01:51:13  DEBUG     mapping: best match "artifacts_5.png" (score=0.277)
2026-03-27 01:51:16  DEBUG     mapping: best match "artifacts_5.png" (score=0.284)
2026-03-27 01:51:18  DEBUG     mapping: best match "artifacts_5.png" (score=0.306)
2026-03-27 01:51:20  DEBUG     mapping: best match "artifacts_5.png" (score=0.292)
2026-03-27 01:51:22  DEBUG     mapping: best match "artifacts_5.png" (score=0.272)
2026-03-27 01:51:24  DEBUG     mapping: best match "artifacts_5.png" (score=0.284)
2026-03-27 01:51:26  DEBUG     mapping: best match "artifacts_5.png" (score=0.305)
2026-03-27 01:51:28  DEBUG     mapping: best match "artifacts_5.png" (score=0.297)
2026-03-27 01:51:31  DEBUG     mapping: best match "artifacts_5.png" (score=0.258)
2026-03-27 01:51:33  DEBUG     mapping: best match "artifacts_5.png" (score=0.263)
2026-03-27 01:51:35  DEBUG     mapping: best match "artifacts_5.png" (score=0.276)
2026-03-27 01:51:37  DEBUG     mapping: best match "artifacts_5.png" (score=0.288)
2026-03-27 01:51:39  DEBUG     mapping: best match "artifacts_5.png" (score=0.289)
2026-03-27 01:51:41  DEBUG     mapping: best match "artifacts_5.png" (score=0.281)
2026-03-27 01:51:43  DEBUG     mapping: best match "artifacts_5.png" (score=0.283)
2026-03-27 01:51:46  DEBUG     mapping: best match "artifacts_5.png" (score=0.283)
2026-03-27 01:51:48  DEBUG     mapping: best match "artifacts_5.png" (score=0.284)
2026-03-27 01:51:50  DEBUG     mapping: best match "artifacts_5.png" (score=0.284)
2026-03-27 01:51:52  DEBUG     mapping: best match "artifacts_5.png" (score=0.284)
2026-03-27 01:51:54  DEBUG     mapping: best match "artifacts_5.png" (score=0.285)
2026-03-27 01:51:57  DEBUG     mapping: best match "artifacts_5.png" (score=0.285)
2026-03-27 01:51:59  DEBUG     mapping: best match "artifacts_5.png" (score=0.285)
2026-03-27 01:52:01  DEBUG     mapping: best match "artifacts_5.png" (score=0.286)
2026-03-27 01:52:03  DEBUG     mapping: best match "artifacts_5.png" (score=0.286)
2026-03-27 01:52:05  DEBUG     mapping: best match "artifacts_5.png" (score=0.290)
2026-03-27 01:52:07  DEBUG     mapping: best match "artifacts_5.png" (score=0.295)
2026-03-27 01:52:10  DEBUG     mapping: best match "artifacts_5.png" (score=0.291)
2026-03-27 01:52:12  DEBUG     mapping: best match "artifacts_5.png" (score=0.293)
2026-03-27 01:52:14  DEBUG     mapping: best match "artifacts_5.png" (score=0.297)
2026-03-27 01:52:16  DEBUG     mapping: best match "artifacts_5.png" (score=0.300)
2026-03-27 01:52:19  DEBUG     mapping: best match "artifacts_5.png" (score=0.302)
2026-03-27 01:52:21  DEBUG     mapping: best match "artifacts_5.png" (score=0.369)
2026-03-27 01:52:23  DEBUG     mapping: best match "artifacts_5.png" (score=0.353)
2026-03-27 01:52:25  DEBUG     mapping: best match "artifacts_5.png" (score=0.307)
2026-03-27 01:52:28  DEBUG     mapping: best match "artifacts_5.png" (score=0.353)
2026-03-27 01:52:30  DEBUG     mapping: best match "artifacts_5.png" (score=0.355)
2026-03-27 01:52:32  DEBUG     mapping: best match "artifacts_5.png" (score=0.316)
2026-03-27 01:52:34  DEBUG     mapping: best match "artifacts_5.png" (score=0.325)
2026-03-27 01:52:37  DEBUG     mapping: best match "artifacts_5.png" (score=0.321)
2026-03-27 01:52:39  DEBUG     mapping: best match "artifacts_5.png" (score=0.298)
2026-03-27 01:52:41  DEBUG     mapping: best match "artifacts_5.png" (score=0.302)
2026-03-27 01:52:43  DEBUG     mapping: best match "artifacts_5.png" (score=0.283)
2026-03-27 01:52:43  INFO      gui_mapping: done — index sequence [5, 5, 5, 5, 5, 5, 5, 5, 5, 5, 5, 5, 5, 5, 5, 5, 5, 5, 5, 5, 5, 5, 5, 5, 5, 5, 5, 5, 5, 5, 5, 5, 5, 5, 5, 5, 5, 5, 5, 5, 5, 5] (93.54s)
2026-03-27 01:52:43  INFO        Mapped index sequence : [5, 5, 5, 5, 5, 5, 5, 5, 5, 5, 5, 5, 5, 5, 5, 5, 5, 5, 5, 5, 5, 5, 5, 5, 5, 5, 5, 5, 5, 5, 5, 5, 5, 5, 5, 5, 5, 5, 5, 5, 5, 5]
2026-03-27 01:52:43  INFO        Duration              : 93.54s
2026-03-27 01:52:43  INFO      ==================================================
2026-03-27 01:52:43  INFO      STEP 3: Find Execution Trace
2026-03-27 01:52:43  INFO        UTG file : /Users/tanmaybhuskute/Documents/gifdroid-reproduction/app_AdAway/utg01/input/utg.json
2026-03-27 01:52:43  INFO      find_execution_trace: target sequence [5, 5, 5, 5, 5, 5, 5, 5, 5, 5, 5, 5, 5, 5, 5, 5, 5, 5, 5, 5, 5, 5, 5, 5, 5, 5, 5, 5, 5, 5, 5, 5, 5, 5, 5, 5, 5, 5, 5, 5, 5, 5]
2026-03-27 01:52:43  DEBUG     read_graph: 50 edges, 20 vertices loaded in 0.00s
2026-03-27 01:52:43  DEBUG     find_execution_trace: 2 candidate paths found in 0.00s
2026-03-27 01:52:43  INFO      find_execution_trace: 1 trace(s) found (LCS=1, length=4) in 0.00s
2026-03-27 01:52:43  INFO        Candidate traces found : 1
2026-03-27 01:52:43  INFO          Trace 0: [0, 1, 4, 5]
2026-03-27 01:52:43  INFO        Duration : 0.00s
2026-03-27 01:52:43  INFO      ==================================================
2026-03-27 01:52:43  INFO      STEP 4: Store Execution Trace
2026-03-27 01:52:43  INFO      Execution trace written to: /Users/tanmaybhuskute/Documents/gifdroid-reproduction/app_AdAway/utg01/output/execution_hhv_AdAway_hysteresis.json
2026-03-27 01:52:43  INFO        Duration : 0.00s
2026-03-27 01:52:43  INFO      ==================================================
2026-03-27 01:52:43  INFO      Pipeline complete.  Total time: 254.20s
2026-03-27 01:52:43  INFO      ==================================================
