2026-03-27 01:38:45  INFO      Log file: /Users/tanmaybhuskute/Documents/gifdroid-reproduction/app_AdAway/utg01/gifdroid_20260327_013845_hhv_baseline.log
2026-03-27 01:38:45  INFO      GIFdroid started
2026-03-27 01:38:45  INFO        --video            : /Users/tanmaybhuskute/Documents/gifdroid-reproduction/app_AdAway/utg01/input/handheld/hhv_app_AdAway.mp4
2026-03-27 01:38:45  INFO        --utg              : /Users/tanmaybhuskute/Documents/gifdroid-reproduction/app_AdAway/utg01/input/utg.json
2026-03-27 01:38:45  INFO        --artifact         : /Users/tanmaybhuskute/Documents/gifdroid-reproduction/app_AdAway/utg01/input/artifacts
2026-03-27 01:38:45  INFO        --out              : /Users/tanmaybhuskute/Documents/gifdroid-reproduction/app_AdAway/utg01/output/execution_hhv_AdAway_baseline.json
2026-03-27 01:38:45  INFO        --log-dir          : None
2026-03-27 01:38:45  INFO        --save-keyframes   : /Users/tanmaybhuskute/Documents/gifdroid-reproduction/app_AdAway/utg01/output/keyframes_baseline
2026-03-27 01:38:45  INFO        --keyframe-method  : baseline
2026-03-27 01:38:45  INFO      ==================================================
2026-03-27 01:38:45  INFO      STEP 1: Keyframe Location
2026-03-27 01:38:45  INFO        Input video      : /Users/tanmaybhuskute/Documents/gifdroid-reproduction/app_AdAway/utg01/input/handheld/hhv_app_AdAway.mp4
2026-03-27 01:38:45  INFO        Keyframe method  : baseline
2026-03-27 01:38:45  INFO      keyframe_location: starting on video "/Users/tanmaybhuskute/Documents/gifdroid-reproduction/app_AdAway/utg01/input/handheld/hhv_app_AdAway.mp4"
2026-03-27 01:38:57  DEBUG     read_frames_from_video: 1331 frames decoded in 12.81s
2026-03-27 01:40:57  DEBUG     calculate_sim_seq: 1330 similarities computed in 119.66s
2026-03-27 01:40:57  DEBUG     detect_keyframes: 39 keyframes detected from 1330 frames in 0.00s
2026-03-27 01:40:57  INFO      keyframe_location: done — 39 keyframes at indices [11, 21, 74, 168, 231, 245, 366, 421, 428, 454, 550, 608, 626, 643, 677, 683, 689, 718, 745, 764, 792, 802, 812, 819, 827, 858, 880, 943, 1017, 1097, 1126, 1161, 1174, 1187, 1221, 1227, 1262, 1270, 1330] (132.53s total)
2026-03-27 01:40:58  INFO        Keyframes found   : 39
2026-03-27 01:40:58  INFO        Keyframe indices  : [11, 21, 74, 168, 231, 245, 366, 421, 428, 454, 550, 608, 626, 643, 677, 683, 689, 718, 745, 764, 792, 802, 812, 819, 827, 858, 880, 943, 1017, 1097, 1126, 1161, 1174, 1187, 1221, 1227, 1262, 1270, 1330]
2026-03-27 01:40:58  INFO        Duration          : 132.95s
2026-03-27 01:41:00  INFO        Keyframes saved to: /Users/tanmaybhuskute/Documents/gifdroid-reproduction/app_AdAway/utg01/output/keyframes_baseline (39 files)
2026-03-27 01:41:00  INFO      ==================================================
2026-03-27 01:41:00  INFO      STEP 2: GUI Mapping
2026-03-27 01:41:00  INFO        Screenshots dir : /Users/tanmaybhuskute/Documents/gifdroid-reproduction/app_AdAway/utg01/input/artifacts
2026-03-27 01:41:00  INFO      gui_mapping: matching 39 keyframes against screenshots in "/Users/tanmaybhuskute/Documents/gifdroid-reproduction/app_AdAway/utg01/input/artifacts"
2026-03-27 01:41:02  DEBUG     load_screenshots: 19 screenshots loaded in 1.30s from "/Users/tanmaybhuskute/Documents/gifdroid-reproduction/app_AdAway/utg01/input/artifacts"
2026-03-27 01:41:04  DEBUG     mapping: best match "artifacts_5.png" (score=0.276)
2026-03-27 01:41:06  DEBUG     mapping: best match "artifacts_5.png" (score=0.290)
2026-03-27 01:41:07  DEBUG     mapping: best match "artifacts_5.png" (score=0.292)
2026-03-27 01:41:09  DEBUG     mapping: best match "artifacts_5.png" (score=0.271)
2026-03-27 01:41:11  DEBUG     mapping: best match "artifacts_5.png" (score=0.287)
2026-03-27 01:41:13  DEBUG     mapping: best match "artifacts_5.png" (score=0.303)
2026-03-27 01:41:15  DEBUG     mapping: best match "artifacts_5.png" (score=0.297)
2026-03-27 01:41:17  DEBUG     mapping: best match "artifacts_5.png" (score=0.258)
2026-03-27 01:41:19  DEBUG     mapping: best match "artifacts_5.png" (score=0.265)
2026-03-27 01:41:21  DEBUG     mapping: best match "artifacts_5.png" (score=0.276)
2026-03-27 01:41:23  DEBUG     mapping: best match "artifacts_5.png" (score=0.289)
2026-03-27 01:41:25  DEBUG     mapping: best match "artifacts_5.png" (score=0.289)
2026-03-27 01:41:27  DEBUG     mapping: best match "artifacts_5.png" (score=0.281)
2026-03-27 01:41:28  DEBUG     mapping: best match "artifacts_5.png" (score=0.283)
2026-03-27 01:41:30  DEBUG     mapping: best match "artifacts_5.png" (score=0.283)
2026-03-27 01:41:32  DEBUG     mapping: best match "artifacts_5.png" (score=0.284)
2026-03-27 01:41:34  DEBUG     mapping: best match "artifacts_5.png" (score=0.284)
2026-03-27 01:41:36  DEBUG     mapping: best match "artifacts_5.png" (score=0.286)
2026-03-27 01:41:38  DEBUG     mapping: best match "artifacts_5.png" (score=0.285)
2026-03-27 01:41:40  DEBUG     mapping: best match "artifacts_5.png" (score=0.286)
2026-03-27 01:41:42  DEBUG     mapping: best match "artifacts_5.png" (score=0.287)
2026-03-27 01:41:44  DEBUG     mapping: best match "artifacts_5.png" (score=0.286)
2026-03-27 01:41:46  DEBUG     mapping: best match "artifacts_5.png" (score=0.291)
2026-03-27 01:41:48  DEBUG     mapping: best match "artifacts_5.png" (score=0.295)
2026-03-27 01:41:50  DEBUG     mapping: best match "artifacts_5.png" (score=0.292)
2026-03-27 01:41:52  DEBUG     mapping: best match "artifacts_5.png" (score=0.297)
2026-03-27 01:41:53  DEBUG     mapping: best match "artifacts_5.png" (score=0.300)
2026-03-27 01:41:55  DEBUG     mapping: best match "artifacts_5.png" (score=0.305)
2026-03-27 01:41:57  DEBUG     mapping: best match "artifacts_5.png" (score=0.370)
2026-03-27 01:41:59  DEBUG     mapping: best match "artifacts_5.png" (score=0.351)
2026-03-27 01:42:01  DEBUG     mapping: best match "artifacts_5.png" (score=0.309)
2026-03-27 01:42:03  DEBUG     mapping: best match "artifacts_5.png" (score=0.352)
2026-03-27 01:42:04  DEBUG     mapping: best match "artifacts_5.png" (score=0.353)
2026-03-27 01:42:06  DEBUG     mapping: best match "artifacts_5.png" (score=0.317)
2026-03-27 01:42:08  DEBUG     mapping: best match "artifacts_5.png" (score=0.326)
2026-03-27 01:42:10  DEBUG     mapping: best match "artifacts_5.png" (score=0.321)
2026-03-27 01:42:12  DEBUG     mapping: best match "artifacts_5.png" (score=0.299)
2026-03-27 01:42:14  DEBUG     mapping: best match "artifacts_5.png" (score=0.302)
2026-03-27 01:42:16  DEBUG     mapping: best match "artifacts_5.png" (score=0.283)
2026-03-27 01:42:16  INFO      gui_mapping: done — index sequence [5, 5, 5, 5, 5, 5, 5, 5, 5, 5, 5, 5, 5, 5, 5, 5, 5, 5, 5, 5, 5, 5, 5, 5, 5, 5, 5, 5, 5, 5, 5, 5, 5, 5, 5, 5, 5, 5, 5] (75.46s)
2026-03-27 01:42:16  INFO        Mapped index sequence : [5, 5, 5, 5, 5, 5, 5, 5, 5, 5, 5, 5, 5, 5, 5, 5, 5, 5, 5, 5, 5, 5, 5, 5, 5, 5, 5, 5, 5, 5, 5, 5, 5, 5, 5, 5, 5, 5, 5]
2026-03-27 01:42:16  INFO        Duration              : 75.46s
2026-03-27 01:42:16  INFO      ==================================================
2026-03-27 01:42:16  INFO      STEP 3: Find Execution Trace
2026-03-27 01:42:16  INFO        UTG file : /Users/tanmaybhuskute/Documents/gifdroid-reproduction/app_AdAway/utg01/input/utg.json
2026-03-27 01:42:16  INFO      find_execution_trace: target sequence [5, 5, 5, 5, 5, 5, 5, 5, 5, 5, 5, 5, 5, 5, 5, 5, 5, 5, 5, 5, 5, 5, 5, 5, 5, 5, 5, 5, 5, 5, 5, 5, 5, 5, 5, 5, 5, 5, 5]
2026-03-27 01:42:16  DEBUG     read_graph: 50 edges, 20 vertices loaded in 0.00s
2026-03-27 01:42:16  DEBUG     find_execution_trace: 2 candidate paths found in 0.00s
2026-03-27 01:42:16  INFO      find_execution_trace: 1 trace(s) found (LCS=1, length=4) in 0.00s
2026-03-27 01:42:16  INFO        Candidate traces found : 1
2026-03-27 01:42:16  INFO          Trace 0: [0, 1, 4, 5]
2026-03-27 01:42:16  INFO        Duration : 0.00s
2026-03-27 01:42:16  INFO      ==================================================
2026-03-27 01:42:16  INFO      STEP 4: Store Execution Trace
2026-03-27 01:42:16  INFO      Execution trace written to: /Users/tanmaybhuskute/Documents/gifdroid-reproduction/app_AdAway/utg01/output/execution_hhv_AdAway_baseline.json
2026-03-27 01:42:16  INFO        Duration : 0.00s
2026-03-27 01:42:16  INFO      ==================================================
2026-03-27 01:42:16  INFO      Pipeline complete.  Total time: 211.15s
2026-03-27 01:42:16  INFO      ==================================================
