2026-03-24 03:26:27  INFO      Log file: /Users/tanmaybhuskute/Documents/gifdroid-reproduction/app_AdAway/utg01/gifdroid_20260324_032627_hhv_stabilize.log
2026-03-24 03:26:27  INFO      GIFdroid started
2026-03-24 03:26:27  INFO        --video            : app_AdAway/utg01/input/handheld/hhv_app_AdAway.mp4
2026-03-24 03:26:27  INFO        --utg              : app_AdAway/utg01/input/utg.json
2026-03-24 03:26:27  INFO        --artifact         : app_AdAway/utg01/input/artifacts
2026-03-24 03:26:27  INFO        --out              : app_AdAway/utg01/output/execution_hhv_AdAway_fix1.json
2026-03-24 03:26:27  INFO        --log-dir          : None
2026-03-24 03:26:27  INFO        --save-keyframes   : /Users/tanmaybhuskute/Documents/gifdroid-reproduction/app_AdAway/utg01/output/keyframes_stabilize
2026-03-24 03:26:27  INFO        --keyframe-method  : stabilize
2026-03-24 03:26:27  INFO      ==================================================
2026-03-24 03:26:27  INFO      STEP 1: Keyframe Location
2026-03-24 03:26:27  INFO        Input video      : app_AdAway/utg01/input/handheld/hhv_app_AdAway.mp4
2026-03-24 03:26:27  INFO        Keyframe method  : stabilize
2026-03-24 03:26:27  INFO      keyframe_location_stabilized: starting on "app_AdAway/utg01/input/handheld/hhv_app_AdAway.mp4"
2026-03-24 03:29:05  INFO      keyframe_location: starting on video "app_AdAway/utg01/input/handheld/hhv_app_AdAway_stabilized.mp4"
2026-03-24 03:29:17  DEBUG     read_frames_from_video: 1331 frames decoded in 12.29s
2026-03-24 03:31:33  DEBUG     calculate_sim_seq: 1330 similarities computed in 136.01s
2026-03-24 03:31:33  DEBUG     detect_keyframes: 23 keyframes detected from 1330 frames in 0.00s
2026-03-24 03:31:33  INFO      keyframe_location: done — 23 keyframes at indices [19, 74, 168, 231, 245, 263, 366, 454, 609, 617, 629, 718, 834, 880, 943, 1014, 1096, 1128, 1161, 1174, 1227, 1269, 1330] (148.43s total)
2026-03-24 03:31:34  INFO      keyframe_location_stabilized: done — 23 keyframes at indices [19, 74, 168, 231, 245, 263, 366, 454, 609, 617, 629, 718, 834, 880, 943, 1014, 1096, 1128, 1161, 1174, 1227, 1269, 1330] (306.60s)
2026-03-24 03:31:34  INFO        Keyframes found   : 23
2026-03-24 03:31:34  INFO        Keyframe indices  : [19, 74, 168, 231, 245, 263, 366, 454, 609, 617, 629, 718, 834, 880, 943, 1014, 1096, 1128, 1161, 1174, 1227, 1269, 1330]
2026-03-24 03:31:34  INFO        Duration          : 306.61s
2026-03-24 03:31:35  INFO        Keyframes saved to: /Users/tanmaybhuskute/Documents/gifdroid-reproduction/app_AdAway/utg01/output/keyframes_stabilize (23 files)
2026-03-24 03:31:35  INFO      ==================================================
2026-03-24 03:31:35  INFO      STEP 2: GUI Mapping
2026-03-24 03:31:35  INFO        Screenshots dir : app_AdAway/utg01/input/artifacts
2026-03-24 03:31:35  INFO      gui_mapping: matching 23 keyframes against screenshots in "app_AdAway/utg01/input/artifacts"
2026-03-24 03:31:36  DEBUG     load_screenshots: 19 screenshots loaded in 1.12s from "app_AdAway/utg01/input/artifacts"
2026-03-24 03:31:38  DEBUG     mapping: best match "artifacts_5.png" (score=0.280)
2026-03-24 03:31:41  DEBUG     mapping: best match "artifacts_5.png" (score=0.292)
2026-03-24 03:31:43  DEBUG     mapping: best match "artifacts_5.png" (score=0.271)
2026-03-24 03:31:45  DEBUG     mapping: best match "artifacts_5.png" (score=0.287)
2026-03-24 03:31:47  DEBUG     mapping: best match "artifacts_5.png" (score=0.304)
2026-03-24 03:31:49  DEBUG     mapping: best match "artifacts_5.png" (score=0.292)
2026-03-24 03:31:51  DEBUG     mapping: best match "artifacts_5.png" (score=0.298)
2026-03-24 03:31:53  DEBUG     mapping: best match "artifacts_5.png" (score=0.277)
2026-03-24 03:31:55  DEBUG     mapping: best match "artifacts_5.png" (score=0.289)
2026-03-24 03:31:57  DEBUG     mapping: best match "artifacts_5.png" (score=0.278)
2026-03-24 03:31:59  DEBUG     mapping: best match "artifacts_5.png" (score=0.282)
2026-03-24 03:32:01  DEBUG     mapping: best match "artifacts_5.png" (score=0.286)
2026-03-24 03:32:03  DEBUG     mapping: best match "artifacts_5.png" (score=0.293)
2026-03-24 03:32:05  DEBUG     mapping: best match "artifacts_5.png" (score=0.301)
2026-03-24 03:32:07  DEBUG     mapping: best match "artifacts_5.png" (score=0.306)
2026-03-24 03:32:09  DEBUG     mapping: best match "artifacts_5.png" (score=0.370)
2026-03-24 03:32:11  DEBUG     mapping: best match "artifacts_5.png" (score=0.354)
2026-03-24 03:32:13  DEBUG     mapping: best match "artifacts_5.png" (score=0.315)
2026-03-24 03:32:15  DEBUG     mapping: best match "artifacts_5.png" (score=0.353)
2026-03-24 03:32:17  DEBUG     mapping: best match "artifacts_5.png" (score=0.353)
2026-03-24 03:32:19  DEBUG     mapping: best match "artifacts_5.png" (score=0.321)
2026-03-24 03:32:21  DEBUG     mapping: best match "artifacts_5.png" (score=0.302)
2026-03-24 03:32:23  DEBUG     mapping: best match "artifacts_5.png" (score=0.283)
2026-03-24 03:32:23  INFO      gui_mapping: done — index sequence [5, 5, 5, 5, 5, 5, 5, 5, 5, 5, 5, 5, 5, 5, 5, 5, 5, 5, 5, 5, 5, 5, 5] (48.28s)
2026-03-24 03:32:23  INFO        Mapped index sequence : [5, 5, 5, 5, 5, 5, 5, 5, 5, 5, 5, 5, 5, 5, 5, 5, 5, 5, 5, 5, 5, 5, 5]
2026-03-24 03:32:23  INFO        Duration              : 48.28s
2026-03-24 03:32:23  INFO      ==================================================
2026-03-24 03:32:23  INFO      STEP 3: Find Execution Trace
2026-03-24 03:32:23  INFO        UTG file : app_AdAway/utg01/input/utg.json
2026-03-24 03:32:23  INFO      find_execution_trace: target sequence [5, 5, 5, 5, 5, 5, 5, 5, 5, 5, 5, 5, 5, 5, 5, 5, 5, 5, 5, 5, 5, 5, 5]
2026-03-24 03:32:23  DEBUG     read_graph: 50 edges, 20 vertices loaded in 0.00s
2026-03-24 03:32:23  DEBUG     find_execution_trace: 2 candidate paths found in 0.00s
2026-03-24 03:32:23  INFO      find_execution_trace: 1 trace(s) found (LCS=1, length=4) in 0.00s
2026-03-24 03:32:23  INFO        Candidate traces found : 1
2026-03-24 03:32:23  INFO          Trace 0: [0, 1, 4, 5]
2026-03-24 03:32:23  INFO        Duration : 0.00s
2026-03-24 03:32:23  INFO      ==================================================
2026-03-24 03:32:23  INFO      STEP 4: Store Execution Trace
2026-03-24 03:32:24  INFO      Execution trace written to: app_AdAway/utg01/output/execution_hhv_AdAway_fix1.json
2026-03-24 03:32:24  INFO        Duration : 0.00s
2026-03-24 03:32:24  INFO      ==================================================
2026-03-24 03:32:24  INFO      Pipeline complete.  Total time: 356.56s
2026-03-24 03:32:24  INFO      ==================================================
