2026-03-23 01:40:16  INFO      Log file: /Users/tanmaybhuskute/Documents/gifdroid-reproduction/app_AntennaPod/utg02/gifdroid_20260323_014016_srv.log
2026-03-23 01:40:16  INFO      GIFdroid started
2026-03-23 01:40:16  INFO        --video          : app_AntennaPod/utg02/input/screenrec/srv_app_AntennaPod.mp4
2026-03-23 01:40:16  INFO        --utg            : app_AntennaPod/utg02/input/utg.json
2026-03-23 01:40:16  INFO        --artifact       : app_AntennaPod/utg02/input/artifacts
2026-03-23 01:40:16  INFO        --out            : app_AntennaPod/utg02/output/execution_srv_AntennaPod.json
2026-03-23 01:40:16  INFO        --log-dir        : None
2026-03-23 01:40:16  INFO        --save-keyframes : /Users/tanmaybhuskute/Documents/gifdroid-reproduction/app_AntennaPod/utg02/output/keyframes
2026-03-23 01:40:16  INFO      ==================================================
2026-03-23 01:40:16  INFO      STEP 1: Keyframe Location
2026-03-23 01:40:16  INFO        Input video : app_AntennaPod/utg02/input/screenrec/srv_app_AntennaPod.mp4
2026-03-23 01:40:16  INFO      keyframe_location: starting on video "app_AntennaPod/utg02/input/screenrec/srv_app_AntennaPod.mp4"
2026-03-23 01:40:22  DEBUG     read_frames_from_video: 583 frames decoded in 5.57s
2026-03-23 01:41:13  DEBUG     calculate_sim_seq: 582 similarities computed in 51.18s
2026-03-23 01:41:13  DEBUG     detect_keyframes: 9 keyframes detected from 582 frames in 0.00s
2026-03-23 01:41:13  INFO      keyframe_location: done — 9 keyframes at indices [12, 63, 264, 278, 368, 416, 471, 554, 582] (56.78s total)
2026-03-23 01:41:13  INFO        Keyframes found   : 9
2026-03-23 01:41:13  INFO        Keyframe indices  : [12, 63, 264, 278, 368, 416, 471, 554, 582]
2026-03-23 01:41:13  INFO        Duration          : 56.94s
2026-03-23 01:41:14  INFO        Keyframes saved to: /Users/tanmaybhuskute/Documents/gifdroid-reproduction/app_AntennaPod/utg02/output/keyframes (9 files)
2026-03-23 01:41:14  INFO      ==================================================
2026-03-23 01:41:14  INFO      STEP 2: GUI Mapping
2026-03-23 01:41:14  INFO        Screenshots dir : app_AntennaPod/utg02/input/artifacts
2026-03-23 01:41:14  INFO      gui_mapping: matching 9 keyframes against screenshots in "app_AntennaPod/utg02/input/artifacts"
2026-03-23 01:41:22  DEBUG     load_screenshots: 151 screenshots loaded in 8.51s from "app_AntennaPod/utg02/input/artifacts"
2026-03-23 01:41:38  DEBUG     mapping: best match "artifacts_1.png" (score=0.224)
2026-03-23 01:41:53  DEBUG     mapping: best match "artifacts_35.png" (score=0.628)
2026-03-23 01:42:08  DEBUG     mapping: best match "artifacts_11.png" (score=0.670)
2026-03-23 01:42:23  DEBUG     mapping: best match "artifacts_35.png" (score=0.631)
2026-03-23 01:42:38  DEBUG     mapping: best match "artifacts_36.png" (score=0.425)
2026-03-23 01:42:54  DEBUG     mapping: best match "artifacts_35.png" (score=0.487)
2026-03-23 01:43:09  DEBUG     mapping: best match "artifacts_29.png" (score=0.368)
2026-03-23 01:43:24  DEBUG     mapping: best match "artifacts_19.png" (score=0.366)
2026-03-23 01:43:39  DEBUG     mapping: best match "artifacts_55.png" (score=0.366)
2026-03-23 01:43:39  INFO      gui_mapping: done — index sequence [1, 35, 11, 35, 36, 35, 29, 19, 55] (145.21s)
2026-03-23 01:43:39  INFO        Mapped index sequence : [1, 35, 11, 35, 36, 35, 29, 19, 55]
2026-03-23 01:43:39  INFO        Duration              : 145.21s
2026-03-23 01:43:39  INFO      ==================================================
2026-03-23 01:43:39  INFO      STEP 3: Find Execution Trace
2026-03-23 01:43:39  INFO        UTG file : app_AntennaPod/utg02/input/utg.json
2026-03-23 01:43:39  INFO      find_execution_trace: target sequence [1, 35, 11, 35, 36, 35, 29, 19, 55]
2026-03-23 01:43:39  DEBUG     read_graph: 403 edges, 151 vertices loaded in 0.00s
2026-03-23 01:47:22  DEBUG     find_execution_trace: 850306 candidate paths found in 222.99s
2026-03-23 01:49:39  INFO      find_execution_trace: 1 trace(s) found (LCS=4, length=10) in 359.98s
2026-03-23 01:49:39  INFO        Candidate traces found : 1
2026-03-23 01:49:39  INFO          Trace 0: [0, 1, 11, 36, 38, 129, 42, 53, 54, 55]
2026-03-23 01:49:39  INFO        Duration : 360.09s
2026-03-23 01:49:39  INFO      ==================================================
2026-03-23 01:49:39  INFO      STEP 4: Store Execution Trace
2026-03-23 01:49:39  INFO      Execution trace written to: app_AntennaPod/utg02/output/execution_srv_AntennaPod.json
2026-03-23 01:49:39  INFO        Duration : 0.00s
2026-03-23 01:49:39  INFO      ==================================================
2026-03-23 01:49:39  INFO      Pipeline complete.  Total time: 562.53s
2026-03-23 01:49:39  INFO      ==================================================
