2026-03-27 03:58:21  INFO      Log file: /Users/tanmaybhuskute/Documents/gifdroid-reproduction/app_HomeMedkit/utg03/gifdroid_20260327_035821_hhv_baseline.log
2026-03-27 03:58:21  INFO      GIFdroid started
2026-03-27 03:58:21  INFO        --video            : /Users/tanmaybhuskute/Documents/gifdroid-reproduction/app_HomeMedkit/utg03/input/handheld/hhv_app_HomeMedkit.mp4
2026-03-27 03:58:21  INFO        --utg              : /Users/tanmaybhuskute/Documents/gifdroid-reproduction/app_HomeMedkit/utg03/input/utg.json
2026-03-27 03:58:21  INFO        --artifact         : /Users/tanmaybhuskute/Documents/gifdroid-reproduction/app_HomeMedkit/utg03/input/artifacts
2026-03-27 03:58:21  INFO        --out              : /Users/tanmaybhuskute/Documents/gifdroid-reproduction/app_HomeMedkit/utg03/output/execution_hhv_HomeMedkit_baseline.json
2026-03-27 03:58:21  INFO        --log-dir          : None
2026-03-27 03:58:21  INFO        --save-keyframes   : /Users/tanmaybhuskute/Documents/gifdroid-reproduction/app_HomeMedkit/utg03/output/keyframes_baseline
2026-03-27 03:58:21  INFO        --keyframe-method  : baseline
2026-03-27 03:58:21  INFO      ==================================================
2026-03-27 03:58:21  INFO      STEP 1: Keyframe Location
2026-03-27 03:58:21  INFO        Input video      : /Users/tanmaybhuskute/Documents/gifdroid-reproduction/app_HomeMedkit/utg03/input/handheld/hhv_app_HomeMedkit.mp4
2026-03-27 03:58:21  INFO        Keyframe method  : baseline
2026-03-27 03:58:21  INFO      keyframe_location: starting on video "/Users/tanmaybhuskute/Documents/gifdroid-reproduction/app_HomeMedkit/utg03/input/handheld/hhv_app_HomeMedkit.mp4"
2026-03-27 03:58:31  DEBUG     read_frames_from_video: 1359 frames decoded in 10.38s
2026-03-27 04:00:20  DEBUG     calculate_sim_seq: 1358 similarities computed in 109.21s
2026-03-27 04:00:20  DEBUG     detect_keyframes: 54 keyframes detected from 1358 frames in 0.00s
2026-03-27 04:00:20  INFO      keyframe_location: done — 54 keyframes at indices [129, 281, 379, 400, 434, 454, 465, 492, 497, 515, 520, 526, 543, 558, 591, 604, 615, 640, 649, 676, 688, 707, 768, 775, 786, 807, 838, 849, 918, 928, 945, 957, 967, 1015, 1023, 1033, 1043, 1052, 1061, 1082, 1118, 1134, 1144, 1150, 1158, 1181, 1201, 1207, 1240, 1248, 1265, 1271, 1297, 1358] (119.62s total)
2026-03-27 04:00:20  INFO        Keyframes found   : 54
2026-03-27 04:00:21  INFO        Keyframe indices  : [129, 281, 379, 400, 434, 454, 465, 492, 497, 515, 520, 526, 543, 558, 591, 604, 615, 640, 649, 676, 688, 707, 768, 775, 786, 807, 838, 849, 918, 928, 945, 957, 967, 1015, 1023, 1033, 1043, 1052, 1061, 1082, 1118, 1134, 1144, 1150, 1158, 1181, 1201, 1207, 1240, 1248, 1265, 1271, 1297, 1358]
2026-03-27 04:00:21  INFO        Duration          : 119.87s
2026-03-27 04:00:30  INFO        Keyframes saved to: /Users/tanmaybhuskute/Documents/gifdroid-reproduction/app_HomeMedkit/utg03/output/keyframes_baseline (54 files)
2026-03-27 04:00:30  INFO      ==================================================
2026-03-27 04:00:30  INFO      STEP 2: GUI Mapping
2026-03-27 04:00:30  INFO        Screenshots dir : /Users/tanmaybhuskute/Documents/gifdroid-reproduction/app_HomeMedkit/utg03/input/artifacts
2026-03-27 04:00:30  INFO      gui_mapping: matching 54 keyframes against screenshots in "/Users/tanmaybhuskute/Documents/gifdroid-reproduction/app_HomeMedkit/utg03/input/artifacts"
2026-03-27 04:00:37  DEBUG     load_screenshots: 53 screenshots loaded in 6.20s from "/Users/tanmaybhuskute/Documents/gifdroid-reproduction/app_HomeMedkit/utg03/input/artifacts"
2026-03-27 04:01:06  DEBUG     mapping: best match "artifacts_53.png" (score=0.311)
2026-03-27 04:01:25  DEBUG     mapping: best match "artifacts_30.png" (score=0.341)
2026-03-27 04:01:50  DEBUG     mapping: best match "artifacts_30.png" (score=0.338)
2026-03-27 04:02:11  DEBUG     mapping: best match "artifacts_30.png" (score=0.340)
2026-03-27 04:02:33  DEBUG     mapping: best match "artifacts_30.png" (score=0.305)
2026-03-27 04:02:54  DEBUG     mapping: best match "artifacts_30.png" (score=0.309)
2026-03-27 04:03:14  DEBUG     mapping: best match "artifacts_30.png" (score=0.308)
2026-03-27 04:03:34  DEBUG     mapping: best match "artifacts_53.png" (score=0.320)
2026-03-27 04:03:54  DEBUG     mapping: best match "artifacts_53.png" (score=0.319)
2026-03-27 04:04:11  DEBUG     mapping: best match "artifacts_53.png" (score=0.318)
2026-03-27 04:04:25  DEBUG     mapping: best match "artifacts_53.png" (score=0.325)
2026-03-27 04:04:41  DEBUG     mapping: best match "artifacts_53.png" (score=0.329)
2026-03-27 04:04:55  DEBUG     mapping: best match "artifacts_53.png" (score=0.321)
2026-03-27 04:05:10  DEBUG     mapping: best match "artifacts_53.png" (score=0.315)
2026-03-27 04:05:25  DEBUG     mapping: best match "artifacts_53.png" (score=0.308)
2026-03-27 04:05:39  DEBUG     mapping: best match "artifacts_53.png" (score=0.312)
2026-03-27 04:05:55  DEBUG     mapping: best match "artifacts_30.png" (score=0.284)
2026-03-27 04:06:10  DEBUG     mapping: best match "artifacts_30.png" (score=0.300)
2026-03-27 04:06:25  DEBUG     mapping: best match "artifacts_30.png" (score=0.295)
2026-03-27 04:06:39  DEBUG     mapping: best match "artifacts_30.png" (score=0.307)
2026-03-27 04:06:53  DEBUG     mapping: best match "artifacts_30.png" (score=0.308)
2026-03-27 04:07:06  DEBUG     mapping: best match "artifacts_30.png" (score=0.315)
2026-03-27 04:07:19  DEBUG     mapping: best match "artifacts_30.png" (score=0.316)
2026-03-27 04:07:33  DEBUG     mapping: best match "artifacts_30.png" (score=0.315)
2026-03-27 04:07:46  DEBUG     mapping: best match "artifacts_30.png" (score=0.316)
2026-03-27 04:07:59  DEBUG     mapping: best match "artifacts_30.png" (score=0.311)
2026-03-27 04:08:13  DEBUG     mapping: best match "artifacts_30.png" (score=0.320)
2026-03-27 04:08:25  DEBUG     mapping: best match "artifacts_53.png" (score=0.326)
2026-03-27 04:08:39  DEBUG     mapping: best match "artifacts_53.png" (score=0.337)
2026-03-27 04:08:52  DEBUG     mapping: best match "artifacts_53.png" (score=0.339)
2026-03-27 04:09:05  DEBUG     mapping: best match "artifacts_53.png" (score=0.331)
2026-03-27 04:09:18  DEBUG     mapping: best match "artifacts_53.png" (score=0.330)
2026-03-27 04:09:32  DEBUG     mapping: best match "artifacts_53.png" (score=0.325)
2026-03-27 04:09:45  DEBUG     mapping: best match "artifacts_53.png" (score=0.317)
2026-03-27 04:09:58  DEBUG     mapping: best match "artifacts_53.png" (score=0.315)
2026-03-27 04:10:39  DEBUG     mapping: best match "artifacts_53.png" (score=0.313)
2026-03-27 04:11:02  DEBUG     mapping: best match "artifacts_53.png" (score=0.315)
2026-03-27 04:11:22  DEBUG     mapping: best match "artifacts_53.png" (score=0.316)
2026-03-27 04:11:43  DEBUG     mapping: best match "artifacts_53.png" (score=0.313)
2026-03-27 04:12:03  DEBUG     mapping: best match "artifacts_53.png" (score=0.305)
2026-03-27 04:12:23  DEBUG     mapping: best match "artifacts_53.png" (score=0.322)
2026-03-27 04:12:43  DEBUG     mapping: best match "artifacts_53.png" (score=0.320)
2026-03-27 04:13:06  DEBUG     mapping: best match "artifacts_53.png" (score=0.322)
2026-03-27 04:13:27  DEBUG     mapping: best match "artifacts_53.png" (score=0.319)
2026-03-27 04:13:47  DEBUG     mapping: best match "artifacts_53.png" (score=0.316)
2026-03-27 04:14:01  DEBUG     mapping: best match "artifacts_53.png" (score=0.306)
2026-03-27 04:14:16  DEBUG     mapping: best match "artifacts_53.png" (score=0.308)
2026-03-27 04:14:32  DEBUG     mapping: best match "artifacts_53.png" (score=0.314)
2026-03-27 04:14:47  DEBUG     mapping: best match "artifacts_30.png" (score=0.323)
2026-03-27 04:15:03  DEBUG     mapping: best match "artifacts_30.png" (score=0.324)
2026-03-27 04:15:19  DEBUG     mapping: best match "artifacts_30.png" (score=0.347)
2026-03-27 04:15:33  DEBUG     mapping: best match "artifacts_30.png" (score=0.348)
2026-03-27 04:15:48  DEBUG     mapping: best match "artifacts_30.png" (score=0.332)
2026-03-27 04:16:03  DEBUG     mapping: best match "artifacts_30.png" (score=0.352)
2026-03-27 04:16:03  INFO      gui_mapping: done — index sequence [53, 30, 30, 30, 30, 30, 30, 53, 53, 53, 53, 53, 53, 53, 53, 53, 30, 30, 30, 30, 30, 30, 30, 30, 30, 30, 30, 53, 53, 53, 53, 53, 53, 53, 53, 53, 53, 53, 53, 53, 53, 53, 53, 53, 53, 53, 53, 53, 30, 30, 30, 30, 30, 30] (932.12s)
2026-03-27 04:16:03  INFO        Mapped index sequence : [53, 30, 30, 30, 30, 30, 30, 53, 53, 53, 53, 53, 53, 53, 53, 53, 30, 30, 30, 30, 30, 30, 30, 30, 30, 30, 30, 53, 53, 53, 53, 53, 53, 53, 53, 53, 53, 53, 53, 53, 53, 53, 53, 53, 53, 53, 53, 53, 30, 30, 30, 30, 30, 30]
2026-03-27 04:16:03  INFO        Duration              : 932.12s
2026-03-27 04:16:03  INFO      ==================================================
2026-03-27 04:16:03  INFO      STEP 3: Find Execution Trace
2026-03-27 04:16:03  INFO        UTG file : /Users/tanmaybhuskute/Documents/gifdroid-reproduction/app_HomeMedkit/utg03/input/utg.json
2026-03-27 04:16:03  INFO      find_execution_trace: target sequence [53, 30, 30, 30, 30, 30, 30, 53, 53, 53, 53, 53, 53, 53, 53, 53, 30, 30, 30, 30, 30, 30, 30, 30, 30, 30, 30, 53, 53, 53, 53, 53, 53, 53, 53, 53, 53, 53, 53, 53, 53, 53, 53, 53, 53, 53, 53, 53, 30, 30, 30, 30, 30, 30]
2026-03-27 04:16:03  DEBUG     read_graph: 210 edges, 52 vertices loaded in 0.01s
2026-03-27 04:16:03  DEBUG     find_execution_trace: 41031 candidate paths found in 0.78s
2026-03-27 04:16:15  INFO      find_execution_trace: 1 trace(s) found (LCS=1, length=4) in 12.73s
2026-03-27 04:16:15  INFO        Candidate traces found : 1
2026-03-27 04:16:15  INFO          Trace 0: [0, 1, 31, 30]
2026-03-27 04:16:15  INFO        Duration : 12.73s
2026-03-27 04:16:15  INFO      ==================================================
2026-03-27 04:16:15  INFO      STEP 4: Store Execution Trace
2026-03-27 04:16:15  INFO      Execution trace written to: /Users/tanmaybhuskute/Documents/gifdroid-reproduction/app_HomeMedkit/utg03/output/execution_hhv_HomeMedkit_baseline.json
2026-03-27 04:16:15  INFO        Duration : 0.00s
2026-03-27 04:16:15  INFO      ==================================================
2026-03-27 04:16:15  INFO      Pipeline complete.  Total time: 1074.68s
2026-03-27 04:16:15  INFO      ==================================================
