2026-03-22 17:56:36  INFO      Log file: /Users/tanmaybhuskute/Documents/gifdroid-reproduction/app_HomeMedkit/utg03/gifdroid_20260322_175636_srv.log
2026-03-22 17:56:36  INFO      GIFdroid started
2026-03-22 17:56:36  INFO        --video          : /Users/tanmaybhuskute/Documents/gifdroid-reproduction/app_HomeMedkit/utg03/input/screenrec/srv_app_HomeMedkit.mp4
2026-03-22 17:56:36  INFO        --utg            : /Users/tanmaybhuskute/Documents/gifdroid-reproduction/app_HomeMedkit/utg03/input/utg.json
2026-03-22 17:56:36  INFO        --artifact       : /Users/tanmaybhuskute/Documents/gifdroid-reproduction/app_HomeMedkit/utg03/input/artifacts
2026-03-22 17:56:36  INFO        --out            : /Users/tanmaybhuskute/Documents/gifdroid-reproduction/app_HomeMedkit/utg03/output/execution_srv_HomeMedkit.json
2026-03-22 17:56:36  INFO        --log-dir        : None
2026-03-22 17:56:36  INFO        --save-keyframes : /Users/tanmaybhuskute/Documents/gifdroid-reproduction/app_HomeMedkit/utg03/output/keyframes
2026-03-22 17:56:36  INFO      ==================================================
2026-03-22 17:56:36  INFO      STEP 1: Keyframe Location
2026-03-22 17:56:36  INFO        Input video : /Users/tanmaybhuskute/Documents/gifdroid-reproduction/app_HomeMedkit/utg03/input/screenrec/srv_app_HomeMedkit.mp4
2026-03-22 17:56:36  INFO      keyframe_location: starting on video "/Users/tanmaybhuskute/Documents/gifdroid-reproduction/app_HomeMedkit/utg03/input/screenrec/srv_app_HomeMedkit.mp4"
2026-03-22 17:56:43  DEBUG     read_frames_from_video: 777 frames decoded in 6.84s
2026-03-22 17:57:58  DEBUG     calculate_sim_seq: 776 similarities computed in 75.18s
2026-03-22 17:57:58  DEBUG     detect_keyframes: 8 keyframes detected from 776 frames in 0.00s
2026-03-22 17:57:58  INFO      keyframe_location: done — 8 keyframes at indices [15, 47, 281, 371, 400, 517, 585, 776] (82.06s total)
2026-03-22 17:57:59  INFO        Keyframes found   : 8
2026-03-22 17:57:59  INFO        Keyframe indices  : [15, 47, 281, 371, 400, 517, 585, 776]
2026-03-22 17:57:59  INFO        Duration          : 82.29s
2026-03-22 17:57:59  INFO        Keyframes saved to: /Users/tanmaybhuskute/Documents/gifdroid-reproduction/app_HomeMedkit/utg03/output/keyframes (8 files)
2026-03-22 17:57:59  INFO      ==================================================
2026-03-22 17:57:59  INFO      STEP 2: GUI Mapping
2026-03-22 17:57:59  INFO        Screenshots dir : /Users/tanmaybhuskute/Documents/gifdroid-reproduction/app_HomeMedkit/utg03/input/artifacts
2026-03-22 17:57:59  INFO      gui_mapping: matching 8 keyframes against screenshots in "/Users/tanmaybhuskute/Documents/gifdroid-reproduction/app_HomeMedkit/utg03/input/artifacts"
2026-03-22 17:58:04  DEBUG     load_screenshots: 53 screenshots loaded in 5.09s from "/Users/tanmaybhuskute/Documents/gifdroid-reproduction/app_HomeMedkit/utg03/input/artifacts"
