2026-03-27 18:00:17  INFO      Log file: /Users/tanmaybhuskute/Documents/gifdroid-reproduction/app_WifiAnalyzer/utg01/gifdroid_20260327_180017_hhv_baseline.log
2026-03-27 18:00:17  INFO      GIFdroid started
2026-03-27 18:00:17  INFO        --video            : /Users/tanmaybhuskute/Documents/gifdroid-reproduction/app_WifiAnalyzer/utg01/input/handheld/hhv_app_WifiAnalyzer.mp4
2026-03-27 18:00:17  INFO        --utg              : /Users/tanmaybhuskute/Documents/gifdroid-reproduction/app_WifiAnalyzer/utg01/input/utg.json
2026-03-27 18:00:17  INFO        --artifact         : /Users/tanmaybhuskute/Documents/gifdroid-reproduction/app_WifiAnalyzer/utg01/input/artifacts
2026-03-27 18:00:17  INFO        --out              : /Users/tanmaybhuskute/Documents/gifdroid-reproduction/app_WifiAnalyzer/utg01/output/execution_hhv_WifiAnalyzer_baseline.json
2026-03-27 18:00:17  INFO        --log-dir          : None
2026-03-27 18:00:17  INFO        --save-keyframes   : /Users/tanmaybhuskute/Documents/gifdroid-reproduction/app_WifiAnalyzer/utg01/output/keyframes_baseline
2026-03-27 18:00:17  INFO        --keyframe-method  : baseline
2026-03-27 18:00:17  INFO      ==================================================
2026-03-27 18:00:17  INFO      STEP 1: Keyframe Location
2026-03-27 18:00:17  INFO        Input video      : /Users/tanmaybhuskute/Documents/gifdroid-reproduction/app_WifiAnalyzer/utg01/input/handheld/hhv_app_WifiAnalyzer.mp4
2026-03-27 18:00:17  INFO        Keyframe method  : baseline
2026-03-27 18:00:17  INFO      keyframe_location: starting on video "/Users/tanmaybhuskute/Documents/gifdroid-reproduction/app_WifiAnalyzer/utg01/input/handheld/hhv_app_WifiAnalyzer.mp4"
2026-03-27 18:00:36  DEBUG     read_frames_from_video: 1191 frames decoded in 19.38s
2026-03-27 18:03:57  DEBUG     calculate_sim_seq: 1190 similarities computed in 200.58s
2026-03-27 18:03:57  DEBUG     detect_keyframes: 15 keyframes detected from 1190 frames in 0.00s
2026-03-27 18:03:57  INFO      keyframe_location: done — 15 keyframes at indices [96, 131, 198, 260, 379, 466, 574, 599, 720, 738, 900, 943, 1100, 1124, 1190] (220.01s total)
2026-03-27 18:03:57  INFO        Keyframes found   : 15
2026-03-27 18:03:57  INFO        Keyframe indices  : [96, 131, 198, 260, 379, 466, 574, 599, 720, 738, 900, 943, 1100, 1124, 1190]
2026-03-27 18:03:57  INFO        Duration          : 220.39s
2026-03-27 18:03:58  INFO        Keyframes saved to: /Users/tanmaybhuskute/Documents/gifdroid-reproduction/app_WifiAnalyzer/utg01/output/keyframes_baseline (15 files)
2026-03-27 18:03:58  INFO      ==================================================
2026-03-27 18:03:58  INFO      STEP 2: GUI Mapping
2026-03-27 18:03:58  INFO        Screenshots dir : /Users/tanmaybhuskute/Documents/gifdroid-reproduction/app_WifiAnalyzer/utg01/input/artifacts
2026-03-27 18:03:58  INFO      gui_mapping: matching 15 keyframes against screenshots in "/Users/tanmaybhuskute/Documents/gifdroid-reproduction/app_WifiAnalyzer/utg01/input/artifacts"
2026-03-27 18:04:01  DEBUG     load_screenshots: 47 screenshots loaded in 2.53s from "/Users/tanmaybhuskute/Documents/gifdroid-reproduction/app_WifiAnalyzer/utg01/input/artifacts"
2026-03-27 18:04:06  DEBUG     mapping: best match "artifacts_19.png" (score=0.222)
2026-03-27 18:04:12  DEBUG     mapping: best match "artifacts_31.png" (score=0.310)
2026-03-27 18:04:18  DEBUG     mapping: best match "artifacts_31.png" (score=0.226)
2026-03-27 18:04:24  DEBUG     mapping: best match "artifacts_31.png" (score=0.224)
2026-03-27 18:04:35  DEBUG     mapping: best match "artifacts_31.png" (score=0.234)
2026-03-27 18:04:44  DEBUG     mapping: best match "artifacts_31.png" (score=0.264)
2026-03-27 18:04:50  DEBUG     mapping: best match "artifacts_31.png" (score=0.241)
2026-03-27 18:04:56  DEBUG     mapping: best match "artifacts_31.png" (score=0.239)
2026-03-27 18:05:02  DEBUG     mapping: best match "artifacts_31.png" (score=0.238)
2026-03-27 18:05:08  DEBUG     mapping: best match "artifacts_31.png" (score=0.240)
2026-03-27 18:05:39  DEBUG     mapping: best match "artifacts_31.png" (score=0.258)
2026-03-27 18:05:44  DEBUG     mapping: best match "artifacts_31.png" (score=0.255)
2026-03-27 18:05:48  DEBUG     mapping: best match "artifacts_31.png" (score=0.268)
2026-03-27 18:05:53  DEBUG     mapping: best match "artifacts_31.png" (score=0.268)
2026-03-27 18:05:58  DEBUG     mapping: best match "artifacts_31.png" (score=0.265)
2026-03-27 18:05:58  INFO      gui_mapping: done — index sequence [19, 31, 31, 31, 31, 31, 31, 31, 31, 31, 31, 31, 31, 31, 31] (119.69s)
2026-03-27 18:05:58  INFO        Mapped index sequence : [19, 31, 31, 31, 31, 31, 31, 31, 31, 31, 31, 31, 31, 31, 31]
2026-03-27 18:05:58  INFO        Duration              : 119.69s
2026-03-27 18:05:58  INFO      ==================================================
2026-03-27 18:05:58  INFO      STEP 3: Find Execution Trace
2026-03-27 18:05:58  INFO        UTG file : /Users/tanmaybhuskute/Documents/gifdroid-reproduction/app_WifiAnalyzer/utg01/input/utg.json
2026-03-27 18:05:58  INFO      find_execution_trace: target sequence [19, 31, 31, 31, 31, 31, 31, 31, 31, 31, 31, 31, 31, 31, 31]
2026-03-27 18:05:58  DEBUG     read_graph: 135 edges, 48 vertices loaded in 0.00s
2026-03-27 18:05:58  DEBUG     find_execution_trace: 268 candidate paths found in 0.01s
2026-03-27 18:05:58  INFO      find_execution_trace: 1 trace(s) found (LCS=2, length=14) in 0.04s
2026-03-27 18:05:58  INFO        Candidate traces found : 1
2026-03-27 18:05:58  INFO          Trace 0: [0, 1, 2, 6, 7, 18, 19, 5, 3, 4, 27, 28, 29, 31]
2026-03-27 18:05:58  INFO        Duration : 0.04s
2026-03-27 18:05:58  INFO      ==================================================
2026-03-27 18:05:58  INFO      STEP 4: Store Execution Trace
2026-03-27 18:05:58  INFO      Execution trace written to: /Users/tanmaybhuskute/Documents/gifdroid-reproduction/app_WifiAnalyzer/utg01/output/execution_hhv_WifiAnalyzer_baseline.json
2026-03-27 18:05:58  INFO        Duration : 0.00s
2026-03-27 18:05:58  INFO      ==================================================
2026-03-27 18:05:58  INFO      Pipeline complete.  Total time: 341.30s
2026-03-27 18:05:58  INFO      ==================================================
