2026-03-27 06:29:18  INFO      Log file: /Users/tanmaybhuskute/Documents/gifdroid-reproduction/app_Jigsaw/utg03/gifdroid_20260327_062918_hhv_homography.log
2026-03-27 06:29:18  INFO      GIFdroid started
2026-03-27 06:29:18  INFO        --video            : /Users/tanmaybhuskute/Documents/gifdroid-reproduction/app_Jigsaw/utg03/input/handheld/hhv_app_Jigsaw.mp4
2026-03-27 06:29:18  INFO        --utg              : /Users/tanmaybhuskute/Documents/gifdroid-reproduction/app_Jigsaw/utg03/input/utg.json
2026-03-27 06:29:18  INFO        --artifact         : /Users/tanmaybhuskute/Documents/gifdroid-reproduction/app_Jigsaw/utg03/input/artifacts
2026-03-27 06:29:18  INFO        --out              : /Users/tanmaybhuskute/Documents/gifdroid-reproduction/app_Jigsaw/utg03/output/execution_hhv_Jigsaw_homography.json
2026-03-27 06:29:18  INFO        --log-dir          : None
2026-03-27 06:29:18  INFO        --save-keyframes   : /Users/tanmaybhuskute/Documents/gifdroid-reproduction/app_Jigsaw/utg03/output/keyframes_homography
2026-03-27 06:29:18  INFO        --keyframe-method  : homography
2026-03-27 06:29:18  INFO      ==================================================
2026-03-27 06:29:18  INFO      STEP 1: Keyframe Location
2026-03-27 06:29:18  INFO        Input video      : /Users/tanmaybhuskute/Documents/gifdroid-reproduction/app_Jigsaw/utg03/input/handheld/hhv_app_Jigsaw.mp4
2026-03-27 06:29:18  INFO        Keyframe method  : homography
2026-03-27 06:29:18  INFO      keyframe_location_homography: starting on "/Users/tanmaybhuskute/Documents/gifdroid-reproduction/app_Jigsaw/utg03/input/handheld/hhv_app_Jigsaw.mp4"
2026-03-27 06:29:22  DEBUG     read_frames_from_video: 563 frames decoded in 4.11s
2026-03-27 06:33:52  DEBUG     detect_keyframes: 4 keyframes detected from 562 frames in 0.00s
2026-03-27 06:33:52  INFO      keyframe_location_homography: done — 4 keyframes at indices [114, 147, 448, 562] (274.31s)
2026-03-27 06:33:52  INFO        Keyframes found   : 4
2026-03-27 06:33:52  INFO        Keyframe indices  : [114, 147, 448, 562]
2026-03-27 06:33:52  INFO        Duration          : 274.44s
2026-03-27 06:33:53  INFO        Keyframes saved to: /Users/tanmaybhuskute/Documents/gifdroid-reproduction/app_Jigsaw/utg03/output/keyframes_homography (4 files)
2026-03-27 06:33:53  INFO      ==================================================
2026-03-27 06:33:53  INFO      STEP 2: GUI Mapping
2026-03-27 06:33:53  INFO        Screenshots dir : /Users/tanmaybhuskute/Documents/gifdroid-reproduction/app_Jigsaw/utg03/input/artifacts
2026-03-27 06:33:53  INFO      gui_mapping: matching 4 keyframes against screenshots in "/Users/tanmaybhuskute/Documents/gifdroid-reproduction/app_Jigsaw/utg03/input/artifacts"
2026-03-27 06:33:53  DEBUG     load_screenshots: 3 screenshots loaded in 0.21s from "/Users/tanmaybhuskute/Documents/gifdroid-reproduction/app_Jigsaw/utg03/input/artifacts"
2026-03-27 06:33:53  DEBUG     mapping: best match "artifacts_2.png" (score=0.264)
2026-03-27 06:33:53  DEBUG     mapping: best match "artifacts_2.png" (score=0.285)
2026-03-27 06:33:53  DEBUG     mapping: best match "artifacts_2.png" (score=0.258)
2026-03-27 06:33:54  DEBUG     mapping: best match "artifacts_2.png" (score=0.277)
2026-03-27 06:33:54  INFO      gui_mapping: done — index sequence [2, 2, 2, 2] (1.19s)
2026-03-27 06:33:54  INFO        Mapped index sequence : [2, 2, 2, 2]
2026-03-27 06:33:54  INFO        Duration              : 1.19s
2026-03-27 06:33:54  INFO      ==================================================
2026-03-27 06:33:54  INFO      STEP 3: Find Execution Trace
2026-03-27 06:33:54  INFO        UTG file : /Users/tanmaybhuskute/Documents/gifdroid-reproduction/app_Jigsaw/utg03/input/utg.json
2026-03-27 06:33:54  INFO      find_execution_trace: target sequence [2, 2, 2, 2]
2026-03-27 06:33:54  DEBUG     read_graph: 2 edges, 2 vertices loaded in 0.00s
2026-03-27 06:33:54  DEBUG     find_execution_trace: 0 candidate paths found in 0.00s
2026-03-27 06:33:54  WARNING   find_execution_trace: no paths found from node 0 to screen 2 in the UTG (sequence=[2, 2, 2, 2]). Returning empty trace. (0.00s)
2026-03-27 06:33:54  INFO        Candidate traces found : 0
2026-03-27 06:33:54  INFO        Duration : 0.00s
2026-03-27 06:33:54  INFO      ==================================================
2026-03-27 06:33:54  INFO      STEP 4: Store Execution Trace
2026-03-27 06:33:54  INFO      Execution trace written to: /Users/tanmaybhuskute/Documents/gifdroid-reproduction/app_Jigsaw/utg03/output/execution_hhv_Jigsaw_homography.json
2026-03-27 06:33:54  INFO        Duration : 0.00s
2026-03-27 06:33:54  INFO      ==================================================
2026-03-27 06:33:54  INFO      Pipeline complete.  Total time: 275.91s
2026-03-27 06:33:54  INFO      ==================================================
