2026-03-27 06:28:20  INFO      Log file: /Users/tanmaybhuskute/Documents/gifdroid-reproduction/app_Jigsaw/utg03/gifdroid_20260327_062820_hhv_hysteresis.log
2026-03-27 06:28:20  INFO      GIFdroid started
2026-03-27 06:28:20  INFO        --video            : /Users/tanmaybhuskute/Documents/gifdroid-reproduction/app_Jigsaw/utg03/input/handheld/hhv_app_Jigsaw.mp4
2026-03-27 06:28:20  INFO        --utg              : /Users/tanmaybhuskute/Documents/gifdroid-reproduction/app_Jigsaw/utg03/input/utg.json
2026-03-27 06:28:20  INFO        --artifact         : /Users/tanmaybhuskute/Documents/gifdroid-reproduction/app_Jigsaw/utg03/input/artifacts
2026-03-27 06:28:20  INFO        --out              : /Users/tanmaybhuskute/Documents/gifdroid-reproduction/app_Jigsaw/utg03/output/execution_hhv_Jigsaw_hysteresis.json
2026-03-27 06:28:20  INFO        --log-dir          : None
2026-03-27 06:28:20  INFO        --save-keyframes   : /Users/tanmaybhuskute/Documents/gifdroid-reproduction/app_Jigsaw/utg03/output/keyframes_hysteresis
2026-03-27 06:28:20  INFO        --keyframe-method  : hysteresis
2026-03-27 06:28:20  INFO      ==================================================
2026-03-27 06:28:20  INFO      STEP 1: Keyframe Location
2026-03-27 06:28:20  INFO        Input video      : /Users/tanmaybhuskute/Documents/gifdroid-reproduction/app_Jigsaw/utg03/input/handheld/hhv_app_Jigsaw.mp4
2026-03-27 06:28:20  INFO        Keyframe method  : hysteresis
2026-03-27 06:28:20  INFO      keyframe_location_hysteresis: starting on "/Users/tanmaybhuskute/Documents/gifdroid-reproduction/app_Jigsaw/utg03/input/handheld/hhv_app_Jigsaw.mp4" (k=3)
2026-03-27 06:28:24  DEBUG     read_frames_from_video: 563 frames decoded in 3.93s
2026-03-27 06:29:11  DEBUG     calculate_sim_seq: 562 similarities computed in 47.14s
2026-03-27 06:29:11  INFO      keyframe_location_hysteresis: done — 17 keyframes at indices [113, 228, 235, 266, 328, 349, 353, 383, 402, 409, 447, 469, 491, 535, 544, 551, 562] (51.09s)
2026-03-27 06:29:11  INFO        Keyframes found   : 17
2026-03-27 06:29:11  INFO        Keyframe indices  : [113, 228, 235, 266, 328, 349, 353, 383, 402, 409, 447, 469, 491, 535, 544, 551, 562]
2026-03-27 06:29:11  INFO        Duration          : 51.18s
2026-03-27 06:29:13  INFO        Keyframes saved to: /Users/tanmaybhuskute/Documents/gifdroid-reproduction/app_Jigsaw/utg03/output/keyframes_hysteresis (17 files)
2026-03-27 06:29:13  INFO      ==================================================
2026-03-27 06:29:13  INFO      STEP 2: GUI Mapping
2026-03-27 06:29:13  INFO        Screenshots dir : /Users/tanmaybhuskute/Documents/gifdroid-reproduction/app_Jigsaw/utg03/input/artifacts
2026-03-27 06:29:13  INFO      gui_mapping: matching 17 keyframes against screenshots in "/Users/tanmaybhuskute/Documents/gifdroid-reproduction/app_Jigsaw/utg03/input/artifacts"
2026-03-27 06:29:13  DEBUG     load_screenshots: 3 screenshots loaded in 0.20s from "/Users/tanmaybhuskute/Documents/gifdroid-reproduction/app_Jigsaw/utg03/input/artifacts"
2026-03-27 06:29:13  DEBUG     mapping: best match "artifacts_2.png" (score=0.263)
2026-03-27 06:29:13  DEBUG     mapping: best match "artifacts_2.png" (score=0.261)
2026-03-27 06:29:14  DEBUG     mapping: best match "artifacts_2.png" (score=0.259)
2026-03-27 06:29:14  DEBUG     mapping: best match "artifacts_2.png" (score=0.261)
2026-03-27 06:29:14  DEBUG     mapping: best match "artifacts_2.png" (score=0.259)
2026-03-27 06:29:14  DEBUG     mapping: best match "artifacts_2.png" (score=0.257)
2026-03-27 06:29:15  DEBUG     mapping: best match "artifacts_2.png" (score=0.258)
2026-03-27 06:29:15  DEBUG     mapping: best match "artifacts_2.png" (score=0.262)
2026-03-27 06:29:15  DEBUG     mapping: best match "artifacts_2.png" (score=0.259)
2026-03-27 06:29:15  DEBUG     mapping: best match "artifacts_2.png" (score=0.260)
2026-03-27 06:29:16  DEBUG     mapping: best match "artifacts_2.png" (score=0.258)
2026-03-27 06:29:16  DEBUG     mapping: best match "artifacts_2.png" (score=0.272)
2026-03-27 06:29:16  DEBUG     mapping: best match "artifacts_2.png" (score=0.270)
2026-03-27 06:29:16  DEBUG     mapping: best match "artifacts_2.png" (score=0.275)
2026-03-27 06:29:17  DEBUG     mapping: best match "artifacts_2.png" (score=0.276)
2026-03-27 06:29:17  DEBUG     mapping: best match "artifacts_2.png" (score=0.278)
2026-03-27 06:29:17  DEBUG     mapping: best match "artifacts_2.png" (score=0.277)
2026-03-27 06:29:17  INFO      gui_mapping: done — index sequence [2, 2, 2, 2, 2, 2, 2, 2, 2, 2, 2, 2, 2, 2, 2, 2, 2] (4.40s)
2026-03-27 06:29:17  INFO        Mapped index sequence : [2, 2, 2, 2, 2, 2, 2, 2, 2, 2, 2, 2, 2, 2, 2, 2, 2]
2026-03-27 06:29:17  INFO        Duration              : 4.40s
2026-03-27 06:29:17  INFO      ==================================================
2026-03-27 06:29:17  INFO      STEP 3: Find Execution Trace
2026-03-27 06:29:17  INFO        UTG file : /Users/tanmaybhuskute/Documents/gifdroid-reproduction/app_Jigsaw/utg03/input/utg.json
2026-03-27 06:29:17  INFO      find_execution_trace: target sequence [2, 2, 2, 2, 2, 2, 2, 2, 2, 2, 2, 2, 2, 2, 2, 2, 2]
2026-03-27 06:29:17  DEBUG     read_graph: 2 edges, 2 vertices loaded in 0.00s
2026-03-27 06:29:17  DEBUG     find_execution_trace: 0 candidate paths found in 0.00s
2026-03-27 06:29:17  WARNING   find_execution_trace: no paths found from node 0 to screen 2 in the UTG (sequence=[2, 2, 2, 2, 2, 2, 2, 2, 2, 2, 2, 2, 2, 2, 2, 2, 2]). Returning empty trace. (0.00s)
2026-03-27 06:29:17  INFO        Candidate traces found : 0
2026-03-27 06:29:17  INFO        Duration : 0.00s
2026-03-27 06:29:17  INFO      ==================================================
2026-03-27 06:29:17  INFO      STEP 4: Store Execution Trace
2026-03-27 06:29:17  INFO      Execution trace written to: /Users/tanmaybhuskute/Documents/gifdroid-reproduction/app_Jigsaw/utg03/output/execution_hhv_Jigsaw_hysteresis.json
2026-03-27 06:29:17  INFO        Duration : 0.00s
2026-03-27 06:29:17  INFO      ==================================================
2026-03-27 06:29:17  INFO      Pipeline complete.  Total time: 56.84s
2026-03-27 06:29:17  INFO      ==================================================
