2026-03-23 01:59:11  INFO      Log file: /Users/tanmaybhuskute/Documents/gifdroid-reproduction/app_Jigsaw/utg03/gifdroid_20260323_015911_srv.log
2026-03-23 01:59:11  INFO      GIFdroid started
2026-03-23 01:59:11  INFO        --video          : app_Jigsaw/utg03/input/screenrec/srv_app_Jigsaw.mp4
2026-03-23 01:59:11  INFO        --utg            : app_Jigsaw/utg03/input/utg.json
2026-03-23 01:59:11  INFO        --artifact       : app_Jigsaw/utg03/input/artifacts
2026-03-23 01:59:11  INFO        --out            : app_Jigsaw/utg03/output/execution_srv_Jigsaw.json
2026-03-23 01:59:11  INFO        --log-dir        : None
2026-03-23 01:59:11  INFO        --save-keyframes : /Users/tanmaybhuskute/Documents/gifdroid-reproduction/app_Jigsaw/utg03/output/keyframes
2026-03-23 01:59:11  INFO      ==================================================
2026-03-23 01:59:11  INFO      STEP 1: Keyframe Location
2026-03-23 01:59:11  INFO        Input video : app_Jigsaw/utg03/input/screenrec/srv_app_Jigsaw.mp4
2026-03-23 01:59:11  INFO      keyframe_location: starting on video "app_Jigsaw/utg03/input/screenrec/srv_app_Jigsaw.mp4"
2026-03-23 01:59:19  DEBUG     read_frames_from_video: 1025 frames decoded in 7.94s
2026-03-23 02:00:46  DEBUG     calculate_sim_seq: 1024 similarities computed in 87.65s
2026-03-23 02:00:46  DEBUG     detect_keyframes: 6 keyframes detected from 1024 frames in 0.00s
2026-03-23 02:00:46  INFO      keyframe_location: done — 6 keyframes at indices [15, 31, 67, 97, 470, 1024] (95.63s total)
2026-03-23 02:00:47  INFO        Keyframes found   : 6
2026-03-23 02:00:47  INFO        Keyframe indices  : [15, 31, 67, 97, 470, 1024]
2026-03-23 02:00:47  INFO        Duration          : 95.93s
2026-03-23 02:00:47  INFO        Keyframes saved to: /Users/tanmaybhuskute/Documents/gifdroid-reproduction/app_Jigsaw/utg03/output/keyframes (6 files)
2026-03-23 02:00:47  INFO      ==================================================
2026-03-23 02:00:47  INFO      STEP 2: GUI Mapping
2026-03-23 02:00:47  INFO        Screenshots dir : app_Jigsaw/utg03/input/artifacts
2026-03-23 02:00:47  INFO      gui_mapping: matching 6 keyframes against screenshots in "app_Jigsaw/utg03/input/artifacts"
2026-03-23 02:00:47  DEBUG     load_screenshots: 3 screenshots loaded in 0.22s from "app_Jigsaw/utg03/input/artifacts"
2026-03-23 02:00:47  DEBUG     mapping: best match "artifacts_1.png" (score=0.224)
2026-03-23 02:00:48  DEBUG     mapping: best match "artifacts_2.png" (score=0.391)
2026-03-23 02:00:48  DEBUG     mapping: best match "artifacts_1.png" (score=0.360)
2026-03-23 02:00:48  DEBUG     mapping: best match "artifacts_1.png" (score=0.389)
2026-03-23 02:00:48  DEBUG     mapping: best match "artifacts_2.png" (score=0.428)
2026-03-23 02:00:49  DEBUG     mapping: best match "artifacts_2.png" (score=0.410)
2026-03-23 02:00:49  INFO      gui_mapping: done — index sequence [1, 2, 1, 1, 2, 2] (1.68s)
2026-03-23 02:00:49  INFO        Mapped index sequence : [1, 2, 1, 1, 2, 2]
2026-03-23 02:00:49  INFO        Duration              : 1.68s
2026-03-23 02:00:49  INFO      ==================================================
2026-03-23 02:00:49  INFO      STEP 3: Find Execution Trace
2026-03-23 02:00:49  INFO        UTG file : app_Jigsaw/utg03/input/utg.json
2026-03-23 02:00:49  INFO      find_execution_trace: target sequence [1, 2, 1, 1, 2, 2]
2026-03-23 02:00:49  DEBUG     read_graph: 2 edges, 2 vertices loaded in 0.00s
2026-03-23 02:00:49  DEBUG     find_execution_trace: 0 candidate paths found in 0.00s
2026-03-23 02:00:49  WARNING   find_execution_trace: no paths found from node 0 to screen 2 in the UTG (sequence=[1, 2, 1, 1, 2, 2]). Returning empty trace. (0.00s)
2026-03-23 02:00:49  INFO        Candidate traces found : 0
2026-03-23 02:00:49  INFO        Duration : 0.00s
2026-03-23 02:00:49  INFO      ==================================================
2026-03-23 02:00:49  INFO      STEP 4: Store Execution Trace
2026-03-23 02:00:49  INFO      Execution trace written to: app_Jigsaw/utg03/output/execution_srv_Jigsaw.json
2026-03-23 02:00:49  INFO        Duration : 0.00s
2026-03-23 02:00:49  INFO      ==================================================
2026-03-23 02:00:49  INFO      Pipeline complete.  Total time: 97.76s
2026-03-23 02:00:49  INFO      ==================================================
