2026-03-25 08:57:22  INFO      Log file: /Users/tanmaybhuskute/Documents/gifdroid-reproduction/app_AdAway/utg02/gifdroid_20260325_085722_hhv_stabilize.log
2026-03-25 08:57:22  INFO      GIFdroid started
2026-03-25 08:57:22  INFO        --video            : app_AdAway/utg02/input/handheld/hhv_app_AdAway.mp4
2026-03-25 08:57:22  INFO        --utg              : app_AdAway/utg02/input/utg.json
2026-03-25 08:57:22  INFO        --artifact         : app_AdAway/utg02/input/artifacts
2026-03-25 08:57:22  INFO        --out              : app_AdAway/utg02/output/execution_hhv_AdAway_stabilize.json
2026-03-25 08:57:22  INFO        --log-dir          : None
2026-03-25 08:57:22  INFO        --save-keyframes   : /Users/tanmaybhuskute/Documents/gifdroid-reproduction/app_AdAway/utg02/output/keyframes_stabilize
2026-03-25 08:57:22  INFO        --keyframe-method  : stabilize
2026-03-25 08:57:22  INFO      ==================================================
2026-03-25 08:57:22  INFO      STEP 1: Keyframe Location
2026-03-25 08:57:22  INFO        Input video      : app_AdAway/utg02/input/handheld/hhv_app_AdAway.mp4
2026-03-25 08:57:22  INFO        Keyframe method  : stabilize
2026-03-25 08:57:22  INFO      keyframe_location_stabilized: starting on "app_AdAway/utg02/input/handheld/hhv_app_AdAway.mp4"
2026-03-25 08:59:54  INFO      keyframe_location: starting on video "app_AdAway/utg02/input/handheld/hhv_app_AdAway_stabilized.mp4"
2026-03-25 09:00:06  DEBUG     read_frames_from_video: 1331 frames decoded in 11.61s
2026-03-25 09:02:14  DEBUG     calculate_sim_seq: 1330 similarities computed in 127.61s
2026-03-25 09:02:14  DEBUG     detect_keyframes: 24 keyframes detected from 1330 frames in 0.00s
2026-03-25 09:02:14  INFO      keyframe_location: done — 24 keyframes at indices [20, 74, 168, 231, 245, 366, 454, 608, 617, 629, 718, 794, 834, 880, 942, 1003, 1014, 1096, 1128, 1161, 1173, 1227, 1271, 1330] (139.27s total)
2026-03-25 09:02:14  INFO      keyframe_location_stabilized: done — 24 keyframes at indices [20, 74, 168, 231, 245, 366, 454, 608, 617, 629, 718, 794, 834, 880, 942, 1003, 1014, 1096, 1128, 1161, 1173, 1227, 1271, 1330] (292.58s)
2026-03-25 09:02:14  INFO        Keyframes found   : 24
2026-03-25 09:02:14  INFO        Keyframe indices  : [20, 74, 168, 231, 245, 366, 454, 608, 617, 629, 718, 794, 834, 880, 942, 1003, 1014, 1096, 1128, 1161, 1173, 1227, 1271, 1330]
2026-03-25 09:02:14  INFO        Duration          : 292.58s
2026-03-25 09:02:16  INFO        Keyframes saved to: /Users/tanmaybhuskute/Documents/gifdroid-reproduction/app_AdAway/utg02/output/keyframes_stabilize (24 files)
2026-03-25 09:02:16  INFO      ==================================================
2026-03-25 09:02:16  INFO      STEP 2: GUI Mapping
2026-03-25 09:02:16  INFO        Screenshots dir : app_AdAway/utg02/input/artifacts
2026-03-25 09:02:16  INFO      gui_mapping: matching 24 keyframes against screenshots in "app_AdAway/utg02/input/artifacts"
2026-03-25 09:02:16  DEBUG     load_screenshots: 4 screenshots loaded in 0.54s from "app_AdAway/utg02/input/artifacts"
2026-03-25 09:02:17  DEBUG     mapping: best match "artifacts_2.png" (score=0.279)
2026-03-25 09:02:17  DEBUG     mapping: best match "artifacts_2.png" (score=0.286)
2026-03-25 09:02:18  DEBUG     mapping: best match "artifacts_2.png" (score=0.266)
2026-03-25 09:02:18  DEBUG     mapping: best match "artifacts_2.png" (score=0.275)
2026-03-25 09:02:19  DEBUG     mapping: best match "artifacts_2.png" (score=0.289)
2026-03-25 09:02:19  DEBUG     mapping: best match "artifacts_2.png" (score=0.287)
2026-03-25 09:02:19  DEBUG     mapping: best match "artifacts_2.png" (score=0.265)
2026-03-25 09:02:20  DEBUG     mapping: best match "artifacts_2.png" (score=0.277)
2026-03-25 09:02:20  DEBUG     mapping: best match "artifacts_2.png" (score=0.268)
2026-03-25 09:02:21  DEBUG     mapping: best match "artifacts_2.png" (score=0.271)
2026-03-25 09:02:21  DEBUG     mapping: best match "artifacts_2.png" (score=0.275)
2026-03-25 09:02:22  DEBUG     mapping: best match "artifacts_2.png" (score=0.278)
2026-03-25 09:02:22  DEBUG     mapping: best match "artifacts_2.png" (score=0.283)
2026-03-25 09:02:23  DEBUG     mapping: best match "artifacts_2.png" (score=0.290)
2026-03-25 09:02:23  DEBUG     mapping: best match "artifacts_2.png" (score=0.293)
2026-03-25 09:02:23  DEBUG     mapping: best match "artifacts_2.png" (score=0.345)
2026-03-25 09:02:24  DEBUG     mapping: best match "artifacts_2.png" (score=0.351)
2026-03-25 09:02:24  DEBUG     mapping: best match "artifacts_2.png" (score=0.336)
2026-03-25 09:02:25  DEBUG     mapping: best match "artifacts_2.png" (score=0.302)
2026-03-25 09:02:25  DEBUG     mapping: best match "artifacts_2.png" (score=0.337)
2026-03-25 09:02:26  DEBUG     mapping: best match "artifacts_2.png" (score=0.338)
2026-03-25 09:02:26  DEBUG     mapping: best match "artifacts_2.png" (score=0.307)
2026-03-25 09:02:26  DEBUG     mapping: best match "artifacts_2.png" (score=0.292)
2026-03-25 09:02:27  DEBUG     mapping: best match "artifacts_2.png" (score=0.276)
2026-03-25 09:02:27  INFO      gui_mapping: done — index sequence [2, 2, 2, 2, 2, 2, 2, 2, 2, 2, 2, 2, 2, 2, 2, 2, 2, 2, 2, 2, 2, 2, 2, 2] (11.07s)
2026-03-25 09:02:27  INFO        Mapped index sequence : [2, 2, 2, 2, 2, 2, 2, 2, 2, 2, 2, 2, 2, 2, 2, 2, 2, 2, 2, 2, 2, 2, 2, 2]
2026-03-25 09:02:27  INFO        Duration              : 11.07s
2026-03-25 09:02:27  INFO      ==================================================
2026-03-25 09:02:27  INFO      STEP 3: Find Execution Trace
2026-03-25 09:02:27  INFO        UTG file : app_AdAway/utg02/input/utg.json
2026-03-25 09:02:27  INFO      find_execution_trace: target sequence [2, 2, 2, 2, 2, 2, 2, 2, 2, 2, 2, 2, 2, 2, 2, 2, 2, 2, 2, 2, 2, 2, 2, 2]
2026-03-25 09:02:27  DEBUG     read_graph: 5 edges, 4 vertices loaded in 0.00s
2026-03-25 09:02:27  DEBUG     find_execution_trace: 1 candidate paths found in 0.00s
2026-03-25 09:02:27  INFO      find_execution_trace: 1 trace(s) found (LCS=1, length=3) in 0.00s
2026-03-25 09:02:27  INFO        Candidate traces found : 1
2026-03-25 09:02:27  INFO          Trace 0: [0, 1, 2]
2026-03-25 09:02:27  INFO        Duration : 0.00s
2026-03-25 09:02:27  INFO      ==================================================
2026-03-25 09:02:27  INFO      STEP 4: Store Execution Trace
2026-03-25 09:02:27  INFO      Execution trace written to: app_AdAway/utg02/output/execution_hhv_AdAway_stabilize.json
2026-03-25 09:02:27  INFO        Duration : 0.00s
2026-03-25 09:02:27  INFO      ==================================================
2026-03-25 09:02:27  INFO      Pipeline complete.  Total time: 305.29s
2026-03-25 09:02:27  INFO      ==================================================
