2026-03-24 02:53:35  INFO      Log file: /Users/tanmaybhuskute/Documents/gifdroid-reproduction/app_AdAway/utg02/gifdroid_20260324_025335_hhv.log
2026-03-24 02:53:35  INFO      GIFdroid started
2026-03-24 02:53:35  INFO        --video            : app_AdAway/utg02/input/handheld/hhv_app_AdAway.mp4
2026-03-24 02:53:35  INFO        --utg              : app_AdAway/utg02/input/utg.json
2026-03-24 02:53:35  INFO        --artifact         : app_AdAway/utg02/input/artifacts
2026-03-24 02:53:35  INFO        --out              : app_AdAway/utg02/output/execution_hhv_AdAway_baseline.json
2026-03-24 02:53:35  INFO        --log-dir          : None
2026-03-24 02:53:35  INFO        --save-keyframes   : /Users/tanmaybhuskute/Documents/gifdroid-reproduction/app_AdAway/utg02/output/keyframes_baseline
2026-03-24 02:53:35  INFO        --keyframe-method  : baseline
2026-03-24 02:53:35  INFO      ==================================================
2026-03-24 02:53:35  INFO      STEP 1: Keyframe Location
2026-03-24 02:53:35  INFO        Input video      : app_AdAway/utg02/input/handheld/hhv_app_AdAway.mp4
2026-03-24 02:53:35  INFO        Keyframe method  : baseline
2026-03-24 02:53:35  INFO      keyframe_location: starting on video "app_AdAway/utg02/input/handheld/hhv_app_AdAway.mp4"
2026-03-24 02:53:49  DEBUG     read_frames_from_video: 1331 frames decoded in 13.94s
2026-03-24 02:55:58  DEBUG     calculate_sim_seq: 1330 similarities computed in 129.08s
2026-03-24 02:55:58  DEBUG     detect_keyframes: 39 keyframes detected from 1330 frames in 0.00s
2026-03-24 02:55:58  INFO      keyframe_location: done — 39 keyframes at indices [11, 20, 74, 149, 169, 231, 245, 366, 421, 428, 454, 527, 550, 608, 626, 643, 677, 683, 714, 745, 764, 792, 802, 812, 819, 857, 880, 943, 1016, 1097, 1126, 1161, 1173, 1187, 1221, 1227, 1262, 1270, 1330] (143.10s total)
2026-03-24 02:55:59  INFO        Keyframes found   : 39
2026-03-24 02:55:59  INFO        Keyframe indices  : [11, 20, 74, 149, 169, 231, 245, 366, 421, 428, 454, 527, 550, 608, 626, 643, 677, 683, 714, 745, 764, 792, 802, 812, 819, 857, 880, 943, 1016, 1097, 1126, 1161, 1173, 1187, 1221, 1227, 1262, 1270, 1330]
2026-03-24 02:55:59  INFO        Duration          : 143.56s
2026-03-24 02:56:02  INFO        Keyframes saved to: /Users/tanmaybhuskute/Documents/gifdroid-reproduction/app_AdAway/utg02/output/keyframes_baseline (39 files)
2026-03-24 02:56:02  INFO      ==================================================
2026-03-24 02:56:02  INFO      STEP 2: GUI Mapping
2026-03-24 02:56:02  INFO        Screenshots dir : app_AdAway/utg02/input/artifacts
2026-03-24 02:56:02  INFO      gui_mapping: matching 39 keyframes against screenshots in "app_AdAway/utg02/input/artifacts"
2026-03-24 02:56:02  DEBUG     load_screenshots: 4 screenshots loaded in 0.59s from "app_AdAway/utg02/input/artifacts"
2026-03-24 02:56:03  DEBUG     mapping: best match "artifacts_2.png" (score=0.271)
2026-03-24 02:56:03  DEBUG     mapping: best match "artifacts_2.png" (score=0.278)
2026-03-24 02:56:04  DEBUG     mapping: best match "artifacts_2.png" (score=0.285)
2026-03-24 02:56:04  DEBUG     mapping: best match "artifacts_2.png" (score=0.273)
2026-03-24 02:56:05  DEBUG     mapping: best match "artifacts_2.png" (score=0.266)
2026-03-24 02:56:05  DEBUG     mapping: best match "artifacts_2.png" (score=0.275)
2026-03-24 02:56:05  DEBUG     mapping: best match "artifacts_2.png" (score=0.289)
2026-03-24 02:56:06  DEBUG     mapping: best match "artifacts_2.png" (score=0.287)
2026-03-24 02:56:06  DEBUG     mapping: best match "artifacts_2.png" (score=0.251)
2026-03-24 02:56:07  DEBUG     mapping: best match "artifacts_2.png" (score=0.256)
2026-03-24 02:56:07  DEBUG     mapping: best match "artifacts_2.png" (score=0.265)
2026-03-24 02:56:08  DEBUG     mapping: best match "artifacts_2.png" (score=0.275)
2026-03-24 02:56:08  DEBUG     mapping: best match "artifacts_2.png" (score=0.275)
2026-03-24 02:56:08  DEBUG     mapping: best match "artifacts_2.png" (score=0.275)
2026-03-24 02:56:09  DEBUG     mapping: best match "artifacts_2.png" (score=0.269)
2026-03-24 02:56:09  DEBUG     mapping: best match "artifacts_2.png" (score=0.271)
2026-03-24 02:56:10  DEBUG     mapping: best match "artifacts_2.png" (score=0.272)
2026-03-24 02:56:10  DEBUG     mapping: best match "artifacts_2.png" (score=0.272)
2026-03-24 02:56:11  DEBUG     mapping: best match "artifacts_2.png" (score=0.273)
2026-03-24 02:56:11  DEBUG     mapping: best match "artifacts_2.png" (score=0.275)
2026-03-24 02:56:11  DEBUG     mapping: best match "artifacts_2.png" (score=0.274)
2026-03-24 02:56:12  DEBUG     mapping: best match "artifacts_2.png" (score=0.276)
2026-03-24 02:56:12  DEBUG     mapping: best match "artifacts_2.png" (score=0.275)
2026-03-24 02:56:13  DEBUG     mapping: best match "artifacts_2.png" (score=0.279)
2026-03-24 02:56:13  DEBUG     mapping: best match "artifacts_2.png" (score=0.284)
2026-03-24 02:56:14  DEBUG     mapping: best match "artifacts_2.png" (score=0.286)
2026-03-24 02:56:14  DEBUG     mapping: best match "artifacts_2.png" (score=0.289)
2026-03-24 02:56:15  DEBUG     mapping: best match "artifacts_2.png" (score=0.295)
2026-03-24 02:56:15  DEBUG     mapping: best match "artifacts_2.png" (score=0.351)
2026-03-24 02:56:15  DEBUG     mapping: best match "artifacts_2.png" (score=0.333)
2026-03-24 02:56:16  DEBUG     mapping: best match "artifacts_2.png" (score=0.298)
2026-03-24 02:56:16  DEBUG     mapping: best match "artifacts_2.png" (score=0.335)
2026-03-24 02:56:17  DEBUG     mapping: best match "artifacts_2.png" (score=0.338)
2026-03-24 02:56:17  DEBUG     mapping: best match "artifacts_2.png" (score=0.303)
2026-03-24 02:56:17  DEBUG     mapping: best match "artifacts_2.png" (score=0.311)
2026-03-24 02:56:18  DEBUG     mapping: best match "artifacts_2.png" (score=0.306)
2026-03-24 02:56:18  DEBUG     mapping: best match "artifacts_2.png" (score=0.290)
2026-03-24 02:56:19  DEBUG     mapping: best match "artifacts_2.png" (score=0.292)
2026-03-24 02:56:19  DEBUG     mapping: best match "artifacts_2.png" (score=0.275)
2026-03-24 02:56:19  INFO      gui_mapping: done — index sequence [2, 2, 2, 2, 2, 2, 2, 2, 2, 2, 2, 2, 2, 2, 2, 2, 2, 2, 2, 2, 2, 2, 2, 2, 2, 2, 2, 2, 2, 2, 2, 2, 2, 2, 2, 2, 2, 2, 2] (17.63s)
2026-03-24 02:56:19  INFO        Mapped index sequence : [2, 2, 2, 2, 2, 2, 2, 2, 2, 2, 2, 2, 2, 2, 2, 2, 2, 2, 2, 2, 2, 2, 2, 2, 2, 2, 2, 2, 2, 2, 2, 2, 2, 2, 2, 2, 2, 2, 2]
2026-03-24 02:56:19  INFO        Duration              : 17.63s
2026-03-24 02:56:19  INFO      ==================================================
2026-03-24 02:56:19  INFO      STEP 3: Find Execution Trace
2026-03-24 02:56:19  INFO        UTG file : app_AdAway/utg02/input/utg.json
2026-03-24 02:56:19  INFO      find_execution_trace: target sequence [2, 2, 2, 2, 2, 2, 2, 2, 2, 2, 2, 2, 2, 2, 2, 2, 2, 2, 2, 2, 2, 2, 2, 2, 2, 2, 2, 2, 2, 2, 2, 2, 2, 2, 2, 2, 2, 2, 2]
2026-03-24 02:56:19  DEBUG     read_graph: 5 edges, 4 vertices loaded in 0.00s
2026-03-24 02:56:19  DEBUG     find_execution_trace: 1 candidate paths found in 0.00s
2026-03-24 02:56:19  INFO      find_execution_trace: 1 trace(s) found (LCS=1, length=3) in 0.00s
2026-03-24 02:56:19  INFO        Candidate traces found : 1
2026-03-24 02:56:19  INFO          Trace 0: [0, 1, 2]
2026-03-24 02:56:19  INFO        Duration : 0.00s
2026-03-24 02:56:19  INFO      ==================================================
2026-03-24 02:56:19  INFO      STEP 4: Store Execution Trace
2026-03-24 02:56:19  INFO      Execution trace written to: app_AdAway/utg02/output/execution_hhv_AdAway_baseline.json
2026-03-24 02:56:19  INFO        Duration : 0.00s
2026-03-24 02:56:19  INFO      ==================================================
2026-03-24 02:56:19  INFO      Pipeline complete.  Total time: 163.97s
2026-03-24 02:56:19  INFO      ==================================================
