2026-03-27 06:05:51  INFO      Log file: /Users/tanmaybhuskute/Documents/gifdroid-reproduction/app_Jigsaw/utg01/gifdroid_20260327_060551_hhv_hysteresis.log
2026-03-27 06:05:51  INFO      GIFdroid started
2026-03-27 06:05:51  INFO        --video            : /Users/tanmaybhuskute/Documents/gifdroid-reproduction/app_Jigsaw/utg01/input/handheld/hhv_app_Jigsaw.mp4
2026-03-27 06:05:51  INFO        --utg              : /Users/tanmaybhuskute/Documents/gifdroid-reproduction/app_Jigsaw/utg01/input/utg.json
2026-03-27 06:05:51  INFO        --artifact         : /Users/tanmaybhuskute/Documents/gifdroid-reproduction/app_Jigsaw/utg01/input/artifacts
2026-03-27 06:05:51  INFO        --out              : /Users/tanmaybhuskute/Documents/gifdroid-reproduction/app_Jigsaw/utg01/output/execution_hhv_Jigsaw_hysteresis.json
2026-03-27 06:05:51  INFO        --log-dir          : None
2026-03-27 06:05:51  INFO        --save-keyframes   : /Users/tanmaybhuskute/Documents/gifdroid-reproduction/app_Jigsaw/utg01/output/keyframes_hysteresis
2026-03-27 06:05:51  INFO        --keyframe-method  : hysteresis
2026-03-27 06:05:51  INFO      ==================================================
2026-03-27 06:05:51  INFO      STEP 1: Keyframe Location
2026-03-27 06:05:51  INFO        Input video      : /Users/tanmaybhuskute/Documents/gifdroid-reproduction/app_Jigsaw/utg01/input/handheld/hhv_app_Jigsaw.mp4
2026-03-27 06:05:51  INFO        Keyframe method  : hysteresis
2026-03-27 06:05:51  INFO      keyframe_location_hysteresis: starting on "/Users/tanmaybhuskute/Documents/gifdroid-reproduction/app_Jigsaw/utg01/input/handheld/hhv_app_Jigsaw.mp4" (k=3)
2026-03-27 06:05:55  DEBUG     read_frames_from_video: 563 frames decoded in 4.50s
2026-03-27 06:06:52  DEBUG     calculate_sim_seq: 562 similarities computed in 56.59s
2026-03-27 06:06:52  INFO      keyframe_location_hysteresis: done — 17 keyframes at indices [113, 228, 235, 266, 328, 349, 353, 383, 402, 409, 447, 469, 491, 535, 544, 551, 562] (61.26s)
2026-03-27 06:06:53  INFO        Keyframes found   : 17
2026-03-27 06:06:53  INFO        Keyframe indices  : [113, 228, 235, 266, 328, 349, 353, 383, 402, 409, 447, 469, 491, 535, 544, 551, 562]
2026-03-27 06:06:53  INFO        Duration          : 61.89s
2026-03-27 06:06:55  INFO        Keyframes saved to: /Users/tanmaybhuskute/Documents/gifdroid-reproduction/app_Jigsaw/utg01/output/keyframes_hysteresis (17 files)
2026-03-27 06:06:55  INFO      ==================================================
2026-03-27 06:06:55  INFO      STEP 2: GUI Mapping
2026-03-27 06:06:55  INFO        Screenshots dir : /Users/tanmaybhuskute/Documents/gifdroid-reproduction/app_Jigsaw/utg01/input/artifacts
2026-03-27 06:06:55  INFO      gui_mapping: matching 17 keyframes against screenshots in "/Users/tanmaybhuskute/Documents/gifdroid-reproduction/app_Jigsaw/utg01/input/artifacts"
2026-03-27 06:06:55  DEBUG     load_screenshots: 1 screenshots loaded in 0.22s from "/Users/tanmaybhuskute/Documents/gifdroid-reproduction/app_Jigsaw/utg01/input/artifacts"
2026-03-27 06:06:55  DEBUG     mapping: best match "artifacts_1.png" (score=0.263)
2026-03-27 06:06:55  DEBUG     mapping: best match "artifacts_1.png" (score=0.261)
2026-03-27 06:06:55  DEBUG     mapping: best match "artifacts_1.png" (score=0.259)
2026-03-27 06:06:56  DEBUG     mapping: best match "artifacts_1.png" (score=0.261)
2026-03-27 06:06:56  DEBUG     mapping: best match "artifacts_1.png" (score=0.259)
2026-03-27 06:06:56  DEBUG     mapping: best match "artifacts_1.png" (score=0.257)
2026-03-27 06:06:56  DEBUG     mapping: best match "artifacts_1.png" (score=0.258)
2026-03-27 06:06:56  DEBUG     mapping: best match "artifacts_1.png" (score=0.262)
2026-03-27 06:06:56  DEBUG     mapping: best match "artifacts_1.png" (score=0.259)
2026-03-27 06:06:56  DEBUG     mapping: best match "artifacts_1.png" (score=0.260)
2026-03-27 06:06:57  DEBUG     mapping: best match "artifacts_1.png" (score=0.258)
2026-03-27 06:06:57  DEBUG     mapping: best match "artifacts_1.png" (score=0.272)
2026-03-27 06:06:57  DEBUG     mapping: best match "artifacts_1.png" (score=0.270)
2026-03-27 06:06:57  DEBUG     mapping: best match "artifacts_1.png" (score=0.275)
2026-03-27 06:06:57  DEBUG     mapping: best match "artifacts_1.png" (score=0.276)
2026-03-27 06:06:57  DEBUG     mapping: best match "artifacts_1.png" (score=0.278)
2026-03-27 06:06:57  DEBUG     mapping: best match "artifacts_1.png" (score=0.277)
2026-03-27 06:06:57  INFO      gui_mapping: done — index sequence [1, 1, 1, 1, 1, 1, 1, 1, 1, 1, 1, 1, 1, 1, 1, 1, 1] (2.83s)
2026-03-27 06:06:57  INFO        Mapped index sequence : [1, 1, 1, 1, 1, 1, 1, 1, 1, 1, 1, 1, 1, 1, 1, 1, 1]
2026-03-27 06:06:57  INFO        Duration              : 2.83s
2026-03-27 06:06:57  INFO      ==================================================
2026-03-27 06:06:57  INFO      STEP 3: Find Execution Trace
2026-03-27 06:06:57  INFO        UTG file : /Users/tanmaybhuskute/Documents/gifdroid-reproduction/app_Jigsaw/utg01/input/utg.json
2026-03-27 06:06:57  INFO      find_execution_trace: target sequence [1, 1, 1, 1, 1, 1, 1, 1, 1, 1, 1, 1, 1, 1, 1, 1, 1]
2026-03-27 06:06:57  DEBUG     read_graph: 3 edges, 2 vertices loaded in 0.00s
2026-03-27 06:06:57  DEBUG     find_execution_trace: 1 candidate paths found in 0.00s
2026-03-27 06:06:57  INFO      find_execution_trace: 1 trace(s) found (LCS=1, length=2) in 0.00s
2026-03-27 06:06:57  INFO        Candidate traces found : 1
2026-03-27 06:06:57  INFO          Trace 0: [0, 1]
2026-03-27 06:06:57  INFO        Duration : 0.00s
2026-03-27 06:06:57  INFO      ==================================================
2026-03-27 06:06:57  INFO      STEP 4: Store Execution Trace
2026-03-27 06:06:57  INFO      Execution trace written to: /Users/tanmaybhuskute/Documents/gifdroid-reproduction/app_Jigsaw/utg01/output/execution_hhv_Jigsaw_hysteresis.json
2026-03-27 06:06:57  INFO        Duration : 0.00s
2026-03-27 06:06:57  INFO      ==================================================
2026-03-27 06:06:57  INFO      Pipeline complete.  Total time: 66.75s
2026-03-27 06:06:57  INFO      ==================================================
