2026-03-27 06:06:58  INFO      Log file: /Users/tanmaybhuskute/Documents/gifdroid-reproduction/app_Jigsaw/utg01/gifdroid_20260327_060658_hhv_homography.log
2026-03-27 06:06:58  INFO      GIFdroid started
2026-03-27 06:06:58  INFO        --video            : /Users/tanmaybhuskute/Documents/gifdroid-reproduction/app_Jigsaw/utg01/input/handheld/hhv_app_Jigsaw.mp4
2026-03-27 06:06:58  INFO        --utg              : /Users/tanmaybhuskute/Documents/gifdroid-reproduction/app_Jigsaw/utg01/input/utg.json
2026-03-27 06:06:58  INFO        --artifact         : /Users/tanmaybhuskute/Documents/gifdroid-reproduction/app_Jigsaw/utg01/input/artifacts
2026-03-27 06:06:58  INFO        --out              : /Users/tanmaybhuskute/Documents/gifdroid-reproduction/app_Jigsaw/utg01/output/execution_hhv_Jigsaw_homography.json
2026-03-27 06:06:58  INFO        --log-dir          : None
2026-03-27 06:06:58  INFO        --save-keyframes   : /Users/tanmaybhuskute/Documents/gifdroid-reproduction/app_Jigsaw/utg01/output/keyframes_homography
2026-03-27 06:06:58  INFO        --keyframe-method  : homography
2026-03-27 06:06:58  INFO      ==================================================
2026-03-27 06:06:58  INFO      STEP 1: Keyframe Location
2026-03-27 06:06:58  INFO        Input video      : /Users/tanmaybhuskute/Documents/gifdroid-reproduction/app_Jigsaw/utg01/input/handheld/hhv_app_Jigsaw.mp4
2026-03-27 06:06:58  INFO        Keyframe method  : homography
2026-03-27 06:06:58  INFO      keyframe_location_homography: starting on "/Users/tanmaybhuskute/Documents/gifdroid-reproduction/app_Jigsaw/utg01/input/handheld/hhv_app_Jigsaw.mp4"
2026-03-27 06:07:04  DEBUG     read_frames_from_video: 563 frames decoded in 5.21s
2026-03-27 06:11:58  DEBUG     detect_keyframes: 4 keyframes detected from 562 frames in 0.00s
2026-03-27 06:11:58  INFO      keyframe_location_homography: done — 4 keyframes at indices [114, 147, 448, 562] (299.18s)
2026-03-27 06:11:58  INFO        Keyframes found   : 4
2026-03-27 06:11:58  INFO        Keyframe indices  : [114, 147, 448, 562]
2026-03-27 06:11:58  INFO        Duration          : 299.33s
2026-03-27 06:11:58  INFO        Keyframes saved to: /Users/tanmaybhuskute/Documents/gifdroid-reproduction/app_Jigsaw/utg01/output/keyframes_homography (4 files)
2026-03-27 06:11:58  INFO      ==================================================
2026-03-27 06:11:58  INFO      STEP 2: GUI Mapping
2026-03-27 06:11:58  INFO        Screenshots dir : /Users/tanmaybhuskute/Documents/gifdroid-reproduction/app_Jigsaw/utg01/input/artifacts
2026-03-27 06:11:58  INFO      gui_mapping: matching 4 keyframes against screenshots in "/Users/tanmaybhuskute/Documents/gifdroid-reproduction/app_Jigsaw/utg01/input/artifacts"
2026-03-27 06:11:58  DEBUG     load_screenshots: 1 screenshots loaded in 0.19s from "/Users/tanmaybhuskute/Documents/gifdroid-reproduction/app_Jigsaw/utg01/input/artifacts"
2026-03-27 06:11:59  DEBUG     mapping: best match "artifacts_1.png" (score=0.264)
2026-03-27 06:11:59  DEBUG     mapping: best match "artifacts_1.png" (score=0.285)
2026-03-27 06:11:59  DEBUG     mapping: best match "artifacts_1.png" (score=0.258)
2026-03-27 06:11:59  DEBUG     mapping: best match "artifacts_1.png" (score=0.277)
2026-03-27 06:11:59  INFO      gui_mapping: done — index sequence [1, 1, 1, 1] (0.76s)
2026-03-27 06:11:59  INFO        Mapped index sequence : [1, 1, 1, 1]
2026-03-27 06:11:59  INFO        Duration              : 0.76s
2026-03-27 06:11:59  INFO      ==================================================
2026-03-27 06:11:59  INFO      STEP 3: Find Execution Trace
2026-03-27 06:11:59  INFO        UTG file : /Users/tanmaybhuskute/Documents/gifdroid-reproduction/app_Jigsaw/utg01/input/utg.json
2026-03-27 06:11:59  INFO      find_execution_trace: target sequence [1, 1, 1, 1]
2026-03-27 06:11:59  DEBUG     read_graph: 3 edges, 2 vertices loaded in 0.00s
2026-03-27 06:11:59  DEBUG     find_execution_trace: 1 candidate paths found in 0.00s
2026-03-27 06:11:59  INFO      find_execution_trace: 1 trace(s) found (LCS=1, length=2) in 0.00s
2026-03-27 06:11:59  INFO        Candidate traces found : 1
2026-03-27 06:11:59  INFO          Trace 0: [0, 1]
2026-03-27 06:11:59  INFO        Duration : 0.00s
2026-03-27 06:11:59  INFO      ==================================================
2026-03-27 06:11:59  INFO      STEP 4: Store Execution Trace
2026-03-27 06:11:59  INFO      Execution trace written to: /Users/tanmaybhuskute/Documents/gifdroid-reproduction/app_Jigsaw/utg01/output/execution_hhv_Jigsaw_homography.json
2026-03-27 06:11:59  INFO        Duration : 0.00s
2026-03-27 06:11:59  INFO      ==================================================
2026-03-27 06:11:59  INFO      Pipeline complete.  Total time: 300.52s
2026-03-27 06:11:59  INFO      ==================================================
