2026-03-27 06:12:00  INFO      Log file: /Users/tanmaybhuskute/Documents/gifdroid-reproduction/app_Jigsaw/utg01/gifdroid_20260327_061200_hhv_clip.log
2026-03-27 06:12:00  INFO      GIFdroid started
2026-03-27 06:12:00  INFO        --video            : /Users/tanmaybhuskute/Documents/gifdroid-reproduction/app_Jigsaw/utg01/input/handheld/hhv_app_Jigsaw.mp4
2026-03-27 06:12:00  INFO        --utg              : /Users/tanmaybhuskute/Documents/gifdroid-reproduction/app_Jigsaw/utg01/input/utg.json
2026-03-27 06:12:00  INFO        --artifact         : /Users/tanmaybhuskute/Documents/gifdroid-reproduction/app_Jigsaw/utg01/input/artifacts
2026-03-27 06:12:00  INFO        --out              : /Users/tanmaybhuskute/Documents/gifdroid-reproduction/app_Jigsaw/utg01/output/execution_hhv_Jigsaw_clip.json
2026-03-27 06:12:00  INFO        --log-dir          : None
2026-03-27 06:12:00  INFO        --save-keyframes   : /Users/tanmaybhuskute/Documents/gifdroid-reproduction/app_Jigsaw/utg01/output/keyframes_clip
2026-03-27 06:12:00  INFO        --keyframe-method  : clip
2026-03-27 06:12:00  INFO      ==================================================
2026-03-27 06:12:00  INFO      STEP 1: Keyframe Location
2026-03-27 06:12:00  INFO        Input video      : /Users/tanmaybhuskute/Documents/gifdroid-reproduction/app_Jigsaw/utg01/input/handheld/hhv_app_Jigsaw.mp4
2026-03-27 06:12:00  INFO        Keyframe method  : clip
2026-03-27 06:12:00  INFO      keyframe_location_clip_cluster: starting on "/Users/tanmaybhuskute/Documents/gifdroid-reproduction/app_Jigsaw/utg01/input/handheld/hhv_app_Jigsaw.mp4" (threshold=0.85)
2026-03-27 06:12:00  INFO      keyframe_location: starting on video "/Users/tanmaybhuskute/Documents/gifdroid-reproduction/app_Jigsaw/utg01/input/handheld/hhv_app_Jigsaw.mp4"
2026-03-27 06:12:05  DEBUG     read_frames_from_video: 563 frames decoded in 4.77s
2026-03-27 06:12:58  DEBUG     calculate_sim_seq: 562 similarities computed in 53.18s
2026-03-27 06:12:58  DEBUG     detect_keyframes: 16 keyframes detected from 562 frames in 0.00s
2026-03-27 06:12:58  INFO      keyframe_location: done — 16 keyframes at indices [114, 229, 236, 267, 329, 350, 384, 403, 410, 448, 470, 492, 536, 545, 552, 562] (57.99s total)
2026-03-27 06:12:58  INFO      keyframe_location_clip_cluster: baseline produced 16 keyframes
2026-03-27 06:12:59  WARNING   keyframe_location_clip_cluster: missing dependency (No module named 'transformers'); returning baseline result. Install with: pip install transformers torch scikit-learn
2026-03-27 06:12:59  INFO        Keyframes found   : 16
2026-03-27 06:12:59  INFO        Keyframe indices  : [114, 229, 236, 267, 329, 350, 384, 403, 410, 448, 470, 492, 536, 545, 552, 562]
2026-03-27 06:12:59  INFO        Duration          : 58.96s
2026-03-27 06:13:01  INFO        Keyframes saved to: /Users/tanmaybhuskute/Documents/gifdroid-reproduction/app_Jigsaw/utg01/output/keyframes_clip (16 files)
2026-03-27 06:13:01  INFO      ==================================================
2026-03-27 06:13:01  INFO      STEP 2: GUI Mapping
2026-03-27 06:13:01  INFO        Screenshots dir : /Users/tanmaybhuskute/Documents/gifdroid-reproduction/app_Jigsaw/utg01/input/artifacts
2026-03-27 06:13:01  INFO      gui_mapping: matching 16 keyframes against screenshots in "/Users/tanmaybhuskute/Documents/gifdroid-reproduction/app_Jigsaw/utg01/input/artifacts"
2026-03-27 06:13:01  DEBUG     load_screenshots: 1 screenshots loaded in 0.26s from "/Users/tanmaybhuskute/Documents/gifdroid-reproduction/app_Jigsaw/utg01/input/artifacts"
2026-03-27 06:13:02  DEBUG     mapping: best match "artifacts_1.png" (score=0.264)
2026-03-27 06:13:02  DEBUG     mapping: best match "artifacts_1.png" (score=0.260)
2026-03-27 06:13:02  DEBUG     mapping: best match "artifacts_1.png" (score=0.258)
2026-03-27 06:13:02  DEBUG     mapping: best match "artifacts_1.png" (score=0.261)
2026-03-27 06:13:02  DEBUG     mapping: best match "artifacts_1.png" (score=0.260)
2026-03-27 06:13:02  DEBUG     mapping: best match "artifacts_1.png" (score=0.257)
2026-03-27 06:13:02  DEBUG     mapping: best match "artifacts_1.png" (score=0.262)
2026-03-27 06:13:03  DEBUG     mapping: best match "artifacts_1.png" (score=0.259)
2026-03-27 06:13:03  DEBUG     mapping: best match "artifacts_1.png" (score=0.259)
2026-03-27 06:13:03  DEBUG     mapping: best match "artifacts_1.png" (score=0.258)
2026-03-27 06:13:03  DEBUG     mapping: best match "artifacts_1.png" (score=0.272)
2026-03-27 06:13:03  DEBUG     mapping: best match "artifacts_1.png" (score=0.270)
2026-03-27 06:13:03  DEBUG     mapping: best match "artifacts_1.png" (score=0.275)
2026-03-27 06:13:03  DEBUG     mapping: best match "artifacts_1.png" (score=0.276)
2026-03-27 06:13:03  DEBUG     mapping: best match "artifacts_1.png" (score=0.277)
2026-03-27 06:13:04  DEBUG     mapping: best match "artifacts_1.png" (score=0.277)
2026-03-27 06:13:04  INFO      gui_mapping: done — index sequence [1, 1, 1, 1, 1, 1, 1, 1, 1, 1, 1, 1, 1, 1, 1, 1] (2.62s)
2026-03-27 06:13:04  INFO        Mapped index sequence : [1, 1, 1, 1, 1, 1, 1, 1, 1, 1, 1, 1, 1, 1, 1, 1]
2026-03-27 06:13:04  INFO        Duration              : 2.62s
2026-03-27 06:13:04  INFO      ==================================================
2026-03-27 06:13:04  INFO      STEP 3: Find Execution Trace
2026-03-27 06:13:04  INFO        UTG file : /Users/tanmaybhuskute/Documents/gifdroid-reproduction/app_Jigsaw/utg01/input/utg.json
2026-03-27 06:13:04  INFO      find_execution_trace: target sequence [1, 1, 1, 1, 1, 1, 1, 1, 1, 1, 1, 1, 1, 1, 1, 1]
2026-03-27 06:13:04  DEBUG     read_graph: 3 edges, 2 vertices loaded in 0.00s
2026-03-27 06:13:04  DEBUG     find_execution_trace: 1 candidate paths found in 0.00s
2026-03-27 06:13:04  INFO      find_execution_trace: 1 trace(s) found (LCS=1, length=2) in 0.00s
2026-03-27 06:13:04  INFO        Candidate traces found : 1
2026-03-27 06:13:04  INFO          Trace 0: [0, 1]
2026-03-27 06:13:04  INFO        Duration : 0.01s
2026-03-27 06:13:04  INFO      ==================================================
2026-03-27 06:13:04  INFO      STEP 4: Store Execution Trace
2026-03-27 06:13:04  INFO      Execution trace written to: /Users/tanmaybhuskute/Documents/gifdroid-reproduction/app_Jigsaw/utg01/output/execution_hhv_Jigsaw_clip.json
2026-03-27 06:13:04  INFO        Duration : 0.00s
2026-03-27 06:13:04  INFO      ==================================================
2026-03-27 06:13:04  INFO      Pipeline complete.  Total time: 63.41s
2026-03-27 06:13:04  INFO      ==================================================
