02-18 18:33:18.790  4501  4521 I CarrierServices: [255] inq.shouldUseCarrierServicesApkForV1Apis: Checking if using CarrierServices.apk is possible. Enabled: true, isAtLeastM: true, runningInsideBugle: true
02-18 18:33:18.791  4501  4521 I CarrierServices: [255] inq.e: Network Operator: 310260
02-18 18:33:18.791  4501  4521 I CarrierServices: [255] inq.e: carrierWithOldEcApis: false
02-18 18:33:18.791  4501  4521 I CarrierServices: [255] inq.e: hasDialerThatSupportsNewEc: false
02-18 18:33:18.791  4501  4521 I CarrierServices: [255] RcsStateProvider.onMigrationComplete: Rcs Engine should be running in cs.apk. Stopping JibeService.
02-18 18:33:18.792  4108  7138 I ChimeraConfigurator: Starting update, reason: 4 urgentFeatures: vision.ocr:-1
02-18 18:33:18.795  4094  4784 W GLSUser : [AppCertManager] Exception while requesting key: 
02-18 18:33:18.795  4094  4784 W GLSUser : java.util.concurrent.ExecutionException: cnzw: Parse Proto Exception with response code 400
02-18 18:33:18.795  4094  4784 W GLSUser : 	at fpzw.j(:com.google.android.gms@255034013@25.50.34 (100400-855735097):21)
02-18 18:33:18.795  4094  4784 W GLSUser : 	at fqaf.u(:com.google.android.gms@255034013@25.50.34 (100400-855735097):71)
02-18 18:33:18.795  4094  4784 W GLSUser : 	at aiib.b(:com.google.android.gms@255034013@25.50.34 (100400-855735097):439)
02-18 18:33:18.795  4094  4784 W GLSUser : 	at aihz.a(:com.google.android.gms@255034013@25.50.34 (100400-855735097):67)
02-18 18:33:18.795  4094  4784 W GLSUser : 	at aihz.fg(:com.google.android.gms@255034013@25.50.34 (100400-855735097):16)
02-18 18:33:18.795  4094  4784 W GLSUser : 	at wny.onTransact(:com.google.android.gms@255034013@25.50.34 (100400-855735097):96)
02-18 18:33:18.795  4094  4784 W GLSUser : 	at android.os.Binder.transact(Binder.java:667)
02-18 18:33:18.795  4094  4784 W GLSUser : 	at ceos.onTransact(:com.google.android.gms@255034013@25.50.34 (100400-855735097):10)
02-18 18:33:18.795  4094  4784 W GLSUser : 	at android.os.Binder.transact(Binder.java:667)
02-18 18:33:18.795  4094  4784 W GLSUser : 	at btrq.onTransact(:com.google.android.gms@255034013@25.50.34 (100400-855735097):161)
02-18 18:33:18.795  4094  4784 W GLSUser : 	at android.os.Binder.execTransact(Binder.java:731)
02-18 18:33:18.795  4094  4784 W GLSUser : Caused by: cnzw: Parse Proto Exception with response code 400
02-18 18:33:18.795  4094  4784 W GLSUser : 	at cobb.e(:com.google.android.gms@255034013@25.50.34 (100400-855735097):99)
02-18 18:33:18.795  4094  4784 W GLSUser : 	at codn.d(:com.google.android.gms@255034013@25.50.34 (100400-855735097):18)
02-18 18:33:18.795  4094  4784 W GLSUser : 	at coee.onSucceeded(:com.google.android.gms@255034013@25.50.34 (100400-855735097):9)
02-18 18:33:18.795  4094  4784 W GLSUser : 	at m1.nk.onSucceeded(:com.google.android.gms.dynamite_cronetdynamite@255034013@25.50.34 (100400-0):3)
02-18 18:33:18.795  4094  4784 W GLSUser : 	at m1.md.run(:com.google.android.gms.dynamite_cronetdynamite@255034013@25.50.34 (100400-0):21)
02-18 18:33:18.795  4094  4784 W GLSUser : 	at m1.lx.run(:com.google.android.gms.dynamite_cronetdynamite@255034013@25.50.34 (100400-0):31)
02-18 18:33:18.795  4094  4784 W GLSUser : 	at bdfk.c(:com.google.android.gms@255034013@25.50.34 (100400-855735097):50)
02-18 18:33:18.795  4094  4784 W GLSUser : 	at bdfk.run(:com.google.android.gms@255034013@25.50.34 (100400-855735097):73)
02-18 18:33:18.795  4094  4784 W GLSUser : 	at java.util.concurrent.ThreadPoolExecutor.runWorker(ThreadPoolExecutor.java:1167)
02-18 18:33:18.795  4094  4784 W GLSUser : 	at java.util.concurrent.ThreadPoolExecutor$Worker.run(ThreadPoolExecutor.java:641)
02-18 18:33:18.795  4094  4784 W GLSUser : 	at bdlb.run(:com.google.android.gms@255034013@25.50.34 (100400-855735097):8)
02-18 18:33:18.795  4094  4784 W GLSUser : 	at java.lang.Thread.run(Thread.java:764)
02-18 18:33:18.795  4094  4784 W GLSUser : Caused by: gieo: Protocol message contained an invalid tag (zero).
02-18 18:33:18.795  4094  4784 W GLSUser : 	at gibr.k(:com.google.android.gms@255034013@25.50.34 (100400-855735097):43)
02-18 18:33:18.795  4094  4784 W GLSUser : 	at gifm.c(:com.google.android.gms@255034013@25.50.34 (100400-855735097):396)
02-18 18:33:18.795  4094  4784 W GLSUser : 	at gifm.i(:com.google.android.gms@255034013@25.50.34 (100400-855735097):8)
02-18 18:33:18.795  4094  4784 W GLSUser : 	at gidt.y(:com.google.android.gms@255034013@25.50.34 (100400-855735097):23)
02-18 18:33:18.795  4094  4784 W GLSUser : 	at gido.f(:com.google.android.gms@255034013@25.50.34 (100400-855735097):3)
02-18 18:33:18.795  4094  4784 W GLSUser : 	at gibn.d(:com.google.android.gms@255034013@25.50.34 (100400-855735097):1)
02-18 18:33:18.795  4094  4784 W GLSUser : 	at gibn.p(:com.google.android.gms@255034013@25.50.34 (100400-855735097):1)
02-18 18:33:18.795  4094  4784 W GLSUser : 	at cobb.g(:com.google.android.gms@255034013@25.50.34 (100400-855735097):91)
02-18 18:33:18.795  4094  4784 W GLSUser : 	at cobb.e(:com.google.android.gms@255034013@25.50.34 (100400-855735097):15)
02-18 18:33:18.795  4094  4784 W GLSUser : 	... 11 more
02-18 18:33:18.796  4094  4784 W GLSUser : [DeviceKeyStore] Cannot load key: Device key file not found.
02-18 18:33:18.796  4108  7138 W FeatureMgr: Attempted to request and unrequest the same feature: appsearch_impl. Ignoring unrequest.
02-18 18:33:18.797  4108  4108 D BoundBrokerSvc: onUnbind: Intent { act=com.google.android.gms.checkin.START pkg=com.google.android.gms }
02-18 18:33:18.798  2222  2222 I Dialer  : VvmTaskReceiver - task received
02-18 18:33:18.798  2222  2222 I Dialer  : VvmTaskReceiver - TaskExecutor already running
02-18 18:33:18.799  2222  2222 I Dialer  : Task.createTask - create task:com.android.voicemail.impl.ActivationTask
02-18 18:33:18.799  2222  2222 I Dialer  : RetryPolicy - retry #3 for com.android.voicemail.impl.ActivationTask@8e997d4 queued, executing in 5000
02-18 18:33:18.799  2222  2222 I Dialer  : VvmTaskExecutor - com.android.voicemail.impl.ActivationTask@8e997d4 added
02-18 18:33:18.799  2222  2222 I Dialer  : VvmTaskExecutor - minimal wait time:5000
02-18 18:33:18.799  2222  2222 I Dialer  : VvmTaskExecutor - sleep for 5000 millis
02-18 18:33:18.800  1684  3014 W BroadcastQueue: Background execution not allowed: receiving Intent { act=android.intent.action.PACKAGE_REMOVED dat=package:androidx.test.tools.crawler flg=0x4000010 (has extras) } to com.android.musicfx/.Compatibility$Receiver
02-18 18:33:18.801  1684  1699 W BroadcastQueue: Background execution not allowed: receiving Intent { act=android.intent.action.PACKAGE_REMOVED dat=package:androidx.test.tools.crawler flg=0x4000010 (has extras) } to com.google.android.gms/.chimera.GmsIntentOperationService$PersistentTrustedReceiver
02-18 18:33:18.802  1684  1699 W BroadcastQueue: Background execution not allowed: receiving Intent { act=android.intent.action.PACKAGE_ADDED dat=package:androidx.test.tools.crawler flg=0x4000010 (has extras) } to com.android.musicfx/.Compatibility$Receiver
02-18 18:33:18.802  1684  1699 W BroadcastQueue: Background execution not allowed: receiving Intent { act=android.intent.action.PACKAGE_ADDED dat=package:androidx.test.tools.crawler flg=0x4000010 (has extras) } to com.google.android.gms/.chimera.GmsIntentOperationService$PersistentTrustedReceiver
02-18 18:33:18.802  1684  1699 W BroadcastQueue: Background execution not allowed: receiving Intent { act=android.intent.action.PACKAGE_ADDED dat=package:androidx.test.tools.crawler flg=0x4000010 (has extras) } to com.google.android.gms/.gass.chimera.PackageChangeBroadcastReceiver
02-18 18:33:18.802  1684  1699 W BroadcastQueue: Background execution not allowed: receiving Intent { act=android.intent.action.PACKAGE_ADDED dat=package:androidx.test.tools.crawler flg=0x4000010 (has extras) } to com.google.android.ims/.receivers.RcsAutoStartReceiver
02-18 18:33:18.802  1684  1699 W BroadcastQueue: Background execution not allowed: receiving Intent { act=android.intent.action.PACKAGE_REPLACED dat=package:androidx.test.tools.crawler flg=0x4000010 (has extras) } to com.android.musicfx/.Compatibility$Receiver
02-18 18:33:18.802  1684  1699 W BroadcastQueue: Background execution not allowed: receiving Intent { act=android.intent.action.PACKAGE_REPLACED dat=package:androidx.test.tools.crawler flg=0x4000010 (has extras) } to com.google.android.apps.photos/.account.full.FetchAccountPropertiesAppUpgradeBroadcastReceiver
02-18 18:33:18.802  1684  1699 W BroadcastQueue: Background execution not allowed: receiving Intent { act=android.intent.action.PACKAGE_REPLACED dat=package:androidx.test.tools.crawler flg=0x4000010 (has extras) } to com.google.android.apps.photos/.account.full.SyncAccountsForLoginBroadcastReceiver
02-18 18:33:18.802  1684  1699 W BroadcastQueue: Background execution not allowed: receiving Intent { act=android.intent.action.PACKAGE_REPLACED dat=package:androidx.test.tools.crawler flg=0x4000010 (has extras) } to com.google.android.apps.photos/.experiments.phenotype.full.PhenotypeAppUpgradeBroadcastReceiver
02-18 18:33:18.802  1684  1699 W BroadcastQueue: Background execution not allowed: receiving Intent { act=android.intent.action.PACKAGE_REPLACED dat=package:androidx.test.tools.crawler flg=0x4000010 (has extras) } to com.google.android.apps.photos/.notificationchannels.AppUpdateBroadcastReceiver
02-18 18:33:18.802  1684  1699 W BroadcastQueue: Background execution not allowed: receiving Intent { act=android.intent.action.PACKAGE_REPLACED dat=package:androidx.test.tools.crawler flg=0x4000010 (has extras) } to com.google.android.gms/.chimera.GmsIntentOperationService$PersistentTrustedReceiver
02-18 18:33:18.802  1684  1699 W BroadcastQueue: Background execution not allowed: receiving Intent { act=android.intent.action.PACKAGE_REPLACED dat=package:androidx.test.tools.crawler flg=0x4000010 (has extras) } to com.google.android.gms/.gass.chimera.PackageChangeBroadcastReceiver
02-18 18:33:18.802  1684  1699 W BroadcastQueue: Background execution not allowed: receiving Intent { act=android.intent.action.PACKAGE_REPLACED dat=package:androidx.test.tools.crawler flg=0x4000010 (has extras) } to com.google.android.ims/.receivers.RcsAutoStartReceiver
02-18 18:33:18.806  3279  3279 E PrefServiceImpl: Primary account is null
02-18 18:33:18.806  4108  7138 I ChimeraConfigurator: Detected pending changes for urgent request: [vision.ocr]. Pending module sets: container:2550349100400+mlkit.ocr.common+vision.ocr,tflite_dynamite:2521301025100400+tflite_dynamite
02-18 18:33:18.807  4501  4521 I CarrierServices: [255] RcsStateProvider.onMigrationComplete: JibeService stopped: true
02-18 18:33:18.809  4501  4521 I CarrierServices: [255] inq.e: Network Operator: 310260
02-18 18:33:18.810  4501  4521 I CarrierServices: [255] inq.e: carrierWithOldEcApis: false
02-18 18:33:18.810  4501  4521 I CarrierServices: [255] inq.e: hasDialerThatSupportsNewEc: false
02-18 18:33:18.810  4501  4521 I CarrierServices: [255] jsn.connect: shouldUseCarrierServicesJibeService: true, CarrierServices rcs service found: true
02-18 18:33:18.810  4501  4521 I CarrierServices: [255] jsn.connect: Binding to JibeService in CarrierServices.
02-18 18:33:18.813  4501  4501 D RcsClientLib: Service com.google.android.rcs.client.chatsession.ChatSessionService connected. Will notify listeners: true
02-18 18:33:18.813  4501  4501 V BugleRcs: com.google.android.rcs.client.chatsession.ChatSessionService RCS service connected
02-18 18:33:18.813  4108  4108 I WakefulBroadcastRcvr: Processing wakeful broadcast: com.google.android.gms.checkin.CHECKIN_START_ACTION
02-18 18:33:18.814  4108  7138 I GmsDebugLogger: [73] 1801
02-18 18:33:18.815  4501  4521 I CarrierServices: [255] inq.e: Network Operator: 310260
02-18 18:33:18.815  4501  4521 I CarrierServices: [255] inq.e: carrierWithOldEcApis: false
02-18 18:33:18.815  4501  4521 I CarrierServices: [255] inq.e: hasDialerThatSupportsNewEc: false
02-18 18:33:18.815  4501  4521 I CarrierServices: [255] jsn.connect: shouldUseCarrierServicesJibeService: true, CarrierServices rcs service found: true
02-18 18:33:18.815  4501  4521 I CarrierServices: [255] jsn.connect: Binding to JibeService in CarrierServices.
02-18 18:33:18.817  4501  4501 D RcsClientLib: Service com.google.android.rcs.client.events.EventService connected. Will notify listeners: true
02-18 18:33:18.817  4501  4501 V BugleRcs: com.google.android.rcs.client.events.EventService RCS service connected
02-18 18:33:18.817  4501  4521 I CarrierServices: [255] inq.e: Network Operator: 310260
02-18 18:33:18.817  4501  4521 I CarrierServices: [255] inq.e: carrierWithOldEcApis: false
02-18 18:33:18.817  4501  4521 I CarrierServices: [255] inq.e: hasDialerThatSupportsNewEc: false
02-18 18:33:18.817  4501  4521 I CarrierServices: [255] jsn.connect: shouldUseCarrierServicesJibeService: true, CarrierServices rcs service found: true
02-18 18:33:18.817  4501  4521 I CarrierServices: [255] jsn.connect: Binding to JibeService in CarrierServices.
02-18 18:33:18.818  4501  4501 D RcsClientLib: Service com.google.android.rcs.client.contacts.ContactsService connected. Will notify listeners: true
02-18 18:33:18.818  4501  4501 V BugleRcs: com.google.android.rcs.client.contacts.ContactsService RCS service connected
02-18 18:33:18.819  4108  7138 W ZappDownloader: No successful Zapp module downloads for requested modules [MlkitOcrCommon.optional:255034100400:permitMetered, VisionOcr.optional:255034100000:permitMetered, TfliteDynamiteDynamite.integ:252130102100400:permitMetered].
02-18 18:33:18.819  4108  7138 I GmsDebugLogger: [30] [MlkitOcrCommon.optional:255034100400],[VisionOcr.optional:255034100000],[TfliteDynamiteDynamite.integ:252130102100400]
02-18 18:33:18.820  4108  6544 I Checkin : [CheckinIntentOperation] onHandleIntent, Intent { act=com.google.android.gms.checkin.CHECKIN_START_ACTION cat=[targeted_intent_op_prefix:.checkin.CheckinIntentOperation] cmp=com.google.android.gms/.chimera.GmsIntentOperationService (has extras) }
02-18 18:33:18.820  4108  6297 W SystemServiceRegistry: No service published for: persistent_data_block
02-18 18:33:18.821  4108  6564 I FRP     : [FrpUpdateIntentOperation] Intent received: Intent { act=com.google.android.gms.auth.GOOGLE_ACCOUNT_CHANGE cat=[com.google.android.gms.auth.category.ACCOUNT_ADDED] flg=0x10 pkg=com.google.android.gms cmp=com.google.android.gms/.chimera.GmsIntentOperationService$PersistentZeroPartyReceiver (has extras) } [CONTEXT service_id=341 ]
02-18 18:33:18.821  4108  6564 W FRP     : [FrpUpdateIntentOperation] FRP is not supported for this device / user [CONTEXT service_id=341 ]
02-18 18:33:18.822  4108  7138 W ChimeraConfigService: Retry attempt was throttled. [CONTEXT service_id=264 ]
02-18 18:33:18.822  4108  7138 I GmsDebugLogger: [83] 1 [vision.ocr]
02-18 18:33:18.824  7483  7483 I app_process: The ClassLoaderContext is a special shared library.
02-18 18:33:18.828  4108  6296 I Ads     : Accounts have changed: com.google.android.gms.auth.GOOGLE_ACCOUNT_CHANGE
02-18 18:33:18.828  4108  6260 I gle.android.gm: Rejecting re-init on previously-failed class java.lang.Class<abgg>: java.lang.NoClassDefFoundError: Failed resolution of: Landroid/app/role/OnRoleHoldersChangedListener;
02-18 18:33:18.828  4108  6260 I gle.android.gm:   at void abgh.a(android.content.Context) (:com.google.android.gms@255034013@25.50.34 (100400-855735097):1)
02-18 18:33:18.828  4108  6260 I gle.android.gm:   at void com.google.android.gms.adid.init.ModuleInitializer.onHandleIntent(android.content.Intent) (:com.google.android.gms@255034013@25.50.34 (100400-855735097):26)
02-18 18:33:18.828  4108  6260 I gle.android.gm:   at void com.google.android.chimera.IntentOperation.onHandleIntent(android.content.Intent, boolean) (:com.google.android.gms@255034013@25.50.34 (100400-855735097):1)
02-18 18:33:18.828  4108  6260 I gle.android.gm:   at void aykb.onHandleIntent(android.content.Intent, boolean) (:com.google.android.gms@255034013@25.50.34 (100400-855735097):84)
02-18 18:33:18.828  4108  6260 I gle.android.gm:   at void xoq.run() (:com.google.android.gms@255034013@25.50.34 (100400-855735097):64)
02-18 18:33:18.828  4108  6260 I gle.android.gm:   at void xop.run() (:com.google.android.gms@255034013@25.50.34 (100400-855735097):132)
02-18 18:33:18.828  4108  6260 I gle.android.gm:   at void fhvt.run() (:com.google.android.gms@255034013@25.50.34 (100400-855735097):19)
02-18 18:33:18.828  4108  6260 I gle.android.gm:   at void java.util.concurrent.ThreadPoolExecutor.runWorker(java.util.concurrent.ThreadPoolExecutor$Worker) (ThreadPoolExecutor.java:1167)
02-18 18:33:18.828  4108  6260 I gle.android.gm:   at void java.util.concurrent.ThreadPoolExecutor$Worker.run() (ThreadPoolExecutor.java:641)
02-18 18:33:18.828  4108  6260 I gle.android.gm:   at void java.lang.Thread.run() (Thread.java:764)
02-18 18:33:18.828  4108  6260 I gle.android.gm: Caused by: java.lang.ClassNotFoundException: Didn't find class "android.app.role.OnRoleHoldersChangedListener" on path: DexPathList[[zip file "/system/framework/org.apache.http.legacy.boot.jar", zip file "/system/framework/com.android.media.remotedisplay.jar", zip file "/system/framework/com.android.location.provider.jar", zip file "/data/app/com.google.android.gms-jXC9IbEY0SFxiousWgcNxg==/base.apk"],nativeLibraryDirectories=[/data/app/com.google.android.gms-jXC9IbEY0SFxiousWgcNxg==/lib/arm64, /data/app/com.google.android.gms-jXC9IbEY0SFxiousWgcNxg==/base.apk!/lib/arm64-v8a, /system/lib64]]
02-18 18:33:18.828  4108  6260 I gle.android.gm:   at java.lang.Class dalvik.system.BaseDexClassLoader.findClass(java.lang.String) (BaseDexClassLoader.java:134)
02-18 18:33:18.828  4108  6260 I gle.android.gm:   at java.lang.Class java.lang.ClassLoader.loadClass(java.lang.String, boolean) (ClassLoader.java:379)
02-18 18:33:18.828  4108  6260 I gle.android.gm:   at java.lang.Class java.lang.ClassLoader.loadClass(java.lang.String) (ClassLoader.java:312)
02-18 18:33:18.828  4108  6260 I gle.android.gm:   at void abgh.a(android.content.Context) (:com.google.android.gms@255034013@25.50.34 (100400-855735097):1)
02-18 18:33:18.828  4108  6260 I gle.android.gm:   at void com.google.android.gms.adid.init.ModuleInitializer.onHandleIntent(android.content.Intent) (:com.google.android.gms@255034013@25.50.34 (100400-855735097):26)
02-18 18:33:18.828  4108  6260 I gle.android.gm:   at void com.google.android.chimera.IntentOperation.onHandleIntent(android.content.Intent, boolean) (:com.google.android.gms@255034013@25.50.34 (100400-855735097):1)
02-18 18:33:18.828  4108  6260 I gle.android.gm:   at void aykb.onHandleIntent(android.content.Intent, boolean) (:com.google.android.gms@255034013@25.50.34 (100400-855735097):84)
02-18 18:33:18.828  4108  6260 I gle.android.gm:   at void xoq.run() (:com.google.android.gms@255034013@25.50.34 (100400-855735097):64)
02-18 18:33:18.828  4108  6260 I gle.android.gm:   at void xop.run() (:com.google.android.gms@255034013@25.50.34 (100400-855735097):132)
02-18 18:33:18.828  4108  6260 I gle.android.gm:   at void fhvt.run() (:com.google.android.gms@255034013@25.50.34 (100400-855735097):19)
02-18 18:33:18.828  4108  6260 I gle.android.gm:   at void java.util.concurrent.ThreadPoolExecutor.runWorker(java.util.concurrent.ThreadPoolExecutor$Worker) (ThreadPoolExecutor.java:1167)
02-18 18:33:18.828  4108  6260 I gle.android.gm:   at void java.util.concurrent.ThreadPoolExecutor$Worker.run() (ThreadPoolExecutor.java:641)
02-18 18:33:18.828  4108  6260 I gle.android.gm:   at void java.lang.Thread.run() (Thread.java:764)
02-18 18:33:18.828  4108  6260 I gle.android.gm: 
02-18 18:33:18.828  4108  6260 I gle.android.gm: Rejecting re-init on previously-failed class java.lang.Class<abgg>: java.lang.NoClassDefFoundError: Failed resolution of: Landroid/app/role/OnRoleHoldersChangedListener;
02-18 18:33:18.828  4108  6260 I gle.android.gm:   at void abgh.a(android.content.Context) (:com.google.android.gms@255034013@25.50.34 (100400-855735097):1)
02-18 18:33:18.828  4108  6260 I gle.android.gm:   at void com.google.android.gms.adid.init.ModuleInitializer.onHandleIntent(android.content.Intent) (:com.google.android.gms@255034013@25.50.34 (100400-855735097):26)
02-18 18:33:18.828  4108  6260 I gle.android.gm:   at void com.google.android.chimera.IntentOperation.onHandleIntent(android.content.Intent, boolean) (:com.google.android.gms@255034013@25.50.34 (100400-855735097):1)
02-18 18:33:18.828  4108  6260 I gle.android.gm:   at void aykb.onHandleIntent(android.content.Intent, boolean) (:com.google.android.gms@255034013@25.50.34 (100400-855735097):84)
02-18 18:33:18.828  4108  6260 I gle.android.gm:   at void xoq.run() (:com.google.android.gms@255034013@25.50.34 (100400-855735097):64)
02-18 18:33:18.828  4108  6260 I gle.android.gm:   at void xop.run() (:com.google.android.gms@255034013@25.50.34 (100400-855735097):132)
02-18 18:33:18.828  4108  6260 I gle.android.gm:   at void fhvt.run() (:com.google.android.gms@255034013@25.50.34 (100400-855735097):19)
02-18 18:33:18.828  4108  6260 I gle.android.gm:   at void java.util.concurrent.ThreadPoolExecutor.runWorker(java.util.concurrent.ThreadPoolExecutor$Worker) (ThreadPoolExecutor.java:1167)
02-18 18:33:18.828  4108  6260 I gle.android.gm:   at void java.util.concurrent.ThreadPoolExecutor$Worker.run() (ThreadPoolExecutor.java:641)
02-18 18:33:18.828  4108  6260 I gle.android.gm:   at void java.lang.Thread.run() (Thread.java:764)
02-18 18:33:18.828  4108  6260 I gle.android.gm: Caused by: java.lang.ClassNotFoundException: Didn't find class "android.app.role.OnRoleHoldersChangedListener" on path: DexPathList[[zip file "/system/framework/org.apache.http.legacy.boot.jar", zip file "/system/framework/com.android.media.remotedisplay.jar", zip file "/system/framework/com.android.location.provider.jar", zip file "/data/app/com.google.android.gms-jXC9IbEY0SFxiousWgcNxg==/base.apk"],nativeLibraryDirectories=[/data/app/com.google.android.gms-jXC9IbEY0SFxiousWgcNxg==/lib/arm64, /data/app/com.google.android.gms-jXC9IbEY0SFxiousWgcNxg==/base.apk!/lib/arm64-v8a, /system/lib64]]
02-18 18:33:18.828  4108  6260 I gle.android.gm:   at java.lang.Class dalvik.system.BaseDexClassLoader.findClass(java.lang.String) (BaseDexClassLoader.java:134)
02-18 18:33:18.828  4108  6260 I gle.android.gm:   at java.lang.Class java.lang.ClassLoader.loadClass(java.lang.String, boolean) (ClassLoader.java:379)
02-18 18:33:18.828  4108  6260 I gle.android.gm:   at java.lang.Class java.lang.ClassLoader.loadClass(java.lang.String) (ClassLoader.java:312)
02-18 18:33:18.828  4108  6260 I gle.android.gm:   at void abgh.a(android.content.Context) (:com.google.android.gms@255034013@25.50.34 (100400-855735097):1)
02-18 18:33:18.828  4108  6260 I gle.android.gm:   at void com.google.android.gms.adid.init.ModuleInitializer.onHandleIntent(android.content.Intent) (:com.google.android.gms@255034013@25.50.34 (100400-855735097):26)
02-18 18:33:18.828  4108  6260 I gle.android.gm:   at void com.google.android.chimera.IntentOperation.onHandleIntent(android.content.Intent, boolean) (:com.google.android.gms@255034013@25.50.34 (100400-855735097):1)
02-18 18:33:18.828  4108  6260 I gle.android.gm:   at void aykb.onHandleIntent(android.content.Intent, boolean) (:com.google.android.gms@255034013@25.50.34 (100400-855735097):84)
02-18 18:33:18.828  4108  6260 I gle.android.gm:   at void xoq.run() (:com.google.android.gms@255034013@25.50.34 (100400-855735097):64)
02-18 18:33:18.828  4108  6260 I gle.android.gm:   at void xop.run() (:com.google.android.gms@255034013@25.50.34 (100400-855735097):132)
02-18 18:33:18.829  4108  6260 I gle.android.gm:   at void fhvt.run() (:com.google.android.gms@255034013@25.50.34 (100400-855735097):19)
02-18 18:33:18.829  4108  6260 I gle.android.gm:   at void java.util.concurrent.ThreadPoolExecutor.runWorker(java.util.concurrent.ThreadPoolExecutor$Worker) (ThreadPoolExecutor.java:1167)
02-18 18:33:18.829  4108  6260 I gle.android.gm:   at void java.util.concurrent.ThreadPoolExecutor$Worker.run() (ThreadPoolExecutor.java:641)
02-18 18:33:18.829  4108  6260 I gle.android.gm:   at void java.lang.Thread.run() (Thread.java:764)
02-18 18:33:18.829  4108  6260 I gle.android.gm: 
02-18 18:33:18.831  4108  6508 W Vision  : Request for optional module download of ocr failed. Request again.
02-18 18:33:18.831  4108  6508 W Vision  : Would have logged:
02-18 18:33:18.831  4108  6508 W Vision  : # fymm@37884fe7
02-18 18:33:18.832  4108  6508 I Vision  : Schedule retrying download ocr at 221817 with backoff 20 seconds
02-18 18:33:18.835  4501  4521 I CarrierServices: [255] inq.e: Network Operator: 310260
02-18 18:33:18.836  4501  4521 I CarrierServices: [255] inq.e: carrierWithOldEcApis: false
02-18 18:33:18.836  4501  4521 I CarrierServices: [255] inq.e: hasDialerThatSupportsNewEc: false
02-18 18:33:18.836  4501  4521 I CarrierServices: [255] jsn.connect: shouldUseCarrierServicesJibeService: true, CarrierServices rcs service found: true
02-18 18:33:18.836  4501  4521 I CarrierServices: [255] jsn.connect: Binding to JibeService in CarrierServices.
02-18 18:33:18.837  4501  4501 D RcsClientLib: Service com.google.android.rcs.client.filetransfer.FileTransferService connected. Will notify listeners: true
02-18 18:33:18.837  4501  4501 V BugleRcs: com.google.android.rcs.client.filetransfer.FileTransferService RCS service connected
02-18 18:33:18.841  4501  4521 I CarrierServices: [255] inq.e: Network Operator: 310260
02-18 18:33:18.842  4501  4521 I CarrierServices: [255] inq.e: carrierWithOldEcApis: false
02-18 18:33:18.842  4501  4521 I CarrierServices: [255] inq.e: hasDialerThatSupportsNewEc: false
02-18 18:33:18.842  4501  4521 I CarrierServices: [255] jsn.connect: shouldUseCarrierServicesJibeService: true, CarrierServices rcs service found: true
02-18 18:33:18.842  4501  4521 I CarrierServices: [255] jsn.connect: Binding to JibeService in CarrierServices.
02-18 18:33:18.843  4501  4501 D RcsClientLib: Service com.google.android.rcs.client.locationsharing.LocationSharingService connected. Will notify listeners: true
02-18 18:33:18.843  4501  4501 V BugleRcs: com.google.android.rcs.client.locationsharing.LocationSharingService RCS service connected
02-18 18:33:18.844  4501  4521 I CarrierServices: [255] inq.e: Network Operator: 310260
02-18 18:33:18.844  4501  4521 I CarrierServices: [255] inq.e: carrierWithOldEcApis: false
02-18 18:33:18.844  4501  4521 I CarrierServices: [255] inq.e: hasDialerThatSupportsNewEc: false
02-18 18:33:18.845  4501  4521 I CarrierServices: [255] jsn.connect: shouldUseCarrierServicesJibeService: true, CarrierServices rcs service found: true
02-18 18:33:18.845  4501  4521 I CarrierServices: [255] jsn.connect: Binding to JibeService in CarrierServices.
02-18 18:33:18.845  4501  4501 D RcsClientLib: Service com.google.android.rcs.client.ims.ImsConnectionTrackerService connected. Will notify listeners: true
02-18 18:33:18.845  4501  4501 V BugleRcs: com.google.android.rcs.client.ims.ImsConnectionTrackerService RCS service connected
02-18 18:33:18.845  4501  4501 V BugleRcs: kicking off RCS sending/receiving
02-18 18:33:18.846  4501  4501 V BugleAction: no RCS because we're not registered
02-18 18:33:18.847  4501  4521 I CarrierServices: [255] inq.e: Network Operator: 310260
02-18 18:33:18.848  4501  4521 I CarrierServices: [255] inq.e: carrierWithOldEcApis: false
02-18 18:33:18.848  4501  4521 I CarrierServices: [255] inq.e: hasDialerThatSupportsNewEc: false
02-18 18:33:18.849  4094  4094 D BoundBrokerSvc: onRebind: Intent { act=com.google.android.gms.presencemanager.service.START dat=chimera-action: cmp=com.google.android.gms/.chimera.PersistentApiService }
02-18 18:33:18.850  4094  4094 D BoundBrokerSvc: onRebind: Intent { act=com.google.android.gms.presencemanager.service.INTERNAL_IDENTITY dat=chimera-action: cmp=com.google.android.gms/.chimera.PersistentApiService }
02-18 18:33:18.850  4501  4521 I CarrierServices: [255] jsn.connect: shouldUseCarrierServicesJibeService: true, CarrierServices rcs service found: true
02-18 18:33:18.850  4501  4521 I CarrierServices: [255] jsn.connect: Binding to JibeService in CarrierServices.
02-18 18:33:18.852  7483  7483 D AndroidRuntime: Calling main entry com.android.commands.am.Am
02-18 18:33:18.855  4501  4501 D RcsClientLib: Service com.google.android.rcs.client.profile.RcsProfileService connected. Will notify listeners: true
02-18 18:33:18.855  4501  4501 V BugleRcs: com.google.android.rcs.client.profile.RcsProfileService RCS service connected
02-18 18:33:18.855  4501  4501 V BugleRcs: kicking off RCS sending/receiving
02-18 18:33:18.856  4501  4501 V BugleAction: no RCS because we're not registered
02-18 18:33:18.857  4346  4497 W CarrierServices: [272] bmc.a: No config URL. RCS will be disabled!
02-18 18:33:18.857  4501  4501 I BugleRcs: RcsAvailability ACS url: null
02-18 18:33:18.857  4108  4108 D BoundBrokerSvc: onBind: Intent { act=com.google.android.gms.credential.manager.service.zeroparty.checkup.START dat=chimera-action: cmp=com.google.android.gms/.chimera.GmsApiService }
02-18 18:33:18.857  4108  4108 D BoundBrokerSvc: Loading bound service for intent: Intent { act=com.google.android.gms.credential.manager.service.zeroparty.checkup.START dat=chimera-action: cmp=com.google.android.gms/.chimera.GmsApiService }
02-18 18:33:18.858  4501  4521 I CarrierServices: [255] inq.e: Network Operator: 310260
02-18 18:33:18.858  4501  4521 I CarrierServices: [255] inq.e: carrierWithOldEcApis: false
02-18 18:33:18.859  4501  4521 I CarrierServices: [255] inq.e: hasDialerThatSupportsNewEc: false
02-18 18:33:18.859  4501  4521 I CarrierServices: [255] jsn.connect: shouldUseCarrierServicesJibeService: true, CarrierServices rcs service found: true
02-18 18:33:18.860  4501  4521 I CarrierServices: [255] jsn.connect: Binding to JibeService in CarrierServices.
02-18 18:33:18.860  4501  4501 D RcsClientLib: Service com.google.android.rcs.client.businessinfo.BusinessInfoService connected. Will notify listeners: true
02-18 18:33:18.860  4501  4501 V BugleRcs: com.google.android.rcs.client.businessinfo.BusinessInfoService RCS service connected
02-18 18:33:18.860  4501  4501 V BugleRcs: kicking off RCS sending/receiving
02-18 18:33:18.860  4501  4501 V BugleAction: no RCS because we're not registered
02-18 18:33:18.860  4346  4497 W CarrierServices: [272] bmc.a: No config URL. RCS will be disabled!
02-18 18:33:18.860  4501  4501 I BugleRcs: RcsAvailability ACS url: null
02-18 18:33:18.866  4501  4521 W RcsProvisioning: Failed to read configuration: /data/user/0/com.google.android.apps.messaging/files/rcsconfig (No such file or directory)
02-18 18:33:18.866  4501  4521 W RcsProvisioning: java.io.FileNotFoundException: /data/user/0/com.google.android.apps.messaging/files/rcsconfig (No such file or directory)
02-18 18:33:18.866  4501  4521 W RcsProvisioning: 	at java.io.FileInputStream.open0(Native Method)
02-18 18:33:18.866  4501  4521 W RcsProvisioning: 	at java.io.FileInputStream.open(FileInputStream.java:231)
02-18 18:33:18.866  4501  4521 W RcsProvisioning: 	at java.io.FileInputStream.<init>(FileInputStream.java:165)
02-18 18:33:18.866  4501  4521 W RcsProvisioning: 	at android.app.ContextImpl.openFileInput(ContextImpl.java:560)
02-18 18:33:18.866  4501  4521 W RcsProvisioning: 	at android.content.ContextWrapper.openFileInput(ContextWrapper.java:202)
02-18 18:33:18.866  4501  4521 W RcsProvisioning: 	at ion.a(SourceFile:2)
02-18 18:33:18.866  4501  4521 W RcsProvisioning: 	at idl.a(SourceFile:4)
02-18 18:33:18.866  4501  4521 W RcsProvisioning: 	at idm.a(SourceFile:7)
02-18 18:33:18.866  4501  4521 W RcsProvisioning: 	at com.google.android.apps.messaging.rcsmigration.RcsStateProvider.onMigrationComplete(SourceFile:27)
02-18 18:33:18.866  4501  4521 W RcsProvisioning: 	at com.google.android.ims.rcsmigration.IRcsStateProvider$Stub.dispatchTransaction(SourceFile:14)
02-18 18:33:18.866  4501  4521 W RcsProvisioning: 	at com.google.android.aidl.BaseStub.onTransact(SourceFile:18)
02-18 18:33:18.866  4501  4521 W RcsProvisioning: 	at android.os.Binder.execTransact(Binder.java:731)
02-18 18:33:18.866  4501  4521 D RcsProvisioning: Retrieving backup token
02-18 18:33:18.866  4501  4521 D RcsProvisioning: Exception while getting subscriber Id. Using default
02-18 18:33:18.866  1684  3677 I ActivityManager: Force stopping androidx.test.tools.crawler.stubapp appid=10095 user=0: start instr
02-18 18:33:18.871  4108  6629 I Auth.Api.Credentials: [WebauthnCredentialDataClient#subscribe()] Operation started. [CONTEXT service_id=68 ]
02-18 18:33:18.873  7504  7504 I Zygote  : seccomp disabled by setenforce 0
02-18 18:33:18.874  4094  7338 I Authzen : [AccountChangeProcessingIntentOperation] Received onHandleIntent() call: Intent { act=com.google.android.gms.auth.GOOGLE_ACCOUNT_CHANGE cat=[com.google.android.gms.auth.category.ACCOUNT_ADDED] flg=0x10 pkg=com.google.android.gms cmp=com.google.android.gms/.chimera.GmsIntentOperationService$PersistentZeroPartyReceiver (has extras) }
02-18 18:33:18.874  4094  4094 D WearableService: Creating wearable service asynchronously.
02-18 18:33:18.874  4094  7338 I Authzen : [AccountChangeProcessingIntentOperation] Handling added account: <ELLIDED:-171020094>
02-18 18:33:18.879  1684  1701 I ActivityManager: Start proc 7504:androidx.test.tools.crawler.stubapp/u0a95 for added application androidx.test.tools.crawler.stubapp
02-18 18:33:18.881  4108  4108 D BoundBrokerSvc: onBind: Intent { act=com.google.android.gms.googlesettings.account.api.SelectedAccountManagerApiService.START dat=chimera-action: cmp=com.google.android.gms/.chimera.GmsApiService }
02-18 18:33:18.881  4108  4108 D BoundBrokerSvc: Loading bound service for intent: Intent { act=com.google.android.gms.googlesettings.account.api.SelectedAccountManagerApiService.START dat=chimera-action: cmp=com.google.android.gms/.chimera.GmsApiService }
02-18 18:33:18.866  4750  4750 I Binder:4750_2: type=1400 audit(0.0:28): avc: denied { open } for path="/sys/devices/virtual/android_usb/android0/state" dev="sysfs" ino=10984 scontext=u:r:priv_app:s0:c512,c768 tcontext=u:object_r:sysfs_android_usb:s0 tclass=file permissive=1
02-18 18:33:18.882  4108  7485 I Auth.Api.Credentials: [WebauthnCredentialDataClient#subscribe()] Operation succeeded with result: null. [CONTEXT service_id=68 ]
02-18 18:33:18.885  4108  4108 D BoundBrokerSvc: onBind: Intent { act=com.google.android.gms.googleone.api.GoogleoneApiChimeraService.START dat=chimera-action: cmp=com.google.android.gms/.chimera.GmsApiService }
02-18 18:33:18.885  4108  4108 D BoundBrokerSvc: Loading bound service for intent: Intent { act=com.google.android.gms.googleone.api.GoogleoneApiChimeraService.START dat=chimera-action: cmp=com.google.android.gms/.chimera.GmsApiService }
02-18 18:33:18.886  4094  6301 I Auth    : [PauseModuleUpdatesIntentOperation] Skip pausing module updates because no supervised account was added to the device. [CONTEXT service_id=343 ]
02-18 18:33:18.887  4094  7338 I Authzen : [SyncManager] Sync requested for event 100, account <ELLIDED:-235659632>, and components 3, with reason 7
02-18 18:33:18.887  4094  7338 I Authzen : [SyncManager] Triggering AuthZen registration...
02-18 18:33:18.898  4094  6301 I Fido    : [AccountChangeIntentOperation] Received onHandleIntent() call: Intent { act=com.google.android.gms.auth.GOOGLE_ACCOUNT_CHANGE cat=[com.google.android.gms.auth.category.ACCOUNT_ADDED] flg=0x10 pkg=com.google.android.gms cmp=com.google.android.gms/.chimera.GmsIntentOperationService$PersistentZeroPartyReceiver (has extras) } [CONTEXT service_id=148 ]
02-18 18:33:18.903  4108  4108 D BoundBrokerSvc: onBind: Intent { act=com.google.android.gms.chromesync.service.zeroparty.START dat=chimera-action: cmp=com.google.android.gms/.chimera.GmsApiService }
02-18 18:33:18.903  4108  4108 D BoundBrokerSvc: Loading bound service for intent: Intent { act=com.google.android.gms.chromesync.service.zeroparty.START dat=chimera-action: cmp=com.google.android.gms/.chimera.GmsApiService }
02-18 18:33:18.904  4108  6628 I CryptauthV2: [EnrollKeyName] ClientName calling Cryptauth is ForceRegistration
02-18 18:33:18.904  3279  7517 W AbstractGoogleClient: Application name is not set. Call Builder#setApplicationName.
02-18 18:33:18.908  4108  6260 I SyncIntentOperation: Handling the intent: Intent { act=com.google.android.gms.auth.GOOGLE_ACCOUNT_CHANGE cat=[com.google.android.gms.auth.category.ACCOUNT_ADDED] flg=0x10 pkg=com.google.android.gms cmp=com.google.android.gms/.chimera.GmsIntentOperationService$PersistentZeroPartyReceiver (has extras) }. [CONTEXT service_id=80 ]
02-18 18:33:18.912  7504  7504 I crawler.stubap: The ClassLoaderContext is a special shared library.
02-18 18:33:18.913  7504  7504 I chatty  : uid=10095(androidx.test.tools.crawler.stubapp) identical 1 line
02-18 18:33:18.913  7504  7504 I crawler.stubap: The ClassLoaderContext is a special shared library.
02-18 18:33:18.917  4094  4374 D WearableService: onGetService: waiting for onCreate to be completed.
02-18 18:33:18.917  4094  4172 I Wear_Controller: Wearable module requires a companion app to be installed.
02-18 18:33:18.917  4094  4172 I WearableService: onCreate: Wearable Services not starting. Wear is not available on this device.
02-18 18:33:18.918  7504  7504 W crawler.stubap: ClassLoaderContext classpath element mismatch for position 0. expected=/system/framework/android.test.mock.jar, found=/system/framework/android.test.runner.jar (PCL[/system/framework/android.test.mock.jar*2077058553:/system/framework/org.apache.http.legacy.boot.jar*796383208:/system/framework/android.test.runner.jar*3846605392] | PCL[/system/framework/android.test.runner.jar*3846605392:/system/framework/android.test.mock.jar*2077058553:/system/framework/org.apache.http.legacy.boot.jar*796383208])
02-18 18:33:18.919  4094  4374 W WearableService: onGetService: Wear is not available on this device.
02-18 18:33:18.926  7504  7504 W crawler.stubap: ClassLoaderContext classpath size mismatch for position 0. expected=1, found=6 (PCL[/system/framework/org.apache.http.legacy.boot.jar*796383208] | PCL[/system/framework/android.test.runner.jar*3846605392:/system/framework/android.test.mock.jar*2077058553:/system/framework/org.apache.http.legacy.boot.jar*796383208:/data/app/androidx.test.tools.crawler-n5WlJLQ1rJPUfi2mStjbqA==/base.apk*2453225235:/data/app/androidx.test.tools.crawler-n5WlJLQ1rJPUfi2mStjbqA==/base.apk!classes2.dex*3422834679:/data/app/androidx.test.tools.crawler-n5WlJLQ1rJPUfi2mStjbqA==/base.apk!classes3.dex*3516319786])
02-18 18:33:18.927  7504  7504 W crawler.stubap: Found duplicate classes, falling back to extracting from APK : /data/app/androidx.test.tools.crawler.stubapp-p7frjBeo4WtVHVxQGp3S2Q==/base.apk
02-18 18:33:18.927  7504  7504 W crawler.stubap: NOTE: This wastes RAM and hurts startup performance.
02-18 18:33:18.927  7504  7504 W crawler.stubap: Found duplicated class when checking oat files: 'Lcom/android/tools/r8/DesugarMethodHandlesLookup;' in /data/app/androidx.test.tools.crawler.stubapp-p7frjBeo4WtVHVxQGp3S2Q==/base.apk!classes2.dex and /data/app/androidx.test.tools.crawler-n5WlJLQ1rJPUfi2mStjbqA==/base.apk!classes2.dex
02-18 18:33:18.927  7504  7504 W crawler.stubap: 
02-18 18:33:18.937  4108  6544 I Checkin : [CheckinOperation] Starting Checkin: Default Task Reason : 4 Force : true UserId : 0 Start time : 221922
02-18 18:33:18.937  4094  6301 I Fido    : [FidoV2EnrollmentController] Execute registerFor API [CONTEXT service_id=287 ]
02-18 18:33:18.946  4108  6544 I CheckinUtil: Classify the device as Phone. [CONTEXT service_id=130 ]
02-18 18:33:18.949  4108  6628 W CryptauthV2: [ClientDataOperation] No featureMetadata found.
02-18 18:33:18.969  7504  7504 I crawler.stubap: The ClassLoaderContext is a special shared library.
02-18 18:33:18.970  7504  7504 I chatty  : uid=10095(androidx.test.tools.crawler.stubapp) identical 1 line
02-18 18:33:18.970  7504  7504 I crawler.stubap: The ClassLoaderContext is a special shared library.
02-18 18:33:18.971  7504  7504 W crawler.stubap: ClassLoaderContext size mismatch. expected=1, actual=2 (PCL[/system/framework/android.test.mock.jar*2077058553:/system/framework/org.apache.http.legacy.boot.jar*796383208:/system/framework/android.test.runner.jar*3846605392] | PCL[/system/framework/android.test.runner.jar*3846605392:/system/framework/org.apache.http.legacy.boot.jar*796383208:/system/framework/android.test.mock.jar*2077058553];PCL[/system/framework/android.test.runner.jar*3846605392:/system/framework/android.test.mock.jar*2077058553:/system/framework/org.apache.http.legacy.boot.jar*796383208:/data/app/androidx.test.tools.crawler-n5WlJLQ1rJPUfi2mStjbqA==/base.apk*2453225235:/data/app/androidx.test.tools.crawler-n5WlJLQ1rJPUfi2mStjbqA==/base.apk!classes2.dex*3422834679:/data/app/androidx.test.tools.crawler-n5WlJLQ1rJPUfi2mStjbqA==/base.apk!classes3.dex*3516319786:/data/app/androidx.test.tools.crawler.stubapp-p7frjBeo4WtVHVxQGp3S2Q==/base.apk*3224388592:/data/app/androidx.test.tools.crawler.stubapp-p7frjBeo4WtVHVxQGp3S2Q==/base.apk!classes2.dex*
02-18 18:33:18.971  7504  7504 W crawler.stubap: Found duplicate classes, falling back to extracting from APK : /data/app/androidx.test.tools.crawler-n5WlJLQ1rJPUfi2mStjbqA==/base.apk
02-18 18:33:18.971  7504  7504 W crawler.stubap: NOTE: This wastes RAM and hurts startup performance.
02-18 18:33:18.971  7504  7504 W crawler.stubap: Found duplicated class when checking oat files: 'Landroid/support/v4/graphics/drawable/IconCompatParcelizer;' in /data/app/androidx.test.tools.crawler-n5WlJLQ1rJPUfi2mStjbqA==/base.apk and /data/app/androidx.test.tools.crawler-n5WlJLQ1rJPUfi2mStjbqA==/base.apk
02-18 18:33:18.971  7504  7504 W crawler.stubap: 
02-18 18:33:18.986  4108  6544 I Checkin : [AndroidCheckinProtoModule] Checkin reason type: 4 attempt count: 1.
02-18 18:33:18.989  4108  7439 E SQLiteLog: (1) no such column: local_modification_time
02-18 18:33:18.990  4108  7439 I SyncManager: Executing syncInBackground [CONTEXT service_id=80 ]
02-18 18:33:18.995  4094  4094 D BoundBrokerSvc: onBind: Intent { act=com.google.android.gms.trustagent.StateApi.START dat=chimera-action: cmp=com.google.android.gms/.chimera.PersistentApiService }
02-18 18:33:18.996  4094  4094 D BoundBrokerSvc: Loading bound service for intent: Intent { act=com.google.android.gms.trustagent.StateApi.START dat=chimera-action: cmp=com.google.android.gms/.chimera.PersistentApiService }
02-18 18:33:19.002  4108  7439 W AsyncOperation: operation=List, opStatusCode=11002 [CONTEXT service_id=80 ]
02-18 18:33:19.002  4108  7439 W AsyncOperation: OperationException[Status{statusCode=Data of type PRIORITY_PREFERENCE is not subscribed., resolution=null}]
02-18 18:33:19.002  4108  7439 W AsyncOperation: 	at azvv.e(:com.google.android.gms@255034013@25.50.34 (100400-855735097):125)
02-18 18:33:19.002  4108  7439 W AsyncOperation: 	at azvv.h(:com.google.android.gms@255034013@25.50.34 (100400-855735097):176)
02-18 18:33:19.002  4108  7439 W AsyncOperation: 	at azvv.f(:com.google.android.gms@255034013@25.50.34 (100400-855735097):16)
02-18 18:33:19.002  4108  7439 W AsyncOperation: 	at cnal.fB(:com.google.android.gms@255034013@25.50.34 (100400-855735097):1)
02-18 18:33:19.002  4108  7439 W AsyncOperation: 	at cnap.run(:com.google.android.gms@255034013@25.50.34 (100400-855735097):118)
02-18 18:33:19.002  4108  7439 W AsyncOperation: 	at fhvt.run(:com.google.android.gms@255034013@25.50.34 (100400-855735097):19)
02-18 18:33:19.002  4108  7439 W AsyncOperation: 	at bdfk.c(:com.google.android.gms@255034013@25.50.34 (100400-855735097):50)
02-18 18:33:19.002  4108  7439 W AsyncOperation: 	at bdfk.run(:com.google.android.gms@255034013@25.50.34 (100400-855735097):92)
02-18 18:33:19.002  4108  7439 W AsyncOperation: 	at java.util.concurrent.ThreadPoolExecutor.runWorker(ThreadPoolExecutor.java:1167)
02-18 18:33:19.002  4108  7439 W AsyncOperation: 	at java.util.concurrent.ThreadPoolExecutor$Worker.run(ThreadPoolExecutor.java:641)
02-18 18:33:19.002  4108  7439 W AsyncOperation: 	at bdlb.run(:com.google.android.gms@255034013@25.50.34 (100400-855735097):8)
02-18 18:33:19.002  4108  7439 W AsyncOperation: 	at java.lang.Thread.run(Thread.java:764)
02-18 18:33:19.002  4108  7439 W AsyncOperation: Caused by: aztd: Data of type PRIORITY_PREFERENCE is not subscribed.
02-18 18:33:19.002  4108  7439 W AsyncOperation: 	at azww.c(:com.google.android.gms@255034013@25.50.34 (100400-855735097):165)
02-18 18:33:19.002  4108  7439 W AsyncOperation: 	at azvv.h(:com.google.android.gms@255034013@25.50.34 (100400-855735097):114)
02-18 18:33:19.002  4108  7439 W AsyncOperation: 	... 10 more
02-18 18:33:19.004  4501  4521 D RcsProvisioning: No backup token found
02-18 18:33:19.004  4501  4521 D RcsProvisioning: Clearing backup token
02-18 18:33:19.004  4501  4521 D RcsProvisioning: Exception while getting subscriber Id. Using default
02-18 18:33:19.018  4108  7439 I SyncManager: Executing syncInBackground [CONTEXT service_id=80 ]
02-18 18:33:19.032  1684  1818 E SyncManager: Job params not found for 108990
02-18 18:33:19.046  4108  7439 I SyncManager: Executing sync(type=EVENT_DATA_READ, waitForInit) [CONTEXT service_id=80 ]
02-18 18:33:19.048  7504  7504 W crawler.stubap: ClassLoaderContext size mismatch. expected=1, actual=2 (PCL[/system/framework/org.apache.http.legacy.boot.jar*796383208] | PCL[/system/framework/android.test.runner.jar*3846605392:/system/framework/org.apache.http.legacy.boot.jar*796383208:/system/framework/android.test.mock.jar*2077058553:/data/app/androidx.test.tools.crawler-n5WlJLQ1rJPUfi2mStjbqA==/base.apk*2453225235:/data/app/androidx.test.tools.crawler-n5WlJLQ1rJPUfi2mStjbqA==/base.apk!classes2.dex*3422834679:/data/app/androidx.test.tools.crawler-n5WlJLQ1rJPUfi2mStjbqA==/base.apk!classes3.dex*3516319786];PCL[/system/framework/android.test.runner.jar*3846605392:/system/framework/android.test.mock.jar*2077058553:/system/framework/org.apache.http.legacy.boot.jar*796383208:/data/app/androidx.test.tools.crawler-n5WlJLQ1rJPUfi2mStjbqA==/base.apk*2453225235:/data/app/androidx.test.tools.crawler-n5WlJLQ1rJPUfi2mStjbqA==/base.apk!classes2.dex*3422834679:/data/app/androidx.test.tools.crawler-n5WlJLQ1rJPUfi2mStjbqA==/base.apk!classes3.dex*3516319786:/data/app/and
02-18 18:33:19.048  4501  4521 I CarrierServices: [255] RcsStateProvider.onMigrationComplete: Deleted transfers file: false
02-18 18:33:19.049  7504  7504 W crawler.stubap: Found duplicate classes, falling back to extracting from APK : /data/app/androidx.test.tools.crawler.stubapp-p7frjBeo4WtVHVxQGp3S2Q==/base.apk
02-18 18:33:19.049  7504  7504 W crawler.stubap: NOTE: This wastes RAM and hurts startup performance.
02-18 18:33:19.049  7504  7504 W crawler.stubap: Found duplicated class when checking oat files: 'Landroidx/test/tools/crawler/stubapp/R$raw;' in /data/app/androidx.test.tools.crawler.stubapp-p7frjBeo4WtVHVxQGp3S2Q==/base.apk and /data/app/androidx.test.tools.crawler.stubapp-p7frjBeo4WtVHVxQGp3S2Q==/base.apk
02-18 18:33:19.049  7504  7504 W crawler.stubap: 
02-18 18:33:19.050  3143  7430 I CalendarProvider2: No events to update: uri=content://com.android.calendar/events?caller_is_syncadapter=true&account_name=FAXE3QCJMLOKVH57EQHPEQ6RN4-00%40cloudtestlabaccounts.com&account_type=com.google selection=(_sync_id IS NOT NULL) AND (calendar_id=?) selectionArgs=[1]
02-18 18:33:19.050  4501  4521 W RcsProvisioning: Failed to read configuration: /data/user/0/com.google.android.apps.messaging/files/rcsconfig (No such file or directory)
02-18 18:33:19.050  4501  4521 W RcsProvisioning: java.io.FileNotFoundException: /data/user/0/com.google.android.apps.messaging/files/rcsconfig (No such file or directory)
02-18 18:33:19.050  4501  4521 W RcsProvisioning: 	at java.io.FileInputStream.open0(Native Method)
02-18 18:33:19.050  4501  4521 W RcsProvisioning: 	at java.io.FileInputStream.open(FileInputStream.java:231)
02-18 18:33:19.050  4501  4521 W RcsProvisioning: 	at java.io.FileInputStream.<init>(FileInputStream.java:165)
02-18 18:33:19.050  4501  4521 W RcsProvisioning: 	at android.app.ContextImpl.openFileInput(ContextImpl.java:560)
02-18 18:33:19.050  4501  4521 W RcsProvisioning: 	at android.content.ContextWrapper.openFileInput(ContextWrapper.java:202)
02-18 18:33:19.050  4501  4521 W RcsProvisioning: 	at ion.a(SourceFile:2)
02-18 18:33:19.050  4501  4521 W RcsProvisioning: 	at idl.a(SourceFile:4)
02-18 18:33:19.050  4501  4521 W RcsProvisioning: 	at idm.a(SourceFile:7)
02-18 18:33:19.050  4501  4521 W RcsProvisioning: 	at iez.buildConferencesFileName(SourceFile:30)
02-18 18:33:19.050  4501  4521 W RcsProvisioning: 	at com.google.android.apps.messaging.rcsmigration.RcsStateProvider.onMigrationComplete(SourceFile:48)
02-18 18:33:19.050  4501  4521 W RcsProvisioning: 	at com.google.android.ims.rcsmigration.IRcsStateProvider$Stub.dispatchTransaction(SourceFile:14)
02-18 18:33:19.050  4501  4521 W RcsProvisioning: 	at com.google.android.aidl.BaseStub.onTransact(SourceFile:18)
02-18 18:33:19.050  4501  4521 W RcsProvisioning: 	at android.os.Binder.execTransact(Binder.java:731)
02-18 18:33:19.050  4501  4521 D RcsProvisioning: Retrieving backup token
02-18 18:33:19.051  4501  4521 D RcsProvisioning: Exception while getting subscriber Id. Using default
02-18 18:33:19.053  4094  7339 I MagicTether: [WifiSyncInitializer] Initializing Wi-Fi Sync. [CONTEXT service_id=276 ]
02-18 18:33:19.055  4094  5205 I MagicTether: [WifiSyncService] Legacy WifiSync is enabled. [CONTEXT service_id=276 ]
02-18 18:33:19.060  4108  7536 I SyncAdapter: Executing sync via SyncAdapter. [CONTEXT service_id=80 ]
02-18 18:33:19.061  4108  7536 I SyncManager: Executing sync(type=EVENT_FIRST_SUBSCRIBER_ADDED) [CONTEXT service_id=80 ]
02-18 18:33:19.069  4094  4374 W GLSUser : [DeviceKeyStore] Cannot load key: Device key file not found.
02-18 18:33:19.071  4094  4374 W GLSUser : [DeviceKeyStore] Cannot load key: Device key file not found.
