02-18 18:33:12.737  6772  6851 I Superpacks: Sync for 'delight' succeeded, result: {old=[], new=[main_en_us_20180316_1], last batch=true}
02-18 18:33:12.745  6772  7046 I Delight5Facilitator: onSuccessfulSuperDelightSync(): [en_US]
02-18 18:33:11.700  1684  1699 I chatty  : uid=1000(system) ActivityManager identical 4 lines
02-18 18:33:11.701  1684  1699 W BroadcastQueue: Background execution not allowed: receiving Intent { act=android.intent.action.DROPBOX_ENTRY_ADDED flg=0x10 (has extras) } to com.google.android.gms/.stats.service.DropBoxEntryAddedReceiver
02-18 18:33:12.905  1684  2337 V BackupManagerConstants: getFullBackupRequiredNetworkType(...) returns 2
02-18 18:33:12.905  1684  2337 V BackupManagerConstants: getFullBackupRequireCharging(...) returns true
02-18 18:33:13.205  1684  1684 I Telecom : DefaultDialerCache: Refreshing default dialer for user 0: now com.google.android.dialer: DDC.oR@AMk
02-18 18:33:13.205  1684  1759 I InputReader: Reconfiguring input devices.  changes=0x00000010
02-18 18:33:13.211  4346  4346 I CarrierServices: [2] RcsAutoStartReceiver.b: carrierServicesJibeServiceEnabled changed from true to true
02-18 18:33:13.212  4346  4346 I CarrierServices: [2] RcsAutoStartReceiver.b: enableRcs changed from true to true
02-18 18:33:13.212  4346  4346 I CarrierServices: [2] RcsAutoStartReceiver.b: RcsAutoStartReceiver triggered. Fetching RCS State. Action: android.intent.action.PACKAGE_CHANGED
02-18 18:33:13.213  4346  4346 I CarrierServices: [2] aws.a: Migration binding to RcsMigrationService
02-18 18:33:13.216  1684  1698 E system_server: No package ID 7f found for ID 0x7f0203f6.
02-18 18:33:13.216  1684  1698 E system_server: No package ID 7f found for ID 0x7f13080c.
02-18 18:33:13.216  1684  1698 E system_server: No package ID 7f found for ID 0x7f0203f8.
02-18 18:33:13.216  1684  1698 E system_server: No package ID 7f found for ID 0x7f13086b.
02-18 18:33:13.216  1684  1698 E system_server: No package ID 7f found for ID 0x7f0203fa.
02-18 18:33:13.216  1684  1698 E system_server: No package ID 7f found for ID 0x7f1308b0.
02-18 18:33:13.218  4094  6593 I Fitness : OnPackageChangedOperation got intent: Intent { act=android.intent.action.PACKAGE_CHANGED dat=package:com.google.android.youtube flg=0x5000010 pkg=com.google.android.gms cmp=com.google.android.gms/.chimera.PersistentIntentOperationService (has extras) } [CONTEXT service_id=17 ]
02-18 18:33:13.219  1684  1759 I InputReader: Reconfiguring input devices.  changes=0x00000010
02-18 18:33:13.219  1912  1912 D CarrierSvcBindHelper: No carrier app for: 0
02-18 18:33:13.219  1912  1912 D ImsResolver: maybeAddedImsService, packageName: com.google.android.youtube
02-18 18:33:13.220  4346  4346 I CarrierServices: [2] RcsAutoStartReceiver.b: carrierServicesJibeServiceEnabled changed from true to true
02-18 18:33:13.221  4346  4346 I CarrierServices: [2] RcsAutoStartReceiver.b: enableRcs changed from true to true
02-18 18:33:13.221  4346  4346 I CarrierServices: [2] RcsAutoStartReceiver.b: RcsAutoStartReceiver triggered. Fetching RCS State. Action: android.intent.action.PACKAGE_CHANGED
02-18 18:33:13.221  1684  1684 I Telecom : DefaultDialerCache: Refreshing default dialer for user 0: now com.google.android.dialer: DDC.oR@AMo
02-18 18:33:13.221  4346  4346 I CarrierServices: [2] aws.a: Migration binding to RcsMigrationService
02-18 18:33:13.222  4346  4346 I CarrierServices: [2] RcsAutoStartReceiver.b: carrierServicesJibeServiceEnabled changed from true to true
02-18 18:33:13.222  4346  4346 I CarrierServices: [2] RcsAutoStartReceiver.b: enableRcs changed from true to true
02-18 18:33:13.222  4346  4346 I CarrierServices: [2] RcsAutoStartReceiver.b: RcsAutoStartReceiver triggered. Fetching RCS State. Action: android.intent.action.PACKAGE_CHANGED
02-18 18:33:13.223  4346  4346 I CarrierServices: [2] aws.a: Migration binding to RcsMigrationService
02-18 18:33:13.223  1684  1684 I Telecom : DefaultDialerCache: Refreshing default dialer for user 0: now com.google.android.dialer: DDC.oR@AMs
02-18 18:33:13.224  4094  6301 I Fitness : OnPackageChangedOperation got intent: Intent { act=android.intent.action.PACKAGE_CHANGED dat=package:com.google.android.youtube flg=0x5000010 pkg=com.google.android.gms cmp=com.google.android.gms/.chimera.PersistentIntentOperationService (has extras) } [CONTEXT service_id=17 ]
02-18 18:33:13.224  4501  4501 I Bugle   : returning RCS state provider.
02-18 18:33:13.225  4346  4346 I CarrierServices: [2] RcsAutoStartReceiver.b: carrierServicesJibeServiceEnabled changed from true to true
02-18 18:33:13.225  4346  4346 I CarrierServices: [2] RcsAutoStartReceiver.b: enableRcs changed from true to true
02-18 18:33:13.225  4346  4346 I CarrierServices: [2] RcsAutoStartReceiver.b: RcsAutoStartReceiver triggered. Fetching RCS State. Action: android.intent.action.PACKAGE_CHANGED
02-18 18:33:13.225  4346  4346 I CarrierServices: [2] aws.a: Migration binding to RcsMigrationService
02-18 18:33:13.229  4108  5145 I Icing   : Indexing com.google.android.gms-apps from com.google.android.gms
02-18 18:33:13.231  1684  1698 W Searchables: No global search activity found
02-18 18:33:13.232  1912  1912 D CarrierSvcBindHelper: No carrier app for: 0
02-18 18:33:13.232  1684  1698 W Searchables: No global search activity found
02-18 18:33:13.232  4094  6509 I Fitness : FitCleanupIntentOperation received Intent android.intent.action.PACKAGE_CHANGED [CONTEXT service_id=17 ]
02-18 18:33:13.233  1684  1698 D AutofillManagerServiceImpl: Reset component for user 0 (null)
02-18 18:33:13.233  1684  1698 D AutofillManagerServiceImpl: Reset component for user 0 (null)
02-18 18:33:13.233  1684  1698 D FieldClassificationStrategy: reset(): service is not bound. Do nothing.
02-18 18:33:13.233  1684  1700 D AutofillUI: destroySaveUiUiThread(): already destroyed
02-18 18:33:13.234  4501  6116 I CarrierServices: [462] inq.shouldUseCarrierServicesApkForV1Apis: Checking if using CarrierServices.apk is possible. Enabled: true, isAtLeastM: true, runningInsideBugle: true
02-18 18:33:13.236  1684  1698 W Searchables: No global search activity found
02-18 18:33:13.237  1684  1759 I InputReader: Reconfiguring input devices.  changes=0x00000010
02-18 18:33:13.237  1684  1684 I Telecom : DefaultDialerCache: Refreshing default dialer for user 0: now com.google.android.dialer: DDC.oR@AMw
02-18 18:33:13.238  4501  6116 I CarrierServices: [462] inq.e: Network Operator: 310260
02-18 18:33:13.239  4501  6116 I CarrierServices: [462] inq.e: carrierWithOldEcApis: false
02-18 18:33:13.239  4501  6116 I CarrierServices: [462] inq.e: hasDialerThatSupportsNewEc: false
02-18 18:33:13.241  4501  6116 W RcsProvisioning: Failed to read configuration: /data/user/0/com.google.android.apps.messaging/files/rcsconfig (No such file or directory)
02-18 18:33:13.241  4501  6116 W RcsProvisioning: java.io.FileNotFoundException: /data/user/0/com.google.android.apps.messaging/files/rcsconfig (No such file or directory)
02-18 18:33:13.241  4501  6116 W RcsProvisioning: 	at java.io.FileInputStream.open0(Native Method)
02-18 18:33:13.241  4501  6116 W RcsProvisioning: 	at java.io.FileInputStream.open(FileInputStream.java:231)
02-18 18:33:13.241  4501  6116 W RcsProvisioning: 	at java.io.FileInputStream.<init>(FileInputStream.java:165)
02-18 18:33:13.241  4501  6116 W RcsProvisioning: 	at android.app.ContextImpl.openFileInput(ContextImpl.java:560)
02-18 18:33:13.241  4501  6116 W RcsProvisioning: 	at android.content.ContextWrapper.openFileInput(ContextWrapper.java:202)
02-18 18:33:13.241  4501  6116 W RcsProvisioning: 	at ion.a(SourceFile:2)
02-18 18:33:13.241  4501  6116 W RcsProvisioning: 	at idl.a(SourceFile:4)
02-18 18:33:13.241  4501  6116 W RcsProvisioning: 	at idm.a(SourceFile:7)
02-18 18:33:13.241  4501  6116 W RcsProvisioning: 	at com.google.android.apps.messaging.rcsmigration.RcsStateProvider.buildRcsState(SourceFile:81)
02-18 18:33:13.241  4501  6116 W RcsProvisioning: 	at com.google.android.apps.messaging.rcsmigration.RcsStateProvider.getRcsState(SourceFile:6)
02-18 18:33:13.241  4501  6116 W RcsProvisioning: 	at com.google.android.ims.rcsmigration.IRcsStateProvider$Stub.dispatchTransaction(SourceFile:10)
02-18 18:33:13.241  4501  6116 W RcsProvisioning: 	at com.google.android.aidl.BaseStub.onTransact(SourceFile:18)
02-18 18:33:13.241  4501  6116 W RcsProvisioning: 	at android.os.Binder.execTransact(Binder.java:731)
02-18 18:33:13.241  4501  6116 D RcsProvisioning: Retrieving backup token
02-18 18:33:13.241  4501  6116 D RcsProvisioning: Exception while getting subscriber Id. Using default
02-18 18:33:13.241  1912  1912 D CarrierSvcBindHelper: No carrier app for: 0
02-18 18:33:13.241  1912  1912 D ImsResolver: maybeAddedImsService, packageName: com.android.vending
02-18 18:33:13.241  1912  1912 D ImsResolver: maybeAddedImsService, packageName: com.google.android.music
02-18 18:33:13.244  4108  5145 I Icing   : Indexing done com.google.android.gms-apps
02-18 18:33:13.244  1684  1759 I InputReader: Reconfiguring input devices.  changes=0x00000010
02-18 18:33:13.245  4108  5145 I Icing   : Indexing com.google.android.gms-internal.3p:MobileApplication from com.google.android.gms
02-18 18:33:13.246  1684  1684 I Telecom : DefaultDialerCache: Refreshing default dialer for user 0: now com.google.android.dialer: DDC.oR@AM0
02-18 18:33:13.248  1684  1698 W Searchables: No global search activity found
02-18 18:33:13.248  1684  1698 D AutofillManagerServiceImpl: Reset component for user 0 (null)
02-18 18:33:13.248  1684  1698 D AutofillManagerServiceImpl: Reset component for user 0 (null)
02-18 18:33:13.248  1684  1698 D FieldClassificationStrategy: reset(): service is not bound. Do nothing.
02-18 18:33:13.249  1684  1698 E system_server: No package ID 7f found for ID 0x7f020213.
02-18 18:33:13.249  1684  1698 E system_server: No package ID 7f found for ID 0x7f1101c9.
02-18 18:33:13.249  1684  1698 E system_server: No package ID 7f found for ID 0x7f1101c6.
02-18 18:33:13.249  1684  1698 E system_server: No package ID 7f found for ID 0x7f1101c6.
02-18 18:33:13.249  1684  1698 E system_server: No package ID 7f found for ID 0x7f020215.
02-18 18:33:13.249  1684  1698 E system_server: No package ID 7f found for ID 0x7f1101c7.
02-18 18:33:13.249  1684  1698 E system_server: No package ID 7f found for ID 0x7f1101c4.
02-18 18:33:13.249  1684  1698 E system_server: No package ID 7f found for ID 0x7f1101c4.
02-18 18:33:13.249  1684  1698 E system_server: No package ID 7f found for ID 0x7f020217.
02-18 18:33:13.249  1684  1698 E system_server: No package ID 7f found for ID 0x7f1101c8.
02-18 18:33:13.249  1684  1698 E system_server: No package ID 7f found for ID 0x7f1101c5.
02-18 18:33:13.249  1684  1698 E system_server: No package ID 7f found for ID 0x7f1101c5.
02-18 18:33:13.249  1684  1698 W Searchables: No global search activity found
02-18 18:33:13.250  1684  1700 D AutofillUI: destroySaveUiUiThread(): already destroyed
02-18 18:33:13.251  1912  1912 D CarrierSvcBindHelper: No carrier app for: 0
02-18 18:33:13.251  1912  1912 D ImsResolver: maybeAddedImsService, packageName: com.google.android.apps.maps
02-18 18:33:13.252  1912  1912 D CarrierSvcBindHelper: No carrier app for: 0
02-18 18:33:13.252  1912  1912 D ImsResolver: maybeAddedImsService, packageName: com.google.android.gms
02-18 18:33:13.273  4094  6509 I Fitness : FitCleanupIntentOperation received Intent android.intent.action.PACKAGE_CHANGED [CONTEXT service_id=17 ]
02-18 18:33:13.273  4108  5615 I PeopleGalProvider: Gal directories started.
02-18 18:33:13.274  4108  5615 I PeopleGalProvider: Method 1 completed.
02-18 18:33:13.274  4108  5615 I PeopleGalProvider: Method 1 finished successfully.
02-18 18:33:13.277  1684  1698 E system_server: No package ID 7f found for ID 0x7f0203d8.
02-18 18:33:13.277  1684  1698 E system_server: No package ID 7f found for ID 0x7f170002.
02-18 18:33:13.277  1684  1698 E system_server: No package ID 7f found for ID 0x7f020483.
02-18 18:33:13.277  1684  1698 E system_server: No package ID 7f found for ID 0x7f170009.
02-18 18:33:13.278  1684  1698 W Searchables: No global search activity found
02-18 18:33:13.284  1684  1698 D AutofillManagerServiceImpl: Reset component for user 0 (null)
02-18 18:33:13.284  1684  1698 D AutofillManagerServiceImpl: Reset component for user 0 (null)
02-18 18:33:13.284  1684  1698 D FieldClassificationStrategy: reset(): service is not bound. Do nothing.
02-18 18:33:13.284  1684  1700 D AutofillUI: destroySaveUiUiThread(): already destroyed
02-18 18:33:13.283  1684  1698 I chatty  : uid=1000(system) android.bg identical 1 line
02-18 18:33:13.285  1684  1698 W Searchables: No global search activity found
02-18 18:33:13.296  4094  6618 I Fitness : OnPackageChangedOperation got intent: Intent { act=android.intent.action.PACKAGE_CHANGED dat=package:com.android.vending flg=0x5000010 pkg=com.google.android.gms cmp=com.google.android.gms/.chimera.PersistentIntentOperationService (has extras) } [CONTEXT service_id=17 ]
02-18 18:33:13.299  4108  5145 I Icing   : Indexing done com.google.android.gms-internal.3p:MobileApplication
02-18 18:33:13.301  4108  5145 I Icing   : Indexing com.google.android.gms-apps from com.google.android.gms
02-18 18:33:13.302  4108  5145 I Icing   : Indexing done com.google.android.gms-apps
02-18 18:33:13.302  4108  5145 I Icing   : Indexing com.google.android.gms-internal.3p:MobileApplication from com.google.android.gms
02-18 18:33:13.304  4108  5145 I Icing   : Indexing done com.google.android.gms-internal.3p:MobileApplication
02-18 18:33:13.304  4094  6618 I Fitness : OnPackageChangedOperation got intent: Intent { act=android.intent.action.PACKAGE_CHANGED dat=package:com.android.vending flg=0x5000010 pkg=com.google.android.gms cmp=com.google.android.gms/.chimera.PersistentIntentOperationService (has extras) } [CONTEXT service_id=17 ]
02-18 18:33:13.305  4108  6312 I Icing   : Indexing com.google.android.gms-apps from com.google.android.gms
02-18 18:33:13.305  4108  6312 I Icing   : Indexing done com.google.android.gms-apps
02-18 18:33:13.307  4108  6312 I Icing   : Indexing com.google.android.gms-apps from com.google.android.gms
02-18 18:33:13.307  4108  6312 I Icing   : Indexing done com.google.android.gms-apps
02-18 18:33:13.307  1684  1698 W Binder  : Outgoing transactions from this process must be FLAG_ONEWAY
02-18 18:33:13.307  1684  1698 W Binder  : java.lang.Throwable
02-18 18:33:13.307  1684  1698 W Binder  : 	at android.os.BinderProxy.transact(Binder.java:1114)
02-18 18:33:13.307  1684  1698 W Binder  : 	at com.android.internal.location.ILocationProvider$Stub$Proxy.getProperties(ILocationProvider.java:236)
02-18 18:33:13.307  1684  1698 W Binder  : 	at com.android.server.location.LocationProviderProxy$1$1.run(LocationProviderProxy.java:117)
02-18 18:33:13.307  1684  1698 W Binder  : 	at com.android.server.ServiceWatcher.runOnBinder(ServiceWatcher.java:425)
02-18 18:33:13.307  1684  1698 W Binder  : 	at com.android.server.location.LocationProviderProxy$1.run(LocationProviderProxy.java:111)
02-18 18:33:13.307  1684  1698 W Binder  : 	at android.os.Handler.handleCallback(Handler.java:873)
02-18 18:33:13.307  1684  1698 W Binder  : 	at android.os.Handler.dispatchMessage(Handler.java:99)
02-18 18:33:13.307  1684  1698 W Binder  : 	at android.os.Looper.loop(Looper.java:193)
02-18 18:33:13.307  1684  1698 W Binder  : 	at android.os.HandlerThread.run(HandlerThread.java:65)
02-18 18:33:13.308  4094  6618 I Fitness : FitCleanupIntentOperation received Intent android.intent.action.PACKAGE_CHANGED [CONTEXT service_id=17 ]
02-18 18:33:13.310  1684  1698 W Binder  : Outgoing transactions from this process must be FLAG_ONEWAY
02-18 18:33:13.310  1684  1698 W Binder  : java.lang.Throwable
02-18 18:33:13.310  1684  1698 W Binder  : 	at android.os.BinderProxy.transact(Binder.java:1114)
02-18 18:33:13.310  1684  1698 W Binder  : 	at com.android.internal.location.ILocationProvider$Stub$Proxy.getProperties(ILocationProvider.java:236)
02-18 18:33:13.310  1684  1698 W Binder  : 	at com.android.server.location.LocationProviderProxy$1$1.run(LocationProviderProxy.java:117)
02-18 18:33:13.310  1684  1698 W Binder  : 	at com.android.server.ServiceWatcher.runOnBinder(ServiceWatcher.java:425)
02-18 18:33:13.310  1684  1698 W Binder  : 	at com.android.server.location.LocationProviderProxy$1.run(LocationProviderProxy.java:111)
02-18 18:33:13.310  1684  1698 W Binder  : 	at android.os.Handler.handleCallback(Handler.java:873)
02-18 18:33:13.310  1684  1698 W Binder  : 	at android.os.Handler.dispatchMessage(Handler.java:99)
02-18 18:33:13.310  1684  1698 W Binder  : 	at android.os.Looper.loop(Looper.java:193)
02-18 18:33:13.310  1684  1698 W Binder  : 	at android.os.HandlerThread.run(HandlerThread.java:65)
02-18 18:33:13.312  4094  6618 I Fitness : FitCleanupIntentOperation received Intent android.intent.action.PACKAGE_CHANGED [CONTEXT service_id=17 ]
02-18 18:33:13.320  4094  6301 I Fitness : OnPackageChangedOperation got intent: Intent { act=android.intent.action.PACKAGE_CHANGED dat=package:com.google.android.apps.maps flg=0x5000010 pkg=com.google.android.gms cmp=com.google.android.gms/.chimera.PersistentIntentOperationService (has extras) } [CONTEXT service_id=17 ]
02-18 18:33:13.324  4094  6301 I Fitness : FitCleanupIntentOperation received Intent android.intent.action.PACKAGE_CHANGED [CONTEXT service_id=17 ]
02-18 18:33:13.325  4108  6312 I Icing   : Indexing com.google.android.gms-internal.3p:MobileApplication from com.google.android.gms
02-18 18:33:13.331  4108  6312 I Icing   : Indexing com.google.android.gms-apps from com.google.android.gms
02-18 18:33:13.333  4108  6312 I Icing   : Indexing done com.google.android.gms-internal.3p:MobileApplication
02-18 18:33:13.334  4108  6312 I Icing   : Indexing done com.google.android.gms-apps
02-18 18:33:13.375  4501  6116 D RcsProvisioning: No backup token found
02-18 18:33:13.375  4501  6116 D RcsProvisioning: Retrieving backup token
02-18 18:33:13.375  4501  6116 D RcsProvisioning: Exception while getting subscriber Id. Using default
02-18 18:33:13.492  1684  2064 I GnssLocationProvider: WakeLock acquired by sendMessage(REPORT_SV_STATUS, 0, com.android.server.location.GnssLocationProvider$SvStatusInfo@39a08b0)
02-18 18:33:13.493  1684  1698 I GnssLocationProvider: WakeLock released by handleMessage(REPORT_SV_STATUS, 0, com.android.server.location.GnssLocationProvider$SvStatusInfo@39a08b0)
02-18 18:33:13.535  4501  6116 D RcsProvisioning: No backup token found
02-18 18:33:13.538  4501  6116 W RcsProvisioning: Failed to read configuration: /data/user/0/com.google.android.apps.messaging/files/rcsconfig (No such file or directory)
02-18 18:33:13.538  4501  6116 W RcsProvisioning: java.io.FileNotFoundException: /data/user/0/com.google.android.apps.messaging/files/rcsconfig (No such file or directory)
02-18 18:33:13.538  4501  6116 W RcsProvisioning: 	at java.io.FileInputStream.open0(Native Method)
02-18 18:33:13.538  4501  6116 W RcsProvisioning: 	at java.io.FileInputStream.open(FileInputStream.java:231)
02-18 18:33:13.538  4501  6116 W RcsProvisioning: 	at java.io.FileInputStream.<init>(FileInputStream.java:165)
02-18 18:33:13.538  4501  6116 W RcsProvisioning: 	at android.app.ContextImpl.openFileInput(ContextImpl.java:560)
02-18 18:33:13.538  4501  6116 W RcsProvisioning: 	at android.content.ContextWrapper.openFileInput(ContextWrapper.java:202)
02-18 18:33:13.538  4501  6116 W RcsProvisioning: 	at ion.a(SourceFile:2)
02-18 18:33:13.538  4501  6116 W RcsProvisioning: 	at idl.a(SourceFile:4)
02-18 18:33:13.538  4501  6116 W RcsProvisioning: 	at idm.a(SourceFile:7)
02-18 18:33:13.538  4501  6116 W RcsProvisioning: 	at iez.buildConferencesFileName(SourceFile:30)
02-18 18:33:13.538  4501  6116 W RcsProvisioning: 	at com.google.android.apps.messaging.rcsmigration.RcsStateProvider.buildRcsState(SourceFile:129)
02-18 18:33:13.538  4501  6116 W RcsProvisioning: 	at com.google.android.apps.messaging.rcsmigration.RcsStateProvider.getRcsState(SourceFile:6)
02-18 18:33:13.538  4501  6116 W RcsProvisioning: 	at com.google.android.ims.rcsmigration.IRcsStateProvider$Stub.dispatchTransaction(SourceFile:10)
02-18 18:33:13.538  4501  6116 W RcsProvisioning: 	at com.google.android.aidl.BaseStub.onTransact(SourceFile:18)
02-18 18:33:13.538  4501  6116 W RcsProvisioning: 	at android.os.Binder.execTransact(Binder.java:731)
02-18 18:33:13.538  4501  6116 D RcsProvisioning: Retrieving backup token
02-18 18:33:13.538  4501  6116 D RcsProvisioning: Exception while getting subscriber Id. Using default
02-18 18:33:13.677  4501  6116 D RcsProvisioning: No backup token found
02-18 18:33:13.677  4501  6116 E CarrierServices: [462] iez.getFile: File not found.: /data/user/0/com.google.android.apps.messaging/files/httpft_pending (No such file or directory)
02-18 18:33:13.677  4501  6116 E CarrierServices: 	java.io.FileInputStream.open0(Native Method)
02-18 18:33:13.677  4501  6116 E CarrierServices: 	java.io.FileInputStream.open(FileInputStream.java:231)
02-18 18:33:13.677  4501  6116 E CarrierServices: 	java.io.FileInputStream.<init>(FileInputStream.java:165)
02-18 18:33:13.677  4501  6116 E CarrierServices: 	android.app.ContextImpl.openFileInput(ContextImpl.java:560)
02-18 18:33:13.677  4501  6116 E CarrierServices: 	android.content.ContextWrapper.openFileInput(ContextWrapper.java:202)
02-18 18:33:13.677  4501  6116 E CarrierServices: 	iez.getFile(SourceFile:20)
02-18 18:33:13.677  4501  6116 E CarrierServices: 	com.google.android.apps.messaging.rcsmigration.RcsStateProvider.buildRcsState(SourceFile:136)
02-18 18:33:13.677  4501  6116 E CarrierServices: 	com.google.android.apps.messaging.rcsmigration.RcsStateProvider.getRcsState(SourceFile:6)
02-18 18:33:13.677  4501  6116 E CarrierServices: 	com.google.android.ims.rcsmigration.IRcsStateProvider$Stub.dispatchTransaction(SourceFile:10)
02-18 18:33:13.677  4501  6116 E CarrierServices: 	com.google.android.aidl.BaseStub.onTransact(SourceFile:18)
02-18 18:33:13.677  4501  6116 E CarrierServices: 	android.os.Binder.execTransact(Binder.java:731)
02-18 18:33:13.678  4346  5403 I CarrierServices: [292] awt.doInBackground: Saving RCS State
02-18 18:33:13.678  4346  5403 I CarrierServices: [292] awt.doInBackground: Old operation mode: 2
02-18 18:33:13.678  4346  5403 I CarrierServices: [292] awt.doInBackground: New operation mode: 2
02-18 18:33:13.678  4501  5321 I CarrierServices: [370] inq.shouldUseCarrierServicesApkForV1Apis: Checking if using CarrierServices.apk is possible. Enabled: true, isAtLeastM: true, runningInsideBugle: true
02-18 18:33:13.678  4501  5321 I CarrierServices: [370] inq.e: Network Operator: 310260
02-18 18:33:13.679  4501  5321 I CarrierServices: [370] inq.e: carrierWithOldEcApis: false
02-18 18:33:13.679  4501  5321 I CarrierServices: [370] inq.e: hasDialerThatSupportsNewEc: false
02-18 18:33:13.684  4501  5321 W RcsProvisioning: Failed to read configuration: /data/user/0/com.google.android.apps.messaging/files/rcsconfig (No such file or directory)
02-18 18:33:13.684  4501  5321 W RcsProvisioning: java.io.FileNotFoundException: /data/user/0/com.google.android.apps.messaging/files/rcsconfig (No such file or directory)
02-18 18:33:13.684  4501  5321 W RcsProvisioning: 	at java.io.FileInputStream.open0(Native Method)
02-18 18:33:13.684  4501  5321 W RcsProvisioning: 	at java.io.FileInputStream.open(FileInputStream.java:231)
02-18 18:33:13.684  4501  5321 W RcsProvisioning: 	at java.io.FileInputStream.<init>(FileInputStream.java:165)
02-18 18:33:13.684  4501  5321 W RcsProvisioning: 	at android.app.ContextImpl.openFileInput(ContextImpl.java:560)
02-18 18:33:13.684  4501  5321 W RcsProvisioning: 	at android.content.ContextWrapper.openFileInput(ContextWrapper.java:202)
02-18 18:33:13.684  4501  5321 W RcsProvisioning: 	at ion.a(SourceFile:2)
02-18 18:33:13.684  4501  5321 W RcsProvisioning: 	at idl.a(SourceFile:4)
02-18 18:33:13.684  4501  5321 W RcsProvisioning: 	at idm.a(SourceFile:7)
02-18 18:33:13.684  4501  5321 W RcsProvisioning: 	at com.google.android.apps.messaging.rcsmigration.RcsStateProvider.buildRcsState(SourceFile:81)
02-18 18:33:13.684  4501  5321 W RcsProvisioning: 	at com.google.android.apps.messaging.rcsmigration.RcsStateProvider.getRcsState(SourceFile:6)
02-18 18:33:13.684  4501  5321 W RcsProvisioning: 	at com.google.android.ims.rcsmigration.IRcsStateProvider$Stub.dispatchTransaction(SourceFile:10)
02-18 18:33:13.684  4501  5321 W RcsProvisioning: 	at com.google.android.aidl.BaseStub.onTransact(SourceFile:18)
02-18 18:33:13.684  4501  5321 W RcsProvisioning: 	at android.os.Binder.execTransact(Binder.java:731)
02-18 18:33:13.684  4501  5321 D RcsProvisioning: Retrieving backup token
02-18 18:33:13.684  4501  5321 D RcsProvisioning: Exception while getting subscriber Id. Using default
02-18 18:33:13.855  4501  5321 D RcsProvisioning: No backup token found
02-18 18:33:13.855  4501  5321 D RcsProvisioning: Retrieving backup token
02-18 18:33:13.855  4501  5321 D RcsProvisioning: Exception while getting subscriber Id. Using default
02-18 18:33:13.997  4501  5321 D RcsProvisioning: No backup token found
02-18 18:33:14.006  4501  5321 W RcsProvisioning: Failed to read configuration: /data/user/0/com.google.android.apps.messaging/files/rcsconfig (No such file or directory)
02-18 18:33:14.006  4501  5321 W RcsProvisioning: java.io.FileNotFoundException: /data/user/0/com.google.android.apps.messaging/files/rcsconfig (No such file or directory)
02-18 18:33:14.006  4501  5321 W RcsProvisioning: 	at java.io.FileInputStream.open0(Native Method)
02-18 18:33:14.006  4501  5321 W RcsProvisioning: 	at java.io.FileInputStream.open(FileInputStream.java:231)
02-18 18:33:14.006  4501  5321 W RcsProvisioning: 	at java.io.FileInputStream.<init>(FileInputStream.java:165)
02-18 18:33:14.006  4501  5321 W RcsProvisioning: 	at android.app.ContextImpl.openFileInput(ContextImpl.java:560)
02-18 18:33:14.006  4501  5321 W RcsProvisioning: 	at android.content.ContextWrapper.openFileInput(ContextWrapper.java:202)
02-18 18:33:14.006  4501  5321 W RcsProvisioning: 	at ion.a(SourceFile:2)
02-18 18:33:14.006  4501  5321 W RcsProvisioning: 	at idl.a(SourceFile:4)
02-18 18:33:14.006  4501  5321 W RcsProvisioning: 	at idm.a(SourceFile:7)
02-18 18:33:14.006  4501  5321 W RcsProvisioning: 	at iez.buildConferencesFileName(SourceFile:30)
02-18 18:33:14.006  4501  5321 W RcsProvisioning: 	at com.google.android.apps.messaging.rcsmigration.RcsStateProvider.buildRcsState(SourceFile:129)
02-18 18:33:14.006  4501  5321 W RcsProvisioning: 	at com.google.android.apps.messaging.rcsmigration.RcsStateProvider.getRcsState(SourceFile:6)
02-18 18:33:14.006  4501  5321 W RcsProvisioning: 	at com.google.android.ims.rcsmigration.IRcsStateProvider$Stub.dispatchTransaction(SourceFile:10)
02-18 18:33:14.006  4501  5321 W RcsProvisioning: 	at com.google.android.aidl.BaseStub.onTransact(SourceFile:18)
02-18 18:33:14.006  4501  5321 W RcsProvisioning: 	at android.os.Binder.execTransact(Binder.java:731)
02-18 18:33:14.006  4501  5321 D RcsProvisioning: Retrieving backup token
02-18 18:33:14.006  4501  5321 D RcsProvisioning: Exception while getting subscriber Id. Using default
02-18 18:33:14.142  4501  5321 D RcsProvisioning: No backup token found
02-18 18:33:14.143  4501  5321 E CarrierServices: [370] iez.getFile: File not found.: /data/user/0/com.google.android.apps.messaging/files/httpft_pending (No such file or directory)
02-18 18:33:14.143  4501  5321 E CarrierServices: 	java.io.FileInputStream.open0(Native Method)
02-18 18:33:14.143  4501  5321 E CarrierServices: 	java.io.FileInputStream.open(FileInputStream.java:231)
02-18 18:33:14.143  4501  5321 E CarrierServices: 	java.io.FileInputStream.<init>(FileInputStream.java:165)
02-18 18:33:14.143  4501  5321 E CarrierServices: 	android.app.ContextImpl.openFileInput(ContextImpl.java:560)
02-18 18:33:14.143  4501  5321 E CarrierServices: 	android.content.ContextWrapper.openFileInput(ContextWrapper.java:202)
02-18 18:33:14.143  4501  5321 E CarrierServices: 	iez.getFile(SourceFile:20)
02-18 18:33:14.143  4501  5321 E CarrierServices: 	com.google.android.apps.messaging.rcsmigration.RcsStateProvider.buildRcsState(SourceFile:136)
02-18 18:33:14.143  4501  5321 E CarrierServices: 	com.google.android.apps.messaging.rcsmigration.RcsStateProvider.getRcsState(SourceFile:6)
02-18 18:33:14.143  4501  5321 E CarrierServices: 	com.google.android.ims.rcsmigration.IRcsStateProvider$Stub.dispatchTransaction(SourceFile:10)
02-18 18:33:14.143  4501  5321 E CarrierServices: 	com.google.android.aidl.BaseStub.onTransact(SourceFile:18)
02-18 18:33:14.143  4501  5321 E CarrierServices: 	android.os.Binder.execTransact(Binder.java:731)
02-18 18:33:14.147  4346  5582 I CarrierServices: [293] awt.doInBackground: Saving RCS State
02-18 18:33:14.147  4346  5582 I CarrierServices: [293] awt.doInBackground: Old operation mode: 2
02-18 18:33:14.149  4501  6116 I CarrierServices: [462] inq.shouldUseCarrierServicesApkForV1Apis: Checking if using CarrierServices.apk is possible. Enabled: true, isAtLeastM: true, runningInsideBugle: true
02-18 18:33:14.149  4346  5582 I CarrierServices: [293] awt.doInBackground: New operation mode: 2
02-18 18:33:14.150  4501  6116 I CarrierServices: [462] inq.e: Network Operator: 310260
02-18 18:33:14.150  4501  6116 I CarrierServices: [462] inq.e: carrierWithOldEcApis: false
02-18 18:33:14.150  4501  6116 I CarrierServices: [462] inq.e: hasDialerThatSupportsNewEc: false
02-18 18:33:14.154  4501  6116 W RcsProvisioning: Failed to read configuration: /data/user/0/com.google.android.apps.messaging/files/rcsconfig (No such file or directory)
02-18 18:33:14.154  4501  6116 W RcsProvisioning: java.io.FileNotFoundException: /data/user/0/com.google.android.apps.messaging/files/rcsconfig (No such file or directory)
02-18 18:33:14.154  4501  6116 W RcsProvisioning: 	at java.io.FileInputStream.open0(Native Method)
02-18 18:33:14.154  4501  6116 W RcsProvisioning: 	at java.io.FileInputStream.open(FileInputStream.java:231)
02-18 18:33:14.154  4501  6116 W RcsProvisioning: 	at java.io.FileInputStream.<init>(FileInputStream.java:165)
02-18 18:33:14.154  4501  6116 W RcsProvisioning: 	at android.app.ContextImpl.openFileInput(ContextImpl.java:560)
02-18 18:33:14.154  4501  6116 W RcsProvisioning: 	at android.content.ContextWrapper.openFileInput(ContextWrapper.java:202)
02-18 18:33:14.154  4501  6116 W RcsProvisioning: 	at ion.a(SourceFile:2)
02-18 18:33:14.154  4501  6116 W RcsProvisioning: 	at idl.a(SourceFile:4)
02-18 18:33:14.154  4501  6116 W RcsProvisioning: 	at idm.a(SourceFile:7)
02-18 18:33:14.154  4501  6116 W RcsProvisioning: 	at com.google.android.apps.messaging.rcsmigration.RcsStateProvider.buildRcsState(SourceFile:81)
02-18 18:33:14.154  4501  6116 W RcsProvisioning: 	at com.google.android.apps.messaging.rcsmigration.RcsStateProvider.getRcsState(SourceFile:6)
02-18 18:33:14.154  4501  6116 W RcsProvisioning: 	at com.google.android.ims.rcsmigration.IRcsStateProvider$Stub.dispatchTransaction(SourceFile:10)
02-18 18:33:14.154  4501  6116 W RcsProvisioning: 	at com.google.android.aidl.BaseStub.onTransact(SourceFile:18)
02-18 18:33:14.154  4501  6116 W RcsProvisioning: 	at android.os.Binder.execTransact(Binder.java:731)
02-18 18:33:14.154  4501  6116 D RcsProvisioning: Retrieving backup token
02-18 18:33:14.154  4501  6116 D RcsProvisioning: Exception while getting subscriber Id. Using default
02-18 18:33:14.274  6730  6748 I oadcastreceive: Waiting for a blocking GC ProfileSaver
02-18 18:33:14.281  6730  6748 I oadcastreceive: WaitForGcToComplete blocked ProfileSaver on HeapTrim for 7.013ms
02-18 18:33:14.283  4501  6116 D RcsProvisioning: No backup token found
02-18 18:33:14.284  4501  6116 D RcsProvisioning: Retrieving backup token
02-18 18:33:14.284  4501  6116 D RcsProvisioning: Exception while getting subscriber Id. Using default
02-18 18:33:14.396  1684  1684 V SettingsProvider: Notifying for 0: content://settings/system/accelerometer_rotation
02-18 18:33:14.425  6752  6787 I droid.apps.map: Waiting for a blocking GC ProfileSaver
02-18 18:33:14.425  4501  6116 D RcsProvisioning: No backup token found
02-18 18:33:14.428  4501  6116 W RcsProvisioning: Failed to read configuration: /data/user/0/com.google.android.apps.messaging/files/rcsconfig (No such file or directory)
02-18 18:33:14.428  4501  6116 W RcsProvisioning: java.io.FileNotFoundException: /data/user/0/com.google.android.apps.messaging/files/rcsconfig (No such file or directory)
02-18 18:33:14.428  4501  6116 W RcsProvisioning: 	at java.io.FileInputStream.open0(Native Method)
02-18 18:33:14.428  4501  6116 W RcsProvisioning: 	at java.io.FileInputStream.open(FileInputStream.java:231)
02-18 18:33:14.428  4501  6116 W RcsProvisioning: 	at java.io.FileInputStream.<init>(FileInputStream.java:165)
02-18 18:33:14.428  4501  6116 W RcsProvisioning: 	at android.app.ContextImpl.openFileInput(ContextImpl.java:560)
02-18 18:33:14.428  4501  6116 W RcsProvisioning: 	at android.content.ContextWrapper.openFileInput(ContextWrapper.java:202)
02-18 18:33:14.428  4501  6116 W RcsProvisioning: 	at ion.a(SourceFile:2)
02-18 18:33:14.428  4501  6116 W RcsProvisioning: 	at idl.a(SourceFile:4)
02-18 18:33:14.428  4501  6116 W RcsProvisioning: 	at idm.a(SourceFile:7)
02-18 18:33:14.428  4501  6116 W RcsProvisioning: 	at iez.buildConferencesFileName(SourceFile:30)
02-18 18:33:14.428  4501  6116 W RcsProvisioning: 	at com.google.android.apps.messaging.rcsmigration.RcsStateProvider.buildRcsState(SourceFile:129)
02-18 18:33:14.428  4501  6116 W RcsProvisioning: 	at com.google.android.apps.messaging.rcsmigration.RcsStateProvider.getRcsState(SourceFile:6)
02-18 18:33:14.428  4501  6116 W RcsProvisioning: 	at com.google.android.ims.rcsmigration.IRcsStateProvider$Stub.dispatchTransaction(SourceFile:10)
02-18 18:33:14.428  4501  6116 W RcsProvisioning: 	at com.google.android.aidl.BaseStub.onTransact(SourceFile:18)
02-18 18:33:14.428  4501  6116 W RcsProvisioning: 	at android.os.Binder.execTransact(Binder.java:731)
02-18 18:33:14.428  4501  6116 D RcsProvisioning: Retrieving backup token
02-18 18:33:14.428  4501  6116 D RcsProvisioning: Exception while getting subscriber Id. Using default
02-18 18:33:14.471  1684  1684 V SettingsProvider: Notifying for 0: content://settings/system/user_rotation
02-18 18:33:14.493  1684  2064 I GnssLocationProvider: WakeLock acquired by sendMessage(REPORT_SV_STATUS, 0, com.android.server.location.GnssLocationProvider$SvStatusInfo@7d4f75e)
02-18 18:33:14.496  1684  1698 I GnssLocationProvider: WakeLock released by handleMessage(REPORT_SV_STATUS, 0, com.android.server.location.GnssLocationProvider$SvStatusInfo@7d4f75e)
02-18 18:33:14.565  4501  6116 D RcsProvisioning: No backup token found
02-18 18:33:14.565  4501  6116 E CarrierServices: [462] iez.getFile: File not found.: /data/user/0/com.google.android.apps.messaging/files/httpft_pending (No such file or directory)
02-18 18:33:14.565  4501  6116 E CarrierServices: 	java.io.FileInputStream.open0(Native Method)
02-18 18:33:14.565  4501  6116 E CarrierServices: 	java.io.FileInputStream.open(FileInputStream.java:231)
02-18 18:33:14.565  4501  6116 E CarrierServices: 	java.io.FileInputStream.<init>(FileInputStream.java:165)
02-18 18:33:14.565  4501  6116 E CarrierServices: 	android.app.ContextImpl.openFileInput(ContextImpl.java:560)
02-18 18:33:14.565  4501  6116 E CarrierServices: 	android.content.ContextWrapper.openFileInput(ContextWrapper.java:202)
02-18 18:33:14.565  4501  6116 E CarrierServices: 	iez.getFile(SourceFile:20)
02-18 18:33:14.565  4501  6116 E CarrierServices: 	com.google.android.apps.messaging.rcsmigration.RcsStateProvider.buildRcsState(SourceFile:136)
02-18 18:33:14.565  4501  6116 E CarrierServices: 	com.google.android.apps.messaging.rcsmigration.RcsStateProvider.getRcsState(SourceFile:6)
02-18 18:33:14.565  4501  6116 E CarrierServices: 	com.google.android.ims.rcsmigration.IRcsStateProvider$Stub.dispatchTransaction(SourceFile:10)
02-18 18:33:14.565  4501  6116 E CarrierServices: 	com.google.android.aidl.BaseStub.onTransact(SourceFile:18)
02-18 18:33:14.565  4501  6116 E CarrierServices: 	android.os.Binder.execTransact(Binder.java:731)
02-18 18:33:14.566  4346  5394 I CarrierServices: [291] awt.doInBackground: Saving RCS State
02-18 18:33:14.566  4346  5394 I CarrierServices: [291] awt.doInBackground: Old operation mode: 2
02-18 18:33:14.566  4346  5394 I CarrierServices: [291] awt.doInBackground: New operation mode: 2
02-18 18:33:14.578  4501  6116 I CarrierServices: [462] inq.shouldUseCarrierServicesApkForV1Apis: Checking if using CarrierServices.apk is possible. Enabled: true, isAtLeastM: true, runningInsideBugle: true
02-18 18:33:14.579  4501  6116 I CarrierServices: [462] inq.e: Network Operator: 310260
02-18 18:33:14.580  4501  6116 I CarrierServices: [462] inq.e: carrierWithOldEcApis: false
02-18 18:33:14.580  4501  6116 I CarrierServices: [462] inq.e: hasDialerThatSupportsNewEc: false
02-18 18:33:14.582  4501  6116 W RcsProvisioning: Failed to read configuration: /data/user/0/com.google.android.apps.messaging/files/rcsconfig (No such file or directory)
02-18 18:33:14.582  4501  6116 W RcsProvisioning: java.io.FileNotFoundException: /data/user/0/com.google.android.apps.messaging/files/rcsconfig (No such file or directory)
02-18 18:33:14.582  4501  6116 W RcsProvisioning: 	at java.io.FileInputStream.open0(Native Method)
02-18 18:33:14.582  4501  6116 W RcsProvisioning: 	at java.io.FileInputStream.open(FileInputStream.java:231)
02-18 18:33:14.582  4501  6116 W RcsProvisioning: 	at java.io.FileInputStream.<init>(FileInputStream.java:165)
02-18 18:33:14.582  4501  6116 W RcsProvisioning: 	at android.app.ContextImpl.openFileInput(ContextImpl.java:560)
02-18 18:33:14.582  4501  6116 W RcsProvisioning: 	at android.content.ContextWrapper.openFileInput(ContextWrapper.java:202)
02-18 18:33:14.582  4501  6116 W RcsProvisioning: 	at ion.a(SourceFile:2)
02-18 18:33:14.582  4501  6116 W RcsProvisioning: 	at idl.a(SourceFile:4)
02-18 18:33:14.582  4501  6116 W RcsProvisioning: 	at idm.a(SourceFile:7)
02-18 18:33:14.582  4501  6116 W RcsProvisioning: 	at com.google.android.apps.messaging.rcsmigration.RcsStateProvider.buildRcsState(SourceFile:81)
02-18 18:33:14.582  4501  6116 W RcsProvisioning: 	at com.google.android.apps.messaging.rcsmigration.RcsStateProvider.getRcsState(SourceFile:6)
02-18 18:33:14.582  4501  6116 W RcsProvisioning: 	at com.google.android.ims.rcsmigration.IRcsStateProvider$Stub.dispatchTransaction(SourceFile:10)
02-18 18:33:14.582  4501  6116 W RcsProvisioning: 	at com.google.android.aidl.BaseStub.onTransact(SourceFile:18)
02-18 18:33:14.582  4501  6116 W RcsProvisioning: 	at android.os.Binder.execTransact(Binder.java:731)
02-18 18:33:14.582  4501  6116 D RcsProvisioning: Retrieving backup token
02-18 18:33:14.582  4501  6116 D RcsProvisioning: Exception while getting subscriber Id. Using default
02-18 18:33:14.582  1684  1712 D PackageManager: Instant App installer not found with android.intent.action.INSTALL_INSTANT_APP_PACKAGE
02-18 18:33:14.582  1684  1712 D PackageManager: Clear ephemeral installer activity
02-18 18:33:14.583  1529  1772 E         : Couldn't opendir /data/app/vmdl1405131714.tmp: No such file or directory
02-18 18:33:14.583  1529  1772 E installd: Failed to delete /data/app/vmdl1405131714.tmp: No such file or directory
02-18 18:33:14.588  1684  1684 W system_server: Unknown chunk type '200'.
02-18 18:33:14.588  1684  1684 W system_server: Unknown chunk type '200'.
02-18 18:33:14.592  1684  1759 I InputReader: Reconfiguring input devices.  changes=0x00000010
02-18 18:33:14.595  1684  1684 I Telecom : DefaultDialerCache: Refreshing default dialer for user 0: now com.google.android.dialer: DDC.oR@AM4
02-18 18:33:14.597  1684  1684 V BackupManagerConstants: getFullBackupIntervalMilliseconds(...) returns 86400000
02-18 18:33:14.598  4094  6618 W GCM     : Unexpected forwarded intent: Intent { act=android.intent.action.PACKAGE_ADDED dat=package:com.google.testing.helium.utp.android.companion.instrumentations.runtimestats flg=0x4000010 pkg=com.google.android.gms cmp=com.google.android.gms/.chimera.PersistentIntentOperationService (has extras) }
02-18 18:33:14.598  4094  6554 W NetworkScheduler: Unexpected forwarded intent: Intent { act=android.intent.action.PACKAGE_ADDED dat=package:com.google.testing.helium.utp.android.companion.instrumentations.runtimestats flg=0x4000010 pkg=com.google.android.gms cmp=com.google.android.gms/.chimera.PersistentIntentOperationService (has extras) }
02-18 18:33:14.599  4094  6509 I FontLog : Package com.google.testing.helium.utp.android.companion.instrumentations.runtimestats has no metadata [CONTEXT service_id=132 ]
02-18 18:33:14.600  4108  6260 I Auth    : [SupervisedAccountIntentOperation] onHandleIntent: android.intent.action.PACKAGE_ADDED [CONTEXT service_id=42 ]
02-18 18:33:14.602  4108  6260 I Blockstore: [DataStoreImpl] Clearing Blockstore Data for package com.google.testing.helium.utp.android.companion.instrumentations.runtimestats [CONTEXT service_id=258 ]
02-18 18:33:14.602  4108  6260 I Blockstore: [DataStoreImpl] Keyless data not found or its IsLastInstallationData = false. [CONTEXT service_id=258 ]
02-18 18:33:14.604  4108  6260 I NearbyDiscovery: processGrantSlicePermission: com.google.testing.helium.utp.android.companion.instrumentations.runtimestats [CONTEXT service_id=265 ]
02-18 18:33:14.608  4094  6545 I PhenotypeResourceReader: unable to find any Phenotype resource metadata for com.google.testing.helium.utp.android.companion.instrumentations.runtimestats
02-18 18:33:14.611  1912  1912 D CarrierSvcBindHelper: No carrier app for: 0
02-18 18:33:14.611  1912  1912 D ImsResolver: maybeAddedImsService, packageName: com.google.testing.helium.utp.android.companion.instrumentations.runtimestats
02-18 18:33:14.616  1684  1698 W Searchables: No global search activity found
02-18 18:33:14.616  1684  1698 D AutofillManagerServiceImpl: Reset component for user 0 (null)
02-18 18:33:14.616  1684  1700 D AutofillUI: destroySaveUiUiThread(): already destroyed
02-18 18:33:14.616  1684  1698 D AutofillManagerServiceImpl: Reset component for user 0 (null)
02-18 18:33:14.616  1684  1698 D FieldClassificationStrategy: reset(): service is not bound. Do nothing.
02-18 18:33:14.620  1912  1912 D CarrierConfigLoader: mHandler: 9 phoneId: 0
02-18 18:33:14.622  4108  6504 I ChimeraConfigurator: Starting update, reason: 4 urgentFeatures: pay:-1
02-18 18:33:14.624  4108  6312 W GmscoreIpa: Can't build MobileApplication indexable: URL too long intent:#Intent;action=android.intent.action.MAIN;category=android.intent.category.LAUNCHER;package=com.google.testing.helium.utp.android.companion.instrumentations.runtimestats;component=com.google.testing.helium.utp.android.companion.instrumentations.runtimestats/com.google.testing.helium.utp.android.companion.activities.BlankActivity;end [CONTEXT service_id=255 ]
02-18 18:33:14.625  4108  6504 W FeatureMgr: Attempted to request and unrequest the same feature: appsearch_impl. Ignoring unrequest.
02-18 18:33:14.629  4108  5145 I Icing   : Indexing com.google.android.gms-apps from com.google.android.gms
02-18 18:33:14.629  4108  6504 I ChimeraConfigurator: Detected pending changes for urgent request: [pay]. Pending module sets: container:2550349100400+pay
02-18 18:33:14.632  4108  6504 I GmsDebugLogger: [73] 1801
02-18 18:33:14.634  4108  6504 W ZappDownloader: No successful Zapp module downloads for requested modules [Pay.optional:255034100400:permitMetered].
02-18 18:33:14.634  4108  6504 I GmsDebugLogger: [30] [Pay.optional:255034100400]
02-18 18:33:14.639  4108  6504 W ChimeraConfigService: Retry attempt was throttled. [CONTEXT service_id=264 ]
02-18 18:33:14.639  4108  6504 I GmsDebugLogger: [83] 1 [pay]
02-18 18:33:14.640  4108  5145 I Icing   : Indexing done com.google.android.gms-apps
02-18 18:33:14.681  7140  7140 D AndroidRuntime: >>>>>> START com.android.internal.os.RuntimeInit uid 0 <<<<<<
02-18 18:33:14.701  7140  7140 I app_process: The ClassLoaderContext is a special shared library.
02-18 18:33:14.707  7140  7140 D AndroidRuntime: Calling main entry com.android.commands.am.Am
02-18 18:33:14.709  1684  3202 I ActivityManager: Force stopping com.google.testing.helium.utp.android.companion.instrumentations.runtimestats appid=10098 user=0: start instr
02-18 18:33:14.712  7150  7150 I Zygote  : seccomp disabled by setenforce 0
02-18 18:33:14.713  7150  7150 I ns.runtimestat: Late-enabling -Xcheck:jni
02-18 18:33:14.714  4501  6116 D RcsProvisioning: No backup token found
02-18 18:33:14.714  4501  6116 D RcsProvisioning: Retrieving backup token
02-18 18:33:14.714  4501  6116 D RcsProvisioning: Exception while getting subscriber Id. Using default
02-18 18:33:14.725  1684  1701 I ActivityManager: Start proc 7150:com.google.testing.helium.utp.android.companion.instrumentations.runtimestats/u0a98 for added application com.google.testing.helium.utp.android.companion.instrumentations.runtimestats
02-18 18:33:14.788  7150  7150 D Companion: Instrumentation completed successfully
02-18 18:33:14.789  1684  3192 I ActivityManager: Force stopping com.google.testing.helium.utp.android.companion.instrumentations.runtimestats appid=10098 user=0: finished inst
02-18 18:33:14.789  1684  3192 I ActivityManager: Killing 7150:com.google.testing.helium.utp.android.companion.instrumentations.runtimestats/u0a98 (adj 0): stop com.google.testing.helium.utp.android.companion.instrumentations.runtimestats
02-18 18:33:14.789  1684  1702 W libprocessgroup: kill(-7150, 9) failed: No such process
02-18 18:33:14.789  1684  6717 W Binder  : Outgoing transactions from this process must be FLAG_ONEWAY
02-18 18:33:14.789  1684  6717 W Binder  : java.lang.Throwable
02-18 18:33:14.789  1684  6717 W Binder  : 	at android.os.BinderProxy.transact(Binder.java:1114)
02-18 18:33:14.789  1684  6717 W Binder  : 	at android.app.IInstrumentationWatcher$Stub$Proxy.instrumentationFinished(IInstrumentationWatcher.java:164)
02-18 18:33:14.789  1684  6717 W Binder  : 	at com.android.server.am.InstrumentationReporter$MyThread.run(InstrumentationReporter.java:86)
02-18 18:33:14.790  7140  7140 D AndroidRuntime: Shutting down VM
02-18 18:33:14.815  1525  1525 I Zygote  : Process 7150 exited due to signal (9)
02-18 18:33:14.838  1684  1702 W libprocessgroup: kill(-7150, 9) failed: No such process
02-18 18:33:14.838  1684  1702 I libprocessgroup: Successfully killed process cgroup uid 10098 pid 7150 in 48ms
02-18 18:33:14.858  4501  6116 D RcsProvisioning: No backup token found
02-18 18:33:14.860  4501  6116 W RcsProvisioning: Failed to read configuration: /data/user/0/com.google.android.apps.messaging/files/rcsconfig (No such file or directory)
02-18 18:33:14.860  4501  6116 W RcsProvisioning: java.io.FileNotFoundException: /data/user/0/com.google.android.apps.messaging/files/rcsconfig (No such file or directory)
02-18 18:33:14.860  4501  6116 W RcsProvisioning: 	at java.io.FileInputStream.open0(Native Method)
02-18 18:33:14.860  4501  6116 W RcsProvisioning: 	at java.io.FileInputStream.open(FileInputStream.java:231)
02-18 18:33:14.860  4501  6116 W RcsProvisioning: 	at java.io.FileInputStream.<init>(FileInputStream.java:165)
02-18 18:33:14.860  4501  6116 W RcsProvisioning: 	at android.app.ContextImpl.openFileInput(ContextImpl.java:560)
02-18 18:33:14.860  4501  6116 W RcsProvisioning: 	at android.content.ContextWrapper.openFileInput(ContextWrapper.java:202)
02-18 18:33:14.860  4501  6116 W RcsProvisioning: 	at ion.a(SourceFile:2)
02-18 18:33:14.860  4501  6116 W RcsProvisioning: 	at idl.a(SourceFile:4)
02-18 18:33:14.860  4501  6116 W RcsProvisioning: 	at idm.a(SourceFile:7)
02-18 18:33:14.860  4501  6116 W RcsProvisioning: 	at iez.buildConferencesFileName(SourceFile:30)
02-18 18:33:14.860  4501  6116 W RcsProvisioning: 	at com.google.android.apps.messaging.rcsmigration.RcsStateProvider.buildRcsState(SourceFile:129)
02-18 18:33:14.860  4501  6116 W RcsProvisioning: 	at com.google.android.apps.messaging.rcsmigration.RcsStateProvider.getRcsState(SourceFile:6)
02-18 18:33:14.860  4501  6116 W RcsProvisioning: 	at com.google.android.ims.rcsmigration.IRcsStateProvider$Stub.dispatchTransaction(SourceFile:10)
02-18 18:33:14.860  4501  6116 W RcsProvisioning: 	at com.google.android.aidl.BaseStub.onTransact(SourceFile:18)
02-18 18:33:14.860  4501  6116 W RcsProvisioning: 	at android.os.Binder.execTransact(Binder.java:731)
02-18 18:33:14.860  4501  6116 D RcsProvisioning: Retrieving backup token
02-18 18:33:14.860  4501  6116 D RcsProvisioning: Exception while getting subscriber Id. Using default
02-18 18:33:14.994  4501  6116 D RcsProvisioning: No backup token found
02-18 18:33:14.994  4501  6116 E CarrierServices: [462] iez.getFile: File not found.: /data/user/0/com.google.android.apps.messaging/files/httpft_pending (No such file or directory)
02-18 18:33:14.994  4501  6116 E CarrierServices: 	java.io.FileInputStream.open0(Native Method)
02-18 18:33:14.994  4501  6116 E CarrierServices: 	java.io.FileInputStream.open(FileInputStream.java:231)
02-18 18:33:14.994  4501  6116 E CarrierServices: 	java.io.FileInputStream.<init>(FileInputStream.java:165)
02-18 18:33:14.994  4501  6116 E CarrierServices: 	android.app.ContextImpl.openFileInput(ContextImpl.java:560)
02-18 18:33:14.994  4501  6116 E CarrierServices: 	android.content.ContextWrapper.openFileInput(ContextWrapper.java:202)
02-18 18:33:14.994  4501  6116 E CarrierServices: 	iez.getFile(SourceFile:20)
02-18 18:33:14.994  4501  6116 E CarrierServices: 	com.google.android.apps.messaging.rcsmigration.RcsStateProvider.buildRcsState(SourceFile:136)
02-18 18:33:14.994  4501  6116 E CarrierServices: 	com.google.android.apps.messaging.rcsmigration.RcsStateProvider.getRcsState(SourceFile:6)
02-18 18:33:14.994  4501  6116 E CarrierServices: 	com.google.android.ims.rcsmigration.IRcsStateProvider$Stub.dispatchTransaction(SourceFile:10)
