02-18 18:33:15.850  4501  5450 W RcsProvisioning: 	at com.google.android.aidl.BaseStub.onTransact(SourceFile:18)
02-18 18:33:15.850  4501  5450 W RcsProvisioning: 	at android.os.Binder.execTransact(Binder.java:731)
02-18 18:33:15.850  4501  5450 D RcsProvisioning: Retrieving backup token
02-18 18:33:15.850  4501  5450 D RcsProvisioning: Exception while getting subscriber Id. Using default
02-18 18:33:15.852  4094  4094 D BoundBrokerSvc: onUnbind: Intent { act=com.google.android.contextmanager.service.ContextManagerService.START pkg=com.google.android.gms }
02-18 18:33:15.855  2262  6750 I ContactsProvider: Accounts changed
02-18 18:33:15.857  2262  7263 I ContactsProvider: Accounts changed
02-18 18:33:15.864  4094  4122 I Auth    : [AuthAccountManager] LST set in GoogleAccountDataStore. Clearing password. [CONTEXT service_id=343 ]
02-18 18:33:15.867  1684  3082 I AccountManagerService: the accounts changed, sending broadcast of android.accounts.LOGIN_ACCOUNTS_CHANGED
02-18 18:33:15.868  6946  6946 D MusicLifecycle: com.google.android.music.awareness.AwarenessRouter$2 generated event: Broadcast received with context com.google.android.music.ui.PhoneMusicApplication@de7f513 and intent Intent { act=android.accounts.LOGIN_ACCOUNTS_CHANGED flg=0x5000010 }
02-18 18:33:15.868  6946  6946 D MusicLifecycle: com.google.android.music.eventlog.MusicEventLogger$1 generated event: Broadcast received with context com.google.android.music.ui.PhoneMusicApplication@de7f513 and intent Intent { act=android.accounts.LOGIN_ACCOUNTS_CHANGED flg=0x5000010 }
02-18 18:33:15.873  1684  1818 E SyncManager: Couldn't find backoff values for FAXE3QCJMLOKVH57EQHPEQ6RN4-00@cloudtestlabaccounts.com/com.google.android.gms.reminders:u0
02-18 18:33:15.874  6946  7026 D AwarenessRouter: 0 new fences
02-18 18:33:15.876  1684  1818 E SyncManager: Couldn't find backoff values for FAXE3QCJMLOKVH57EQHPEQ6RN4-00@cloudtestlabaccounts.com/com.android.contacts:u0
02-18 18:33:15.876  1684  1684 D FileUtils: Deleted old file /data/system/syncmanager-log/synclog-2026-01-30.log
02-18 18:33:15.876  1684  1684 D FileUtils: Deleted old file /data/system/syncmanager-log/synclog-2023-03-17.log
02-18 18:33:15.878  6946  7026 D AwarenessRouter: 0 fences already registered
02-18 18:33:15.878  4108  5145 I Icing   : updateResources: need to parse bypy{com.google.android.gms}
02-18 18:33:15.879  4108  4658 I PeopleGalProvider: Gal directories started.
02-18 18:33:15.879  4108  4658 I PeopleGalProvider: Method 1 completed.
02-18 18:33:15.879  4108  4658 I PeopleGalProvider: Method 1 finished successfully.
02-18 18:33:15.881  3279  3279 I PerformanceMetricCollec: Logging experiments memory-false, lantency-false
02-18 18:33:15.882  2262  7263 W d.process.acor: Unknown chunk type '200'.
02-18 18:33:15.882  2262  7263 W d.process.acor: Unknown chunk type '200'.
02-18 18:33:15.883  2262  7263 I ContactDirectoryManager: deleted 0 stale rows which don't have any relevant directory
02-18 18:33:15.883  2262  7263 I ContactDirectoryManager: Discovered 1 contact directories in 10ms
02-18 18:33:15.884  6946  7026 D AwarenessRouter: Successfully removed 0 context fences
02-18 18:33:15.884  4108  4658 I PeopleGalProvider: Gal directories started.
02-18 18:33:15.884  4108  4658 I PeopleGalProvider: Method 1 completed.
02-18 18:33:15.884  4108  4658 I PeopleGalProvider: Method 1 finished successfully.
02-18 18:33:15.885  1684  1818 E SyncManager: Couldn't find backoff values for FAXE3QCJMLOKVH57EQHPEQ6RN4-00@cloudtestlabaccounts.com/com.google.android.gms.people:u0
02-18 18:33:15.887  2262  6750 I ContactDirectoryManager: deleted 0 stale rows which don't have any relevant directory
02-18 18:33:15.887  2262  6750 I ContactDirectoryManager: Discovered 1 contact directories in 16ms
02-18 18:33:15.888  4094  4580 I UriTaskContentObserver: Throttling content uri change event for content://com.android.contacts [CONTEXT service_id=218 ]
02-18 18:33:15.890  1684  1818 E SyncManager: Couldn't find backoff values for FAXE3QCJMLOKVH57EQHPEQ6RN4-00@cloudtestlabaccounts.com/gmail-ls:u0
02-18 18:33:15.895  3279  3279 I FlairAllocatorFactory: Allocator reset by .setContext
02-18 18:33:15.897  1684  1818 E SyncManager: Couldn't find backoff values for FAXE3QCJMLOKVH57EQHPEQ6RN4-00@cloudtestlabaccounts.com/com.google.android.location.reporting:u0
02-18 18:33:15.902  1684  1818 E SyncManager: Couldn't find backoff values for FAXE3QCJMLOKVH57EQHPEQ6RN4-00@cloudtestlabaccounts.com/com.google.android.music.MusicContent:u0
02-18 18:33:15.906  4094  4122 I Auth    : [BroadcastManager] [BroadcastManager] Broadcasting account services changed. [CONTEXT service_id=343 ]
02-18 18:33:15.907  4094  4122 I Auth    : [AuthAccountManager] Account added successfully. [CONTEXT service_id=343 ]
02-18 18:33:15.909  1684  1818 W JobInfo : Requested flex +57m36s0ms for job 103310 is too small; raising to +1h12m0s0ms
02-18 18:33:15.915  1684  1818 E SyncManager: Couldn't find backoff values for FAXE3QCJMLOKVH57EQHPEQ6RN4-00@cloudtestlabaccounts.com/com.google.android.gms.fitness:u0
02-18 18:33:15.917  4094  4122 I Auth    : [AddAccountOperation] Finished adding account. [CONTEXT service_id=153 ]
02-18 18:33:15.918  4094  4122 I Auth    : [AddAccountOperation] Add account completed successfully [CONTEXT service_id=153 ]
02-18 18:33:15.918  4094  4438 W Auth    : [DarkLaunchHelper] Null dark launch data. Nothing to set. [CONTEXT service_id=343 ]
02-18 18:33:15.919  7212  7224 I AddAccountOperation: Succeeded.
02-18 18:33:15.919  1684  1818 E SyncManager: Couldn't find backoff values for FAXE3QCJMLOKVH57EQHPEQ6RN4-00@cloudtestlabaccounts.com/com.google.android.gms.games.background:u0
02-18 18:33:15.957  7212  7224 I AccountHelper: Set isSyncable to false for account: faxe3qcjmlokvh57eqhpeq6rn4-00, authorities: [com.google.android.gms.people, com.google.android.gms.subscribedfeeds, com.android.contacts, com.google.android.gms.reminders, com.google.android.gms.fitness, com.google.android.gms.chromesync, com.google.android.gms.games.background, subscribedfeeds, com.google.android.music.MusicContent, com.google.android.gms.games, com.google.android.location.reporting, com.android.calendar, gmail-ls]
02-18 18:33:15.957  1684  1818 E SyncManager: Couldn't find backoff values for FAXE3QCJMLOKVH57EQHPEQ6RN4-00@cloudtestlabaccounts.com/com.google.android.gms.games:u0
02-18 18:33:15.959  7212  7224 I AccountHelper: Set auto sync to false for account: faxe3qcjmlokvh57eqhpeq6rn4-00, authorities: [com.google.android.gms.people, com.google.android.gms.subscribedfeeds, com.android.contacts, com.google.android.gms.reminders, com.google.android.gms.fitness, com.google.android.gms.chromesync, com.google.android.gms.games.background, subscribedfeeds, com.google.android.music.MusicContent, com.google.android.gms.games, com.google.android.location.reporting, com.android.calendar, gmail-ls]
02-18 18:33:15.960  7212  7224 I AccountService: Execution time for add account with authorization code, options: Bundle[{}] is 698 ms.
02-18 18:33:15.960  7212  7224 I AccountService: Successfully added account with supplied credentials.
02-18 18:33:15.961  1684  1818 W JobInfo : Requested flex +57m36s0ms for job 106463 is too small; raising to +1h12m0s0ms
02-18 18:33:15.961  1684  1818 W JobInfo : Requested flex +57m36s0ms for job 106028 is too small; raising to +1h12m0s0ms
02-18 18:33:15.962  1684  1818 E SyncManager: Couldn't find backoff values for FAXE3QCJMLOKVH57EQHPEQ6RN4-00@cloudtestlabaccounts.com/com.google.android.gms.subscribedfeeds:u0
02-18 18:33:15.963  7231  7245 I AbstractFileContentProvider: file '/storage/emulated/0/googletest/test_exportproperties/properties.dat': not found
02-18 18:33:15.963  7231  7245 I AbstractFileContentProvider: /storage/emulated/0/googletest/test_exportproperties/properties.dat: does not exist. Mapped from uri: 'content://androidx.test.services.storage.properties/properties.dat'
02-18 18:33:15.963  7212  7224 I TestStorage: content://androidx.test.services.storage.properties/properties.dat: does not exist, we must be the first call.
02-18 18:33:15.964  7231  7243 I AbstractFileContentProvider: file '/storage/emulated/0/googletest/test_exportproperties/properties.dat': found
02-18 18:33:15.965  1684  1818 W JobInfo : Requested flex +57m36s0ms for job 103547 is too small; raising to +1h12m0s0ms
02-18 18:33:15.968  1684  1818 W JobInfo : Requested flex +57m36s0ms for job 109348 is too small; raising to +1h12m0s0ms
02-18 18:33:15.969  7191  7207 I LoginUtil: Successfully added Account {name=FAXE3QCJMLOKVH57EQHPEQ6RN4-00@cloudtestlabaccounts.com, type=com.google}, attempt 1
02-18 18:33:15.969  7191  7207 D LoginUtil: Instrumentation completed successfully
02-18 18:33:15.970  1684  3082 I ActivityManager: Force stopping com.google.android.apps.mtaas.loginutil appid=10091 user=0: finished inst
02-18 18:33:15.970  1684  3082 I ActivityManager: Killing 7191:com.google.android.apps.mtaas.loginutil/u0a91 (adj 0): stop com.google.android.apps.mtaas.loginutil
02-18 18:33:15.970  1684  6717 W Binder  : Outgoing transactions from this process must be FLAG_ONEWAY
02-18 18:33:15.970  1684  6717 W Binder  : java.lang.Throwable
02-18 18:33:15.970  1684  6717 W Binder  : 	at android.os.BinderProxy.transact(Binder.java:1114)
02-18 18:33:15.970  1684  6717 W Binder  : 	at android.app.IInstrumentationWatcher$Stub$Proxy.instrumentationFinished(IInstrumentationWatcher.java:164)
02-18 18:33:15.970  1684  6717 W Binder  : 	at com.android.server.am.InstrumentationReporter$MyThread.run(InstrumentationReporter.java:86)
02-18 18:33:15.971  1684  1702 W libprocessgroup: kill(-7191, 9) failed: No such process
02-18 18:33:15.971  1684  1818 W JobInfo : Requested flex +57m36s0ms for job 102908 is too small; raising to +1h12m0s0ms
02-18 18:33:15.971  1684  1818 E SyncManager: Couldn't find backoff values for FAXE3QCJMLOKVH57EQHPEQ6RN4-00@cloudtestlabaccounts.com/com.android.calendar:u0
02-18 18:33:15.972  7179  7179 D AndroidRuntime: Shutting down VM
02-18 18:33:15.976  1684  1818 W JobInfo : Requested flex +57m36s0ms for job 101078 is too small; raising to +1h12m0s0ms
02-18 18:33:15.984  1684  1818 W JobInfo : Requested flex +57m36s0ms for job 103568 is too small; raising to +1h12m0s0ms
02-18 18:33:15.985  4501  5450 D RcsProvisioning: No backup token found
02-18 18:33:15.987  1684  1818 W JobInfo : Requested flex +57m36s0ms for job 102099 is too small; raising to +1h12m0s0ms
02-18 18:33:15.988  4346  4346 I CarrierServices: [2] aww.a: Unbinding RcsMigrationService
02-18 18:33:15.990  4346  4346 I CarrierServices: [2] RcsAutoStartReceiver.b: carrierServicesJibeServiceEnabled changed from true to true
02-18 18:33:15.990  4346  4346 I CarrierServices: [2] RcsAutoStartReceiver.b: enableRcs changed from true to true
02-18 18:33:15.990  4346  4346 I CarrierServices: [2] RcsAutoStartReceiver.b: RcsAutoStartReceiver triggered. Fetching RCS State. Action: android.intent.action.PACKAGE_ADDED
02-18 18:33:15.991  4346  4346 I CarrierServices: [2] aws.a: Migration binding to RcsMigrationService
02-18 18:33:15.992  4501  5450 I CarrierServices: [396] RcsStateProvider.onMigrationComplete: Migration complete.
02-18 18:33:15.992  4501  5450 I CarrierServices: [396] inq.shouldUseCarrierServicesApkForV1Apis: Checking if using CarrierServices.apk is possible. Enabled: true, isAtLeastM: true, runningInsideBugle: true
02-18 18:33:15.993  4501  5450 I CarrierServices: [396] inq.e: Network Operator: 310260
02-18 18:33:15.993  4501  5450 I CarrierServices: [396] inq.e: carrierWithOldEcApis: false
02-18 18:33:15.993  4501  5450 I CarrierServices: [396] inq.e: hasDialerThatSupportsNewEc: false
02-18 18:33:15.993  4501  5450 I CarrierServices: [396] RcsStateProvider.onMigrationComplete: Rcs Engine should be running in cs.apk. Stopping JibeService.
02-18 18:33:15.994  4501  5450 I CarrierServices: [396] RcsStateProvider.onMigrationComplete: JibeService stopped: true
02-18 18:33:15.995  4501  5450 I CarrierServices: [396] inq.e: Network Operator: 310260
02-18 18:33:15.995  4501  5450 I CarrierServices: [396] inq.e: carrierWithOldEcApis: false
02-18 18:33:15.995  4501  5450 I CarrierServices: [396] inq.e: hasDialerThatSupportsNewEc: false
02-18 18:33:15.995  4501  5450 I CarrierServices: [396] jsn.connect: shouldUseCarrierServicesJibeService: true, CarrierServices rcs service found: true
02-18 18:33:15.995  4501  5450 I CarrierServices: [396] jsn.connect: Binding to JibeService in CarrierServices.
02-18 18:33:16.000  4501  4501 D RcsClientLib: Service com.google.android.rcs.client.chatsession.ChatSessionService connected. Will notify listeners: true
02-18 18:33:16.000  4501  4501 V BugleRcs: com.google.android.rcs.client.chatsession.ChatSessionService RCS service connected
02-18 18:33:16.000  4501  5450 I CarrierServices: [396] inq.e: Network Operator: 310260
02-18 18:33:16.001  4501  5450 I CarrierServices: [396] inq.e: carrierWithOldEcApis: false
02-18 18:33:16.001  4501  5450 I CarrierServices: [396] inq.e: hasDialerThatSupportsNewEc: false
02-18 18:33:16.001  4501  5450 I CarrierServices: [396] jsn.connect: shouldUseCarrierServicesJibeService: true, CarrierServices rcs service found: true
02-18 18:33:16.001  4501  5450 I CarrierServices: [396] jsn.connect: Binding to JibeService in CarrierServices.
02-18 18:33:16.002  4501  4501 D RcsClientLib: Service com.google.android.rcs.client.events.EventService connected. Will notify listeners: true
02-18 18:33:16.002  4501  4501 V BugleRcs: com.google.android.rcs.client.events.EventService RCS service connected
02-18 18:33:16.003  4501  5450 I CarrierServices: [396] inq.e: Network Operator: 310260
02-18 18:33:16.003  4501  5450 I CarrierServices: [396] inq.e: carrierWithOldEcApis: false
02-18 18:33:16.003  4501  5450 I CarrierServices: [396] inq.e: hasDialerThatSupportsNewEc: false
02-18 18:33:16.004  4501  5450 I CarrierServices: [396] jsn.connect: shouldUseCarrierServicesJibeService: true, CarrierServices rcs service found: true
02-18 18:33:16.004  4501  5450 I CarrierServices: [396] jsn.connect: Binding to JibeService in CarrierServices.
02-18 18:33:16.004  4501  4501 D RcsClientLib: Service com.google.android.rcs.client.contacts.ContactsService connected. Will notify listeners: true
02-18 18:33:16.004  4501  4501 V BugleRcs: com.google.android.rcs.client.contacts.ContactsService RCS service connected
02-18 18:33:16.006  1525  1525 I Zygote  : Process 7191 exited due to signal (9)
02-18 18:33:16.008  4501  5450 I CarrierServices: [396] inq.e: Network Operator: 310260
02-18 18:33:16.008  4501  5450 I CarrierServices: [396] inq.e: carrierWithOldEcApis: false
02-18 18:33:16.008  4501  5450 I CarrierServices: [396] inq.e: hasDialerThatSupportsNewEc: false
02-18 18:33:16.008  4501  5450 I CarrierServices: [396] jsn.connect: shouldUseCarrierServicesJibeService: true, CarrierServices rcs service found: true
02-18 18:33:16.008  4501  5450 I CarrierServices: [396] jsn.connect: Binding to JibeService in CarrierServices.
02-18 18:33:16.008  4501  4501 D RcsClientLib: Service com.google.android.rcs.client.filetransfer.FileTransferService connected. Will notify listeners: true
02-18 18:33:16.008  4501  4501 V BugleRcs: com.google.android.rcs.client.filetransfer.FileTransferService RCS service connected
02-18 18:33:16.009  4501  5450 I CarrierServices: [396] inq.e: Network Operator: 310260
02-18 18:33:16.009  4501  5450 I CarrierServices: [396] inq.e: carrierWithOldEcApis: false
02-18 18:33:16.009  4501  5450 I CarrierServices: [396] inq.e: hasDialerThatSupportsNewEc: false
02-18 18:33:16.010  4501  5450 I CarrierServices: [396] jsn.connect: shouldUseCarrierServicesJibeService: true, CarrierServices rcs service found: true
02-18 18:33:16.010  4501  5450 I CarrierServices: [396] jsn.connect: Binding to JibeService in CarrierServices.
02-18 18:33:16.013  4501  4501 D RcsClientLib: Service com.google.android.rcs.client.locationsharing.LocationSharingService connected. Will notify listeners: true
02-18 18:33:16.013  4501  4501 V BugleRcs: com.google.android.rcs.client.locationsharing.LocationSharingService RCS service connected
02-18 18:33:16.016  1684  1702 W libprocessgroup: kill(-7191, 9) failed: No such process
02-18 18:33:16.016  1684  1702 I libprocessgroup: Successfully killed process cgroup uid 10091 pid 7191 in 45ms
02-18 18:33:16.018  4501  5450 I CarrierServices: [396] inq.e: Network Operator: 310260
02-18 18:33:16.018  4501  5450 I CarrierServices: [396] inq.e: carrierWithOldEcApis: false
02-18 18:33:16.018  4501  5450 I CarrierServices: [396] inq.e: hasDialerThatSupportsNewEc: false
02-18 18:33:16.019  4501  5450 I CarrierServices: [396] jsn.connect: shouldUseCarrierServicesJibeService: true, CarrierServices rcs service found: true
02-18 18:33:16.019  4501  5450 I CarrierServices: [396] jsn.connect: Binding to JibeService in CarrierServices.
02-18 18:33:16.020  4501  4501 D RcsClientLib: Service com.google.android.rcs.client.ims.ImsConnectionTrackerService connected. Will notify listeners: true
02-18 18:33:16.020  4501  4501 V BugleRcs: com.google.android.rcs.client.ims.ImsConnectionTrackerService RCS service connected
02-18 18:33:16.020  4501  4501 V BugleRcs: kicking off RCS sending/receiving
02-18 18:33:16.021  4501  4501 V BugleAction: no RCS because we're not registered
02-18 18:33:16.023  4501  5450 I CarrierServices: [396] inq.e: Network Operator: 310260
02-18 18:33:16.024  4501  5450 I CarrierServices: [396] inq.e: carrierWithOldEcApis: false
02-18 18:33:16.024  4501  5450 I CarrierServices: [396] inq.e: hasDialerThatSupportsNewEc: false
02-18 18:33:16.024  4501  5450 I CarrierServices: [396] jsn.connect: shouldUseCarrierServicesJibeService: true, CarrierServices rcs service found: true
02-18 18:33:16.024  4501  5450 I CarrierServices: [396] jsn.connect: Binding to JibeService in CarrierServices.
02-18 18:33:16.033  4501  4501 D RcsClientLib: Service com.google.android.rcs.client.profile.RcsProfileService connected. Will notify listeners: true
02-18 18:33:16.033  4501  4501 V BugleRcs: com.google.android.rcs.client.profile.RcsProfileService RCS service connected
02-18 18:33:16.037  4501  5450 I CarrierServices: [396] inq.e: Network Operator: 310260
02-18 18:33:16.037  4501  4501 V BugleRcs: kicking off RCS sending/receiving
02-18 18:33:16.037  4501  5450 I CarrierServices: [396] inq.e: carrierWithOldEcApis: false
02-18 18:33:16.037  4501  5450 I CarrierServices: [396] inq.e: hasDialerThatSupportsNewEc: false
02-18 18:33:16.037  4501  5450 I CarrierServices: [396] jsn.connect: shouldUseCarrierServicesJibeService: true, CarrierServices rcs service found: true
02-18 18:33:16.037  4501  5450 I CarrierServices: [396] jsn.connect: Binding to JibeService in CarrierServices.
02-18 18:33:16.038  4501  4501 V BugleAction: no RCS because we're not registered
02-18 18:33:16.039  4346  4365 W CarrierServices: [252] bmc.a: No config URL. RCS will be disabled!
02-18 18:33:16.039  4501  4501 I BugleRcs: RcsAvailability ACS url: null
02-18 18:33:16.039  4501  4501 D RcsClientLib: Service com.google.android.rcs.client.businessinfo.BusinessInfoService connected. Will notify listeners: true
02-18 18:33:16.039  4501  4501 V BugleRcs: com.google.android.rcs.client.businessinfo.BusinessInfoService RCS service connected
02-18 18:33:16.039  4501  4501 V BugleRcs: kicking off RCS sending/receiving
02-18 18:33:16.040  4501  4501 V BugleAction: no RCS because we're not registered
02-18 18:33:16.040  4346  4365 W CarrierServices: [252] bmc.a: No config URL. RCS will be disabled!
02-18 18:33:16.040  4501  4501 I BugleRcs: RcsAvailability ACS url: null
02-18 18:33:16.040  4501  5450 W RcsProvisioning: Failed to read configuration: /data/user/0/com.google.android.apps.messaging/files/rcsconfig (No such file or directory)
02-18 18:33:16.040  4501  5450 W RcsProvisioning: java.io.FileNotFoundException: /data/user/0/com.google.android.apps.messaging/files/rcsconfig (No such file or directory)
02-18 18:33:16.040  4501  5450 W RcsProvisioning: 	at java.io.FileInputStream.open0(Native Method)
02-18 18:33:16.040  4501  5450 W RcsProvisioning: 	at java.io.FileInputStream.open(FileInputStream.java:231)
02-18 18:33:16.040  4501  5450 W RcsProvisioning: 	at java.io.FileInputStream.<init>(FileInputStream.java:165)
02-18 18:33:16.040  4501  5450 W RcsProvisioning: 	at android.app.ContextImpl.openFileInput(ContextImpl.java:560)
02-18 18:33:16.040  4501  5450 W RcsProvisioning: 	at android.content.ContextWrapper.openFileInput(ContextWrapper.java:202)
02-18 18:33:16.040  4501  5450 W RcsProvisioning: 	at ion.a(SourceFile:2)
02-18 18:33:16.040  4501  5450 W RcsProvisioning: 	at idl.a(SourceFile:4)
02-18 18:33:16.040  4501  5450 W RcsProvisioning: 	at idm.a(SourceFile:7)
02-18 18:33:16.040  4501  5450 W RcsProvisioning: 	at com.google.android.apps.messaging.rcsmigration.RcsStateProvider.onMigrationComplete(SourceFile:27)
02-18 18:33:16.040  4501  5450 W RcsProvisioning: 	at com.google.android.ims.rcsmigration.IRcsStateProvider$Stub.dispatchTransaction(SourceFile:14)
02-18 18:33:16.040  4501  5450 W RcsProvisioning: 	at com.google.android.aidl.BaseStub.onTransact(SourceFile:18)
02-18 18:33:16.040  4501  5450 W RcsProvisioning: 	at android.os.Binder.execTransact(Binder.java:731)
02-18 18:33:16.040  4501  5450 D RcsProvisioning: Retrieving backup token
02-18 18:33:16.040  4501  5450 D RcsProvisioning: Exception while getting subscriber Id. Using default
02-18 18:33:16.046  1684  1818 W JobInfo : Requested flex +57m36s0ms for job 105993 is too small; raising to +1h12m0s0ms
02-18 18:33:16.047  1684  1818 W JobInfo : Requested flex +57m36s0ms for job 104019 is too small; raising to +1h12m0s0ms
02-18 18:33:16.047  1684  1818 W JobInfo : Requested flex +57m36s0ms for job 107410 is too small; raising to +1h12m0s0ms
02-18 18:33:16.057  4094  7272 I AlarmManager: set [name: SystemMemoryCache type: 2 triggerAtMillis: 315360219043 windowMillis: -1 intervalMillis: 0]
02-18 18:33:16.065  3279  7275 W ndroid.calenda: Unknown chunk type '200'.
02-18 18:33:16.065  3279  7275 W ndroid.calenda: Unknown chunk type '200'.
02-18 18:33:16.067  3279  7275 I ndroid.calenda: The ClassLoaderContext is a special shared library.
02-18 18:33:16.067  3279  7275 I chatty  : uid=10085(com.google.android.calendar) SyncAdapterThre identical 1 line
02-18 18:33:16.067  3279  7275 I ndroid.calenda: The ClassLoaderContext is a special shared library.
02-18 18:33:16.082  3279  7279 I euqk    : Unable to retrieve flag snapshot for com.google.android.gms.providerinstaller#com.google.android.calendar, using defaults.
02-18 18:33:16.085  3279  7280 E GoogleApiManager: Failed to get service from broker. 
02-18 18:33:16.085  3279  7280 E GoogleApiManager: java.lang.SecurityException: Unknown calling package name 'com.google.android.gms'.
02-18 18:33:16.085  3279  7280 E GoogleApiManager: 	at android.os.Parcel.createException(Parcel.java:1950)
02-18 18:33:16.085  3279  7280 E GoogleApiManager: 	at android.os.Parcel.readException(Parcel.java:1918)
02-18 18:33:16.085  3279  7280 E GoogleApiManager: 	at android.os.Parcel.readException(Parcel.java:1868)
02-18 18:33:16.085  3279  7280 E GoogleApiManager: 	at bclz.a(:com.google.android.gms@255034013@25.50.34 (100400-855735097):36)
02-18 18:33:16.085  3279  7280 E GoogleApiManager: 	at bcka.z(:com.google.android.gms@255034013@25.50.34 (100400-855735097):150)
02-18 18:33:16.085  3279  7280 E GoogleApiManager: 	at bbqd.run(:com.google.android.gms@255034013@25.50.34 (100400-855735097):42)
02-18 18:33:16.085  3279  7280 E GoogleApiManager: 	at android.os.Handler.handleCallback(Handler.java:873)
02-18 18:33:16.085  3279  7280 E GoogleApiManager: 	at android.os.Handler.dispatchMessage(Handler.java:99)
02-18 18:33:16.085  3279  7280 E GoogleApiManager: 	at cofr.lZ(:com.google.android.gms@255034013@25.50.34 (100400-855735097):1)
02-18 18:33:16.085  3279  7280 E GoogleApiManager: 	at cofr.dispatchMessage(:com.google.android.gms@255034013@25.50.34 (100400-855735097):5)
02-18 18:33:16.085  3279  7280 E GoogleApiManager: 	at android.os.Looper.loop(Looper.java:193)
02-18 18:33:16.085  3279  7280 E GoogleApiManager: 	at android.os.HandlerThread.run(HandlerThread.java:65)
02-18 18:33:16.086  3279  7280 W GoogleApiManager: Not showing notification since connectionResult is not user-facing: ConnectionResult{statusCode=DEVELOPER_ERROR, resolution=null, message=null, clientMethodKey=null}
02-18 18:33:16.087  3279  7275 V NativeCrypto: Registering com/google/android/gms/org/conscrypt/NativeCrypto's 329 native methods...
02-18 18:33:16.090  3279  7278 W FlagRegistrar: Failed to register com.google.android.gms.providerinstaller#com.google.android.calendar
02-18 18:33:16.090  3279  7278 W FlagRegistrar: euqw: 17: 17: API: Phenotype.API is not available on this device. Connection failed with: ConnectionResult{statusCode=DEVELOPER_ERROR, resolution=null, message=null, clientMethodKey=null}
02-18 18:33:16.090  3279  7278 W FlagRegistrar: 	at euqy.a(:com.google.android.gms@255034013@25.50.34 (100400-855735097):13)
02-18 18:33:16.090  3279  7278 W FlagRegistrar: 	at fpzm.d(:com.google.android.gms@255034013@25.50.34 (100400-855735097):3)
02-18 18:33:16.090  3279  7278 W FlagRegistrar: 	at fpzo.run(:com.google.android.gms@255034013@25.50.34 (100400-855735097):130)
02-18 18:33:16.090  3279  7278 W FlagRegistrar: 	at fqbv.execute(:com.google.android.gms@255034013@25.50.34 (100400-855735097):1)
02-18 18:33:16.090  3279  7278 W FlagRegistrar: 	at fpzw.f(:com.google.android.gms@255034013@25.50.34 (100400-855735097):1)
02-18 18:33:16.090  3279  7278 W FlagRegistrar: 	at fpzw.m(:com.google.android.gms@255034013@25.50.34 (100400-855735097):99)
02-18 18:33:16.090  3279  7278 W FlagRegistrar: 	at fpzw.r(:com.google.android.gms@255034013@25.50.34 (100400-855735097):17)
02-18 18:33:16.090  3279  7278 W FlagRegistrar: 	at enng.hA(:com.google.android.gms@255034013@25.50.34 (100400-855735097):35)
02-18 18:33:16.090  3279  7278 W FlagRegistrar: 	at edbu.run(:com.google.android.gms@255034013@25.50.34 (100400-855735097):12)
02-18 18:33:16.090  3279  7278 W FlagRegistrar: 	at fqbv.execute(:com.google.android.gms@255034013@25.50.34 (100400-855735097):1)
02-18 18:33:16.090  3279  7278 W FlagRegistrar: 	at edbv.b(:com.google.android.gms@255034013@25.50.34 (100400-855735097):18)
02-18 18:33:16.090  3279  7278 W FlagRegistrar: 	at edck.b(:com.google.android.gms@255034013@25.50.34 (100400-855735097):34)
02-18 18:33:16.090  3279  7278 W FlagRegistrar: 	at edcm.d(:com.google.android.gms@255034013@25.50.34 (100400-855735097):25)
02-18 18:33:16.090  3279  7278 W FlagRegistrar: 	at bbnm.c(:com.google.android.gms@255034013@25.50.34 (100400-855735097):9)
02-18 18:33:16.090  3279  7278 W FlagRegistrar: 	at bbqb.q(:com.google.android.gms@255034013@25.50.34 (100400-855735097):48)
02-18 18:33:16.090  3279  7278 W FlagRegistrar: 	at bbqb.d(:com.google.android.gms@255034013@25.50.34 (100400-855735097):10)
02-18 18:33:16.090  3279  7278 W FlagRegistrar: 	at bbqb.g(:com.google.android.gms@255034013@25.50.34 (100400-855735097):191)
02-18 18:33:16.090  3279  7278 W FlagRegistrar: 	at bbqb.onConnectionFailed(:com.google.android.gms@255034013@25.50.34 (100400-855735097):2)
02-18 18:33:16.090  3279  7278 W FlagRegistrar: 	at bbqd.run(:com.google.android.gms@255034013@25.50.34 (100400-855735097):70)
02-18 18:33:16.090  3279  7278 W FlagRegistrar: 	at android.os.Handler.handleCallback(Handler.java:873)
02-18 18:33:16.090  3279  7278 W FlagRegistrar: 	at android.os.Handler.dispatchMessage(Handler.java:99)
02-18 18:33:16.090  3279  7278 W FlagRegistrar: 	at cofr.lZ(:com.google.android.gms@255034013@25.50.34 (100400-855735097):1)
02-18 18:33:16.090  3279  7278 W FlagRegistrar: 	at cofr.dispatchMessage(:com.google.android.gms@255034013@25.50.34 (100400-855735097):5)
02-18 18:33:16.090  3279  7278 W FlagRegistrar: 	at android.os.Looper.loop(Looper.java:193)
02-18 18:33:16.090  3279  7278 W FlagRegistrar: 	at android.os.HandlerThread.run(HandlerThread.java:65)
02-18 18:33:16.090  3279  7278 W FlagRegistrar: Caused by: bblt: 17: API: Phenotype.API is not available on this device. Connection failed with: ConnectionResult{statusCode=DEVELOPER_ERROR, resolution=null, message=null, clientMethodKey=null}
02-18 18:33:16.090  3279  7278 W FlagRegistrar: 	at bcjm.a(:com.google.android.gms@255034013@25.50.34 (100400-855735097):15)
02-18 18:33:16.090  3279  7278 W FlagRegistrar: 	at bbnp.a(:com.google.android.gms@255034013@25.50.34 (100400-855735097):1)
02-18 18:33:16.090  3279  7278 W FlagRegistrar: 	at bbnm.c(:com.google.android.gms@255034013@25.50.34 (100400-855735097):5)
02-18 18:33:16.090  3279  7278 W FlagRegistrar: 	... 11 more
02-18 18:33:16.103  3279  7275 D NetworkSecurityConfig: No Network Security Config specified, using platform default
02-18 18:33:16.103  3279  7275 I ProviderInstaller: Installed default security provider GmsCore_OpenSSL
02-18 18:33:16.104  3279  7275 W AbstractGoogleClient: Application name is not set. Call Builder#setApplicationName.
02-18 18:33:16.172  3279  7292 W AbstractGoogleClient: Application name is not set. Call Builder#setApplicationName.
02-18 18:33:16.179  4501  5450 D RcsProvisioning: No backup token found
02-18 18:33:16.179  4501  5450 D RcsProvisioning: Clearing backup token
02-18 18:33:16.179  4501  5450 D RcsProvisioning: Exception while getting subscriber Id. Using default
02-18 18:33:16.193  4501  5450 I CarrierServices: [396] RcsStateProvider.onMigrationComplete: Deleted transfers file: false
02-18 18:33:16.194  4501  5450 W RcsProvisioning: Failed to read configuration: /data/user/0/com.google.android.apps.messaging/files/rcsconfig (No such file or directory)
02-18 18:33:16.194  4501  5450 W RcsProvisioning: java.io.FileNotFoundException: /data/user/0/com.google.android.apps.messaging/files/rcsconfig (No such file or directory)
02-18 18:33:16.194  4501  5450 W RcsProvisioning: 	at java.io.FileInputStream.open0(Native Method)
02-18 18:33:16.194  4501  5450 W RcsProvisioning: 	at java.io.FileInputStream.open(FileInputStream.java:231)
02-18 18:33:16.194  4501  5450 W RcsProvisioning: 	at java.io.FileInputStream.<init>(FileInputStream.java:165)
02-18 18:33:16.194  4501  5450 W RcsProvisioning: 	at android.app.ContextImpl.openFileInput(ContextImpl.java:560)
02-18 18:33:16.194  4501  5450 W RcsProvisioning: 	at android.content.ContextWrapper.openFileInput(ContextWrapper.java:202)
02-18 18:33:16.194  4501  5450 W RcsProvisioning: 	at ion.a(SourceFile:2)
02-18 18:33:16.194  4501  5450 W RcsProvisioning: 	at idl.a(SourceFile:4)
02-18 18:33:16.194  4501  5450 W RcsProvisioning: 	at idm.a(SourceFile:7)
02-18 18:33:16.194  4501  5450 W RcsProvisioning: 	at iez.buildConferencesFileName(SourceFile:30)
02-18 18:33:16.194  4501  5450 W RcsProvisioning: 	at com.google.android.apps.messaging.rcsmigration.RcsStateProvider.onMigrationComplete(SourceFile:48)
02-18 18:33:16.194  4501  5450 W RcsProvisioning: 	at com.google.android.ims.rcsmigration.IRcsStateProvider$Stub.dispatchTransaction(SourceFile:14)
02-18 18:33:16.194  4501  5450 W RcsProvisioning: 	at com.google.android.aidl.BaseStub.onTransact(SourceFile:18)
02-18 18:33:16.194  4501  5450 W RcsProvisioning: 	at android.os.Binder.execTransact(Binder.java:731)
02-18 18:33:16.194  4501  5450 D RcsProvisioning: Retrieving backup token
02-18 18:33:16.194  4501  5450 D RcsProvisioning: Exception while getting subscriber Id. Using default
02-18 18:33:16.204  4094  4094 D BoundBrokerSvc: onBind: Intent { act=com.google.android.gms.auth.account.workaccount.START dat=chimera-action: cmp=com.google.android.gms/.chimera.PersistentApiService }
02-18 18:33:16.204  4094  4094 D BoundBrokerSvc: Loading bound service for intent: Intent { act=com.google.android.gms.auth.account.workaccount.START dat=chimera-action: cmp=com.google.android.gms/.chimera.PersistentApiService }
02-18 18:33:16.312  1684  1712 I PackageManager.DexOptimizer: Running dexopt (dexoptNeeded=1) on: /data/app/org.adaway-aHidxTzoruhu391rudyJdA==/base.apk pkg=org.adaway isa=arm64 dexoptFlags=boot_complete,profile_guided,public,enable_hidden_api_checks targetFilter=speed-profile oatDir=/data/app/org.adaway-aHidxTzoruhu391rudyJdA==/oat classLoaderContext=PCL[]
02-18 18:33:16.312  1529  1772 V installed: DexInv: --- BEGIN '/data/app/org.adaway-aHidxTzoruhu391rudyJdA==/base.apk' ---
02-18 18:33:16.320  7308  7308 I dex2oat : /system/bin/dex2oat --input-vdex-fd=-1 --output-vdex-fd=9 --compiler-filter=speed-profile --classpath-dir=/data/app/org.adaway-aHidxTzoruhu391rudyJdA== --class-loader-context=PCL[] --generate-mini-debug-info --compact-dex-level=none --compilation-reason=install
02-18 18:33:16.332  6880  7310 W ogle.android.g: Unknown chunk type '200'.
02-18 18:33:16.332  6880  7310 W ogle.android.g: Unknown chunk type '200'.
02-18 18:33:16.334  6880  7310 I ogle.android.g: The ClassLoaderContext is a special shared library.
02-18 18:33:16.334  6880  7310 I chatty  : uid=10084(com.google.android.gm) network-4-0 identical 1 line
02-18 18:33:16.334  6880  7310 I ogle.android.g: The ClassLoaderContext is a special shared library.
02-18 18:33:16.335  4501  5450 D RcsProvisioning: No backup token found
02-18 18:33:16.338  4346  4346 I CarrierServices: [2] aww.a: Unbinding RcsMigrationService
02-18 18:33:16.339  4501  5026 I CarrierServices: [315] inq.shouldUseCarrierServicesApkForV1Apis: Checking if using CarrierServices.apk is possible. Enabled: true, isAtLeastM: true, runningInsideBugle: true
02-18 18:33:16.339  4501  5026 I CarrierServices: [315] inq.e: Network Operator: 310260
02-18 18:33:16.339  4501  5026 I CarrierServices: [315] inq.e: carrierWithOldEcApis: false
02-18 18:33:16.339  4501  5026 I CarrierServices: [315] inq.e: hasDialerThatSupportsNewEc: false
02-18 18:33:16.341  4501  5026 W RcsProvisioning: Failed to read configuration: /data/user/0/com.google.android.apps.messaging/files/rcsconfig (No such file or directory)
02-18 18:33:16.341  4501  5026 W RcsProvisioning: java.io.FileNotFoundException: /data/user/0/com.google.android.apps.messaging/files/rcsconfig (No such file or directory)
02-18 18:33:16.341  4501  5026 W RcsProvisioning: 	at java.io.FileInputStream.open0(Native Method)
02-18 18:33:16.341  4501  5026 W RcsProvisioning: 	at java.io.FileInputStream.open(FileInputStream.java:231)
02-18 18:33:16.341  4501  5026 W RcsProvisioning: 	at java.io.FileInputStream.<init>(FileInputStream.java:165)
02-18 18:33:16.341  4501  5026 W RcsProvisioning: 	at android.app.ContextImpl.openFileInput(ContextImpl.java:560)
02-18 18:33:16.341  4501  5026 W RcsProvisioning: 	at android.content.ContextWrapper.openFileInput(ContextWrapper.java:202)
02-18 18:33:16.341  4501  5026 W RcsProvisioning: 	at ion.a(SourceFile:2)
02-18 18:33:16.341  4501  5026 W RcsProvisioning: 	at idl.a(SourceFile:4)
02-18 18:33:16.341  4501  5026 W RcsProvisioning: 	at idm.a(SourceFile:7)
02-18 18:33:16.341  4501  5026 W RcsProvisioning: 	at com.google.android.apps.messaging.rcsmigration.RcsStateProvider.buildRcsState(SourceFile:81)
02-18 18:33:16.341  4501  5026 W RcsProvisioning: 	at com.google.android.apps.messaging.rcsmigration.RcsStateProvider.getRcsState(SourceFile:6)
02-18 18:33:16.341  4501  5026 W RcsProvisioning: 	at com.google.android.ims.rcsmigration.IRcsStateProvider$Stub.dispatchTransaction(SourceFile:10)
02-18 18:33:16.341  4501  5026 W RcsProvisioning: 	at com.google.android.aidl.BaseStub.onTransact(SourceFile:18)
02-18 18:33:16.341  4501  5026 W RcsProvisioning: 	at android.os.Binder.execTransact(Binder.java:731)
02-18 18:33:16.341  4501  5026 D RcsProvisioning: Retrieving backup token
02-18 18:33:16.341  4501  5026 D RcsProvisioning: Exception while getting subscriber Id. Using default
02-18 18:33:16.347  6880  7318 I euqk    : Unable to retrieve flag snapshot for com.google.android.gms.providerinstaller#com.google.android.gm, using defaults.
02-18 18:33:16.353  6880  7310 V NativeCrypto: Registering com/google/android/gms/org/conscrypt/NativeCrypto's 329 native methods...
02-18 18:33:16.354  6880  7317 E GoogleApiManager: Failed to get service from broker. 
02-18 18:33:16.354  6880  7317 E GoogleApiManager: java.lang.SecurityException: Unknown calling package name 'com.google.android.gms'.
02-18 18:33:16.354  6880  7317 E GoogleApiManager: 	at android.os.Parcel.createException(Parcel.java:1950)
02-18 18:33:16.354  6880  7317 E GoogleApiManager: 	at android.os.Parcel.readException(Parcel.java:1918)
02-18 18:33:16.354  6880  7317 E GoogleApiManager: 	at android.os.Parcel.readException(Parcel.java:1868)
02-18 18:33:16.354  6880  7317 E GoogleApiManager: 	at bclz.a(:com.google.android.gms@255034013@25.50.34 (100400-855735097):36)
02-18 18:33:16.354  6880  7317 E GoogleApiManager: 	at bcka.z(:com.google.android.gms@255034013@25.50.34 (100400-855735097):150)
02-18 18:33:16.354  6880  7317 E GoogleApiManager: 	at bbqd.run(:com.google.android.gms@255034013@25.50.34 (100400-855735097):42)
02-18 18:33:16.354  6880  7317 E GoogleApiManager: 	at android.os.Handler.handleCallback(Handler.java:873)
02-18 18:33:16.354  6880  7317 E GoogleApiManager: 	at android.os.Handler.dispatchMessage(Handler.java:99)
02-18 18:33:16.354  6880  7317 E GoogleApiManager: 	at cofr.lZ(:com.google.android.gms@255034013@25.50.34 (100400-855735097):1)
02-18 18:33:16.354  6880  7317 E GoogleApiManager: 	at cofr.dispatchMessage(:com.google.android.gms@255034013@25.50.34 (100400-855735097):5)
02-18 18:33:16.354  6880  7317 E GoogleApiManager: 	at android.os.Looper.loop(Looper.java:193)
02-18 18:33:16.354  6880  7317 E GoogleApiManager: 	at android.os.HandlerThread.run(HandlerThread.java:65)
02-18 18:33:16.355  6880  7317 W GoogleApiManager: Not showing notification since connectionResult is not user-facing: ConnectionResult{statusCode=DEVELOPER_ERROR, resolution=null, message=null, clientMethodKey=null}
02-18 18:33:16.356  6880  7316 W FlagRegistrar: Failed to register com.google.android.gms.providerinstaller#com.google.android.gm
02-18 18:33:16.356  6880  7316 W FlagRegistrar: euqw: 17: 17: API: Phenotype.API is not available on this device. Connection failed with: ConnectionResult{statusCode=DEVELOPER_ERROR, resolution=null, message=null, clientMethodKey=null}
02-18 18:33:16.356  6880  7316 W FlagRegistrar: 	at euqy.a(:com.google.android.gms@255034013@25.50.34 (100400-855735097):13)
02-18 18:33:16.356  6880  7316 W FlagRegistrar: 	at fpzm.d(:com.google.android.gms@255034013@25.50.34 (100400-855735097):3)
02-18 18:33:16.356  6880  7316 W FlagRegistrar: 	at fpzo.run(:com.google.android.gms@255034013@25.50.34 (100400-855735097):130)
02-18 18:33:16.356  6880  7316 W FlagRegistrar: 	at fqbv.execute(:com.google.android.gms@255034013@25.50.34 (100400-855735097):1)
02-18 18:33:16.356  6880  7316 W FlagRegistrar: 	at fpzw.f(:com.google.android.gms@255034013@25.50.34 (100400-855735097):1)
02-18 18:33:16.356  6880  7316 W FlagRegistrar: 	at fpzw.m(:com.google.android.gms@255034013@25.50.34 (100400-855735097):99)
02-18 18:33:16.356  6880  7316 W FlagRegistrar: 	at fpzw.r(:com.google.android.gms@255034013@25.50.34 (100400-855735097):17)
02-18 18:33:16.356  6880  7316 W FlagRegistrar: 	at enng.hA(:com.google.android.gms@255034013@25.50.34 (100400-855735097):35)
02-18 18:33:16.356  6880  7316 W FlagRegistrar: 	at edbu.run(:com.google.android.gms@255034013@25.50.34 (100400-855735097):12)
02-18 18:33:16.356  6880  7316 W FlagRegistrar: 	at fqbv.execute(:com.google.android.gms@255034013@25.50.34 (100400-855735097):1)
02-18 18:33:16.356  6880  7316 W FlagRegistrar: 	at edbv.b(:com.google.android.gms@255034013@25.50.34 (100400-855735097):18)
02-18 18:33:16.356  6880  7316 W FlagRegistrar: 	at edck.b(:com.google.android.gms@255034013@25.50.34 (100400-855735097):34)
02-18 18:33:16.356  6880  7316 W FlagRegistrar: 	at edcm.d(:com.google.android.gms@255034013@25.50.34 (100400-855735097):25)
02-18 18:33:16.356  6880  7316 W FlagRegistrar: 	at bbnm.c(:com.google.android.gms@255034013@25.50.34 (100400-855735097):9)
02-18 18:33:16.356  6880  7316 W FlagRegistrar: 	at bbqb.q(:com.google.android.gms@255034013@25.50.34 (100400-855735097):48)
02-18 18:33:16.356  6880  7316 W FlagRegistrar: 	at bbqb.d(:com.google.android.gms@255034013@25.50.34 (100400-855735097):10)
02-18 18:33:16.356  6880  7316 W FlagRegistrar: 	at bbqb.g(:com.google.android.gms@255034013@25.50.34 (100400-855735097):191)
02-18 18:33:16.356  6880  7316 W FlagRegistrar: 	at bbqb.onConnectionFailed(:com.google.android.gms@255034013@25.50.34 (100400-855735097):2)
02-18 18:33:16.356  6880  7316 W FlagRegistrar: 	at bbqd.run(:com.google.android.gms@255034013@25.50.34 (100400-855735097):70)
02-18 18:33:16.356  6880  7316 W FlagRegistrar: 	at android.os.Handler.handleCallback(Handler.java:873)
02-18 18:33:16.356  6880  7316 W FlagRegistrar: 	at android.os.Handler.dispatchMessage(Handler.java:99)
02-18 18:33:16.356  6880  7316 W FlagRegistrar: 	at cofr.lZ(:com.google.android.gms@255034013@25.50.34 (100400-855735097):1)
02-18 18:33:16.356  6880  7316 W FlagRegistrar: 	at cofr.dispatchMessage(:com.google.android.gms@255034013@25.50.34 (100400-855735097):5)
02-18 18:33:16.356  6880  7316 W FlagRegistrar: 	at android.os.Looper.loop(Looper.java:193)
02-18 18:33:16.356  6880  7316 W FlagRegistrar: 	at android.os.HandlerThread.run(HandlerThread.java:65)
02-18 18:33:16.356  6880  7316 W FlagRegistrar: Caused by: bblt: 17: API: Phenotype.API is not available on this device. Connection failed with: ConnectionResult{statusCode=DEVELOPER_ERROR, resolution=null, message=null, clientMethodKey=null}
02-18 18:33:16.356  6880  7316 W FlagRegistrar: 	at bcjm.a(:com.google.android.gms@255034013@25.50.34 (100400-855735097):15)
02-18 18:33:16.356  6880  7316 W FlagRegistrar: 	at bbnp.a(:com.google.android.gms@255034013@25.50.34 (100400-855735097):1)
02-18 18:33:16.356  6880  7316 W FlagRegistrar: 	at bbnm.c(:com.google.android.gms@255034013@25.50.34 (100400-855735097):5)
02-18 18:33:16.356  6880  7316 W FlagRegistrar: 	... 11 more
02-18 18:33:16.358  6880  7310 D NetworkSecurityConfig: Using Network Security Config from resource network_security_config debugBuild: false
02-18 18:33:16.359  6880  7310 I ProviderInstaller: Installed default security provider GmsCore_OpenSSL
02-18 18:33:16.444  1684  2407 D WificondControl: Scan result ready event
02-18 18:33:16.457  4094  4128 I NullBinder: NullBinder for android.net.action.RECOMMEND_NETWORKS triggering remote TransactionTooLargeException due to Service without Chimera impl, calling uid: 1000, calling pid: 0
02-18 18:33:16.477  4501  5026 D RcsProvisioning: No backup token found
02-18 18:33:16.477  4501  5026 D RcsProvisioning: Retrieving backup token
02-18 18:33:16.477  4501  5026 D RcsProvisioning: Exception while getting subscriber Id. Using default
02-18 18:33:16.505  1684  2064 I GnssLocationProvider: WakeLock acquired by sendMessage(REPORT_SV_STATUS, 0, com.android.server.location.GnssLocationProvider$SvStatusInfo@b07defa)
02-18 18:33:16.506  1684  1698 I GnssLocationProvider: WakeLock released by handleMessage(REPORT_SV_STATUS, 0, com.android.server.location.GnssLocationProvider$SvStatusInfo@b07defa)
02-18 18:33:16.537  7308  7320 W dex2oat : Accessing hidden method Landroid/content/res/Resources$Theme;->rebase()V (dark greylist, linking)
02-18 18:33:16.545  7308  7321 W dex2oat : Accessing hidden method Landroid/view/accessibility/AccessibilityNodeInfo$RangeInfo;-><init>(IFFF)V (dark greylist, linking)
02-18 18:33:16.567  7308  7319 W dex2oat : Accessing hidden method Landroid/view/View;->setTransitionVisibility(I)V (dark greylist, linking)
02-18 18:33:16.574  6880  7323 W xxh     : Not parsing http body since status is HttpStatus(403). Using defaultResponseBody
02-18 18:33:16.575  6880  7313 W qsz     : Network is not OK. Status=CLIENT_FORBIDDEN. qox: [/sync/st/s] CLIENT_FORBIDDEN: Client forbidden
02-18 18:33:16.577  6880  7300 E xui     : Failed to create component for ComponentKey<CqrAPH>, see go/xplat-deobfuscate-component-key
02-18 18:33:16.577  6880  7300 E xui     : rao: Failed to sync missing settings from the server. Missing values for required settings [raw<VERIFIED_FROM_ADDRESSES>, raw<NEEDS_ONBOARDING>, raw<ALIAS_ADDRESSES>, raw<DEFAULT_FROM_ADDRESS>]. Can not start SettingsClient.
02-18 18:33:16.577  6880  7300 E xui     : 	at qzs.a(Unknown Source:6)
02-18 18:33:16.577  6880  7300 E xui     : 	at yzn.a(Unknown Source:2)
02-18 18:33:16.577  6880  7300 E xui     : 	at ywo.a(SourceFile:2)
02-18 18:33:16.577  6880  7300 E xui     : 	at aast.run(SourceFile:3)
02-18 18:33:16.577  6880  7300 E xui     : 	at xyj.run(Unknown Source:3)
02-18 18:33:16.577  6880  7300 E xui     : 	at xow.run(Unknown Source:3)
02-18 18:33:16.577  6880  7300 E xui     : 	at java.util.concurrent.Executors$RunnableAdapter.call(Executors.java:458)
02-18 18:33:16.577  6880  7300 E xui     : 	at java.util.concurrent.FutureTask.run(FutureTask.java:266)
02-18 18:33:16.577  6880  7300 E xui     : 	at java.util.concurrent.ScheduledThreadPoolExecutor$ScheduledFutureTask.run(ScheduledThreadPoolExecutor.java:301)
02-18 18:33:16.577  6880  7300 E xui     : 	at java.util.concurrent.ThreadPoolExecutor.runWorker(ThreadPoolExecutor.java:1167)
02-18 18:33:16.577  6880  7300 E xui     : 	at java.util.concurrent.ThreadPoolExecutor$Worker.run(ThreadPoolExecutor.java:641)
02-18 18:33:16.577  6880  7300 E xui     : 	at java.lang.Thread.run(Thread.java:764)
02-18 18:33:16.577  6880  7300 E xui     : Caused by: qox: [/sync/st/s] CLIENT_FORBIDDEN: Client forbidden
02-18 18:33:16.577  6880  7300 E xui     : 	at qoq.a(SourceFile:7)
02-18 18:33:16.577  6880  7300 E xui     : 	at qoq.a(SourceFile:12)
02-18 18:33:16.577  6880  7300 E xui     : 	at qsw.a(Unknown Source:14)
02-18 18:33:16.577  6880  7300 E xui     : 	at aaru.a(SourceFile:2)
02-18 18:33:16.577  6880  7300 E xui     : 	at aart.run(SourceFile:5)
02-18 18:33:16.577  6880  7300 E xui     : 	at aatj.run(Unknown Source:7)
02-18 18:33:16.577  6880  7300 E xui     : 	... 7 more
02-18 18:33:16.577  6880  7300 E xui     : Failed to create component for ComponentKey<GrNjlb>, see go/xplat-deobfuscate-component-key
02-18 18:33:16.577  6880  7300 E xui     : rao: Failed to sync missing settings from the server. Missing values for required settings [raw<VERIFIED_FROM_ADDRESSES>, raw<NEEDS_ONBOARDING>, raw<ALIAS_ADDRESSES>, raw<DEFAULT_FROM_ADDRESS>]. Can not start SettingsClient.
02-18 18:33:16.577  6880  7300 E xui     : 	at qzs.a(Unknown Source:6)
02-18 18:33:16.577  6880  7300 E xui     : 	at yzn.a(Unknown Source:2)
02-18 18:33:16.577  6880  7300 E xui     : 	at ywo.a(SourceFile:2)
02-18 18:33:16.577  6880  7300 E xui     : 	at aast.run(SourceFile:3)
02-18 18:33:16.577  6880  7300 E xui     : 	at xyj.run(Unknown Source:3)
02-18 18:33:16.577  6880  7300 E xui     : 	at xow.run(Unknown Source:3)
02-18 18:33:16.577  6880  7300 E xui     : 	at java.util.concurrent.Executors$RunnableAdapter.call(Executors.java:458)
02-18 18:33:16.577  6880  7300 E xui     : 	at java.util.concurrent.FutureTask.run(FutureTask.java:266)
02-18 18:33:16.577  6880  7300 E xui     : 	at java.util.concurrent.ScheduledThreadPoolExecutor$ScheduledFutureTask.run(ScheduledThreadPoolExecutor.java:301)
02-18 18:33:16.577  6880  7300 E xui     : 	at java.util.concurrent.ThreadPoolExecutor.runWorker(ThreadPoolExecutor.java:1167)
02-18 18:33:16.577  6880  7300 E xui     : 	at java.util.concurrent.ThreadPoolExecutor$Worker.run(ThreadPoolExecutor.java:641)
02-18 18:33:16.577  6880  7300 E xui     : 	at java.lang.Thread.run(Thread.java:764)
02-18 18:33:16.577  6880  7300 E xui     : Caused by: qox: [/sync/st/s] CLIENT_FORBIDDEN: Client forbidden
02-18 18:33:16.577  6880  7300 E xui     : 	at qoq.a(SourceFile:7)
02-18 18:33:16.577  6880  7300 E xui     : 	at qoq.a(SourceFile:12)
02-18 18:33:16.577  6880  7300 E xui     : 	at qsw.a(Unknown Source:14)
02-18 18:33:16.577  6880  7300 E xui     : 	at aaru.a(SourceFile:2)
02-18 18:33:16.577  6880  7300 E xui     : 	at aart.run(SourceFile:5)
02-18 18:33:16.577  6880  7300 E xui     : 	at aatj.run(Unknown Source:7)
02-18 18:33:16.577  6880  7300 E xui     : 	... 7 more
02-18 18:33:16.580  6880  7283 E Gmail   : Gmail:Failed to sync using GIG.
02-18 18:33:16.580  6880  7283 E Gmail   : java.util.concurrent.ExecutionException: zaj: Combined exception with 2 causes
02-18 18:33:16.580  6880  7283 E Gmail   : 	at aarf.a(SourceFile:22)
02-18 18:33:16.580  6880  7283 E Gmail   : 	at aarf.get(SourceFile:11)
02-18 18:33:16.580  6880  7283 E Gmail   : 	at ggx.a(SourceFile:45)
02-18 18:33:16.580  6880  7283 E Gmail   : 	at ggx.a(SourceFile:26)
02-18 18:33:16.580  6880  7283 E Gmail   : 	at bjj.onPerformSync(SourceFile:2)
02-18 18:33:16.580  6880  7283 E Gmail   : 	at ggx.onPerformSync(SourceFile:9)
02-18 18:33:16.580  6880  7283 E Gmail   : 	at android.content.AbstractThreadedSyncAdapter$SyncThread.run(AbstractThreadedSyncAdapter.java:334)
02-18 18:33:16.580  6880  7283 E Gmail   : Caused by: zaj: Combined exception with 2 causes
02-18 18:33:16.580  6880  7283 E Gmail   : 	at yza.a(Unknown Source:10)
02-18 18:33:16.580  6880  7283 E Gmail   : 	at ywo.a(SourceFile:1)
02-18 18:33:16.580  6880  7283 E Gmail   : 	at aast.run(SourceFile:2)
02-18 18:33:16.580  6880  7283 E Gmail   : 	at aatk.execute(Unknown Source:0)
02-18 18:33:16.580  6880  7283 E Gmail   : 	at aarf.b(SourceFile:1)
02-18 18:33:16.580  6880  7283 E Gmail   : 	at aarf.a(SourceFile:41)
02-18 18:33:16.580  6880  7283 E Gmail   : 	at aarf.b(SourceFile:27)
02-18 18:33:16.580  6880  7283 E Gmail   : 	at aasg.b(SourceFile:5)
02-18 18:33:16.580  6880  7283 E Gmail   : 	at aarx.a(SourceFile:34)
02-18 18:33:16.580  6880  7283 E Gmail   : 	at aarx.run(Unknown Source:0)
02-18 18:33:16.580  6880  7283 E Gmail   : 	at aatk.execute(Unknown Source:0)
02-18 18:33:16.580  6880  7283 E Gmail   : 	at aarf.b(SourceFile:1)
02-18 18:33:16.580  6880  7283 E Gmail   : 	at aarf.a(SourceFile:41)
02-18 18:33:16.580  6880  7283 E Gmail   : 	at aarf.a(SourceFile:80)
02-18 18:33:16.580  6880  7283 E Gmail   : 	at aart.run(SourceFile:12)
02-18 18:33:16.580  6880  7283 E Gmail   : 	at aatj.run(Unknown Source:7)
