02-18 18:33:14.994  4501  6116 E CarrierServices: 	com.google.android.aidl.BaseStub.onTransact(SourceFile:18)
02-18 18:33:14.994  4501  6116 E CarrierServices: 	android.os.Binder.execTransact(Binder.java:731)
02-18 18:33:14.995  4346  5403 I CarrierServices: [292] awt.doInBackground: Saving RCS State
02-18 18:33:14.995  4346  5403 I CarrierServices: [292] awt.doInBackground: Old operation mode: 2
02-18 18:33:14.995  4346  5403 I CarrierServices: [292] awt.doInBackground: New operation mode: 2
02-18 18:33:14.995  4346  4346 I CarrierServices: [2] RcsAutoStartReceiver.b: carrierServicesJibeServiceEnabled changed from true to true
02-18 18:33:14.996  4346  4346 I CarrierServices: [2] RcsAutoStartReceiver.b: enableRcs changed from true to true
02-18 18:33:14.997  4346  4346 I CarrierServices: [2] RcsAutoStartReceiver.b: RcsAutoStartReceiver triggered. Fetching RCS State. Action: android.intent.action.PACKAGE_CHANGED
02-18 18:33:14.997  4346  4346 I CarrierServices: [2] aws.a: Migration binding to RcsMigrationService
02-18 18:33:14.998  4346  4346 I CarrierServices: [2] RcsAutoStartReceiver.b: carrierServicesJibeServiceEnabled changed from true to true
02-18 18:33:14.998  4346  4346 I CarrierServices: [2] RcsAutoStartReceiver.b: enableRcs changed from true to true
02-18 18:33:14.998  4346  4346 I CarrierServices: [2] RcsAutoStartReceiver.b: RcsAutoStartReceiver triggered. Fetching RCS State. Action: android.intent.action.PACKAGE_CHANGED
02-18 18:33:14.999  4346  4346 I CarrierServices: [2] aws.a: Migration binding to RcsMigrationService
02-18 18:33:14.999  4346  4346 I CarrierServices: [2] RcsAutoStartReceiver.b: carrierServicesJibeServiceEnabled changed from true to true
02-18 18:33:15.002  7179  7179 D AndroidRuntime: >>>>>> START com.android.internal.os.RuntimeInit uid 0 <<<<<<
02-18 18:33:15.003  4346  4346 I CarrierServices: [2] RcsAutoStartReceiver.b: enableRcs changed from true to true
02-18 18:33:15.004  4346  4346 I CarrierServices: [2] RcsAutoStartReceiver.b: RcsAutoStartReceiver triggered. Fetching RCS State. Action: android.intent.action.PACKAGE_CHANGED
02-18 18:33:15.005  4346  4346 I CarrierServices: [2] aws.a: Migration binding to RcsMigrationService
02-18 18:33:15.013  4094  6545 I Fitness : OnPackageChangedOperation got intent: Intent { act=android.intent.action.PACKAGE_CHANGED dat=package:com.google.android.apps.maps flg=0x5000010 pkg=com.google.android.gms cmp=com.google.android.gms/.chimera.PersistentIntentOperationService (has extras) } [CONTEXT service_id=17 ]
02-18 18:33:15.014  4501  5321 I CarrierServices: [370] RcsStateProvider.onMigrationComplete: Migration complete.
02-18 18:33:15.015  4501  5321 I CarrierServices: [370] inq.shouldUseCarrierServicesApkForV1Apis: Checking if using CarrierServices.apk is possible. Enabled: true, isAtLeastM: true, runningInsideBugle: true
02-18 18:33:15.015  4501  5321 I CarrierServices: [370] inq.e: Network Operator: 310260
02-18 18:33:15.016  4501  5321 I CarrierServices: [370] inq.e: carrierWithOldEcApis: false
02-18 18:33:15.016  4501  5321 I CarrierServices: [370] inq.e: hasDialerThatSupportsNewEc: false
02-18 18:33:15.016  4501  5321 I CarrierServices: [370] RcsStateProvider.onMigrationComplete: Rcs Engine should be running in cs.apk. Stopping JibeService.
02-18 18:33:15.017  4094  6545 I Fitness : FitCleanupIntentOperation received Intent android.intent.action.PACKAGE_CHANGED [CONTEXT service_id=17 ]
02-18 18:33:15.020  4501  5321 I CarrierServices: [370] RcsStateProvider.onMigrationComplete: JibeService stopped: true
02-18 18:33:15.021  4501  5321 I CarrierServices: [370] inq.e: Network Operator: 310260
02-18 18:33:15.021  4501  5321 I CarrierServices: [370] inq.e: carrierWithOldEcApis: false
02-18 18:33:15.021  4501  5321 I CarrierServices: [370] inq.e: hasDialerThatSupportsNewEc: false
02-18 18:33:15.021  4501  5321 I CarrierServices: [370] jsn.connect: shouldUseCarrierServicesJibeService: true, CarrierServices rcs service found: true
02-18 18:33:15.021  4501  5321 I CarrierServices: [370] jsn.connect: Binding to JibeService in CarrierServices.
02-18 18:33:15.022  4501  4501 D RcsClientLib: Service com.google.android.rcs.client.chatsession.ChatSessionService connected. Will notify listeners: true
02-18 18:33:15.022  4501  4501 V BugleRcs: com.google.android.rcs.client.chatsession.ChatSessionService RCS service connected
02-18 18:33:15.022  4501  5321 I CarrierServices: [370] inq.e: Network Operator: 310260
02-18 18:33:15.023  4501  5321 I CarrierServices: [370] inq.e: carrierWithOldEcApis: false
02-18 18:33:15.023  4501  5321 I CarrierServices: [370] inq.e: hasDialerThatSupportsNewEc: false
02-18 18:33:15.023  4501  5321 I CarrierServices: [370] jsn.connect: shouldUseCarrierServicesJibeService: true, CarrierServices rcs service found: true
02-18 18:33:15.023  4501  5321 I CarrierServices: [370] jsn.connect: Binding to JibeService in CarrierServices.
02-18 18:33:15.023  4501  4501 D RcsClientLib: Service com.google.android.rcs.client.events.EventService connected. Will notify listeners: true
02-18 18:33:15.023  4501  4501 V BugleRcs: com.google.android.rcs.client.events.EventService RCS service connected
02-18 18:33:15.024  4501  5321 I CarrierServices: [370] inq.e: Network Operator: 310260
02-18 18:33:15.024  4501  5321 I CarrierServices: [370] inq.e: carrierWithOldEcApis: false
02-18 18:33:15.024  4501  5321 I CarrierServices: [370] inq.e: hasDialerThatSupportsNewEc: false
02-18 18:33:15.024  4501  5321 I CarrierServices: [370] jsn.connect: shouldUseCarrierServicesJibeService: true, CarrierServices rcs service found: true
02-18 18:33:15.024  4501  5321 I CarrierServices: [370] jsn.connect: Binding to JibeService in CarrierServices.
02-18 18:33:15.025  4501  5321 I CarrierServices: [370] inq.e: Network Operator: 310260
02-18 18:33:15.025  7179  7179 I app_process: The ClassLoaderContext is a special shared library.
02-18 18:33:15.025  4501  4501 D RcsClientLib: Service com.google.android.rcs.client.contacts.ContactsService connected. Will notify listeners: true
02-18 18:33:15.025  4501  4501 V BugleRcs: com.google.android.rcs.client.contacts.ContactsService RCS service connected
02-18 18:33:15.025  4501  5321 I CarrierServices: [370] inq.e: carrierWithOldEcApis: false
02-18 18:33:15.025  4501  5321 I CarrierServices: [370] inq.e: hasDialerThatSupportsNewEc: false
02-18 18:33:15.025  4501  5321 I CarrierServices: [370] jsn.connect: shouldUseCarrierServicesJibeService: true, CarrierServices rcs service found: true
02-18 18:33:15.025  4501  5321 I CarrierServices: [370] jsn.connect: Binding to JibeService in CarrierServices.
02-18 18:33:15.027  4501  4501 D RcsClientLib: Service com.google.android.rcs.client.filetransfer.FileTransferService connected. Will notify listeners: true
02-18 18:33:15.027  4501  4501 V BugleRcs: com.google.android.rcs.client.filetransfer.FileTransferService RCS service connected
02-18 18:33:15.028  4501  5321 I CarrierServices: [370] inq.e: Network Operator: 310260
02-18 18:33:15.029  4501  5321 I CarrierServices: [370] inq.e: carrierWithOldEcApis: false
02-18 18:33:15.029  4501  5321 I CarrierServices: [370] inq.e: hasDialerThatSupportsNewEc: false
02-18 18:33:15.029  4501  5321 I CarrierServices: [370] jsn.connect: shouldUseCarrierServicesJibeService: true, CarrierServices rcs service found: true
02-18 18:33:15.029  4501  5321 I CarrierServices: [370] jsn.connect: Binding to JibeService in CarrierServices.
02-18 18:33:15.030  4501  4501 D RcsClientLib: Service com.google.android.rcs.client.locationsharing.LocationSharingService connected. Will notify listeners: true
02-18 18:33:15.030  4501  4501 V BugleRcs: com.google.android.rcs.client.locationsharing.LocationSharingService RCS service connected
02-18 18:33:15.030  4501  5321 I CarrierServices: [370] inq.e: Network Operator: 310260
02-18 18:33:15.030  4501  5321 I CarrierServices: [370] inq.e: carrierWithOldEcApis: false
02-18 18:33:15.030  4501  5321 I CarrierServices: [370] inq.e: hasDialerThatSupportsNewEc: false
02-18 18:33:15.030  4501  5321 I CarrierServices: [370] jsn.connect: shouldUseCarrierServicesJibeService: true, CarrierServices rcs service found: true
02-18 18:33:15.030  4501  5321 I CarrierServices: [370] jsn.connect: Binding to JibeService in CarrierServices.
02-18 18:33:15.031  4501  4501 D RcsClientLib: Service com.google.android.rcs.client.ims.ImsConnectionTrackerService connected. Will notify listeners: true
02-18 18:33:15.031  4501  4501 V BugleRcs: com.google.android.rcs.client.ims.ImsConnectionTrackerService RCS service connected
02-18 18:33:15.031  4501  4501 V BugleRcs: kicking off RCS sending/receiving
02-18 18:33:15.031  4501  4501 V BugleAction: no RCS because we're not registered
02-18 18:33:15.031  4501  5321 I CarrierServices: [370] inq.e: Network Operator: 310260
02-18 18:33:15.031  4501  5321 I CarrierServices: [370] inq.e: carrierWithOldEcApis: false
02-18 18:33:15.031  4501  5321 I CarrierServices: [370] inq.e: hasDialerThatSupportsNewEc: false
02-18 18:33:15.031  4501  5321 I CarrierServices: [370] jsn.connect: shouldUseCarrierServicesJibeService: true, CarrierServices rcs service found: true
02-18 18:33:15.031  4501  5321 I CarrierServices: [370] jsn.connect: Binding to JibeService in CarrierServices.
02-18 18:33:15.032  4501  4501 D RcsClientLib: Service com.google.android.rcs.client.profile.RcsProfileService connected. Will notify listeners: true
02-18 18:33:15.032  4501  4501 V BugleRcs: com.google.android.rcs.client.profile.RcsProfileService RCS service connected
02-18 18:33:15.032  4501  4501 V BugleRcs: kicking off RCS sending/receiving
02-18 18:33:15.032  4501  4501 V BugleAction: no RCS because we're not registered
02-18 18:33:15.033  4346  7012 W CarrierServices: [302] bmc.a: No config URL. RCS will be disabled!
02-18 18:33:15.033  4501  4501 I BugleRcs: RcsAvailability ACS url: null
02-18 18:33:15.035  4501  5321 I CarrierServices: [370] inq.e: Network Operator: 310260
02-18 18:33:15.035  4501  5321 I CarrierServices: [370] inq.e: carrierWithOldEcApis: false
02-18 18:33:15.035  4501  5321 I CarrierServices: [370] inq.e: hasDialerThatSupportsNewEc: false
02-18 18:33:15.036  4501  5321 I CarrierServices: [370] jsn.connect: shouldUseCarrierServicesJibeService: true, CarrierServices rcs service found: true
02-18 18:33:15.036  4501  5321 I CarrierServices: [370] jsn.connect: Binding to JibeService in CarrierServices.
02-18 18:33:15.037  4501  4501 D RcsClientLib: Service com.google.android.rcs.client.businessinfo.BusinessInfoService connected. Will notify listeners: true
02-18 18:33:15.037  4501  4501 V BugleRcs: com.google.android.rcs.client.businessinfo.BusinessInfoService RCS service connected
02-18 18:33:15.037  4501  4501 V BugleRcs: kicking off RCS sending/receiving
02-18 18:33:15.037  4501  4501 V BugleAction: no RCS because we're not registered
02-18 18:33:15.038  4501  5321 W RcsProvisioning: Failed to read configuration: /data/user/0/com.google.android.apps.messaging/files/rcsconfig (No such file or directory)
02-18 18:33:15.038  4501  5321 W RcsProvisioning: java.io.FileNotFoundException: /data/user/0/com.google.android.apps.messaging/files/rcsconfig (No such file or directory)
02-18 18:33:15.038  4501  5321 W RcsProvisioning: 	at java.io.FileInputStream.open0(Native Method)
02-18 18:33:15.038  4501  5321 W RcsProvisioning: 	at java.io.FileInputStream.open(FileInputStream.java:231)
02-18 18:33:15.038  4501  5321 W RcsProvisioning: 	at java.io.FileInputStream.<init>(FileInputStream.java:165)
02-18 18:33:15.038  4501  5321 W RcsProvisioning: 	at android.app.ContextImpl.openFileInput(ContextImpl.java:560)
02-18 18:33:15.038  4501  5321 W RcsProvisioning: 	at android.content.ContextWrapper.openFileInput(ContextWrapper.java:202)
02-18 18:33:15.038  4501  5321 W RcsProvisioning: 	at ion.a(SourceFile:2)
02-18 18:33:15.038  4501  5321 W RcsProvisioning: 	at idl.a(SourceFile:4)
02-18 18:33:15.038  4501  5321 W RcsProvisioning: 	at idm.a(SourceFile:7)
02-18 18:33:15.038  4501  5321 W RcsProvisioning: 	at com.google.android.apps.messaging.rcsmigration.RcsStateProvider.onMigrationComplete(SourceFile:27)
02-18 18:33:15.038  4501  5321 W RcsProvisioning: 	at com.google.android.ims.rcsmigration.IRcsStateProvider$Stub.dispatchTransaction(SourceFile:14)
02-18 18:33:15.038  4501  5321 W RcsProvisioning: 	at com.google.android.aidl.BaseStub.onTransact(SourceFile:18)
02-18 18:33:15.038  4501  5321 W RcsProvisioning: 	at android.os.Binder.execTransact(Binder.java:731)
02-18 18:33:15.038  4501  5321 D RcsProvisioning: Retrieving backup token
02-18 18:33:15.038  4501  5321 D RcsProvisioning: Exception while getting subscriber Id. Using default
02-18 18:33:15.039  7179  7179 D AndroidRuntime: Calling main entry com.android.commands.am.Am
02-18 18:33:15.039  4346  7012 W CarrierServices: [302] bmc.a: No config URL. RCS will be disabled!
02-18 18:33:15.040  4501  4501 I BugleRcs: RcsAvailability ACS url: null
02-18 18:33:15.041  4108  5145 I Icing   : Indexing com.google.android.gms-apps from com.google.android.gms
02-18 18:33:15.041  1684  2365 I ActivityManager: Force stopping com.google.android.apps.mtaas.loginutil appid=10091 user=0: start instr
02-18 18:33:15.045  7191  7191 I Zygote  : seccomp disabled by setenforce 0
02-18 18:33:15.046  4108  5145 I Icing   : Indexing done com.google.android.gms-apps
02-18 18:33:15.048  4108  5145 I Icing   : Indexing com.google.android.gms-internal.3p:MobileApplication from com.google.android.gms
02-18 18:33:15.051  4108  5145 I Icing   : Indexing done com.google.android.gms-internal.3p:MobileApplication
02-18 18:33:15.053  1684  1701 I ActivityManager: Start proc 7191:com.google.android.apps.mtaas.loginutil/u0a91 for added application com.google.android.apps.mtaas.loginutil
02-18 18:33:15.057  7191  7191 I mtaas.loginuti: The ClassLoaderContext is a special shared library.
02-18 18:33:15.060  7191  7207 I LoginUtil: onStart
02-18 18:33:15.060  7191  7207 I LoginUtil: Checking for Internet
02-18 18:33:15.060  7191  7207 D NetworkSecurityConfig: No Network Security Config specified, using platform default
02-18 18:33:15.170  7191  7207 I LoginUtil: Connected to Internet
02-18 18:33:15.171  7191  7207 I LoginUtil: Adding Account {name=FAXE3QCJMLOKVH57EQHPEQ6RN4-00@cloudtestlabaccounts.com, type=com.google}
02-18 18:33:15.175  7212  7212 I Zygote  : seccomp disabled by setenforce 0
02-18 18:33:15.179  4501  5321 D RcsProvisioning: No backup token found
02-18 18:33:15.179  4501  5321 D RcsProvisioning: Clearing backup token
02-18 18:33:15.179  4501  5321 D RcsProvisioning: Exception while getting subscriber Id. Using default
02-18 18:33:15.182  1684  3192 I ActivityManager: Start proc 7212:com.google.android.apps.auth.test.support/u0a92 for service com.google.android.apps.auth.test.support/.services.AccountService
02-18 18:33:15.190  4501  5321 I CarrierServices: [370] RcsStateProvider.onMigrationComplete: Deleted transfers file: false
02-18 18:33:15.191  7212  7212 I th.test.suppor: The ClassLoaderContext is a special shared library.
02-18 18:33:15.191  4501  5321 W RcsProvisioning: Failed to read configuration: /data/user/0/com.google.android.apps.messaging/files/rcsconfig (No such file or directory)
02-18 18:33:15.191  4501  5321 W RcsProvisioning: java.io.FileNotFoundException: /data/user/0/com.google.android.apps.messaging/files/rcsconfig (No such file or directory)
02-18 18:33:15.191  4501  5321 W RcsProvisioning: 	at java.io.FileInputStream.open0(Native Method)
02-18 18:33:15.191  4501  5321 W RcsProvisioning: 	at java.io.FileInputStream.open(FileInputStream.java:231)
02-18 18:33:15.191  4501  5321 W RcsProvisioning: 	at java.io.FileInputStream.<init>(FileInputStream.java:165)
02-18 18:33:15.191  4501  5321 W RcsProvisioning: 	at android.app.ContextImpl.openFileInput(ContextImpl.java:560)
02-18 18:33:15.191  4501  5321 W RcsProvisioning: 	at android.content.ContextWrapper.openFileInput(ContextWrapper.java:202)
02-18 18:33:15.191  4501  5321 W RcsProvisioning: 	at ion.a(SourceFile:2)
02-18 18:33:15.191  4501  5321 W RcsProvisioning: 	at idl.a(SourceFile:4)
02-18 18:33:15.191  4501  5321 W RcsProvisioning: 	at idm.a(SourceFile:7)
02-18 18:33:15.191  4501  5321 W RcsProvisioning: 	at iez.buildConferencesFileName(SourceFile:30)
02-18 18:33:15.191  4501  5321 W RcsProvisioning: 	at com.google.android.apps.messaging.rcsmigration.RcsStateProvider.onMigrationComplete(SourceFile:48)
02-18 18:33:15.191  4501  5321 W RcsProvisioning: 	at com.google.android.ims.rcsmigration.IRcsStateProvider$Stub.dispatchTransaction(SourceFile:14)
02-18 18:33:15.191  4501  5321 W RcsProvisioning: 	at com.google.android.aidl.BaseStub.onTransact(SourceFile:18)
02-18 18:33:15.191  4501  5321 W RcsProvisioning: 	at android.os.Binder.execTransact(Binder.java:731)
02-18 18:33:15.191  4501  5321 D RcsProvisioning: Retrieving backup token
02-18 18:33:15.191  4501  5321 D RcsProvisioning: Exception while getting subscriber Id. Using default
02-18 18:33:15.196  7231  7231 I Zygote  : seccomp disabled by setenforce 0
02-18 18:33:15.197  7231  7231 I x.test.service: Late-enabling -Xcheck:jni
02-18 18:33:15.205  1684  1701 I ActivityManager: Start proc 7231:androidx.test.services/u0a94 for content provider androidx.test.services/.storage.provider.TestArgsContentProvider
02-18 18:33:15.259  7212  7212 I TestConfiguration: Unable to parse host and port.
02-18 18:33:15.259  7212  7212 I TestConfiguration: Parsing fst client id: null
02-18 18:33:15.261  7212  7212 I TestConfiguration: Unable to parse host and port.
02-18 18:33:15.261  7212  7212 I TestConfiguration: Parsing fst client id: null
02-18 18:33:15.263  7212  7224 I AccountHelper: faxe3qcjmlokvh57eqhpeq6rn4-00 is not present on the device. 
02-18 18:33:15.263  7212  7224 I EnsureAccountAvailabili: Account 'faxe3qcjmlokvh57eqhpeq6rn4-00' is not available in the device. Creating AddAccountOperation
02-18 18:33:15.264  7212  7224 I AddAccountOperation: Call GmsCore API.
02-18 18:33:15.271  4094  4122 I Auth    : [AddAccountOperation] Initializing sign-in [CONTEXT service_id=153 ]
02-18 18:33:15.276  4750  4750 I Binder:4750_6: type=1400 audit(0.0:26): avc: denied { open } for path="/sys/devices/virtual/android_usb/android0/state" dev="sysfs" ino=10984 scontext=u:r:priv_app:s0:c512,c768 tcontext=u:object_r:sysfs_android_usb:s0 tclass=file permissive=1
02-18 18:33:15.314  4094  4094 D BoundBrokerSvc: onRebind: Intent { act=com.google.android.gms.common.telemetry.service.START dat=chimera-action: cmp=com.google.android.gms/.chimera.PersistentApiService }
02-18 18:33:15.319  4094  4122 I Auth    : [AddAccountOperation] Fetching token from auth code with GMS network stack. [CONTEXT service_id=153 ]
02-18 18:33:15.320  1530  1530 I keystore: del USRPKEY_auth_account:lst:darklaunch:2061ddf7-c70b-4c0c-91ee-281f4e3bbf4a 10022
02-18 18:33:15.321  1530  1530 I keystore: del USRCERT_auth_account:lst:darklaunch:2061ddf7-c70b-4c0c-91ee-281f4e3bbf4a 10022
02-18 18:33:15.321  1530  1530 I keystore: del CACERT_auth_account:lst:darklaunch:2061ddf7-c70b-4c0c-91ee-281f4e3bbf4a 10022
02-18 18:33:15.324  4501  5321 D RcsProvisioning: No backup token found
02-18 18:33:15.327  4346  4346 I CarrierServices: [2] aww.a: Unbinding RcsMigrationService
02-18 18:33:15.327  4501  6116 I CarrierServices: [462] RcsStateProvider.onMigrationComplete: Migration complete.
02-18 18:33:15.327  4501  6116 I CarrierServices: [462] inq.shouldUseCarrierServicesApkForV1Apis: Checking if using CarrierServices.apk is possible. Enabled: true, isAtLeastM: true, runningInsideBugle: true
02-18 18:33:15.328  4501  6116 I CarrierServices: [462] inq.e: Network Operator: 310260
02-18 18:33:15.328  4501  6116 I CarrierServices: [462] inq.e: carrierWithOldEcApis: false
02-18 18:33:15.328  4501  6116 I CarrierServices: [462] inq.e: hasDialerThatSupportsNewEc: false
02-18 18:33:15.328  4501  6116 I CarrierServices: [462] RcsStateProvider.onMigrationComplete: Rcs Engine should be running in cs.apk. Stopping JibeService.
02-18 18:33:15.329  4501  6116 I CarrierServices: [462] RcsStateProvider.onMigrationComplete: JibeService stopped: true
02-18 18:33:15.329  4501  6116 I CarrierServices: [462] inq.e: Network Operator: 310260
02-18 18:33:15.329  4501  6116 I CarrierServices: [462] inq.e: carrierWithOldEcApis: false
02-18 18:33:15.329  4501  6116 I CarrierServices: [462] inq.e: hasDialerThatSupportsNewEc: false
02-18 18:33:15.329  4501  6116 I CarrierServices: [462] jsn.connect: shouldUseCarrierServicesJibeService: true, CarrierServices rcs service found: true
02-18 18:33:15.329  4501  6116 I CarrierServices: [462] jsn.connect: Binding to JibeService in CarrierServices.
02-18 18:33:15.330  4501  4501 D RcsClientLib: Service com.google.android.rcs.client.chatsession.ChatSessionService connected. Will notify listeners: true
02-18 18:33:15.330  4501  4501 V BugleRcs: com.google.android.rcs.client.chatsession.ChatSessionService RCS service connected
02-18 18:33:15.331  4501  6116 I CarrierServices: [462] inq.e: Network Operator: 310260
02-18 18:33:15.331  4501  6116 I CarrierServices: [462] inq.e: carrierWithOldEcApis: false
02-18 18:33:15.331  4501  6116 I CarrierServices: [462] inq.e: hasDialerThatSupportsNewEc: false
02-18 18:33:15.331  4501  6116 I CarrierServices: [462] jsn.connect: shouldUseCarrierServicesJibeService: true, CarrierServices rcs service found: true
02-18 18:33:15.331  4501  6116 I CarrierServices: [462] jsn.connect: Binding to JibeService in CarrierServices.
02-18 18:33:15.332  4501  4501 D RcsClientLib: Service com.google.android.rcs.client.events.EventService connected. Will notify listeners: true
02-18 18:33:15.332  4501  4501 V BugleRcs: com.google.android.rcs.client.events.EventService RCS service connected
02-18 18:33:15.333  4501  6116 I CarrierServices: [462] inq.e: Network Operator: 310260
02-18 18:33:15.333  4501  6116 I CarrierServices: [462] inq.e: carrierWithOldEcApis: false
02-18 18:33:15.333  4501  6116 I CarrierServices: [462] inq.e: hasDialerThatSupportsNewEc: false
02-18 18:33:15.333  4501  6116 I CarrierServices: [462] jsn.connect: shouldUseCarrierServicesJibeService: true, CarrierServices rcs service found: true
02-18 18:33:15.333  4501  6116 I CarrierServices: [462] jsn.connect: Binding to JibeService in CarrierServices.
02-18 18:33:15.334  4501  4501 D RcsClientLib: Service com.google.android.rcs.client.contacts.ContactsService connected. Will notify listeners: true
02-18 18:33:15.334  4501  4501 V BugleRcs: com.google.android.rcs.client.contacts.ContactsService RCS service connected
02-18 18:33:15.335  4501  6116 I CarrierServices: [462] inq.e: Network Operator: 310260
02-18 18:33:15.335  4501  6116 I CarrierServices: [462] inq.e: carrierWithOldEcApis: false
02-18 18:33:15.335  4501  6116 I CarrierServices: [462] inq.e: hasDialerThatSupportsNewEc: false
02-18 18:33:15.335  4501  6116 I CarrierServices: [462] jsn.connect: shouldUseCarrierServicesJibeService: true, CarrierServices rcs service found: true
02-18 18:33:15.335  4501  6116 I CarrierServices: [462] jsn.connect: Binding to JibeService in CarrierServices.
02-18 18:33:15.337  4501  4501 D RcsClientLib: Service com.google.android.rcs.client.filetransfer.FileTransferService connected. Will notify listeners: true
02-18 18:33:15.337  4501  4501 V BugleRcs: com.google.android.rcs.client.filetransfer.FileTransferService RCS service connected
02-18 18:33:15.342  4501  6116 I CarrierServices: [462] inq.e: Network Operator: 310260
02-18 18:33:15.342  4501  6116 I CarrierServices: [462] inq.e: carrierWithOldEcApis: false
02-18 18:33:15.342  4501  6116 I CarrierServices: [462] inq.e: hasDialerThatSupportsNewEc: false
02-18 18:33:15.342  4501  6116 I CarrierServices: [462] jsn.connect: shouldUseCarrierServicesJibeService: true, CarrierServices rcs service found: true
02-18 18:33:15.342  4501  6116 I CarrierServices: [462] jsn.connect: Binding to JibeService in CarrierServices.
02-18 18:33:15.343  4501  4501 D RcsClientLib: Service com.google.android.rcs.client.locationsharing.LocationSharingService connected. Will notify listeners: true
02-18 18:33:15.343  4501  4501 V BugleRcs: com.google.android.rcs.client.locationsharing.LocationSharingService RCS service connected
02-18 18:33:15.343  4501  6116 I CarrierServices: [462] inq.e: Network Operator: 310260
02-18 18:33:15.343  4501  6116 I CarrierServices: [462] inq.e: carrierWithOldEcApis: false
02-18 18:33:15.343  4501  6116 I CarrierServices: [462] inq.e: hasDialerThatSupportsNewEc: false
02-18 18:33:15.344  4501  6116 I CarrierServices: [462] jsn.connect: shouldUseCarrierServicesJibeService: true, CarrierServices rcs service found: true
02-18 18:33:15.344  4501  6116 I CarrierServices: [462] jsn.connect: Binding to JibeService in CarrierServices.
02-18 18:33:15.344  4501  4501 D RcsClientLib: Service com.google.android.rcs.client.ims.ImsConnectionTrackerService connected. Will notify listeners: true
02-18 18:33:15.344  4501  4501 V BugleRcs: com.google.android.rcs.client.ims.ImsConnectionTrackerService RCS service connected
02-18 18:33:15.344  4501  4501 V BugleRcs: kicking off RCS sending/receiving
02-18 18:33:15.344  4501  4501 V BugleAction: no RCS because we're not registered
02-18 18:33:15.345  4501  6116 I CarrierServices: [462] inq.e: Network Operator: 310260
02-18 18:33:15.345  4501  6116 I CarrierServices: [462] inq.e: carrierWithOldEcApis: false
02-18 18:33:15.345  4501  6116 I CarrierServices: [462] inq.e: hasDialerThatSupportsNewEc: false
02-18 18:33:15.345  4501  6116 I CarrierServices: [462] jsn.connect: shouldUseCarrierServicesJibeService: true, CarrierServices rcs service found: true
02-18 18:33:15.345  4501  6116 I CarrierServices: [462] jsn.connect: Binding to JibeService in CarrierServices.
02-18 18:33:15.345  4501  4501 D RcsClientLib: Service com.google.android.rcs.client.profile.RcsProfileService connected. Will notify listeners: true
02-18 18:33:15.345  4501  4501 V BugleRcs: com.google.android.rcs.client.profile.RcsProfileService RCS service connected
02-18 18:33:15.345  4501  4501 V BugleRcs: kicking off RCS sending/receiving
02-18 18:33:15.345  4501  4501 V BugleAction: no RCS because we're not registered
02-18 18:33:15.345  4346  7012 W CarrierServices: [302] bmc.a: No config URL. RCS will be disabled!
02-18 18:33:15.345  4501  4501 I BugleRcs: RcsAvailability ACS url: null
02-18 18:33:15.346  4501  6116 I CarrierServices: [462] inq.e: Network Operator: 310260
02-18 18:33:15.346  4501  6116 I CarrierServices: [462] inq.e: carrierWithOldEcApis: false
02-18 18:33:15.346  4501  6116 I CarrierServices: [462] inq.e: hasDialerThatSupportsNewEc: false
02-18 18:33:15.346  4501  6116 I CarrierServices: [462] jsn.connect: shouldUseCarrierServicesJibeService: true, CarrierServices rcs service found: true
02-18 18:33:15.346  4501  6116 I CarrierServices: [462] jsn.connect: Binding to JibeService in CarrierServices.
02-18 18:33:15.347  1530  1530 I keystore: 1 0
02-18 18:33:15.347  4501  4501 D RcsClientLib: Service com.google.android.rcs.client.businessinfo.BusinessInfoService connected. Will notify listeners: true
02-18 18:33:15.347  4501  4501 V BugleRcs: com.google.android.rcs.client.businessinfo.BusinessInfoService RCS service connected
02-18 18:33:15.347  4501  4501 V BugleRcs: kicking off RCS sending/receiving
02-18 18:33:15.347  4501  4501 V BugleAction: no RCS because we're not registered
02-18 18:33:15.347  4346  7012 W CarrierServices: [302] bmc.a: No config URL. RCS will be disabled!
02-18 18:33:15.347  4501  4501 I BugleRcs: RcsAvailability ACS url: null
02-18 18:33:15.349  4501  6116 W RcsProvisioning: Failed to read configuration: /data/user/0/com.google.android.apps.messaging/files/rcsconfig (No such file or directory)
02-18 18:33:15.349  4501  6116 W RcsProvisioning: java.io.FileNotFoundException: /data/user/0/com.google.android.apps.messaging/files/rcsconfig (No such file or directory)
02-18 18:33:15.349  4501  6116 W RcsProvisioning: 	at java.io.FileInputStream.open0(Native Method)
02-18 18:33:15.349  4501  6116 W RcsProvisioning: 	at java.io.FileInputStream.open(FileInputStream.java:231)
02-18 18:33:15.349  4501  6116 W RcsProvisioning: 	at java.io.FileInputStream.<init>(FileInputStream.java:165)
02-18 18:33:15.349  4501  6116 W RcsProvisioning: 	at android.app.ContextImpl.openFileInput(ContextImpl.java:560)
02-18 18:33:15.349  4501  6116 W RcsProvisioning: 	at android.content.ContextWrapper.openFileInput(ContextWrapper.java:202)
02-18 18:33:15.349  4501  6116 W RcsProvisioning: 	at ion.a(SourceFile:2)
02-18 18:33:15.349  4501  6116 W RcsProvisioning: 	at idl.a(SourceFile:4)
02-18 18:33:15.349  4501  6116 W RcsProvisioning: 	at idm.a(SourceFile:7)
02-18 18:33:15.349  4501  6116 W RcsProvisioning: 	at com.google.android.apps.messaging.rcsmigration.RcsStateProvider.onMigrationComplete(SourceFile:27)
02-18 18:33:15.349  4501  6116 W RcsProvisioning: 	at com.google.android.ims.rcsmigration.IRcsStateProvider$Stub.dispatchTransaction(SourceFile:14)
02-18 18:33:15.349  4501  6116 W RcsProvisioning: 	at com.google.android.aidl.BaseStub.onTransact(SourceFile:18)
02-18 18:33:15.349  4501  6116 W RcsProvisioning: 	at android.os.Binder.execTransact(Binder.java:731)
02-18 18:33:15.349  4501  6116 D RcsProvisioning: Retrieving backup token
02-18 18:33:15.349  4501  6116 D RcsProvisioning: Exception while getting subscriber Id. Using default
02-18 18:33:15.353  4094  5214 I Auth    : [DarkLaunchHelper] Attestation verification failed: Path Validation Failure [CONTEXT service_id=343 ]
02-18 18:33:15.353  4094  5214 I Auth    : java.security.cert.CertPathValidatorException: Chain terminates in a software root and no matching trust anchor was found, so the chain was not validated.
02-18 18:33:15.353  4094  5214 I Auth    : 	at sbk.b(:com.google.android.gms@255034013@25.50.34 (100400-855735097):969)
02-18 18:33:15.353  4094  5214 I Auth    : 	at sbj.gZ(:com.google.android.gms@255034013@25.50.34 (100400-855735097):20)
02-18 18:33:15.353  4094  5214 I Auth    : 	at hcfs.w(:com.google.android.gms@255034013@25.50.34 (100400-855735097):12)
02-18 18:33:15.353  4094  5214 I Auth    : 	at hcqm.run(:com.google.android.gms@255034013@25.50.34 (100400-855735097):112)
02-18 18:33:15.353  4094  5214 I Auth    : 	at hcra.l(:com.google.android.gms@255034013@25.50.34 (100400-855735097):141)
02-18 18:33:15.353  4094  5214 I Auth    : 	at hcop.a(:com.google.android.gms@255034013@25.50.34 (100400-855735097):74)
02-18 18:33:15.353  4094  5214 I Auth    : 	at hcoo.c(Unknown Source:3)
02-18 18:33:15.353  4094  5214 I Auth    : 	at sbk.a(:com.google.android.gms@255034013@25.50.34 (100400-855735097):17)
02-18 18:33:15.353  4094  5214 I Auth    : 	at addr.a(:com.google.android.gms@255034013@25.50.34 (100400-855735097):299)
02-18 18:33:15.353  4094  5214 I Auth    : 	at addo.call(:com.google.android.gms@255034013@25.50.34 (100400-855735097):5)
02-18 18:33:15.353  4094  5214 I Auth    : 	at java.util.concurrent.FutureTask.run(FutureTask.java:266)
02-18 18:33:15.353  4094  5214 I Auth    : 	at bdfk.c(:com.google.android.gms@255034013@25.50.34 (100400-855735097):50)
02-18 18:33:15.353  4094  5214 I Auth    : 	at bdfk.run(:com.google.android.gms@255034013@25.50.34 (100400-855735097):73)
02-18 18:33:15.353  4094  5214 I Auth    : 	at java.util.concurrent.ThreadPoolExecutor.runWorker(ThreadPoolExecutor.java:1167)
02-18 18:33:15.353  4094  5214 I Auth    : 	at java.util.concurrent.ThreadPoolExecutor$Worker.run(ThreadPoolExecutor.java:641)
02-18 18:33:15.353  4094  5214 I Auth    : 	at bdlb.run(:com.google.android.gms@255034013@25.50.34 (100400-855735097):8)
02-18 18:33:15.353  4094  5214 I Auth    : 	at java.lang.Thread.run(Thread.java:764)
02-18 18:33:15.353  4094  5214 I Auth    : Caused by: java.security.cert.CertPathValidatorException: No matching trust anchor found
02-18 18:33:15.353  4094  5214 I Auth    : 	at sbq.c(:com.google.android.gms@255034013@25.50.34 (100400-855735097):77)
02-18 18:33:15.353  4094  5214 I Auth    : 	at sbq.engineValidate(:com.google.android.gms@255034013@25.50.34 (100400-855735097):60)
02-18 18:33:15.353  4094  5214 I Auth    : 	at java.security.cert.CertPathValidator.validate(CertPathValidator.java:301)
02-18 18:33:15.353  4094  5214 I Auth    : 	at sbk.b(:com.google.android.gms@255034013@25.50.34 (100400-855735097):509)
02-18 18:33:15.353  4094  5214 I Auth    : 	... 16 more
02-18 18:33:15.355  1530  1530 I keystore: del USRPKEY_auth_account:lst:darklaunch:2061ddf7-c70b-4c0c-91ee-281f4e3bbf4a 10022
02-18 18:33:15.356  1530  1530 I keystore: del USRCERT_auth_account:lst:darklaunch:2061ddf7-c70b-4c0c-91ee-281f4e3bbf4a 10022
02-18 18:33:15.356  1530  1530 I keystore: del CACERT_auth_account:lst:darklaunch:2061ddf7-c70b-4c0c-91ee-281f4e3bbf4a 10022
02-18 18:33:15.496  4501  6116 D RcsProvisioning: No backup token found
02-18 18:33:15.496  4501  6116 D RcsProvisioning: Clearing backup token
02-18 18:33:15.496  4501  6116 D RcsProvisioning: Exception while getting subscriber Id. Using default
02-18 18:33:15.497  1684  2064 I GnssLocationProvider: WakeLock acquired by sendMessage(REPORT_SV_STATUS, 0, com.android.server.location.GnssLocationProvider$SvStatusInfo@e6238ea)
02-18 18:33:15.498  1684  1698 I GnssLocationProvider: WakeLock released by handleMessage(REPORT_SV_STATUS, 0, com.android.server.location.GnssLocationProvider$SvStatusInfo@e6238ea)
02-18 18:33:15.506  4501  6116 I CarrierServices: [462] RcsStateProvider.onMigrationComplete: Deleted transfers file: false
02-18 18:33:15.507  4501  6116 W RcsProvisioning: Failed to read configuration: /data/user/0/com.google.android.apps.messaging/files/rcsconfig (No such file or directory)
02-18 18:33:15.507  4501  6116 W RcsProvisioning: java.io.FileNotFoundException: /data/user/0/com.google.android.apps.messaging/files/rcsconfig (No such file or directory)
02-18 18:33:15.507  4501  6116 W RcsProvisioning: 	at java.io.FileInputStream.open0(Native Method)
02-18 18:33:15.507  4501  6116 W RcsProvisioning: 	at java.io.FileInputStream.open(FileInputStream.java:231)
02-18 18:33:15.507  4501  6116 W RcsProvisioning: 	at java.io.FileInputStream.<init>(FileInputStream.java:165)
02-18 18:33:15.507  4501  6116 W RcsProvisioning: 	at android.app.ContextImpl.openFileInput(ContextImpl.java:560)
02-18 18:33:15.507  4501  6116 W RcsProvisioning: 	at android.content.ContextWrapper.openFileInput(ContextWrapper.java:202)
02-18 18:33:15.507  4501  6116 W RcsProvisioning: 	at ion.a(SourceFile:2)
02-18 18:33:15.507  4501  6116 W RcsProvisioning: 	at idl.a(SourceFile:4)
02-18 18:33:15.507  4501  6116 W RcsProvisioning: 	at idm.a(SourceFile:7)
02-18 18:33:15.507  4501  6116 W RcsProvisioning: 	at iez.buildConferencesFileName(SourceFile:30)
02-18 18:33:15.507  4501  6116 W RcsProvisioning: 	at com.google.android.apps.messaging.rcsmigration.RcsStateProvider.onMigrationComplete(SourceFile:48)
02-18 18:33:15.507  4501  6116 W RcsProvisioning: 	at com.google.android.ims.rcsmigration.IRcsStateProvider$Stub.dispatchTransaction(SourceFile:14)
02-18 18:33:15.507  4501  6116 W RcsProvisioning: 	at com.google.android.aidl.BaseStub.onTransact(SourceFile:18)
02-18 18:33:15.507  4501  6116 W RcsProvisioning: 	at android.os.Binder.execTransact(Binder.java:731)
02-18 18:33:15.507  4501  6116 D RcsProvisioning: Retrieving backup token
02-18 18:33:15.507  4501  6116 D RcsProvisioning: Exception while getting subscriber Id. Using default
02-18 18:33:15.667  4501  6116 D RcsProvisioning: No backup token found
02-18 18:33:15.670  4346  4346 I CarrierServices: [2] aww.a: Unbinding RcsMigrationService
02-18 18:33:15.670  4501  5450 I CarrierServices: [396] RcsStateProvider.onMigrationComplete: Migration complete.
02-18 18:33:15.671  4501  5450 I CarrierServices: [396] inq.shouldUseCarrierServicesApkForV1Apis: Checking if using CarrierServices.apk is possible. Enabled: true, isAtLeastM: true, runningInsideBugle: true
02-18 18:33:15.671  4501  5450 I CarrierServices: [396] inq.e: Network Operator: 310260
02-18 18:33:15.672  4501  5450 I CarrierServices: [396] inq.e: carrierWithOldEcApis: false
02-18 18:33:15.672  4501  5450 I CarrierServices: [396] inq.e: hasDialerThatSupportsNewEc: false
02-18 18:33:15.672  4501  5450 I CarrierServices: [396] RcsStateProvider.onMigrationComplete: Rcs Engine should be running in cs.apk. Stopping JibeService.
02-18 18:33:15.673  4501  5450 I CarrierServices: [396] RcsStateProvider.onMigrationComplete: JibeService stopped: true
02-18 18:33:15.674  4501  5450 I CarrierServices: [396] inq.e: Network Operator: 310260
02-18 18:33:15.675  4501  5450 I CarrierServices: [396] inq.e: carrierWithOldEcApis: false
02-18 18:33:15.675  4501  5450 I CarrierServices: [396] inq.e: hasDialerThatSupportsNewEc: false
02-18 18:33:15.675  4501  5450 I CarrierServices: [396] jsn.connect: shouldUseCarrierServicesJibeService: true, CarrierServices rcs service found: true
02-18 18:33:15.675  4501  5450 I CarrierServices: [396] jsn.connect: Binding to JibeService in CarrierServices.
02-18 18:33:15.676  4501  4501 D RcsClientLib: Service com.google.android.rcs.client.chatsession.ChatSessionService connected. Will notify listeners: true
02-18 18:33:15.676  4501  4501 V BugleRcs: com.google.android.rcs.client.chatsession.ChatSessionService RCS service connected
02-18 18:33:15.676  4501  5450 I CarrierServices: [396] inq.e: Network Operator: 310260
02-18 18:33:15.677  4501  5450 I CarrierServices: [396] inq.e: carrierWithOldEcApis: false
02-18 18:33:15.677  4501  5450 I CarrierServices: [396] inq.e: hasDialerThatSupportsNewEc: false
02-18 18:33:15.677  4501  5450 I CarrierServices: [396] jsn.connect: shouldUseCarrierServicesJibeService: true, CarrierServices rcs service found: true
02-18 18:33:15.677  4501  5450 I CarrierServices: [396] jsn.connect: Binding to JibeService in CarrierServices.
02-18 18:33:15.678  4501  4501 D RcsClientLib: Service com.google.android.rcs.client.events.EventService connected. Will notify listeners: true
02-18 18:33:15.678  4501  4501 V BugleRcs: com.google.android.rcs.client.events.EventService RCS service connected
02-18 18:33:15.678  4501  5450 I CarrierServices: [396] inq.e: Network Operator: 310260
02-18 18:33:15.679  4501  5450 I CarrierServices: [396] inq.e: carrierWithOldEcApis: false
02-18 18:33:15.679  4501  5450 I CarrierServices: [396] inq.e: hasDialerThatSupportsNewEc: false
02-18 18:33:15.679  4501  5450 I CarrierServices: [396] jsn.connect: shouldUseCarrierServicesJibeService: true, CarrierServices rcs service found: true
02-18 18:33:15.679  4501  5450 I CarrierServices: [396] jsn.connect: Binding to JibeService in CarrierServices.
02-18 18:33:15.680  4501  4501 D RcsClientLib: Service com.google.android.rcs.client.contacts.ContactsService connected. Will notify listeners: true
02-18 18:33:15.680  4501  4501 V BugleRcs: com.google.android.rcs.client.contacts.ContactsService RCS service connected
02-18 18:33:15.680  4501  5450 I CarrierServices: [396] inq.e: Network Operator: 310260
02-18 18:33:15.680  4501  5450 I CarrierServices: [396] inq.e: carrierWithOldEcApis: false
02-18 18:33:15.680  4501  5450 I CarrierServices: [396] inq.e: hasDialerThatSupportsNewEc: false
02-18 18:33:15.681  4501  5450 I CarrierServices: [396] jsn.connect: shouldUseCarrierServicesJibeService: true, CarrierServices rcs service found: true
02-18 18:33:15.681  4501  5450 I CarrierServices: [396] jsn.connect: Binding to JibeService in CarrierServices.
02-18 18:33:15.681  4501  4501 D RcsClientLib: Service com.google.android.rcs.client.filetransfer.FileTransferService connected. Will notify listeners: true
02-18 18:33:15.681  4501  4501 V BugleRcs: com.google.android.rcs.client.filetransfer.FileTransferService RCS service connected
02-18 18:33:15.682  4501  5450 I CarrierServices: [396] inq.e: Network Operator: 310260
02-18 18:33:15.682  4501  5450 I CarrierServices: [396] inq.e: carrierWithOldEcApis: false
02-18 18:33:15.682  4501  5450 I CarrierServices: [396] inq.e: hasDialerThatSupportsNewEc: false
02-18 18:33:15.683  4501  5450 I CarrierServices: [396] jsn.connect: shouldUseCarrierServicesJibeService: true, CarrierServices rcs service found: true
02-18 18:33:15.683  4501  5450 I CarrierServices: [396] jsn.connect: Binding to JibeService in CarrierServices.
02-18 18:33:15.683  4501  4501 D RcsClientLib: Service com.google.android.rcs.client.locationsharing.LocationSharingService connected. Will notify listeners: true
02-18 18:33:15.683  4501  4501 V BugleRcs: com.google.android.rcs.client.locationsharing.LocationSharingService RCS service connected
02-18 18:33:15.684  4501  5450 I CarrierServices: [396] inq.e: Network Operator: 310260
02-18 18:33:15.684  4501  5450 I CarrierServices: [396] inq.e: carrierWithOldEcApis: false
02-18 18:33:15.684  4501  5450 I CarrierServices: [396] inq.e: hasDialerThatSupportsNewEc: false
02-18 18:33:15.684  4501  5450 I CarrierServices: [396] jsn.connect: shouldUseCarrierServicesJibeService: true, CarrierServices rcs service found: true
02-18 18:33:15.684  4501  5450 I CarrierServices: [396] jsn.connect: Binding to JibeService in CarrierServices.
02-18 18:33:15.684  4501  4501 D RcsClientLib: Service com.google.android.rcs.client.ims.ImsConnectionTrackerService connected. Will notify listeners: true
02-18 18:33:15.684  4501  4501 V BugleRcs: com.google.android.rcs.client.ims.ImsConnectionTrackerService RCS service connected
02-18 18:33:15.685  4501  4501 V BugleRcs: kicking off RCS sending/receiving
02-18 18:33:15.685  4501  4501 V BugleAction: no RCS because we're not registered
02-18 18:33:15.685  4501  5450 I CarrierServices: [396] inq.e: Network Operator: 310260
02-18 18:33:15.685  4501  5450 I CarrierServices: [396] inq.e: carrierWithOldEcApis: false
02-18 18:33:15.685  4501  5450 I CarrierServices: [396] inq.e: hasDialerThatSupportsNewEc: false
02-18 18:33:15.685  4501  5450 I CarrierServices: [396] jsn.connect: shouldUseCarrierServicesJibeService: true, CarrierServices rcs service found: true
02-18 18:33:15.685  4501  5450 I CarrierServices: [396] jsn.connect: Binding to JibeService in CarrierServices.
02-18 18:33:15.686  4501  4501 D RcsClientLib: Service com.google.android.rcs.client.profile.RcsProfileService connected. Will notify listeners: true
02-18 18:33:15.686  4501  4501 V BugleRcs: com.google.android.rcs.client.profile.RcsProfileService RCS service connected
02-18 18:33:15.686  4501  4501 V BugleRcs: kicking off RCS sending/receiving
02-18 18:33:15.686  4501  4501 V BugleAction: no RCS because we're not registered
02-18 18:33:15.686  4346  7012 W CarrierServices: [302] bmc.a: No config URL. RCS will be disabled!
02-18 18:33:15.686  4501  4501 I BugleRcs: RcsAvailability ACS url: null
02-18 18:33:15.686  4501  5450 I CarrierServices: [396] inq.e: Network Operator: 310260
02-18 18:33:15.687  4501  5450 I CarrierServices: [396] inq.e: carrierWithOldEcApis: false
02-18 18:33:15.687  4501  5450 I CarrierServices: [396] inq.e: hasDialerThatSupportsNewEc: false
02-18 18:33:15.687  4501  5450 I CarrierServices: [396] jsn.connect: shouldUseCarrierServicesJibeService: true, CarrierServices rcs service found: true
02-18 18:33:15.687  4501  5450 I CarrierServices: [396] jsn.connect: Binding to JibeService in CarrierServices.
02-18 18:33:15.687  4501  4501 D RcsClientLib: Service com.google.android.rcs.client.businessinfo.BusinessInfoService connected. Will notify listeners: true
02-18 18:33:15.687  4501  4501 V BugleRcs: com.google.android.rcs.client.businessinfo.BusinessInfoService RCS service connected
02-18 18:33:15.687  4501  4501 V BugleRcs: kicking off RCS sending/receiving
02-18 18:33:15.687  4501  4501 V BugleAction: no RCS because we're not registered
02-18 18:33:15.687  4346  7012 W CarrierServices: [302] bmc.a: No config URL. RCS will be disabled!
02-18 18:33:15.687  4501  4501 I BugleRcs: RcsAvailability ACS url: null
02-18 18:33:15.688  4501  5450 W RcsProvisioning: Failed to read configuration: /data/user/0/com.google.android.apps.messaging/files/rcsconfig (No such file or directory)
02-18 18:33:15.688  4501  5450 W RcsProvisioning: java.io.FileNotFoundException: /data/user/0/com.google.android.apps.messaging/files/rcsconfig (No such file or directory)
02-18 18:33:15.688  4501  5450 W RcsProvisioning: 	at java.io.FileInputStream.open0(Native Method)
02-18 18:33:15.688  4501  5450 W RcsProvisioning: 	at java.io.FileInputStream.open(FileInputStream.java:231)
02-18 18:33:15.688  4501  5450 W RcsProvisioning: 	at java.io.FileInputStream.<init>(FileInputStream.java:165)
02-18 18:33:15.688  4501  5450 W RcsProvisioning: 	at android.app.ContextImpl.openFileInput(ContextImpl.java:560)
02-18 18:33:15.688  4501  5450 W RcsProvisioning: 	at android.content.ContextWrapper.openFileInput(ContextWrapper.java:202)
02-18 18:33:15.688  4501  5450 W RcsProvisioning: 	at ion.a(SourceFile:2)
02-18 18:33:15.688  4501  5450 W RcsProvisioning: 	at idl.a(SourceFile:4)
02-18 18:33:15.688  4501  5450 W RcsProvisioning: 	at idm.a(SourceFile:7)
02-18 18:33:15.688  4501  5450 W RcsProvisioning: 	at com.google.android.apps.messaging.rcsmigration.RcsStateProvider.onMigrationComplete(SourceFile:27)
02-18 18:33:15.688  4501  5450 W RcsProvisioning: 	at com.google.android.ims.rcsmigration.IRcsStateProvider$Stub.dispatchTransaction(SourceFile:14)
02-18 18:33:15.688  4501  5450 W RcsProvisioning: 	at com.google.android.aidl.BaseStub.onTransact(SourceFile:18)
02-18 18:33:15.688  4501  5450 W RcsProvisioning: 	at android.os.Binder.execTransact(Binder.java:731)
02-18 18:33:15.688  4501  5450 D RcsProvisioning: Retrieving backup token
02-18 18:33:15.688  4501  5450 D RcsProvisioning: Exception while getting subscriber Id. Using default
02-18 18:33:15.724  6946  7025 I MediaStoreImporter: Update: full Added music: 0 Updated music: 0 Deleted music: 0 Created playlists: 0 Updated playlists: 0 Deleted playlists: 0 Inserted playlist items: 0 Deleted playlist items: 0 Removed orphaned playlist items: 0
02-18 18:33:15.724  6946  6946 D MusicLifecycle: com.google.android.music.download.EncapsulatedBroadcastReceiver$1 generated event: Broadcast received with context com.google.android.music.ui.PhoneMusicApplication@de7f513 and intent Intent { act=com.google.android.music.IMPORT_COMPLETE flg=0x10 }
02-18 18:33:15.820  4094  4122 I Auth    : [AddAccountOperation] Handling AddAccountResponse. [CONTEXT service_id=153 ]
02-18 18:33:15.820  4094  4122 I Auth    : [AddAccountOperation] possible Seed account with hasUsername=true  [CONTEXT service_id=153 ]
02-18 18:33:15.825  4501  5450 D RcsProvisioning: No backup token found
02-18 18:33:15.825  4501  5450 D RcsProvisioning: Clearing backup token
02-18 18:33:15.825  4501  5450 D RcsProvisioning: Exception while getting subscriber Id. Using default
02-18 18:33:15.827  4094  4122 I Auth    : [AddAccountHelper] Adding account with 0 allowlisted packages [CONTEXT service_id=343 ]
02-18 18:33:15.830  4094  6192 I Auth    : [AddAccountOperation] Successfully updated account name and Gaia ID in DB [CONTEXT service_id=153 ]
02-18 18:33:15.836  1684  2407 D AccountManagerService: Visibility was not initialized
02-18 18:33:15.836  1684  2407 I AccountManagerService: the accounts changed, sending broadcast of android.accounts.LOGIN_ACCOUNTS_CHANGED
02-18 18:33:15.838  6946  6946 D MusicLifecycle: com.google.android.music.awareness.AwarenessRouter$2 generated event: Broadcast received with context com.google.android.music.ui.PhoneMusicApplication@de7f513 and intent Intent { act=android.accounts.LOGIN_ACCOUNTS_CHANGED flg=0x5000010 }
02-18 18:33:15.838  6946  6946 D MusicLifecycle: com.google.android.music.eventlog.MusicEventLogger$1 generated event: Broadcast received with context com.google.android.music.ui.PhoneMusicApplication@de7f513 and intent Intent { act=android.accounts.LOGIN_ACCOUNTS_CHANGED flg=0x5000010 }
02-18 18:33:15.838  4094  4122 I Auth    : [AddAccountHelper] Account added successfully to AccountManager [CONTEXT service_id=343 ]
02-18 18:33:15.844  6946  6946 D MusicLifecycle: com.google.android.music.sync.SyncAdapterService generated event: Service created
02-18 18:33:15.844  4108  5145 I Icing   : updateResources: need to parse bypy{com.google.android.gms}
02-18 18:33:15.847  6946  7026 D AwarenessRouter: 0 new fences
02-18 18:33:15.848  4501  5450 I CarrierServices: [396] RcsStateProvider.onMigrationComplete: Deleted transfers file: false
02-18 18:33:15.849  6946  7026 D AwarenessRouter: 0 fences already registered
02-18 18:33:15.849  6946  7026 D AwarenessRouter: Successfully removed 0 context fences
02-18 18:33:15.850  4501  5450 W RcsProvisioning: Failed to read configuration: /data/user/0/com.google.android.apps.messaging/files/rcsconfig (No such file or directory)
02-18 18:33:15.850  4501  5450 W RcsProvisioning: java.io.FileNotFoundException: /data/user/0/com.google.android.apps.messaging/files/rcsconfig (No such file or directory)
02-18 18:33:15.850  4501  5450 W RcsProvisioning: 	at java.io.FileInputStream.open0(Native Method)
02-18 18:33:15.850  4501  5450 W RcsProvisioning: 	at java.io.FileInputStream.open(FileInputStream.java:231)
02-18 18:33:15.850  4501  5450 W RcsProvisioning: 	at java.io.FileInputStream.<init>(FileInputStream.java:165)
02-18 18:33:15.850  4501  5450 W RcsProvisioning: 	at android.app.ContextImpl.openFileInput(ContextImpl.java:560)
02-18 18:33:15.850  4501  5450 W RcsProvisioning: 	at android.content.ContextWrapper.openFileInput(ContextWrapper.java:202)
02-18 18:33:15.850  4501  5450 W RcsProvisioning: 	at ion.a(SourceFile:2)
02-18 18:33:15.850  4501  5450 W RcsProvisioning: 	at idl.a(SourceFile:4)
02-18 18:33:15.850  4501  5450 W RcsProvisioning: 	at idm.a(SourceFile:7)
02-18 18:33:15.850  4501  5450 W RcsProvisioning: 	at iez.buildConferencesFileName(SourceFile:30)
02-18 18:33:15.850  4501  5450 W RcsProvisioning: 	at com.google.android.apps.messaging.rcsmigration.RcsStateProvider.onMigrationComplete(SourceFile:48)
02-18 18:33:15.850  4501  5450 W RcsProvisioning: 	at com.google.android.ims.rcsmigration.IRcsStateProvider$Stub.dispatchTransaction(SourceFile:14)
