2026-03-27 10:39:45  INFO      Log file: /Users/tanmaybhuskute/Documents/gifdroid-reproduction/app_SimpleNotes/utg02/gifdroid_20260327_103945_hhv_homography.log
2026-03-27 10:39:45  INFO      GIFdroid started
2026-03-27 10:39:45  INFO        --video            : /Users/tanmaybhuskute/Documents/gifdroid-reproduction/app_SimpleNotes/utg02/input/handheld/hhv_app_SimpleNotes.mp4
2026-03-27 10:39:45  INFO        --utg              : /Users/tanmaybhuskute/Documents/gifdroid-reproduction/app_SimpleNotes/utg02/input/utg.json
2026-03-27 10:39:45  INFO        --artifact         : /Users/tanmaybhuskute/Documents/gifdroid-reproduction/app_SimpleNotes/utg02/input/artifacts
2026-03-27 10:39:45  INFO        --out              : /Users/tanmaybhuskute/Documents/gifdroid-reproduction/app_SimpleNotes/utg02/output/execution_hhv_SimpleNotes_homography.json
2026-03-27 10:39:45  INFO        --log-dir          : None
2026-03-27 10:39:45  INFO        --save-keyframes   : /Users/tanmaybhuskute/Documents/gifdroid-reproduction/app_SimpleNotes/utg02/output/keyframes_homography
2026-03-27 10:39:45  INFO        --keyframe-method  : homography
2026-03-27 10:39:45  INFO      ==================================================
2026-03-27 10:39:45  INFO      STEP 1: Keyframe Location
2026-03-27 10:39:45  INFO        Input video      : /Users/tanmaybhuskute/Documents/gifdroid-reproduction/app_SimpleNotes/utg02/input/handheld/hhv_app_SimpleNotes.mp4
2026-03-27 10:39:45  INFO        Keyframe method  : homography
2026-03-27 10:39:45  INFO      keyframe_location_homography: starting on "/Users/tanmaybhuskute/Documents/gifdroid-reproduction/app_SimpleNotes/utg02/input/handheld/hhv_app_SimpleNotes.mp4"
2026-03-27 10:39:55  DEBUG     read_frames_from_video: 1256 frames decoded in 10.13s
2026-03-27 10:49:40  DEBUG     detect_keyframes: 40 keyframes detected from 1255 frames in 0.00s
2026-03-27 10:49:40  INFO      keyframe_location_homography: done — 40 keyframes at indices [121, 178, 220, 255, 300, 346, 360, 384, 399, 408, 436, 463, 472, 498, 523, 627, 651, 674, 729, 908, 915, 938, 964, 976, 983, 997, 1015, 1035, 1042, 1069, 1084, 1108, 1122, 1143, 1181, 1200, 1216, 1226, 1237, 1255] (595.41s)
2026-03-27 10:49:41  INFO        Keyframes found   : 40
2026-03-27 10:49:41  INFO        Keyframe indices  : [121, 178, 220, 255, 300, 346, 360, 384, 399, 408, 436, 463, 472, 498, 523, 627, 651, 674, 729, 908, 915, 938, 964, 976, 983, 997, 1015, 1035, 1042, 1069, 1084, 1108, 1122, 1143, 1181, 1200, 1216, 1226, 1237, 1255]
2026-03-27 10:49:41  INFO        Duration          : 595.72s
2026-03-27 10:49:44  INFO        Keyframes saved to: /Users/tanmaybhuskute/Documents/gifdroid-reproduction/app_SimpleNotes/utg02/output/keyframes_homography (40 files)
2026-03-27 10:49:44  INFO      ==================================================
2026-03-27 10:49:44  INFO      STEP 2: GUI Mapping
2026-03-27 10:49:44  INFO        Screenshots dir : /Users/tanmaybhuskute/Documents/gifdroid-reproduction/app_SimpleNotes/utg02/input/artifacts
2026-03-27 10:49:44  INFO      gui_mapping: matching 40 keyframes against screenshots in "/Users/tanmaybhuskute/Documents/gifdroid-reproduction/app_SimpleNotes/utg02/input/artifacts"
2026-03-27 10:49:46  DEBUG     load_screenshots: 34 screenshots loaded in 1.99s from "/Users/tanmaybhuskute/Documents/gifdroid-reproduction/app_SimpleNotes/utg02/input/artifacts"
2026-03-27 10:49:49  DEBUG     mapping: best match "artifacts_27.png" (score=0.370)
2026-03-27 10:49:52  DEBUG     mapping: best match "artifacts_27.png" (score=0.324)
2026-03-27 10:49:56  DEBUG     mapping: best match "artifacts_27.png" (score=0.321)
2026-03-27 10:49:59  DEBUG     mapping: best match "artifacts_27.png" (score=0.319)
2026-03-27 10:50:02  DEBUG     mapping: best match "artifacts_27.png" (score=0.320)
2026-03-27 10:50:06  DEBUG     mapping: best match "artifacts_27.png" (score=0.287)
2026-03-27 10:50:09  DEBUG     mapping: best match "artifacts_27.png" (score=0.287)
2026-03-27 10:50:12  DEBUG     mapping: best match "artifacts_27.png" (score=0.302)
2026-03-27 10:50:15  DEBUG     mapping: best match "artifacts_27.png" (score=0.299)
2026-03-27 10:50:19  DEBUG     mapping: best match "artifacts_27.png" (score=0.297)
2026-03-27 10:50:22  DEBUG     mapping: best match "artifacts_27.png" (score=0.315)
2026-03-27 10:50:25  DEBUG     mapping: best match "artifacts_27.png" (score=0.309)
2026-03-27 10:50:29  DEBUG     mapping: best match "artifacts_27.png" (score=0.309)
2026-03-27 10:50:32  DEBUG     mapping: best match "artifacts_27.png" (score=0.289)
2026-03-27 10:50:35  DEBUG     mapping: best match "artifacts_27.png" (score=0.287)
2026-03-27 10:50:39  DEBUG     mapping: best match "artifacts_27.png" (score=0.283)
2026-03-27 10:50:42  DEBUG     mapping: best match "artifacts_27.png" (score=0.327)
2026-03-27 10:50:45  DEBUG     mapping: best match "artifacts_27.png" (score=0.336)
2026-03-27 10:50:48  DEBUG     mapping: best match "artifacts_27.png" (score=0.310)
2026-03-27 10:50:51  DEBUG     mapping: best match "artifacts_27.png" (score=0.272)
2026-03-27 10:50:54  DEBUG     mapping: best match "artifacts_27.png" (score=0.271)
2026-03-27 10:50:58  DEBUG     mapping: best match "artifacts_27.png" (score=0.296)
2026-03-27 10:51:01  DEBUG     mapping: best match "artifacts_27.png" (score=0.287)
2026-03-27 10:51:04  DEBUG     mapping: best match "artifacts_27.png" (score=0.286)
2026-03-27 10:51:08  DEBUG     mapping: best match "artifacts_27.png" (score=0.286)
2026-03-27 10:51:11  DEBUG     mapping: best match "artifacts_27.png" (score=0.291)
2026-03-27 10:51:14  DEBUG     mapping: best match "artifacts_27.png" (score=0.286)
2026-03-27 10:51:18  DEBUG     mapping: best match "artifacts_27.png" (score=0.285)
2026-03-27 10:51:21  DEBUG     mapping: best match "artifacts_27.png" (score=0.286)
2026-03-27 10:51:24  DEBUG     mapping: best match "artifacts_27.png" (score=0.282)
2026-03-27 10:51:27  DEBUG     mapping: best match "artifacts_27.png" (score=0.288)
2026-03-27 10:51:31  DEBUG     mapping: best match "artifacts_27.png" (score=0.292)
2026-03-27 10:51:34  DEBUG     mapping: best match "artifacts_27.png" (score=0.281)
2026-03-27 10:51:37  DEBUG     mapping: best match "artifacts_27.png" (score=0.283)
2026-03-27 10:51:41  DEBUG     mapping: best match "artifacts_27.png" (score=0.291)
2026-03-27 10:51:44  DEBUG     mapping: best match "artifacts_27.png" (score=0.289)
2026-03-27 10:51:47  DEBUG     mapping: best match "artifacts_27.png" (score=0.287)
2026-03-27 10:51:51  DEBUG     mapping: best match "artifacts_27.png" (score=0.291)
2026-03-27 10:51:54  DEBUG     mapping: best match "artifacts_27.png" (score=0.299)
2026-03-27 10:51:57  DEBUG     mapping: best match "artifacts_27.png" (score=0.298)
2026-03-27 10:51:57  INFO      gui_mapping: done — index sequence [27, 27, 27, 27, 27, 27, 27, 27, 27, 27, 27, 27, 27, 27, 27, 27, 27, 27, 27, 27, 27, 27, 27, 27, 27, 27, 27, 27, 27, 27, 27, 27, 27, 27, 27, 27, 27, 27, 27, 27] (133.39s)
2026-03-27 10:51:57  INFO        Mapped index sequence : [27, 27, 27, 27, 27, 27, 27, 27, 27, 27, 27, 27, 27, 27, 27, 27, 27, 27, 27, 27, 27, 27, 27, 27, 27, 27, 27, 27, 27, 27, 27, 27, 27, 27, 27, 27, 27, 27, 27, 27]
2026-03-27 10:51:57  INFO        Duration              : 133.39s
2026-03-27 10:51:57  INFO      ==================================================
2026-03-27 10:51:57  INFO      STEP 3: Find Execution Trace
2026-03-27 10:51:57  INFO        UTG file : /Users/tanmaybhuskute/Documents/gifdroid-reproduction/app_SimpleNotes/utg02/input/utg.json
2026-03-27 10:51:57  INFO      find_execution_trace: target sequence [27, 27, 27, 27, 27, 27, 27, 27, 27, 27, 27, 27, 27, 27, 27, 27, 27, 27, 27, 27, 27, 27, 27, 27, 27, 27, 27, 27, 27, 27, 27, 27, 27, 27, 27, 27, 27, 27, 27, 27]
2026-03-27 10:51:57  DEBUG     read_graph: 297 edges, 34 vertices loaded in 0.00s
2026-03-27 10:52:28  DEBUG     find_execution_trace: 1428700 candidate paths found in 31.35s
2026-03-27 10:56:32  INFO      find_execution_trace: 1 trace(s) found (LCS=1, length=5) in 274.80s
2026-03-27 10:56:32  INFO        Candidate traces found : 1
2026-03-27 10:56:32  INFO          Trace 0: [0, 1, 2, 3, 27]
2026-03-27 10:56:32  INFO        Duration : 274.86s
2026-03-27 10:56:32  INFO      ==================================================
2026-03-27 10:56:32  INFO      STEP 4: Store Execution Trace
2026-03-27 10:56:32  INFO      Execution trace written to: /Users/tanmaybhuskute/Documents/gifdroid-reproduction/app_SimpleNotes/utg02/output/execution_hhv_SimpleNotes_homography.json
2026-03-27 10:56:32  INFO        Duration : 0.00s
2026-03-27 10:56:32  INFO      ==================================================
2026-03-27 10:56:32  INFO      Pipeline complete.  Total time: 1007.07s
2026-03-27 10:56:32  INFO      ==================================================
