2026-03-27 10:30:56  INFO      Log file: /Users/tanmaybhuskute/Documents/gifdroid-reproduction/app_SimpleNotes/utg02/gifdroid_20260327_103056_hhv_hysteresis.log
2026-03-27 10:30:56  INFO      GIFdroid started
2026-03-27 10:30:56  INFO        --video            : /Users/tanmaybhuskute/Documents/gifdroid-reproduction/app_SimpleNotes/utg02/input/handheld/hhv_app_SimpleNotes.mp4
2026-03-27 10:30:56  INFO        --utg              : /Users/tanmaybhuskute/Documents/gifdroid-reproduction/app_SimpleNotes/utg02/input/utg.json
2026-03-27 10:30:56  INFO        --artifact         : /Users/tanmaybhuskute/Documents/gifdroid-reproduction/app_SimpleNotes/utg02/input/artifacts
2026-03-27 10:30:56  INFO        --out              : /Users/tanmaybhuskute/Documents/gifdroid-reproduction/app_SimpleNotes/utg02/output/execution_hhv_SimpleNotes_hysteresis.json
2026-03-27 10:30:56  INFO        --log-dir          : None
2026-03-27 10:30:56  INFO        --save-keyframes   : /Users/tanmaybhuskute/Documents/gifdroid-reproduction/app_SimpleNotes/utg02/output/keyframes_hysteresis
2026-03-27 10:30:56  INFO        --keyframe-method  : hysteresis
2026-03-27 10:30:56  INFO      ==================================================
2026-03-27 10:30:56  INFO      STEP 1: Keyframe Location
2026-03-27 10:30:56  INFO        Input video      : /Users/tanmaybhuskute/Documents/gifdroid-reproduction/app_SimpleNotes/utg02/input/handheld/hhv_app_SimpleNotes.mp4
2026-03-27 10:30:56  INFO        Keyframe method  : hysteresis
2026-03-27 10:30:56  INFO      keyframe_location_hysteresis: starting on "/Users/tanmaybhuskute/Documents/gifdroid-reproduction/app_SimpleNotes/utg02/input/handheld/hhv_app_SimpleNotes.mp4" (k=3)
2026-03-27 10:31:06  DEBUG     read_frames_from_video: 1256 frames decoded in 10.22s
2026-03-27 10:32:56  DEBUG     calculate_sim_seq: 1255 similarities computed in 109.70s
2026-03-27 10:32:56  INFO      keyframe_location_hysteresis: done — 39 keyframes at indices [177, 219, 255, 279, 299, 345, 349, 359, 371, 382, 405, 435, 462, 472, 497, 502, 511, 522, 556, 626, 728, 774, 914, 937, 953, 967, 975, 982, 996, 1014, 1034, 1038, 1068, 1081, 1107, 1142, 1235, 1241, 1255] (119.94s)
2026-03-27 10:32:56  INFO        Keyframes found   : 39
2026-03-27 10:32:56  INFO        Keyframe indices  : [177, 219, 255, 279, 299, 345, 349, 359, 371, 382, 405, 435, 462, 472, 497, 502, 511, 522, 556, 626, 728, 774, 914, 937, 953, 967, 975, 982, 996, 1014, 1034, 1038, 1068, 1081, 1107, 1142, 1235, 1241, 1255]
2026-03-27 10:32:56  INFO        Duration          : 120.27s
2026-03-27 10:32:59  INFO        Keyframes saved to: /Users/tanmaybhuskute/Documents/gifdroid-reproduction/app_SimpleNotes/utg02/output/keyframes_hysteresis (39 files)
2026-03-27 10:32:59  INFO      ==================================================
2026-03-27 10:32:59  INFO      STEP 2: GUI Mapping
2026-03-27 10:32:59  INFO        Screenshots dir : /Users/tanmaybhuskute/Documents/gifdroid-reproduction/app_SimpleNotes/utg02/input/artifacts
2026-03-27 10:32:59  INFO      gui_mapping: matching 39 keyframes against screenshots in "/Users/tanmaybhuskute/Documents/gifdroid-reproduction/app_SimpleNotes/utg02/input/artifacts"
2026-03-27 10:33:01  DEBUG     load_screenshots: 34 screenshots loaded in 1.75s from "/Users/tanmaybhuskute/Documents/gifdroid-reproduction/app_SimpleNotes/utg02/input/artifacts"
2026-03-27 10:33:04  DEBUG     mapping: best match "artifacts_27.png" (score=0.324)
2026-03-27 10:33:07  DEBUG     mapping: best match "artifacts_27.png" (score=0.321)
2026-03-27 10:33:11  DEBUG     mapping: best match "artifacts_27.png" (score=0.319)
2026-03-27 10:33:14  DEBUG     mapping: best match "artifacts_27.png" (score=0.322)
2026-03-27 10:33:17  DEBUG     mapping: best match "artifacts_27.png" (score=0.320)
2026-03-27 10:33:20  DEBUG     mapping: best match "artifacts_27.png" (score=0.288)
2026-03-27 10:33:24  DEBUG     mapping: best match "artifacts_27.png" (score=0.287)
2026-03-27 10:33:27  DEBUG     mapping: best match "artifacts_27.png" (score=0.287)
2026-03-27 10:33:30  DEBUG     mapping: best match "artifacts_27.png" (score=0.308)
2026-03-27 10:33:34  DEBUG     mapping: best match "artifacts_27.png" (score=0.302)
2026-03-27 10:33:37  DEBUG     mapping: best match "artifacts_27.png" (score=0.294)
2026-03-27 10:33:40  DEBUG     mapping: best match "artifacts_27.png" (score=0.317)
2026-03-27 10:33:44  DEBUG     mapping: best match "artifacts_27.png" (score=0.308)
2026-03-27 10:33:47  DEBUG     mapping: best match "artifacts_27.png" (score=0.309)
2026-03-27 10:33:50  DEBUG     mapping: best match "artifacts_27.png" (score=0.289)
2026-03-27 10:33:54  DEBUG     mapping: best match "artifacts_27.png" (score=0.284)
2026-03-27 10:33:57  DEBUG     mapping: best match "artifacts_27.png" (score=0.286)
2026-03-27 10:34:00  DEBUG     mapping: best match "artifacts_27.png" (score=0.287)
2026-03-27 10:34:03  DEBUG     mapping: best match "artifacts_27.png" (score=0.291)
2026-03-27 10:34:07  DEBUG     mapping: best match "artifacts_27.png" (score=0.283)
2026-03-27 10:34:10  DEBUG     mapping: best match "artifacts_27.png" (score=0.310)
2026-03-27 10:34:13  DEBUG     mapping: best match "artifacts_27.png" (score=0.282)
2026-03-27 10:34:16  DEBUG     mapping: best match "artifacts_27.png" (score=0.271)
2026-03-27 10:34:20  DEBUG     mapping: best match "artifacts_27.png" (score=0.296)
2026-03-27 10:34:23  DEBUG     mapping: best match "artifacts_27.png" (score=0.285)
2026-03-27 10:34:26  DEBUG     mapping: best match "artifacts_27.png" (score=0.286)
2026-03-27 10:34:30  DEBUG     mapping: best match "artifacts_27.png" (score=0.287)
2026-03-27 10:34:33  DEBUG     mapping: best match "artifacts_27.png" (score=0.286)
2026-03-27 10:34:36  DEBUG     mapping: best match "artifacts_27.png" (score=0.291)
2026-03-27 10:34:39  DEBUG     mapping: best match "artifacts_27.png" (score=0.285)
2026-03-27 10:34:43  DEBUG     mapping: best match "artifacts_27.png" (score=0.287)
2026-03-27 10:34:46  DEBUG     mapping: best match "artifacts_27.png" (score=0.286)
2026-03-27 10:34:49  DEBUG     mapping: best match "artifacts_27.png" (score=0.280)
2026-03-27 10:34:53  DEBUG     mapping: best match "artifacts_27.png" (score=0.285)
2026-03-27 10:34:56  DEBUG     mapping: best match "artifacts_27.png" (score=0.292)
2026-03-27 10:34:59  DEBUG     mapping: best match "artifacts_27.png" (score=0.282)
2026-03-27 10:35:03  DEBUG     mapping: best match "artifacts_27.png" (score=0.297)
2026-03-27 10:35:06  DEBUG     mapping: best match "artifacts_27.png" (score=0.300)
2026-03-27 10:35:09  DEBUG     mapping: best match "artifacts_27.png" (score=0.298)
2026-03-27 10:35:09  INFO      gui_mapping: done — index sequence [27, 27, 27, 27, 27, 27, 27, 27, 27, 27, 27, 27, 27, 27, 27, 27, 27, 27, 27, 27, 27, 27, 27, 27, 27, 27, 27, 27, 27, 27, 27, 27, 27, 27, 27, 27, 27, 27, 27] (130.37s)
2026-03-27 10:35:09  INFO        Mapped index sequence : [27, 27, 27, 27, 27, 27, 27, 27, 27, 27, 27, 27, 27, 27, 27, 27, 27, 27, 27, 27, 27, 27, 27, 27, 27, 27, 27, 27, 27, 27, 27, 27, 27, 27, 27, 27, 27, 27, 27]
2026-03-27 10:35:09  INFO        Duration              : 130.38s
2026-03-27 10:35:09  INFO      ==================================================
2026-03-27 10:35:09  INFO      STEP 3: Find Execution Trace
2026-03-27 10:35:09  INFO        UTG file : /Users/tanmaybhuskute/Documents/gifdroid-reproduction/app_SimpleNotes/utg02/input/utg.json
2026-03-27 10:35:09  INFO      find_execution_trace: target sequence [27, 27, 27, 27, 27, 27, 27, 27, 27, 27, 27, 27, 27, 27, 27, 27, 27, 27, 27, 27, 27, 27, 27, 27, 27, 27, 27, 27, 27, 27, 27, 27, 27, 27, 27, 27, 27, 27, 27]
2026-03-27 10:35:09  DEBUG     read_graph: 297 edges, 34 vertices loaded in 0.00s
2026-03-27 10:35:40  DEBUG     find_execution_trace: 1428700 candidate paths found in 30.31s
2026-03-27 10:39:44  INFO      find_execution_trace: 1 trace(s) found (LCS=1, length=5) in 274.44s
2026-03-27 10:39:44  INFO        Candidate traces found : 1
2026-03-27 10:39:44  INFO          Trace 0: [0, 1, 2, 3, 27]
2026-03-27 10:39:44  INFO        Duration : 274.49s
2026-03-27 10:39:44  INFO      ==================================================
2026-03-27 10:39:44  INFO      STEP 4: Store Execution Trace
2026-03-27 10:39:44  INFO      Execution trace written to: /Users/tanmaybhuskute/Documents/gifdroid-reproduction/app_SimpleNotes/utg02/output/execution_hhv_SimpleNotes_hysteresis.json
2026-03-27 10:39:44  INFO        Duration : 0.00s
2026-03-27 10:39:44  INFO      ==================================================
2026-03-27 10:39:44  INFO      Pipeline complete.  Total time: 527.95s
2026-03-27 10:39:44  INFO      ==================================================
