2026-03-23 13:16:25  INFO      Log file: /Users/tanmaybhuskute/Documents/gifdroid-reproduction/app_SimpleNotes/utg02/gifdroid_20260323_131625_hhv.log
2026-03-23 13:16:25  INFO      GIFdroid started
2026-03-23 13:16:25  INFO        --video          : app_SimpleNotes/utg02/input/handheld/hhv_app_SimpleNotes.mp4
2026-03-23 13:16:25  INFO        --utg            : app_SimpleNotes/utg02/input/utg.json
2026-03-23 13:16:25  INFO        --artifact       : app_SimpleNotes/utg02/input/artifacts
2026-03-23 13:16:25  INFO        --out            : app_SimpleNotes/utg02/output/execution_hhv_SimpleNotes.json
2026-03-23 13:16:25  INFO        --log-dir        : None
2026-03-23 13:16:25  INFO        --save-keyframes : /Users/tanmaybhuskute/Documents/gifdroid-reproduction/app_SimpleNotes/utg02/output/keyframes
2026-03-23 13:16:25  INFO      ==================================================
2026-03-23 13:16:25  INFO      STEP 1: Keyframe Location
2026-03-23 13:16:25  INFO        Input video : app_SimpleNotes/utg02/input/handheld/hhv_app_SimpleNotes.mp4
2026-03-23 13:16:25  INFO      keyframe_location: starting on video "app_SimpleNotes/utg02/input/handheld/hhv_app_SimpleNotes.mp4"
2026-03-23 13:16:34  DEBUG     read_frames_from_video: 1256 frames decoded in 8.96s
2026-03-23 13:18:26  DEBUG     calculate_sim_seq: 1255 similarities computed in 112.08s
2026-03-23 13:18:26  DEBUG     detect_keyframes: 35 keyframes detected from 1255 frames in 0.00s
2026-03-23 13:18:26  INFO      keyframe_location: done — 35 keyframes at indices [178, 220, 256, 280, 300, 346, 360, 406, 436, 463, 473, 498, 503, 512, 523, 557, 627, 729, 775, 915, 938, 954, 968, 976, 983, 997, 1015, 1035, 1069, 1082, 1108, 1143, 1236, 1242, 1255] (121.08s total)
2026-03-23 13:18:26  INFO        Keyframes found   : 35
2026-03-23 13:18:26  INFO        Keyframe indices  : [178, 220, 256, 280, 300, 346, 360, 406, 436, 463, 473, 498, 503, 512, 523, 557, 627, 729, 775, 915, 938, 954, 968, 976, 983, 997, 1015, 1035, 1069, 1082, 1108, 1143, 1236, 1242, 1255]
2026-03-23 13:18:26  INFO        Duration          : 121.44s
2026-03-23 13:18:29  INFO        Keyframes saved to: /Users/tanmaybhuskute/Documents/gifdroid-reproduction/app_SimpleNotes/utg02/output/keyframes (35 files)
2026-03-23 13:18:29  INFO      ==================================================
2026-03-23 13:18:29  INFO      STEP 2: GUI Mapping
2026-03-23 13:18:29  INFO        Screenshots dir : app_SimpleNotes/utg02/input/artifacts
2026-03-23 13:18:29  INFO      gui_mapping: matching 35 keyframes against screenshots in "app_SimpleNotes/utg02/input/artifacts"
2026-03-23 13:18:31  DEBUG     load_screenshots: 34 screenshots loaded in 1.73s from "app_SimpleNotes/utg02/input/artifacts"
2026-03-23 13:18:34  DEBUG     mapping: best match "artifacts_27.png" (score=0.324)
2026-03-23 13:18:38  DEBUG     mapping: best match "artifacts_27.png" (score=0.321)
2026-03-23 13:18:41  DEBUG     mapping: best match "artifacts_27.png" (score=0.319)
2026-03-23 13:18:44  DEBUG     mapping: best match "artifacts_27.png" (score=0.322)
2026-03-23 13:18:48  DEBUG     mapping: best match "artifacts_27.png" (score=0.320)
2026-03-23 13:18:51  DEBUG     mapping: best match "artifacts_27.png" (score=0.287)
2026-03-23 13:18:54  DEBUG     mapping: best match "artifacts_27.png" (score=0.287)
2026-03-23 13:18:58  DEBUG     mapping: best match "artifacts_27.png" (score=0.295)
2026-03-23 13:19:01  DEBUG     mapping: best match "artifacts_27.png" (score=0.315)
2026-03-23 13:19:04  DEBUG     mapping: best match "artifacts_27.png" (score=0.309)
2026-03-23 13:19:08  DEBUG     mapping: best match "artifacts_27.png" (score=0.309)
2026-03-23 13:19:11  DEBUG     mapping: best match "artifacts_27.png" (score=0.289)
2026-03-23 13:19:15  DEBUG     mapping: best match "artifacts_27.png" (score=0.286)
2026-03-23 13:19:18  DEBUG     mapping: best match "artifacts_27.png" (score=0.285)
2026-03-23 13:19:21  DEBUG     mapping: best match "artifacts_27.png" (score=0.287)
2026-03-23 13:19:24  DEBUG     mapping: best match "artifacts_27.png" (score=0.295)
2026-03-23 13:19:28  DEBUG     mapping: best match "artifacts_27.png" (score=0.283)
2026-03-23 13:19:31  DEBUG     mapping: best match "artifacts_27.png" (score=0.310)
2026-03-23 13:19:34  DEBUG     mapping: best match "artifacts_27.png" (score=0.282)
2026-03-23 13:19:38  DEBUG     mapping: best match "artifacts_27.png" (score=0.271)
2026-03-23 13:19:41  DEBUG     mapping: best match "artifacts_27.png" (score=0.296)
2026-03-23 13:19:45  DEBUG     mapping: best match "artifacts_27.png" (score=0.285)
2026-03-23 13:19:48  DEBUG     mapping: best match "artifacts_27.png" (score=0.287)
2026-03-23 13:19:52  DEBUG     mapping: best match "artifacts_27.png" (score=0.286)
2026-03-23 13:19:55  DEBUG     mapping: best match "artifacts_27.png" (score=0.286)
2026-03-23 13:19:59  DEBUG     mapping: best match "artifacts_27.png" (score=0.291)
2026-03-23 13:20:02  DEBUG     mapping: best match "artifacts_27.png" (score=0.286)
2026-03-23 13:20:06  DEBUG     mapping: best match "artifacts_27.png" (score=0.285)
2026-03-23 13:20:09  DEBUG     mapping: best match "artifacts_27.png" (score=0.282)
2026-03-23 13:20:12  DEBUG     mapping: best match "artifacts_27.png" (score=0.285)
2026-03-23 13:20:16  DEBUG     mapping: best match "artifacts_27.png" (score=0.292)
2026-03-23 13:20:19  DEBUG     mapping: best match "artifacts_27.png" (score=0.283)
2026-03-23 13:20:23  DEBUG     mapping: best match "artifacts_27.png" (score=0.298)
2026-03-23 13:20:26  DEBUG     mapping: best match "artifacts_27.png" (score=0.300)
2026-03-23 13:20:30  DEBUG     mapping: best match "artifacts_27.png" (score=0.298)
2026-03-23 13:20:30  INFO      gui_mapping: done — index sequence [27, 27, 27, 27, 27, 27, 27, 27, 27, 27, 27, 27, 27, 27, 27, 27, 27, 27, 27, 27, 27, 27, 27, 27, 27, 27, 27, 27, 27, 27, 27, 27, 27, 27, 27] (120.56s)
2026-03-23 13:20:30  INFO        Mapped index sequence : [27, 27, 27, 27, 27, 27, 27, 27, 27, 27, 27, 27, 27, 27, 27, 27, 27, 27, 27, 27, 27, 27, 27, 27, 27, 27, 27, 27, 27, 27, 27, 27, 27, 27, 27]
2026-03-23 13:20:30  INFO        Duration              : 120.56s
2026-03-23 13:20:30  INFO      ==================================================
2026-03-23 13:20:30  INFO      STEP 3: Find Execution Trace
2026-03-23 13:20:30  INFO        UTG file : app_SimpleNotes/utg02/input/utg.json
2026-03-23 13:20:30  INFO      find_execution_trace: target sequence [27, 27, 27, 27, 27, 27, 27, 27, 27, 27, 27, 27, 27, 27, 27, 27, 27, 27, 27, 27, 27, 27, 27, 27, 27, 27, 27, 27, 27, 27, 27, 27, 27, 27, 27]
2026-03-23 13:20:30  DEBUG     read_graph: 297 edges, 34 vertices loaded in 0.00s
2026-03-23 13:21:01  DEBUG     find_execution_trace: 1428700 candidate paths found in 31.00s
2026-03-23 13:24:36  INFO      find_execution_trace: 1 trace(s) found (LCS=1, length=5) in 246.53s
2026-03-23 13:24:36  INFO        Candidate traces found : 1
2026-03-23 13:24:36  INFO          Trace 0: [0, 1, 2, 3, 27]
2026-03-23 13:24:36  INFO        Duration : 246.58s
2026-03-23 13:24:36  INFO      ==================================================
2026-03-23 13:24:36  INFO      STEP 4: Store Execution Trace
2026-03-23 13:24:36  INFO      Execution trace written to: app_SimpleNotes/utg02/output/execution_hhv_SimpleNotes.json
2026-03-23 13:24:36  INFO        Duration : 0.00s
2026-03-23 13:24:36  INFO      ==================================================
2026-03-23 13:24:36  INFO      Pipeline complete.  Total time: 491.15s
2026-03-23 13:24:36  INFO      ==================================================
