2026-03-27 06:18:23  INFO      Log file: /Users/tanmaybhuskute/Documents/gifdroid-reproduction/app_Jigsaw/utg02/gifdroid_20260327_061823_hhv_homography.log
2026-03-27 06:18:23  INFO      GIFdroid started
2026-03-27 06:18:23  INFO        --video            : /Users/tanmaybhuskute/Documents/gifdroid-reproduction/app_Jigsaw/utg02/input/handheld/hhv_app_Jigsaw.mp4
2026-03-27 06:18:23  INFO        --utg              : /Users/tanmaybhuskute/Documents/gifdroid-reproduction/app_Jigsaw/utg02/input/utg.json
2026-03-27 06:18:23  INFO        --artifact         : /Users/tanmaybhuskute/Documents/gifdroid-reproduction/app_Jigsaw/utg02/input/artifacts
2026-03-27 06:18:23  INFO        --out              : /Users/tanmaybhuskute/Documents/gifdroid-reproduction/app_Jigsaw/utg02/output/execution_hhv_Jigsaw_homography.json
2026-03-27 06:18:23  INFO        --log-dir          : None
2026-03-27 06:18:23  INFO        --save-keyframes   : /Users/tanmaybhuskute/Documents/gifdroid-reproduction/app_Jigsaw/utg02/output/keyframes_homography
2026-03-27 06:18:23  INFO        --keyframe-method  : homography
2026-03-27 06:18:23  INFO      ==================================================
2026-03-27 06:18:23  INFO      STEP 1: Keyframe Location
2026-03-27 06:18:23  INFO        Input video      : /Users/tanmaybhuskute/Documents/gifdroid-reproduction/app_Jigsaw/utg02/input/handheld/hhv_app_Jigsaw.mp4
2026-03-27 06:18:23  INFO        Keyframe method  : homography
2026-03-27 06:18:23  INFO      keyframe_location_homography: starting on "/Users/tanmaybhuskute/Documents/gifdroid-reproduction/app_Jigsaw/utg02/input/handheld/hhv_app_Jigsaw.mp4"
2026-03-27 06:18:28  DEBUG     read_frames_from_video: 563 frames decoded in 5.22s
2026-03-27 06:23:24  DEBUG     detect_keyframes: 4 keyframes detected from 562 frames in 0.00s
2026-03-27 06:23:24  INFO      keyframe_location_homography: done — 4 keyframes at indices [114, 147, 448, 562] (301.83s)
2026-03-27 06:23:25  INFO        Keyframes found   : 4
2026-03-27 06:23:25  INFO        Keyframe indices  : [114, 147, 448, 562]
2026-03-27 06:23:25  INFO        Duration          : 301.93s
2026-03-27 06:23:25  INFO        Keyframes saved to: /Users/tanmaybhuskute/Documents/gifdroid-reproduction/app_Jigsaw/utg02/output/keyframes_homography (4 files)
2026-03-27 06:23:25  INFO      ==================================================
2026-03-27 06:23:25  INFO      STEP 2: GUI Mapping
2026-03-27 06:23:25  INFO        Screenshots dir : /Users/tanmaybhuskute/Documents/gifdroid-reproduction/app_Jigsaw/utg02/input/artifacts
2026-03-27 06:23:25  INFO      gui_mapping: matching 4 keyframes against screenshots in "/Users/tanmaybhuskute/Documents/gifdroid-reproduction/app_Jigsaw/utg02/input/artifacts"
2026-03-27 06:23:25  DEBUG     load_screenshots: 2 screenshots loaded in 0.23s from "/Users/tanmaybhuskute/Documents/gifdroid-reproduction/app_Jigsaw/utg02/input/artifacts"
2026-03-27 06:23:25  DEBUG     mapping: best match "artifacts_2.png" (score=0.209)
2026-03-27 06:23:26  DEBUG     mapping: best match "artifacts_2.png" (score=0.249)
2026-03-27 06:23:26  DEBUG     mapping: best match "artifacts_2.png" (score=0.220)
2026-03-27 06:23:26  DEBUG     mapping: best match "artifacts_2.png" (score=0.225)
2026-03-27 06:23:26  INFO      gui_mapping: done — index sequence [2, 2, 2, 2] (1.16s)
2026-03-27 06:23:26  INFO        Mapped index sequence : [2, 2, 2, 2]
2026-03-27 06:23:26  INFO        Duration              : 1.16s
2026-03-27 06:23:26  INFO      ==================================================
2026-03-27 06:23:26  INFO      STEP 3: Find Execution Trace
2026-03-27 06:23:26  INFO        UTG file : /Users/tanmaybhuskute/Documents/gifdroid-reproduction/app_Jigsaw/utg02/input/utg.json
2026-03-27 06:23:26  INFO      find_execution_trace: target sequence [2, 2, 2, 2]
2026-03-27 06:23:26  DEBUG     read_graph: 2 edges, 2 vertices loaded in 0.00s
2026-03-27 06:23:26  DEBUG     find_execution_trace: 0 candidate paths found in 0.00s
2026-03-27 06:23:26  WARNING   find_execution_trace: no paths found from node 0 to screen 2 in the UTG (sequence=[2, 2, 2, 2]). Returning empty trace. (0.00s)
2026-03-27 06:23:26  INFO        Candidate traces found : 0
2026-03-27 06:23:26  INFO        Duration : 0.00s
2026-03-27 06:23:26  INFO      ==================================================
2026-03-27 06:23:26  INFO      STEP 4: Store Execution Trace
2026-03-27 06:23:26  INFO      Execution trace written to: /Users/tanmaybhuskute/Documents/gifdroid-reproduction/app_Jigsaw/utg02/output/execution_hhv_Jigsaw_homography.json
2026-03-27 06:23:26  INFO        Duration : 0.00s
2026-03-27 06:23:26  INFO      ==================================================
2026-03-27 06:23:26  INFO      Pipeline complete.  Total time: 303.46s
2026-03-27 06:23:26  INFO      ==================================================
