2026-03-20 02:17:45  INFO      Log file: /Users/tanmaybhuskute/Documents/gifdroid-reproduction/app_Jigsaw/utg02/gifdroid_20260320_021745_hhv.log
2026-03-20 02:17:45  INFO      GIFdroid started
2026-03-20 02:17:45  INFO        --video    : /Users/tanmaybhuskute/Documents/gifdroid-reproduction/app_Jigsaw/utg02/input/handheld/hhv_app_Jigsaw.mp4
2026-03-20 02:17:45  INFO        --utg      : /Users/tanmaybhuskute/Documents/gifdroid-reproduction/app_Jigsaw/utg02/input/utg.json
2026-03-20 02:17:45  INFO        --artifact : /Users/tanmaybhuskute/Documents/gifdroid-reproduction/app_Jigsaw/utg02/input/artifacts
2026-03-20 02:17:45  INFO        --out      : /Users/tanmaybhuskute/Documents/gifdroid-reproduction/app_Jigsaw/utg02/output/execution_hhv_Jigsaw.json
2026-03-20 02:17:45  INFO        --log-dir  : None
2026-03-20 02:17:45  INFO      ==================================================
2026-03-20 02:17:45  INFO      STEP 1: Keyframe Location
2026-03-20 02:17:45  INFO        Input video : /Users/tanmaybhuskute/Documents/gifdroid-reproduction/app_Jigsaw/utg02/input/handheld/hhv_app_Jigsaw.mp4
2026-03-20 02:17:45  INFO      keyframe_location: starting on video "/Users/tanmaybhuskute/Documents/gifdroid-reproduction/app_Jigsaw/utg02/input/handheld/hhv_app_Jigsaw.mp4"
2026-03-20 02:17:52  DEBUG     read_frames_from_video: 563 frames decoded in 6.58s
2026-03-20 02:18:58  DEBUG     calculate_sim_seq: 562 similarities computed in 66.02s
2026-03-20 02:18:58  DEBUG     detect_keyframes: 16 keyframes detected from 562 frames in 0.01s
2026-03-20 02:18:58  INFO      keyframe_location: done — 16 keyframes at indices [114, 229, 236, 267, 329, 350, 384, 403, 410, 448, 470, 492, 536, 545, 552, 562] (72.67s total)
2026-03-20 02:18:58  INFO        Keyframes found   : 16
2026-03-20 02:18:58  INFO        Keyframe indices  : [114, 229, 236, 267, 329, 350, 384, 403, 410, 448, 470, 492, 536, 545, 552, 562]
2026-03-20 02:18:58  INFO        Duration          : 72.88s
2026-03-20 02:18:58  INFO      ==================================================
2026-03-20 02:18:58  INFO      STEP 2: GUI Mapping
2026-03-20 02:18:58  INFO        Screenshots dir : /Users/tanmaybhuskute/Documents/gifdroid-reproduction/app_Jigsaw/utg02/input/artifacts
2026-03-20 02:18:58  INFO      gui_mapping: matching 16 keyframes against screenshots in "/Users/tanmaybhuskute/Documents/gifdroid-reproduction/app_Jigsaw/utg02/input/artifacts"
2026-03-20 02:18:59  DEBUG     load_screenshots: 2 screenshots loaded in 0.66s from "/Users/tanmaybhuskute/Documents/gifdroid-reproduction/app_Jigsaw/utg02/input/artifacts"
2026-03-20 02:18:59  DEBUG     mapping: best match "artifacts_2.png" (score=0.209)
2026-03-20 02:18:59  DEBUG     mapping: best match "artifacts_2.png" (score=0.220)
2026-03-20 02:19:00  DEBUG     mapping: best match "artifacts_2.png" (score=0.220)
2026-03-20 02:19:00  DEBUG     mapping: best match "artifacts_2.png" (score=0.221)
2026-03-20 02:19:00  DEBUG     mapping: best match "artifacts_2.png" (score=0.220)
2026-03-20 02:19:01  DEBUG     mapping: best match "artifacts_2.png" (score=0.217)
2026-03-20 02:19:01  DEBUG     mapping: best match "artifacts_2.png" (score=0.221)
2026-03-20 02:19:01  DEBUG     mapping: best match "artifacts_2.png" (score=0.220)
2026-03-20 02:19:02  DEBUG     mapping: best match "artifacts_2.png" (score=0.220)
2026-03-20 02:19:02  DEBUG     mapping: best match "artifacts_2.png" (score=0.220)
2026-03-20 02:19:02  DEBUG     mapping: best match "artifacts_2.png" (score=0.220)
2026-03-20 02:19:02  DEBUG     mapping: best match "artifacts_2.png" (score=0.219)
2026-03-20 02:19:03  DEBUG     mapping: best match "artifacts_2.png" (score=0.219)
2026-03-20 02:19:03  DEBUG     mapping: best match "artifacts_2.png" (score=0.222)
2026-03-20 02:19:03  DEBUG     mapping: best match "artifacts_2.png" (score=0.225)
2026-03-20 02:19:04  DEBUG     mapping: best match "artifacts_2.png" (score=0.225)
2026-03-20 02:19:04  INFO      gui_mapping: done — index sequence [2, 2, 2, 2, 2, 2, 2, 2, 2, 2, 2, 2, 2, 2, 2, 2] (5.52s)
2026-03-20 02:19:04  INFO        Mapped index sequence : [2, 2, 2, 2, 2, 2, 2, 2, 2, 2, 2, 2, 2, 2, 2, 2]
2026-03-20 02:19:04  INFO        Duration              : 5.53s
2026-03-20 02:19:04  INFO      ==================================================
2026-03-20 02:19:04  INFO      STEP 3: Find Execution Trace
2026-03-20 02:19:04  INFO        UTG file : /Users/tanmaybhuskute/Documents/gifdroid-reproduction/app_Jigsaw/utg02/input/utg.json
2026-03-20 02:19:04  INFO      find_execution_trace: target sequence [2, 2, 2, 2, 2, 2, 2, 2, 2, 2, 2, 2, 2, 2, 2, 2]
2026-03-20 02:19:04  DEBUG     read_graph: 2 edges, 2 vertices loaded in 0.00s
2026-03-20 02:19:04  DEBUG     find_execution_trace: 0 candidate paths found in 0.00s
2026-03-20 02:19:04  WARNING   find_execution_trace: no paths found from node 0 to screen 2 in the UTG (sequence=[2, 2, 2, 2, 2, 2, 2, 2, 2, 2, 2, 2, 2, 2, 2, 2]). Returning empty trace. (0.00s)
2026-03-20 02:19:04  INFO        Candidate traces found : 0
2026-03-20 02:19:04  INFO        Duration : 0.00s
2026-03-20 02:19:04  INFO      ==================================================
2026-03-20 02:19:04  INFO      STEP 4: Store Execution Trace
2026-03-20 02:19:04  INFO      Execution trace written to: /Users/tanmaybhuskute/Documents/gifdroid-reproduction/app_Jigsaw/utg02/output/execution_hhv_Jigsaw.json
2026-03-20 02:19:04  INFO        Duration : 0.00s
2026-03-20 02:19:04  INFO      ==================================================
2026-03-20 02:19:04  INFO      Pipeline complete.  Total time: 78.41s
2026-03-20 02:19:04  INFO      ==================================================
