2026-03-27 06:02:49  INFO      Log file: /Users/tanmaybhuskute/Documents/gifdroid-reproduction/app_Jigsaw/utg01/gifdroid_20260327_060249_hhv_baseline.log
2026-03-27 06:02:49  INFO      GIFdroid started
2026-03-27 06:02:49  INFO        --video            : /Users/tanmaybhuskute/Documents/gifdroid-reproduction/app_Jigsaw/utg01/input/handheld/hhv_app_Jigsaw.mp4
2026-03-27 06:02:49  INFO        --utg              : /Users/tanmaybhuskute/Documents/gifdroid-reproduction/app_Jigsaw/utg01/input/utg.json
2026-03-27 06:02:49  INFO        --artifact         : /Users/tanmaybhuskute/Documents/gifdroid-reproduction/app_Jigsaw/utg01/input/artifacts
2026-03-27 06:02:49  INFO        --out              : /Users/tanmaybhuskute/Documents/gifdroid-reproduction/app_Jigsaw/utg01/output/execution_hhv_Jigsaw_baseline.json
2026-03-27 06:02:49  INFO        --log-dir          : None
2026-03-27 06:02:49  INFO        --save-keyframes   : /Users/tanmaybhuskute/Documents/gifdroid-reproduction/app_Jigsaw/utg01/output/keyframes_baseline
2026-03-27 06:02:49  INFO        --keyframe-method  : baseline
2026-03-27 06:02:49  INFO      ==================================================
2026-03-27 06:02:49  INFO      STEP 1: Keyframe Location
2026-03-27 06:02:49  INFO        Input video      : /Users/tanmaybhuskute/Documents/gifdroid-reproduction/app_Jigsaw/utg01/input/handheld/hhv_app_Jigsaw.mp4
2026-03-27 06:02:49  INFO        Keyframe method  : baseline
2026-03-27 06:02:49  INFO      keyframe_location: starting on video "/Users/tanmaybhuskute/Documents/gifdroid-reproduction/app_Jigsaw/utg01/input/handheld/hhv_app_Jigsaw.mp4"
2026-03-27 06:02:54  DEBUG     read_frames_from_video: 563 frames decoded in 4.53s
2026-03-27 06:03:46  DEBUG     calculate_sim_seq: 562 similarities computed in 52.17s
2026-03-27 06:03:46  DEBUG     detect_keyframes: 16 keyframes detected from 562 frames in 0.00s
2026-03-27 06:03:46  INFO      keyframe_location: done — 16 keyframes at indices [114, 229, 236, 267, 329, 350, 384, 403, 410, 448, 470, 492, 536, 545, 552, 562] (56.76s total)
2026-03-27 06:03:46  INFO        Keyframes found   : 16
2026-03-27 06:03:46  INFO        Keyframe indices  : [114, 229, 236, 267, 329, 350, 384, 403, 410, 448, 470, 492, 536, 545, 552, 562]
2026-03-27 06:03:46  INFO        Duration          : 56.91s
2026-03-27 06:03:48  INFO        Keyframes saved to: /Users/tanmaybhuskute/Documents/gifdroid-reproduction/app_Jigsaw/utg01/output/keyframes_baseline (16 files)
2026-03-27 06:03:48  INFO      ==================================================
2026-03-27 06:03:48  INFO      STEP 2: GUI Mapping
2026-03-27 06:03:48  INFO        Screenshots dir : /Users/tanmaybhuskute/Documents/gifdroid-reproduction/app_Jigsaw/utg01/input/artifacts
2026-03-27 06:03:48  INFO      gui_mapping: matching 16 keyframes against screenshots in "/Users/tanmaybhuskute/Documents/gifdroid-reproduction/app_Jigsaw/utg01/input/artifacts"
2026-03-27 06:03:48  DEBUG     load_screenshots: 1 screenshots loaded in 0.19s from "/Users/tanmaybhuskute/Documents/gifdroid-reproduction/app_Jigsaw/utg01/input/artifacts"
2026-03-27 06:03:48  DEBUG     mapping: best match "artifacts_1.png" (score=0.264)
2026-03-27 06:03:48  DEBUG     mapping: best match "artifacts_1.png" (score=0.260)
2026-03-27 06:03:49  DEBUG     mapping: best match "artifacts_1.png" (score=0.258)
2026-03-27 06:03:49  DEBUG     mapping: best match "artifacts_1.png" (score=0.261)
2026-03-27 06:03:49  DEBUG     mapping: best match "artifacts_1.png" (score=0.260)
2026-03-27 06:03:49  DEBUG     mapping: best match "artifacts_1.png" (score=0.257)
2026-03-27 06:03:49  DEBUG     mapping: best match "artifacts_1.png" (score=0.262)
2026-03-27 06:03:49  DEBUG     mapping: best match "artifacts_1.png" (score=0.259)
2026-03-27 06:03:49  DEBUG     mapping: best match "artifacts_1.png" (score=0.259)
2026-03-27 06:03:50  DEBUG     mapping: best match "artifacts_1.png" (score=0.258)
2026-03-27 06:03:50  DEBUG     mapping: best match "artifacts_1.png" (score=0.272)
2026-03-27 06:03:50  DEBUG     mapping: best match "artifacts_1.png" (score=0.270)
2026-03-27 06:03:50  DEBUG     mapping: best match "artifacts_1.png" (score=0.275)
2026-03-27 06:03:50  DEBUG     mapping: best match "artifacts_1.png" (score=0.276)
2026-03-27 06:03:50  DEBUG     mapping: best match "artifacts_1.png" (score=0.277)
2026-03-27 06:03:50  DEBUG     mapping: best match "artifacts_1.png" (score=0.277)
2026-03-27 06:03:50  INFO      gui_mapping: done — index sequence [1, 1, 1, 1, 1, 1, 1, 1, 1, 1, 1, 1, 1, 1, 1, 1] (2.49s)
2026-03-27 06:03:50  INFO        Mapped index sequence : [1, 1, 1, 1, 1, 1, 1, 1, 1, 1, 1, 1, 1, 1, 1, 1]
2026-03-27 06:03:50  INFO        Duration              : 2.49s
2026-03-27 06:03:50  INFO      ==================================================
2026-03-27 06:03:50  INFO      STEP 3: Find Execution Trace
2026-03-27 06:03:50  INFO        UTG file : /Users/tanmaybhuskute/Documents/gifdroid-reproduction/app_Jigsaw/utg01/input/utg.json
2026-03-27 06:03:50  INFO      find_execution_trace: target sequence [1, 1, 1, 1, 1, 1, 1, 1, 1, 1, 1, 1, 1, 1, 1, 1]
2026-03-27 06:03:50  DEBUG     read_graph: 3 edges, 2 vertices loaded in 0.00s
2026-03-27 06:03:50  DEBUG     find_execution_trace: 1 candidate paths found in 0.00s
2026-03-27 06:03:50  INFO      find_execution_trace: 1 trace(s) found (LCS=1, length=2) in 0.00s
2026-03-27 06:03:50  INFO        Candidate traces found : 1
2026-03-27 06:03:50  INFO          Trace 0: [0, 1]
2026-03-27 06:03:50  INFO        Duration : 0.00s
2026-03-27 06:03:50  INFO      ==================================================
2026-03-27 06:03:50  INFO      STEP 4: Store Execution Trace
2026-03-27 06:03:50  INFO      Execution trace written to: /Users/tanmaybhuskute/Documents/gifdroid-reproduction/app_Jigsaw/utg01/output/execution_hhv_Jigsaw_baseline.json
2026-03-27 06:03:50  INFO        Duration : 0.00s
2026-03-27 06:03:50  INFO      ==================================================
2026-03-27 06:03:50  INFO      Pipeline complete.  Total time: 60.96s
2026-03-27 06:03:50  INFO      ==================================================
