2026-03-20 00:49:11  INFO      Log file: /Users/tanmaybhuskute/Documents/gifdroid-reproduction/app_Jigsaw/utg01/gifdroid_20260320_004911_hhv.log
2026-03-20 00:49:11  INFO      GIFdroid started
2026-03-20 00:49:11  INFO        --video    : /Users/tanmaybhuskute/Documents/gifdroid-reproduction/app_Jigsaw/utg01/input/handheld/hhv_app_Jigsaw.mp4
2026-03-20 00:49:11  INFO        --utg      : /Users/tanmaybhuskute/Documents/gifdroid-reproduction/app_Jigsaw/utg01/input/utg.json
2026-03-20 00:49:11  INFO        --artifact : /Users/tanmaybhuskute/Documents/gifdroid-reproduction/app_Jigsaw/utg01/input/artifacts
2026-03-20 00:49:11  INFO        --out      : /Users/tanmaybhuskute/Documents/gifdroid-reproduction/app_Jigsaw/utg01/output/execution_hhv_Jigsaw.json
2026-03-20 00:49:11  INFO        --log-dir  : None
2026-03-20 00:49:11  INFO      ==================================================
2026-03-20 00:49:11  INFO      STEP 1: Keyframe Location
2026-03-20 00:49:11  INFO        Input video : /Users/tanmaybhuskute/Documents/gifdroid-reproduction/app_Jigsaw/utg01/input/handheld/hhv_app_Jigsaw.mp4
2026-03-20 00:49:11  INFO      keyframe_location: starting on video "/Users/tanmaybhuskute/Documents/gifdroid-reproduction/app_Jigsaw/utg01/input/handheld/hhv_app_Jigsaw.mp4"
2026-03-20 00:49:16  DEBUG     read_frames_from_video: 563 frames decoded in 4.17s
2026-03-20 00:50:06  DEBUG     calculate_sim_seq: 562 similarities computed in 50.12s
2026-03-20 00:50:06  DEBUG     detect_keyframes: 16 keyframes detected from 562 frames in 0.00s
2026-03-20 00:50:06  INFO      keyframe_location: done — 16 keyframes at indices [114, 229, 236, 267, 329, 350, 384, 403, 410, 448, 470, 492, 536, 545, 552, 562] (54.31s total)
2026-03-20 00:50:06  INFO        Keyframes found   : 16
2026-03-20 00:50:06  INFO        Keyframe indices  : [114, 229, 236, 267, 329, 350, 384, 403, 410, 448, 470, 492, 536, 545, 552, 562]
2026-03-20 00:50:06  INFO        Duration          : 54.40s
2026-03-20 00:50:06  INFO      ==================================================
2026-03-20 00:50:06  INFO      STEP 2: GUI Mapping
2026-03-20 00:50:06  INFO        Screenshots dir : /Users/tanmaybhuskute/Documents/gifdroid-reproduction/app_Jigsaw/utg01/input/artifacts
2026-03-20 00:50:06  INFO      gui_mapping: matching 16 keyframes against screenshots in "/Users/tanmaybhuskute/Documents/gifdroid-reproduction/app_Jigsaw/utg01/input/artifacts"
2026-03-20 00:50:06  DEBUG     load_screenshots: 1 screenshots loaded in 0.17s from "/Users/tanmaybhuskute/Documents/gifdroid-reproduction/app_Jigsaw/utg01/input/artifacts"
2026-03-20 00:50:06  DEBUG     mapping: best match "artifacts_1.png" (score=0.264)
2026-03-20 00:50:06  DEBUG     mapping: best match "artifacts_1.png" (score=0.260)
2026-03-20 00:50:07  DEBUG     mapping: best match "artifacts_1.png" (score=0.258)
2026-03-20 00:50:07  DEBUG     mapping: best match "artifacts_1.png" (score=0.261)
2026-03-20 00:50:07  DEBUG     mapping: best match "artifacts_1.png" (score=0.260)
2026-03-20 00:50:07  DEBUG     mapping: best match "artifacts_1.png" (score=0.257)
2026-03-20 00:50:07  DEBUG     mapping: best match "artifacts_1.png" (score=0.262)
2026-03-20 00:50:07  DEBUG     mapping: best match "artifacts_1.png" (score=0.259)
2026-03-20 00:50:07  DEBUG     mapping: best match "artifacts_1.png" (score=0.259)
2026-03-20 00:50:07  DEBUG     mapping: best match "artifacts_1.png" (score=0.258)
2026-03-20 00:50:08  DEBUG     mapping: best match "artifacts_1.png" (score=0.272)
2026-03-20 00:50:08  DEBUG     mapping: best match "artifacts_1.png" (score=0.270)
2026-03-20 00:50:08  DEBUG     mapping: best match "artifacts_1.png" (score=0.275)
2026-03-20 00:50:08  DEBUG     mapping: best match "artifacts_1.png" (score=0.276)
2026-03-20 00:50:08  DEBUG     mapping: best match "artifacts_1.png" (score=0.277)
2026-03-20 00:50:08  DEBUG     mapping: best match "artifacts_1.png" (score=0.277)
2026-03-20 00:50:08  INFO      gui_mapping: done — index sequence [1, 1, 1, 1, 1, 1, 1, 1, 1, 1, 1, 1, 1, 1, 1, 1] (2.37s)
2026-03-20 00:50:08  INFO        Mapped index sequence : [1, 1, 1, 1, 1, 1, 1, 1, 1, 1, 1, 1, 1, 1, 1, 1]
2026-03-20 00:50:08  INFO        Duration              : 2.37s
2026-03-20 00:50:08  INFO      ==================================================
2026-03-20 00:50:08  INFO      STEP 3: Find Execution Trace
2026-03-20 00:50:08  INFO        UTG file : /Users/tanmaybhuskute/Documents/gifdroid-reproduction/app_Jigsaw/utg01/input/utg.json
2026-03-20 00:50:08  INFO      find_execution_trace: target sequence [1, 1, 1, 1, 1, 1, 1, 1, 1, 1, 1, 1, 1, 1, 1, 1]
2026-03-20 00:50:08  DEBUG     read_graph: 3 edges, 2 vertices loaded in 0.00s
2026-03-20 00:50:08  DEBUG     find_execution_trace: 1 candidate paths found in 0.00s
2026-03-20 00:50:08  INFO      find_execution_trace: 1 trace(s) found (LCS=1, length=2) in 0.00s
2026-03-20 00:50:08  INFO        Candidate traces found : 1
2026-03-20 00:50:08  INFO          Trace 0: [0, 1]
2026-03-20 00:50:08  INFO        Duration : 0.00s
2026-03-20 00:50:08  INFO      ==================================================
2026-03-20 00:50:08  INFO      STEP 4: Store Execution Trace
2026-03-20 00:50:08  INFO      Execution trace written to: /Users/tanmaybhuskute/Documents/gifdroid-reproduction/app_Jigsaw/utg01/output/execution_hhv_Jigsaw.json
2026-03-20 00:50:08  INFO        Duration : 0.00s
2026-03-20 00:50:08  INFO      ==================================================
2026-03-20 00:50:08  INFO      Pipeline complete.  Total time: 56.77s
2026-03-20 00:50:08  INFO      ==================================================
