2026-03-27 06:03:51  INFO      Log file: /Users/tanmaybhuskute/Documents/gifdroid-reproduction/app_Jigsaw/utg01/gifdroid_20260327_060351_hhv_stabilize.log
2026-03-27 06:03:51  INFO      GIFdroid started
2026-03-27 06:03:51  INFO        --video            : /Users/tanmaybhuskute/Documents/gifdroid-reproduction/app_Jigsaw/utg01/input/handheld/hhv_app_Jigsaw.mp4
2026-03-27 06:03:51  INFO        --utg              : /Users/tanmaybhuskute/Documents/gifdroid-reproduction/app_Jigsaw/utg01/input/utg.json
2026-03-27 06:03:51  INFO        --artifact         : /Users/tanmaybhuskute/Documents/gifdroid-reproduction/app_Jigsaw/utg01/input/artifacts
2026-03-27 06:03:51  INFO        --out              : /Users/tanmaybhuskute/Documents/gifdroid-reproduction/app_Jigsaw/utg01/output/execution_hhv_Jigsaw_stabilize.json
2026-03-27 06:03:51  INFO        --log-dir          : None
2026-03-27 06:03:51  INFO        --save-keyframes   : /Users/tanmaybhuskute/Documents/gifdroid-reproduction/app_Jigsaw/utg01/output/keyframes_stabilize
2026-03-27 06:03:51  INFO        --keyframe-method  : stabilize
2026-03-27 06:03:51  INFO      ==================================================
2026-03-27 06:03:51  INFO      STEP 1: Keyframe Location
2026-03-27 06:03:51  INFO        Input video      : /Users/tanmaybhuskute/Documents/gifdroid-reproduction/app_Jigsaw/utg01/input/handheld/hhv_app_Jigsaw.mp4
2026-03-27 06:03:51  INFO        Keyframe method  : stabilize
2026-03-27 06:03:51  INFO      keyframe_location_stabilized: starting on "/Users/tanmaybhuskute/Documents/gifdroid-reproduction/app_Jigsaw/utg01/input/handheld/hhv_app_Jigsaw.mp4"
2026-03-27 06:04:51  INFO      keyframe_location: starting on video "/Users/tanmaybhuskute/Documents/gifdroid-reproduction/app_Jigsaw/utg01/input/handheld/hhv_app_Jigsaw_stabilized.mp4"
2026-03-27 06:04:56  DEBUG     read_frames_from_video: 563 frames decoded in 4.39s
2026-03-27 06:05:47  DEBUG     calculate_sim_seq: 562 similarities computed in 51.69s
2026-03-27 06:05:47  DEBUG     detect_keyframes: 7 keyframes detected from 562 frames in 0.00s
2026-03-27 06:05:47  INFO      keyframe_location: done — 7 keyframes at indices [114, 329, 354, 384, 448, 493, 562] (56.11s total)
2026-03-27 06:05:48  INFO      keyframe_location_stabilized: done — 7 keyframes at indices [114, 329, 354, 384, 448, 493, 562] (116.41s)
2026-03-27 06:05:48  INFO        Keyframes found   : 7
2026-03-27 06:05:48  INFO        Keyframe indices  : [114, 329, 354, 384, 448, 493, 562]
2026-03-27 06:05:48  INFO        Duration          : 116.41s
2026-03-27 06:05:48  INFO        Keyframes saved to: /Users/tanmaybhuskute/Documents/gifdroid-reproduction/app_Jigsaw/utg01/output/keyframes_stabilize (7 files)
2026-03-27 06:05:48  INFO      ==================================================
2026-03-27 06:05:48  INFO      STEP 2: GUI Mapping
2026-03-27 06:05:48  INFO        Screenshots dir : /Users/tanmaybhuskute/Documents/gifdroid-reproduction/app_Jigsaw/utg01/input/artifacts
2026-03-27 06:05:48  INFO      gui_mapping: matching 7 keyframes against screenshots in "/Users/tanmaybhuskute/Documents/gifdroid-reproduction/app_Jigsaw/utg01/input/artifacts"
2026-03-27 06:05:48  DEBUG     load_screenshots: 1 screenshots loaded in 0.17s from "/Users/tanmaybhuskute/Documents/gifdroid-reproduction/app_Jigsaw/utg01/input/artifacts"
2026-03-27 06:05:49  DEBUG     mapping: best match "artifacts_1.png" (score=0.268)
2026-03-27 06:05:49  DEBUG     mapping: best match "artifacts_1.png" (score=0.264)
2026-03-27 06:05:49  DEBUG     mapping: best match "artifacts_1.png" (score=0.262)
2026-03-27 06:05:49  DEBUG     mapping: best match "artifacts_1.png" (score=0.267)
2026-03-27 06:05:49  DEBUG     mapping: best match "artifacts_1.png" (score=0.263)
2026-03-27 06:05:50  DEBUG     mapping: best match "artifacts_1.png" (score=0.275)
2026-03-27 06:05:50  DEBUG     mapping: best match "artifacts_1.png" (score=0.281)
2026-03-27 06:05:50  INFO      gui_mapping: done — index sequence [1, 1, 1, 1, 1, 1, 1] (1.32s)
2026-03-27 06:05:50  INFO        Mapped index sequence : [1, 1, 1, 1, 1, 1, 1]
2026-03-27 06:05:50  INFO        Duration              : 1.32s
2026-03-27 06:05:50  INFO      ==================================================
2026-03-27 06:05:50  INFO      STEP 3: Find Execution Trace
2026-03-27 06:05:50  INFO        UTG file : /Users/tanmaybhuskute/Documents/gifdroid-reproduction/app_Jigsaw/utg01/input/utg.json
2026-03-27 06:05:50  INFO      find_execution_trace: target sequence [1, 1, 1, 1, 1, 1, 1]
2026-03-27 06:05:50  DEBUG     read_graph: 3 edges, 2 vertices loaded in 0.00s
2026-03-27 06:05:50  DEBUG     find_execution_trace: 1 candidate paths found in 0.00s
2026-03-27 06:05:50  INFO      find_execution_trace: 1 trace(s) found (LCS=1, length=2) in 0.00s
2026-03-27 06:05:50  INFO        Candidate traces found : 1
2026-03-27 06:05:50  INFO          Trace 0: [0, 1]
2026-03-27 06:05:50  INFO        Duration : 0.00s
2026-03-27 06:05:50  INFO      ==================================================
2026-03-27 06:05:50  INFO      STEP 4: Store Execution Trace
2026-03-27 06:05:50  INFO      Execution trace written to: /Users/tanmaybhuskute/Documents/gifdroid-reproduction/app_Jigsaw/utg01/output/execution_hhv_Jigsaw_stabilize.json
2026-03-27 06:05:50  INFO        Duration : 0.00s
2026-03-27 06:05:50  INFO      ==================================================
2026-03-27 06:05:50  INFO      Pipeline complete.  Total time: 118.35s
2026-03-27 06:05:50  INFO      ==================================================
