2026-03-23 13:38:49  INFO      Log file: /Users/tanmaybhuskute/Documents/gifdroid-reproduction/app_LuxAlarm/utg03/gifdroid_20260323_133849_hhv.log
2026-03-23 13:38:49  INFO      GIFdroid started
2026-03-23 13:38:49  INFO        --video          : app_LuxAlarm/utg03/input/handheld/hhv_app_LuxAlarm.mp4
2026-03-23 13:38:49  INFO        --utg            : app_LuxAlarm/utg03/input/utg.json
2026-03-23 13:38:49  INFO        --artifact       : app_LuxAlarm/utg03/input/artifacts
2026-03-23 13:38:49  INFO        --out            : app_LuxAlarm/utg03/output/execution_hhv_LuxAlarm.json
2026-03-23 13:38:49  INFO        --log-dir        : None
2026-03-23 13:38:49  INFO        --save-keyframes : /Users/tanmaybhuskute/Documents/gifdroid-reproduction/app_LuxAlarm/utg03/output/keyframes
2026-03-23 13:38:49  INFO      ==================================================
2026-03-23 13:38:49  INFO      STEP 1: Keyframe Location
2026-03-23 13:38:49  INFO        Input video : app_LuxAlarm/utg03/input/handheld/hhv_app_LuxAlarm.mp4
2026-03-23 13:38:49  INFO      keyframe_location: starting on video "app_LuxAlarm/utg03/input/handheld/hhv_app_LuxAlarm.mp4"
2026-03-23 13:38:56  DEBUG     read_frames_from_video: 818 frames decoded in 6.52s
2026-03-23 13:40:09  DEBUG     calculate_sim_seq: 817 similarities computed in 72.91s
2026-03-23 13:40:09  DEBUG     detect_keyframes: 11 keyframes detected from 817 frames in 0.00s
2026-03-23 13:40:09  INFO      keyframe_location: done — 11 keyframes at indices [107, 179, 229, 254, 262, 438, 626, 721, 733, 801, 809] (79.46s total)
2026-03-23 13:40:09  INFO        Keyframes found   : 11
2026-03-23 13:40:09  INFO        Keyframe indices  : [107, 179, 229, 254, 262, 438, 626, 721, 733, 801, 809]
2026-03-23 13:40:09  INFO        Duration          : 79.72s
2026-03-23 13:40:10  INFO        Keyframes saved to: /Users/tanmaybhuskute/Documents/gifdroid-reproduction/app_LuxAlarm/utg03/output/keyframes (11 files)
2026-03-23 13:40:10  INFO      ==================================================
2026-03-23 13:40:10  INFO      STEP 2: GUI Mapping
2026-03-23 13:40:10  INFO        Screenshots dir : app_LuxAlarm/utg03/input/artifacts
2026-03-23 13:40:10  INFO      gui_mapping: matching 11 keyframes against screenshots in "app_LuxAlarm/utg03/input/artifacts"
2026-03-23 13:40:12  DEBUG     load_screenshots: 23 screenshots loaded in 2.21s from "app_LuxAlarm/utg03/input/artifacts"
2026-03-23 13:40:19  DEBUG     mapping: best match "artifacts_7.png" (score=0.306)
2026-03-23 13:40:25  DEBUG     mapping: best match "artifacts_7.png" (score=0.324)
2026-03-23 13:40:32  DEBUG     mapping: best match "artifacts_7.png" (score=0.320)
2026-03-23 13:40:39  DEBUG     mapping: best match "artifacts_7.png" (score=0.312)
2026-03-23 13:40:46  DEBUG     mapping: best match "artifacts_7.png" (score=0.310)
2026-03-23 13:40:53  DEBUG     mapping: best match "artifacts_7.png" (score=0.311)
2026-03-23 13:41:00  DEBUG     mapping: best match "artifacts_7.png" (score=0.342)
2026-03-23 13:41:07  DEBUG     mapping: best match "artifacts_7.png" (score=0.312)
2026-03-23 13:41:14  DEBUG     mapping: best match "artifacts_7.png" (score=0.310)
2026-03-23 13:41:20  DEBUG     mapping: best match "artifacts_7.png" (score=0.319)
2026-03-23 13:41:27  DEBUG     mapping: best match "artifacts_7.png" (score=0.319)
2026-03-23 13:41:27  INFO      gui_mapping: done — index sequence [7, 7, 7, 7, 7, 7, 7, 7, 7, 7, 7] (77.31s)
2026-03-23 13:41:27  INFO        Mapped index sequence : [7, 7, 7, 7, 7, 7, 7, 7, 7, 7, 7]
2026-03-23 13:41:27  INFO        Duration              : 77.31s
2026-03-23 13:41:27  INFO      ==================================================
2026-03-23 13:41:27  INFO      STEP 3: Find Execution Trace
2026-03-23 13:41:27  INFO        UTG file : app_LuxAlarm/utg03/input/utg.json
2026-03-23 13:41:27  INFO      find_execution_trace: target sequence [7, 7, 7, 7, 7, 7, 7, 7, 7, 7, 7]
2026-03-23 13:41:27  DEBUG     read_graph: 273 edges, 22 vertices loaded in 0.00s
2026-03-23 14:21:14  DEBUG     find_execution_trace: 205563556 candidate paths found in 2387.01s
