2026-03-20 01:54:44  INFO      Log file: /Users/tanmaybhuskute/Documents/gifdroid-reproduction/app_PortAuthority/utg01/gifdroid_20260320_015444_srv.log
2026-03-20 01:54:44  INFO      GIFdroid started
2026-03-20 01:54:44  INFO        --video    : /Users/tanmaybhuskute/Documents/gifdroid-reproduction/app_PortAuthority/utg01/input/screenrec/srv_app_PortAuthority.mp4
2026-03-20 01:54:44  INFO        --utg      : /Users/tanmaybhuskute/Documents/gifdroid-reproduction/app_PortAuthority/utg01/input/utg.json
2026-03-20 01:54:44  INFO        --artifact : /Users/tanmaybhuskute/Documents/gifdroid-reproduction/app_PortAuthority/utg01/input/artifacts
2026-03-20 01:54:44  INFO        --out      : /Users/tanmaybhuskute/Documents/gifdroid-reproduction/app_PortAuthority/utg01/output/execution_srv_PortAuthority.json
2026-03-20 01:54:44  INFO        --log-dir  : None
2026-03-20 01:54:44  INFO      ==================================================
2026-03-20 01:54:44  INFO      STEP 1: Keyframe Location
2026-03-20 01:54:44  INFO        Input video : /Users/tanmaybhuskute/Documents/gifdroid-reproduction/app_PortAuthority/utg01/input/screenrec/srv_app_PortAuthority.mp4
2026-03-20 01:54:44  INFO      keyframe_location: starting on video "/Users/tanmaybhuskute/Documents/gifdroid-reproduction/app_PortAuthority/utg01/input/screenrec/srv_app_PortAuthority.mp4"
2026-03-20 01:55:20  DEBUG     read_frames_from_video: 3050 frames decoded in 35.78s
2026-03-20 02:02:36  DEBUG     calculate_sim_seq: 3049 similarities computed in 436.57s
2026-03-20 02:02:36  DEBUG     detect_keyframes: 7 keyframes detected from 3049 frames in 0.00s
2026-03-20 02:02:36  INFO      keyframe_location: done — 7 keyframes at indices [11, 40, 161, 286, 2962, 3000, 3049] (472.45s total)
2026-03-20 02:02:37  INFO        Keyframes found   : 7
2026-03-20 02:02:37  INFO        Keyframe indices  : [11, 40, 161, 286, 2962, 3000, 3049]
2026-03-20 02:02:37  INFO        Duration          : 472.97s
2026-03-20 02:02:37  INFO      ==================================================
2026-03-20 02:02:37  INFO      STEP 2: GUI Mapping
2026-03-20 02:02:37  INFO        Screenshots dir : /Users/tanmaybhuskute/Documents/gifdroid-reproduction/app_PortAuthority/utg01/input/artifacts
2026-03-20 02:02:37  INFO      gui_mapping: matching 7 keyframes against screenshots in "/Users/tanmaybhuskute/Documents/gifdroid-reproduction/app_PortAuthority/utg01/input/artifacts"
2026-03-20 02:02:40  DEBUG     load_screenshots: 41 screenshots loaded in 2.95s from "/Users/tanmaybhuskute/Documents/gifdroid-reproduction/app_PortAuthority/utg01/input/artifacts"
2026-03-20 02:02:45  DEBUG     mapping: best match "artifacts_8.png" (score=0.214)
2026-03-20 02:02:51  DEBUG     mapping: best match "artifacts_8.png" (score=0.330)
2026-03-20 02:02:56  DEBUG     mapping: best match "artifacts_29.png" (score=0.586)
2026-03-20 02:03:02  DEBUG     mapping: best match "artifacts_29.png" (score=0.418)
2026-03-20 02:03:09  DEBUG     mapping: best match "artifacts_6.png" (score=0.396)
2026-03-20 02:03:16  DEBUG     mapping: best match "artifacts_6.png" (score=0.394)
2026-03-20 02:03:21  DEBUG     mapping: best match "artifacts_6.png" (score=0.420)
2026-03-20 02:03:21  INFO      gui_mapping: done — index sequence [8, 8, 29, 29, 6, 6, 6] (44.50s)
2026-03-20 02:03:21  INFO        Mapped index sequence : [8, 8, 29, 29, 6, 6, 6]
2026-03-20 02:03:21  INFO        Duration              : 44.50s
2026-03-20 02:03:21  INFO      ==================================================
2026-03-20 02:03:21  INFO      STEP 3: Find Execution Trace
2026-03-20 02:03:21  INFO        UTG file : /Users/tanmaybhuskute/Documents/gifdroid-reproduction/app_PortAuthority/utg01/input/utg.json
2026-03-20 02:03:21  INFO      find_execution_trace: target sequence [8, 8, 29, 29, 6, 6, 6]
2026-03-20 02:03:21  DEBUG     read_graph: 206 edges, 41 vertices loaded in 0.00s
2026-03-20 02:03:21  DEBUG     find_execution_trace: 553 candidate paths found in 0.01s
2026-03-20 02:03:21  INFO      find_execution_trace: 1 trace(s) found (LCS=2, length=11) in 0.04s
2026-03-20 02:03:21  INFO        Candidate traces found : 1
2026-03-20 02:03:21  INFO          Trace 0: [0, 1, 2, 3, 18, 23, 29, 30, 31, 33, 6]
2026-03-20 02:03:21  INFO        Duration : 0.04s
2026-03-20 02:03:21  INFO      ==================================================
2026-03-20 02:03:21  INFO      STEP 4: Store Execution Trace
2026-03-20 02:03:21  INFO      Execution trace written to: /Users/tanmaybhuskute/Documents/gifdroid-reproduction/app_PortAuthority/utg01/output/execution_srv_PortAuthority.json
2026-03-20 02:03:21  INFO        Duration : 0.01s
2026-03-20 02:03:21  INFO      ==================================================
2026-03-20 02:03:21  INFO      Pipeline complete.  Total time: 517.52s
2026-03-20 02:03:21  INFO      ==================================================
