2026-03-20 01:01:41  INFO      Log file: /Users/tanmaybhuskute/Documents/gifdroid-reproduction/app_PortAuthority/utg01/gifdroid_20260320_010141_hhv.log
2026-03-20 01:01:41  INFO      GIFdroid started
2026-03-20 01:01:41  INFO        --video    : /Users/tanmaybhuskute/Documents/gifdroid-reproduction/app_PortAuthority/utg01/input/handheld/hhv_app_PortAuthority.mp4
2026-03-20 01:01:41  INFO        --utg      : /Users/tanmaybhuskute/Documents/gifdroid-reproduction/app_PortAuthority/utg01/input/utg.json
2026-03-20 01:01:41  INFO        --artifact : /Users/tanmaybhuskute/Documents/gifdroid-reproduction/app_PortAuthority/utg01/input/artifacts
2026-03-20 01:01:41  INFO        --out      : /Users/tanmaybhuskute/Documents/gifdroid-reproduction/app_PortAuthority/utg01/output/execution_hhv_PortAuthority.json
2026-03-20 01:01:41  INFO        --log-dir  : None
2026-03-20 01:01:41  INFO      ==================================================
2026-03-20 01:01:41  INFO      STEP 1: Keyframe Location
2026-03-20 01:01:41  INFO        Input video : /Users/tanmaybhuskute/Documents/gifdroid-reproduction/app_PortAuthority/utg01/input/handheld/hhv_app_PortAuthority.mp4
2026-03-20 01:01:41  INFO      keyframe_location: starting on video "/Users/tanmaybhuskute/Documents/gifdroid-reproduction/app_PortAuthority/utg01/input/handheld/hhv_app_PortAuthority.mp4"
2026-03-20 01:01:50  DEBUG     read_frames_from_video: 882 frames decoded in 8.40s
2026-03-20 01:03:10  DEBUG     calculate_sim_seq: 881 similarities computed in 80.34s
2026-03-20 01:03:10  DEBUG     detect_keyframes: 22 keyframes detected from 881 frames in 0.00s
2026-03-20 01:03:10  INFO      keyframe_location: done — 22 keyframes at indices [50, 118, 155, 181, 296, 429, 465, 490, 509, 577, 590, 614, 639, 657, 689, 720, 788, 815, 820, 827, 869, 874] (88.77s total)
2026-03-20 01:03:11  INFO        Keyframes found   : 22
2026-03-20 01:03:11  INFO        Keyframe indices  : [50, 118, 155, 181, 296, 429, 465, 490, 509, 577, 590, 614, 639, 657, 689, 720, 788, 815, 820, 827, 869, 874]
2026-03-20 01:03:11  INFO        Duration          : 89.07s
2026-03-20 01:03:11  INFO      ==================================================
2026-03-20 01:03:11  INFO      STEP 2: GUI Mapping
2026-03-20 01:03:11  INFO        Screenshots dir : /Users/tanmaybhuskute/Documents/gifdroid-reproduction/app_PortAuthority/utg01/input/artifacts
2026-03-20 01:03:11  INFO      gui_mapping: matching 22 keyframes against screenshots in "/Users/tanmaybhuskute/Documents/gifdroid-reproduction/app_PortAuthority/utg01/input/artifacts"
2026-03-20 01:03:13  DEBUG     load_screenshots: 41 screenshots loaded in 2.19s from "/Users/tanmaybhuskute/Documents/gifdroid-reproduction/app_PortAuthority/utg01/input/artifacts"
2026-03-20 01:03:17  DEBUG     mapping: best match "artifacts_14.png" (score=0.242)
2026-03-20 01:03:21  DEBUG     mapping: best match "artifacts_14.png" (score=0.217)
2026-03-20 01:03:25  DEBUG     mapping: best match "artifacts_14.png" (score=0.223)
2026-03-20 01:03:29  DEBUG     mapping: best match "artifacts_14.png" (score=0.224)
2026-03-20 01:03:34  DEBUG     mapping: best match "artifacts_14.png" (score=0.213)
2026-03-20 01:03:38  DEBUG     mapping: best match "artifacts_14.png" (score=0.207)
2026-03-20 01:03:42  DEBUG     mapping: best match "artifacts_14.png" (score=0.202)
2026-03-20 01:03:47  DEBUG     mapping: best match "artifacts_14.png" (score=0.202)
2026-03-20 01:03:51  DEBUG     mapping: best match "artifacts_14.png" (score=0.196)
2026-03-20 01:03:55  DEBUG     mapping: best match "artifacts_14.png" (score=0.184)
2026-03-20 01:03:59  DEBUG     mapping: best match "artifacts_14.png" (score=0.188)
2026-03-20 01:04:03  DEBUG     mapping: best match "artifacts_37.png" (score=0.194)
2026-03-20 01:04:07  DEBUG     mapping: best match "artifacts_14.png" (score=0.219)
2026-03-20 01:04:12  DEBUG     mapping: best match "artifacts_14.png" (score=0.216)
2026-03-20 01:04:16  DEBUG     mapping: best match "artifacts_14.png" (score=0.229)
2026-03-20 01:04:20  DEBUG     mapping: best match "artifacts_14.png" (score=0.223)
2026-03-20 01:04:24  DEBUG     mapping: best match "artifacts_14.png" (score=0.229)
2026-03-20 01:04:28  DEBUG     mapping: best match "artifacts_37.png" (score=0.190)
2026-03-20 01:04:32  DEBUG     mapping: best match "artifacts_37.png" (score=0.191)
2026-03-20 01:04:37  DEBUG     mapping: best match "artifacts_37.png" (score=0.196)
2026-03-20 01:04:41  DEBUG     mapping: best match "artifacts_37.png" (score=0.237)
2026-03-20 01:04:45  DEBUG     mapping: best match "artifacts_37.png" (score=0.238)
2026-03-20 01:04:45  INFO      gui_mapping: done — index sequence [14, 14, 14, 14, 14, 14, 14, 14, 14, 14, 14, 37, 14, 14, 14, 14, 14, 37, 37, 37, 37, 37] (94.28s)
2026-03-20 01:04:45  INFO        Mapped index sequence : [14, 14, 14, 14, 14, 14, 14, 14, 14, 14, 14, 37, 14, 14, 14, 14, 14, 37, 37, 37, 37, 37]
2026-03-20 01:04:45  INFO        Duration              : 94.28s
2026-03-20 01:04:45  INFO      ==================================================
2026-03-20 01:04:45  INFO      STEP 3: Find Execution Trace
2026-03-20 01:04:45  INFO        UTG file : /Users/tanmaybhuskute/Documents/gifdroid-reproduction/app_PortAuthority/utg01/input/utg.json
2026-03-20 01:04:45  INFO      find_execution_trace: target sequence [14, 14, 14, 14, 14, 14, 14, 14, 14, 14, 14, 37, 14, 14, 14, 14, 14, 37, 37, 37, 37, 37]
2026-03-20 01:04:45  DEBUG     read_graph: 206 edges, 41 vertices loaded in 0.00s
2026-03-20 01:04:45  DEBUG     find_execution_trace: 1076 candidate paths found in 0.01s
2026-03-20 01:04:45  INFO      find_execution_trace: 4 trace(s) found (LCS=1, length=9) in 0.13s
2026-03-20 01:04:45  INFO        Candidate traces found : 4
2026-03-20 01:04:45  INFO          Trace 0: [0, 1, 2, 3, 4, 22, 31, 32, 37]
2026-03-20 01:04:45  INFO          Trace 1: [0, 1, 2, 3, 10, 11, 31, 32, 37]
2026-03-20 01:04:45  INFO          Trace 2: [0, 1, 2, 3, 15, 11, 31, 32, 37]
2026-03-20 01:04:45  INFO          Trace 3: [0, 1, 2, 3, 18, 6, 31, 32, 37]
2026-03-20 01:04:45  INFO        Duration : 0.13s
2026-03-20 01:04:45  INFO      ==================================================
2026-03-20 01:04:45  INFO      STEP 4: Store Execution Trace
2026-03-20 01:04:45  INFO      Execution trace written to: /Users/tanmaybhuskute/Documents/gifdroid-reproduction/app_PortAuthority/utg01/output/execution_hhv_PortAuthority.json
2026-03-20 01:04:45  INFO        Duration : 0.00s
2026-03-20 01:04:45  INFO      ==================================================
2026-03-20 01:04:45  INFO      Pipeline complete.  Total time: 183.47s
2026-03-20 01:04:45  INFO      ==================================================
