2026-03-27 05:20:54  INFO      Log file: /Users/tanmaybhuskute/Documents/gifdroid-reproduction/app_HomeMedkit/utg03/gifdroid_20260327_052053_hhv_clip.log
2026-03-27 05:20:54  INFO      GIFdroid started
2026-03-27 05:20:54  INFO        --video            : /Users/tanmaybhuskute/Documents/gifdroid-reproduction/app_HomeMedkit/utg03/input/handheld/hhv_app_HomeMedkit.mp4
2026-03-27 05:20:54  INFO        --utg              : /Users/tanmaybhuskute/Documents/gifdroid-reproduction/app_HomeMedkit/utg03/input/utg.json
2026-03-27 05:20:54  INFO        --artifact         : /Users/tanmaybhuskute/Documents/gifdroid-reproduction/app_HomeMedkit/utg03/input/artifacts
2026-03-27 05:20:54  INFO        --out              : /Users/tanmaybhuskute/Documents/gifdroid-reproduction/app_HomeMedkit/utg03/output/execution_hhv_HomeMedkit_clip.json
2026-03-27 05:20:54  INFO        --log-dir          : None
2026-03-27 05:20:54  INFO        --save-keyframes   : /Users/tanmaybhuskute/Documents/gifdroid-reproduction/app_HomeMedkit/utg03/output/keyframes_clip
2026-03-27 05:20:54  INFO        --keyframe-method  : clip
2026-03-27 05:20:54  INFO      ==================================================
2026-03-27 05:20:54  INFO      STEP 1: Keyframe Location
2026-03-27 05:20:54  INFO        Input video      : /Users/tanmaybhuskute/Documents/gifdroid-reproduction/app_HomeMedkit/utg03/input/handheld/hhv_app_HomeMedkit.mp4
2026-03-27 05:20:54  INFO        Keyframe method  : clip
2026-03-27 05:20:54  INFO      keyframe_location_clip_cluster: starting on "/Users/tanmaybhuskute/Documents/gifdroid-reproduction/app_HomeMedkit/utg03/input/handheld/hhv_app_HomeMedkit.mp4" (threshold=0.85)
2026-03-27 05:20:54  INFO      keyframe_location: starting on video "/Users/tanmaybhuskute/Documents/gifdroid-reproduction/app_HomeMedkit/utg03/input/handheld/hhv_app_HomeMedkit.mp4"
2026-03-27 05:21:10  DEBUG     read_frames_from_video: 1359 frames decoded in 16.29s
2026-03-27 05:23:29  DEBUG     calculate_sim_seq: 1358 similarities computed in 138.24s
2026-03-27 05:23:29  DEBUG     detect_keyframes: 54 keyframes detected from 1358 frames in 0.00s
2026-03-27 05:23:29  INFO      keyframe_location: done — 54 keyframes at indices [129, 281, 379, 400, 434, 454, 465, 492, 497, 515, 520, 526, 543, 558, 591, 604, 615, 640, 649, 676, 688, 707, 768, 775, 786, 807, 838, 849, 918, 928, 945, 957, 967, 1015, 1023, 1033, 1043, 1052, 1061, 1082, 1118, 1134, 1144, 1150, 1158, 1181, 1201, 1207, 1240, 1248, 1265, 1271, 1297, 1358] (155.08s total)
2026-03-27 05:23:29  INFO      keyframe_location_clip_cluster: baseline produced 54 keyframes
2026-03-27 05:23:30  WARNING   keyframe_location_clip_cluster: missing dependency (No module named 'transformers'); returning baseline result. Install with: pip install transformers torch scikit-learn
2026-03-27 05:23:30  INFO        Keyframes found   : 54
2026-03-27 05:23:30  INFO        Keyframe indices  : [129, 281, 379, 400, 434, 454, 465, 492, 497, 515, 520, 526, 543, 558, 591, 604, 615, 640, 649, 676, 688, 707, 768, 775, 786, 807, 838, 849, 918, 928, 945, 957, 967, 1015, 1023, 1033, 1043, 1052, 1061, 1082, 1118, 1134, 1144, 1150, 1158, 1181, 1201, 1207, 1240, 1248, 1265, 1271, 1297, 1358]
2026-03-27 05:23:30  INFO        Duration          : 156.75s
2026-03-27 05:23:35  INFO        Keyframes saved to: /Users/tanmaybhuskute/Documents/gifdroid-reproduction/app_HomeMedkit/utg03/output/keyframes_clip (54 files)
2026-03-27 05:23:35  INFO      ==================================================
2026-03-27 05:23:35  INFO      STEP 2: GUI Mapping
2026-03-27 05:23:35  INFO        Screenshots dir : /Users/tanmaybhuskute/Documents/gifdroid-reproduction/app_HomeMedkit/utg03/input/artifacts
2026-03-27 05:23:35  INFO      gui_mapping: matching 54 keyframes against screenshots in "/Users/tanmaybhuskute/Documents/gifdroid-reproduction/app_HomeMedkit/utg03/input/artifacts"
2026-03-27 05:23:40  DEBUG     load_screenshots: 53 screenshots loaded in 5.18s from "/Users/tanmaybhuskute/Documents/gifdroid-reproduction/app_HomeMedkit/utg03/input/artifacts"
2026-03-27 05:24:07  DEBUG     mapping: best match "artifacts_53.png" (score=0.311)
2026-03-27 05:24:26  DEBUG     mapping: best match "artifacts_30.png" (score=0.341)
2026-03-27 05:24:49  DEBUG     mapping: best match "artifacts_30.png" (score=0.338)
2026-03-27 05:25:04  DEBUG     mapping: best match "artifacts_30.png" (score=0.340)
2026-03-27 05:25:34  DEBUG     mapping: best match "artifacts_30.png" (score=0.305)
2026-03-27 05:25:52  DEBUG     mapping: best match "artifacts_30.png" (score=0.309)
2026-03-27 05:26:11  DEBUG     mapping: best match "artifacts_30.png" (score=0.308)
2026-03-27 05:26:32  DEBUG     mapping: best match "artifacts_53.png" (score=0.320)
2026-03-27 05:26:48  DEBUG     mapping: best match "artifacts_53.png" (score=0.319)
2026-03-27 05:27:10  DEBUG     mapping: best match "artifacts_53.png" (score=0.318)
2026-03-27 05:27:31  DEBUG     mapping: best match "artifacts_53.png" (score=0.325)
2026-03-27 05:27:47  DEBUG     mapping: best match "artifacts_53.png" (score=0.329)
2026-03-27 05:28:11  DEBUG     mapping: best match "artifacts_53.png" (score=0.321)
2026-03-27 05:28:32  DEBUG     mapping: best match "artifacts_53.png" (score=0.315)
2026-03-27 05:28:46  DEBUG     mapping: best match "artifacts_53.png" (score=0.308)
2026-03-27 05:29:12  DEBUG     mapping: best match "artifacts_53.png" (score=0.312)
2026-03-27 05:29:32  DEBUG     mapping: best match "artifacts_30.png" (score=0.284)
2026-03-27 05:29:46  DEBUG     mapping: best match "artifacts_30.png" (score=0.300)
2026-03-27 05:30:20  DEBUG     mapping: best match "artifacts_30.png" (score=0.295)
2026-03-27 05:30:44  DEBUG     mapping: best match "artifacts_30.png" (score=0.307)
2026-03-27 05:31:06  DEBUG     mapping: best match "artifacts_30.png" (score=0.308)
2026-03-27 05:31:26  DEBUG     mapping: best match "artifacts_30.png" (score=0.315)
2026-03-27 05:31:49  DEBUG     mapping: best match "artifacts_30.png" (score=0.316)
2026-03-27 05:32:10  DEBUG     mapping: best match "artifacts_30.png" (score=0.315)
2026-03-27 05:32:31  DEBUG     mapping: best match "artifacts_30.png" (score=0.316)
2026-03-27 05:32:52  DEBUG     mapping: best match "artifacts_30.png" (score=0.311)
2026-03-27 05:33:16  DEBUG     mapping: best match "artifacts_30.png" (score=0.320)
2026-03-27 05:33:37  DEBUG     mapping: best match "artifacts_53.png" (score=0.326)
2026-03-27 05:33:50  DEBUG     mapping: best match "artifacts_53.png" (score=0.337)
2026-03-27 05:34:17  DEBUG     mapping: best match "artifacts_53.png" (score=0.339)
2026-03-27 05:34:34  DEBUG     mapping: best match "artifacts_53.png" (score=0.331)
2026-03-27 05:34:56  DEBUG     mapping: best match "artifacts_53.png" (score=0.330)
2026-03-27 05:35:19  DEBUG     mapping: best match "artifacts_53.png" (score=0.325)
2026-03-27 05:35:34  DEBUG     mapping: best match "artifacts_53.png" (score=0.317)
2026-03-27 05:36:02  DEBUG     mapping: best match "artifacts_53.png" (score=0.315)
2026-03-27 05:36:23  DEBUG     mapping: best match "artifacts_53.png" (score=0.313)
2026-03-27 05:36:39  DEBUG     mapping: best match "artifacts_53.png" (score=0.315)
2026-03-27 05:37:01  DEBUG     mapping: best match "artifacts_53.png" (score=0.316)
2026-03-27 05:37:24  DEBUG     mapping: best match "artifacts_53.png" (score=0.313)
2026-03-27 05:37:39  DEBUG     mapping: best match "artifacts_53.png" (score=0.305)
2026-03-27 05:38:05  DEBUG     mapping: best match "artifacts_53.png" (score=0.322)
2026-03-27 05:38:24  DEBUG     mapping: best match "artifacts_53.png" (score=0.320)
2026-03-27 05:38:40  DEBUG     mapping: best match "artifacts_53.png" (score=0.322)
2026-03-27 05:39:10  DEBUG     mapping: best match "artifacts_53.png" (score=0.319)
2026-03-27 05:39:27  DEBUG     mapping: best match "artifacts_53.png" (score=0.316)
2026-03-27 05:39:44  DEBUG     mapping: best match "artifacts_53.png" (score=0.306)
2026-03-27 05:40:19  DEBUG     mapping: best match "artifacts_53.png" (score=0.308)
2026-03-27 05:40:38  DEBUG     mapping: best match "artifacts_53.png" (score=0.314)
2026-03-27 05:40:59  DEBUG     mapping: best match "artifacts_30.png" (score=0.323)
2026-03-27 05:41:20  DEBUG     mapping: best match "artifacts_30.png" (score=0.324)
2026-03-27 05:41:38  DEBUG     mapping: best match "artifacts_30.png" (score=0.347)
2026-03-27 05:41:59  DEBUG     mapping: best match "artifacts_30.png" (score=0.348)
2026-03-27 05:42:18  DEBUG     mapping: best match "artifacts_30.png" (score=0.332)
2026-03-27 05:42:39  DEBUG     mapping: best match "artifacts_30.png" (score=0.352)
2026-03-27 05:42:39  INFO      gui_mapping: done — index sequence [53, 30, 30, 30, 30, 30, 30, 53, 53, 53, 53, 53, 53, 53, 53, 53, 30, 30, 30, 30, 30, 30, 30, 30, 30, 30, 30, 53, 53, 53, 53, 53, 53, 53, 53, 53, 53, 53, 53, 53, 53, 53, 53, 53, 53, 53, 53, 53, 30, 30, 30, 30, 30, 30] (1143.66s)
2026-03-27 05:42:39  INFO        Mapped index sequence : [53, 30, 30, 30, 30, 30, 30, 53, 53, 53, 53, 53, 53, 53, 53, 53, 30, 30, 30, 30, 30, 30, 30, 30, 30, 30, 30, 53, 53, 53, 53, 53, 53, 53, 53, 53, 53, 53, 53, 53, 53, 53, 53, 53, 53, 53, 53, 53, 30, 30, 30, 30, 30, 30]
2026-03-27 05:42:39  INFO        Duration              : 1143.66s
2026-03-27 05:42:39  INFO      ==================================================
2026-03-27 05:42:39  INFO      STEP 3: Find Execution Trace
2026-03-27 05:42:39  INFO        UTG file : /Users/tanmaybhuskute/Documents/gifdroid-reproduction/app_HomeMedkit/utg03/input/utg.json
2026-03-27 05:42:39  INFO      find_execution_trace: target sequence [53, 30, 30, 30, 30, 30, 30, 53, 53, 53, 53, 53, 53, 53, 53, 53, 30, 30, 30, 30, 30, 30, 30, 30, 30, 30, 30, 53, 53, 53, 53, 53, 53, 53, 53, 53, 53, 53, 53, 53, 53, 53, 53, 53, 53, 53, 53, 53, 30, 30, 30, 30, 30, 30]
2026-03-27 05:42:39  DEBUG     read_graph: 210 edges, 52 vertices loaded in 0.00s
2026-03-27 05:42:40  DEBUG     find_execution_trace: 41031 candidate paths found in 0.97s
2026-03-27 05:42:55  INFO      find_execution_trace: 1 trace(s) found (LCS=1, length=4) in 16.44s
2026-03-27 05:42:55  INFO        Candidate traces found : 1
2026-03-27 05:42:55  INFO          Trace 0: [0, 1, 31, 30]
2026-03-27 05:42:55  INFO        Duration : 16.45s
2026-03-27 05:42:55  INFO      ==================================================
2026-03-27 05:42:55  INFO      STEP 4: Store Execution Trace
2026-03-27 05:42:55  INFO      Execution trace written to: /Users/tanmaybhuskute/Documents/gifdroid-reproduction/app_HomeMedkit/utg03/output/execution_hhv_HomeMedkit_clip.json
2026-03-27 05:42:55  INFO        Duration : 0.00s
2026-03-27 05:42:55  INFO      ==================================================
2026-03-27 05:42:55  INFO      Pipeline complete.  Total time: 1321.67s
2026-03-27 05:42:55  INFO      ==================================================
