2026-03-27 04:38:22  INFO      Log file: /Users/tanmaybhuskute/Documents/gifdroid-reproduction/app_HomeMedkit/utg03/gifdroid_20260327_043822_hhv_hysteresis.log
2026-03-27 04:38:22  INFO      GIFdroid started
2026-03-27 04:38:22  INFO        --video            : /Users/tanmaybhuskute/Documents/gifdroid-reproduction/app_HomeMedkit/utg03/input/handheld/hhv_app_HomeMedkit.mp4
2026-03-27 04:38:22  INFO        --utg              : /Users/tanmaybhuskute/Documents/gifdroid-reproduction/app_HomeMedkit/utg03/input/utg.json
2026-03-27 04:38:22  INFO        --artifact         : /Users/tanmaybhuskute/Documents/gifdroid-reproduction/app_HomeMedkit/utg03/input/artifacts
2026-03-27 04:38:22  INFO        --out              : /Users/tanmaybhuskute/Documents/gifdroid-reproduction/app_HomeMedkit/utg03/output/execution_hhv_HomeMedkit_hysteresis.json
2026-03-27 04:38:22  INFO        --log-dir          : None
2026-03-27 04:38:22  INFO        --save-keyframes   : /Users/tanmaybhuskute/Documents/gifdroid-reproduction/app_HomeMedkit/utg03/output/keyframes_hysteresis
2026-03-27 04:38:22  INFO        --keyframe-method  : hysteresis
2026-03-27 04:38:22  INFO      ==================================================
2026-03-27 04:38:22  INFO      STEP 1: Keyframe Location
2026-03-27 04:38:22  INFO        Input video      : /Users/tanmaybhuskute/Documents/gifdroid-reproduction/app_HomeMedkit/utg03/input/handheld/hhv_app_HomeMedkit.mp4
2026-03-27 04:38:22  INFO        Keyframe method  : hysteresis
2026-03-27 04:38:22  INFO      keyframe_location_hysteresis: starting on "/Users/tanmaybhuskute/Documents/gifdroid-reproduction/app_HomeMedkit/utg03/input/handheld/hhv_app_HomeMedkit.mp4" (k=3)
2026-03-27 04:38:34  DEBUG     read_frames_from_video: 1359 frames decoded in 12.32s
2026-03-27 04:40:42  DEBUG     calculate_sim_seq: 1358 similarities computed in 127.48s
2026-03-27 04:40:42  INFO      keyframe_location_hysteresis: done — 58 keyframes at indices [128, 280, 378, 399, 433, 453, 464, 491, 496, 514, 519, 525, 542, 557, 565, 590, 603, 614, 620, 639, 648, 675, 687, 706, 767, 774, 785, 806, 837, 848, 917, 927, 944, 956, 966, 970, 1014, 1022, 1032, 1042, 1051, 1060, 1081, 1117, 1133, 1143, 1149, 1157, 1180, 1200, 1206, 1213, 1239, 1247, 1264, 1270, 1296, 1358] (139.83s)
2026-03-27 04:40:42  INFO        Keyframes found   : 58
2026-03-27 04:40:42  INFO        Keyframe indices  : [128, 280, 378, 399, 433, 453, 464, 491, 496, 514, 519, 525, 542, 557, 565, 590, 603, 614, 620, 639, 648, 675, 687, 706, 767, 774, 785, 806, 837, 848, 917, 927, 944, 956, 966, 970, 1014, 1022, 1032, 1042, 1051, 1060, 1081, 1117, 1133, 1143, 1149, 1157, 1180, 1200, 1206, 1213, 1239, 1247, 1264, 1270, 1296, 1358]
2026-03-27 04:40:42  INFO        Duration          : 140.09s
2026-03-27 04:40:47  INFO        Keyframes saved to: /Users/tanmaybhuskute/Documents/gifdroid-reproduction/app_HomeMedkit/utg03/output/keyframes_hysteresis (58 files)
2026-03-27 04:40:47  INFO      ==================================================
2026-03-27 04:40:47  INFO      STEP 2: GUI Mapping
2026-03-27 04:40:47  INFO        Screenshots dir : /Users/tanmaybhuskute/Documents/gifdroid-reproduction/app_HomeMedkit/utg03/input/artifacts
2026-03-27 04:40:47  INFO      gui_mapping: matching 58 keyframes against screenshots in "/Users/tanmaybhuskute/Documents/gifdroid-reproduction/app_HomeMedkit/utg03/input/artifacts"
2026-03-27 04:40:51  DEBUG     load_screenshots: 53 screenshots loaded in 4.75s from "/Users/tanmaybhuskute/Documents/gifdroid-reproduction/app_HomeMedkit/utg03/input/artifacts"
2026-03-27 04:41:16  DEBUG     mapping: best match "artifacts_53.png" (score=0.310)
2026-03-27 04:41:35  DEBUG     mapping: best match "artifacts_30.png" (score=0.341)
2026-03-27 04:41:53  DEBUG     mapping: best match "artifacts_30.png" (score=0.338)
2026-03-27 04:42:12  DEBUG     mapping: best match "artifacts_30.png" (score=0.339)
2026-03-27 04:42:32  DEBUG     mapping: best match "artifacts_30.png" (score=0.305)
2026-03-27 04:42:48  DEBUG     mapping: best match "artifacts_30.png" (score=0.309)
2026-03-27 04:43:05  DEBUG     mapping: best match "artifacts_30.png" (score=0.308)
2026-03-27 04:43:23  DEBUG     mapping: best match "artifacts_53.png" (score=0.320)
2026-03-27 04:43:41  DEBUG     mapping: best match "artifacts_53.png" (score=0.319)
2026-03-27 04:43:59  DEBUG     mapping: best match "artifacts_53.png" (score=0.318)
2026-03-27 04:44:18  DEBUG     mapping: best match "artifacts_53.png" (score=0.324)
2026-03-27 04:44:37  DEBUG     mapping: best match "artifacts_53.png" (score=0.329)
2026-03-27 04:44:55  DEBUG     mapping: best match "artifacts_53.png" (score=0.321)
2026-03-27 04:45:13  DEBUG     mapping: best match "artifacts_53.png" (score=0.315)
2026-03-27 04:45:27  DEBUG     mapping: best match "artifacts_53.png" (score=0.316)
2026-03-27 04:45:42  DEBUG     mapping: best match "artifacts_53.png" (score=0.308)
2026-03-27 04:45:57  DEBUG     mapping: best match "artifacts_53.png" (score=0.311)
2026-03-27 04:46:12  DEBUG     mapping: best match "artifacts_30.png" (score=0.282)
2026-03-27 04:46:26  DEBUG     mapping: best match "artifacts_30.png" (score=0.299)
2026-03-27 04:46:42  DEBUG     mapping: best match "artifacts_30.png" (score=0.300)
2026-03-27 04:46:56  DEBUG     mapping: best match "artifacts_30.png" (score=0.299)
2026-03-27 04:47:11  DEBUG     mapping: best match "artifacts_30.png" (score=0.307)
2026-03-27 04:47:26  DEBUG     mapping: best match "artifacts_30.png" (score=0.308)
2026-03-27 04:47:40  DEBUG     mapping: best match "artifacts_30.png" (score=0.314)
2026-03-27 04:47:54  DEBUG     mapping: best match "artifacts_30.png" (score=0.316)
2026-03-27 04:48:09  DEBUG     mapping: best match "artifacts_30.png" (score=0.314)
2026-03-27 04:48:23  DEBUG     mapping: best match "artifacts_30.png" (score=0.316)
2026-03-27 04:48:39  DEBUG     mapping: best match "artifacts_30.png" (score=0.310)
2026-03-27 04:49:12  DEBUG     mapping: best match "artifacts_30.png" (score=0.320)
2026-03-27 04:49:35  DEBUG     mapping: best match "artifacts_53.png" (score=0.327)
2026-03-27 04:49:57  DEBUG     mapping: best match "artifacts_53.png" (score=0.335)
2026-03-27 04:50:20  DEBUG     mapping: best match "artifacts_53.png" (score=0.339)
2026-03-27 04:50:41  DEBUG     mapping: best match "artifacts_53.png" (score=0.331)
2026-03-27 04:51:00  DEBUG     mapping: best match "artifacts_53.png" (score=0.330)
2026-03-27 04:51:21  DEBUG     mapping: best match "artifacts_53.png" (score=0.325)
2026-03-27 04:51:44  DEBUG     mapping: best match "artifacts_53.png" (score=0.323)
2026-03-27 04:52:04  DEBUG     mapping: best match "artifacts_53.png" (score=0.317)
2026-03-27 04:52:26  DEBUG     mapping: best match "artifacts_53.png" (score=0.315)
2026-03-27 04:52:40  DEBUG     mapping: best match "artifacts_53.png" (score=0.314)
2026-03-27 04:52:55  DEBUG     mapping: best match "artifacts_53.png" (score=0.315)
2026-03-27 04:53:11  DEBUG     mapping: best match "artifacts_53.png" (score=0.316)
2026-03-27 04:53:26  DEBUG     mapping: best match "artifacts_53.png" (score=0.313)
2026-03-27 04:53:42  DEBUG     mapping: best match "artifacts_53.png" (score=0.305)
2026-03-27 04:53:56  DEBUG     mapping: best match "artifacts_53.png" (score=0.322)
2026-03-27 04:54:11  DEBUG     mapping: best match "artifacts_53.png" (score=0.320)
2026-03-27 04:54:27  DEBUG     mapping: best match "artifacts_53.png" (score=0.322)
2026-03-27 04:54:43  DEBUG     mapping: best match "artifacts_53.png" (score=0.321)
2026-03-27 04:54:58  DEBUG     mapping: best match "artifacts_53.png" (score=0.317)
2026-03-27 04:55:13  DEBUG     mapping: best match "artifacts_53.png" (score=0.306)
2026-03-27 04:55:25  DEBUG     mapping: best match "artifacts_53.png" (score=0.308)
2026-03-27 04:55:38  DEBUG     mapping: best match "artifacts_53.png" (score=0.314)
2026-03-27 04:55:50  DEBUG     mapping: best match "artifacts_30.png" (score=0.306)
2026-03-27 04:56:03  DEBUG     mapping: best match "artifacts_30.png" (score=0.323)
2026-03-27 04:56:16  DEBUG     mapping: best match "artifacts_30.png" (score=0.323)
2026-03-27 04:56:29  DEBUG     mapping: best match "artifacts_30.png" (score=0.346)
2026-03-27 04:56:41  DEBUG     mapping: best match "artifacts_30.png" (score=0.348)
2026-03-27 04:56:54  DEBUG     mapping: best match "artifacts_30.png" (score=0.333)
2026-03-27 04:57:07  DEBUG     mapping: best match "artifacts_30.png" (score=0.352)
2026-03-27 04:57:07  INFO      gui_mapping: done — index sequence [53, 30, 30, 30, 30, 30, 30, 53, 53, 53, 53, 53, 53, 53, 53, 53, 53, 30, 30, 30, 30, 30, 30, 30, 30, 30, 30, 30, 30, 53, 53, 53, 53, 53, 53, 53, 53, 53, 53, 53, 53, 53, 53, 53, 53, 53, 53, 53, 53, 53, 53, 30, 30, 30, 30, 30, 30, 30] (980.16s)
2026-03-27 04:57:07  INFO        Mapped index sequence : [53, 30, 30, 30, 30, 30, 30, 53, 53, 53, 53, 53, 53, 53, 53, 53, 53, 30, 30, 30, 30, 30, 30, 30, 30, 30, 30, 30, 30, 53, 53, 53, 53, 53, 53, 53, 53, 53, 53, 53, 53, 53, 53, 53, 53, 53, 53, 53, 53, 53, 53, 30, 30, 30, 30, 30, 30, 30]
2026-03-27 04:57:07  INFO        Duration              : 980.16s
2026-03-27 04:57:07  INFO      ==================================================
2026-03-27 04:57:07  INFO      STEP 3: Find Execution Trace
2026-03-27 04:57:07  INFO        UTG file : /Users/tanmaybhuskute/Documents/gifdroid-reproduction/app_HomeMedkit/utg03/input/utg.json
2026-03-27 04:57:07  INFO      find_execution_trace: target sequence [53, 30, 30, 30, 30, 30, 30, 53, 53, 53, 53, 53, 53, 53, 53, 53, 53, 30, 30, 30, 30, 30, 30, 30, 30, 30, 30, 30, 30, 53, 53, 53, 53, 53, 53, 53, 53, 53, 53, 53, 53, 53, 53, 53, 53, 53, 53, 53, 53, 53, 53, 30, 30, 30, 30, 30, 30, 30]
2026-03-27 04:57:07  DEBUG     read_graph: 210 edges, 52 vertices loaded in 0.00s
2026-03-27 04:57:08  DEBUG     find_execution_trace: 41031 candidate paths found in 0.78s
2026-03-27 04:57:21  INFO      find_execution_trace: 1 trace(s) found (LCS=1, length=4) in 13.93s
2026-03-27 04:57:21  INFO        Candidate traces found : 1
2026-03-27 04:57:21  INFO          Trace 0: [0, 1, 31, 30]
2026-03-27 04:57:21  INFO        Duration : 13.94s
2026-03-27 04:57:21  INFO      ==================================================
2026-03-27 04:57:21  INFO      STEP 4: Store Execution Trace
2026-03-27 04:57:21  INFO      Execution trace written to: /Users/tanmaybhuskute/Documents/gifdroid-reproduction/app_HomeMedkit/utg03/output/execution_hhv_HomeMedkit_hysteresis.json
2026-03-27 04:57:21  INFO        Duration : 0.00s
2026-03-27 04:57:21  INFO      ==================================================
2026-03-27 04:57:21  INFO      Pipeline complete.  Total time: 1138.92s
2026-03-27 04:57:21  INFO      ==================================================
