2026-03-23 10:08:58  INFO      Log file: /Users/tanmaybhuskute/Documents/gifdroid-reproduction/app_HomeMedkit/utg03/gifdroid_20260323_100858_hhv.log
2026-03-23 10:08:58  INFO      GIFdroid started
2026-03-23 10:08:58  INFO        --video          : app_HomeMedkit/utg03/input/handheld/hhv_app_HomeMedkit.mp4
2026-03-23 10:08:58  INFO        --utg            : app_HomeMedkit/utg03/input/utg.json
2026-03-23 10:08:58  INFO        --artifact       : app_HomeMedkit/utg03/input/artifacts
2026-03-23 10:08:58  INFO        --out            : app_HomeMedkit/utg03/output/execution_hhv_HomeMedkit.json
2026-03-23 10:08:58  INFO        --log-dir        : None
2026-03-23 10:08:58  INFO        --save-keyframes : /Users/tanmaybhuskute/Documents/gifdroid-reproduction/app_HomeMedkit/utg03/output/keyframes
2026-03-23 10:08:58  INFO      ==================================================
2026-03-23 10:08:58  INFO      STEP 1: Keyframe Location
2026-03-23 10:08:58  INFO        Input video : app_HomeMedkit/utg03/input/handheld/hhv_app_HomeMedkit.mp4
2026-03-23 10:08:58  INFO      keyframe_location: starting on video "app_HomeMedkit/utg03/input/handheld/hhv_app_HomeMedkit.mp4"
2026-03-23 10:09:09  DEBUG     read_frames_from_video: 1359 frames decoded in 10.72s
2026-03-23 10:22:07  DEBUG     calculate_sim_seq: 1358 similarities computed in 778.05s
2026-03-23 10:22:07  DEBUG     detect_keyframes: 54 keyframes detected from 1358 frames in 0.02s
2026-03-23 10:22:07  INFO      keyframe_location: done — 54 keyframes at indices [129, 281, 379, 400, 434, 454, 465, 492, 497, 515, 520, 526, 543, 558, 591, 604, 615, 640, 649, 676, 688, 707, 768, 775, 786, 807, 838, 849, 918, 928, 945, 957, 967, 1015, 1023, 1033, 1043, 1052, 1061, 1082, 1118, 1134, 1144, 1150, 1158, 1181, 1201, 1207, 1240, 1248, 1265, 1271, 1297, 1358] (788.85s total)
2026-03-23 10:22:07  INFO        Keyframes found   : 54
2026-03-23 10:22:07  INFO        Keyframe indices  : [129, 281, 379, 400, 434, 454, 465, 492, 497, 515, 520, 526, 543, 558, 591, 604, 615, 640, 649, 676, 688, 707, 768, 775, 786, 807, 838, 849, 918, 928, 945, 957, 967, 1015, 1023, 1033, 1043, 1052, 1061, 1082, 1118, 1134, 1144, 1150, 1158, 1181, 1201, 1207, 1240, 1248, 1265, 1271, 1297, 1358]
2026-03-23 10:22:07  INFO        Duration          : 789.18s
2026-03-23 10:22:14  INFO        Keyframes saved to: /Users/tanmaybhuskute/Documents/gifdroid-reproduction/app_HomeMedkit/utg03/output/keyframes (54 files)
2026-03-23 10:22:14  INFO      ==================================================
2026-03-23 10:22:14  INFO      STEP 2: GUI Mapping
2026-03-23 10:22:14  INFO        Screenshots dir : app_HomeMedkit/utg03/input/artifacts
2026-03-23 10:22:14  INFO      gui_mapping: matching 54 keyframes against screenshots in "app_HomeMedkit/utg03/input/artifacts"
2026-03-23 10:22:21  DEBUG     load_screenshots: 53 screenshots loaded in 6.15s from "app_HomeMedkit/utg03/input/artifacts"
2026-03-23 10:29:21  DEBUG     mapping: best match "artifacts_53.png" (score=0.311)
2026-03-23 10:32:27  DEBUG     mapping: best match "artifacts_30.png" (score=0.341)
2026-03-23 10:32:50  DEBUG     mapping: best match "artifacts_30.png" (score=0.338)
2026-03-23 10:33:16  DEBUG     mapping: best match "artifacts_30.png" (score=0.340)
2026-03-23 10:33:43  DEBUG     mapping: best match "artifacts_30.png" (score=0.305)
2026-03-23 10:34:06  DEBUG     mapping: best match "artifacts_30.png" (score=0.309)
2026-03-23 10:34:30  DEBUG     mapping: best match "artifacts_30.png" (score=0.308)
2026-03-23 10:34:54  DEBUG     mapping: best match "artifacts_53.png" (score=0.320)
2026-03-23 10:35:16  DEBUG     mapping: best match "artifacts_53.png" (score=0.319)
2026-03-23 10:35:39  DEBUG     mapping: best match "artifacts_53.png" (score=0.318)
2026-03-23 10:36:03  DEBUG     mapping: best match "artifacts_53.png" (score=0.325)
2026-03-23 10:36:27  DEBUG     mapping: best match "artifacts_53.png" (score=0.329)
2026-03-23 10:36:49  DEBUG     mapping: best match "artifacts_53.png" (score=0.321)
2026-03-23 10:37:13  DEBUG     mapping: best match "artifacts_53.png" (score=0.315)
2026-03-23 10:37:37  DEBUG     mapping: best match "artifacts_53.png" (score=0.308)
2026-03-23 10:38:01  DEBUG     mapping: best match "artifacts_53.png" (score=0.312)
2026-03-23 10:38:25  DEBUG     mapping: best match "artifacts_30.png" (score=0.284)
2026-03-23 10:38:48  DEBUG     mapping: best match "artifacts_30.png" (score=0.300)
2026-03-23 10:39:13  DEBUG     mapping: best match "artifacts_30.png" (score=0.295)
2026-03-23 10:39:37  DEBUG     mapping: best match "artifacts_30.png" (score=0.307)
2026-03-23 10:40:01  DEBUG     mapping: best match "artifacts_30.png" (score=0.308)
2026-03-23 10:40:16  DEBUG     mapping: best match "artifacts_30.png" (score=0.315)
2026-03-23 10:40:31  DEBUG     mapping: best match "artifacts_30.png" (score=0.316)
2026-03-23 10:40:47  DEBUG     mapping: best match "artifacts_30.png" (score=0.315)
2026-03-23 10:41:01  DEBUG     mapping: best match "artifacts_30.png" (score=0.316)
2026-03-23 10:41:16  DEBUG     mapping: best match "artifacts_30.png" (score=0.311)
2026-03-23 10:41:30  DEBUG     mapping: best match "artifacts_30.png" (score=0.320)
2026-03-23 10:41:45  DEBUG     mapping: best match "artifacts_53.png" (score=0.326)
2026-03-23 10:42:00  DEBUG     mapping: best match "artifacts_53.png" (score=0.337)
2026-03-23 10:42:15  DEBUG     mapping: best match "artifacts_53.png" (score=0.339)
2026-03-23 10:42:29  DEBUG     mapping: best match "artifacts_53.png" (score=0.331)
2026-03-23 10:42:51  DEBUG     mapping: best match "artifacts_53.png" (score=0.330)
2026-03-23 10:43:17  DEBUG     mapping: best match "artifacts_53.png" (score=0.325)
2026-03-23 10:43:42  DEBUG     mapping: best match "artifacts_53.png" (score=0.317)
2026-03-23 10:44:06  DEBUG     mapping: best match "artifacts_53.png" (score=0.315)
2026-03-23 10:44:29  DEBUG     mapping: best match "artifacts_53.png" (score=0.313)
2026-03-23 10:44:52  DEBUG     mapping: best match "artifacts_53.png" (score=0.315)
2026-03-23 10:45:15  DEBUG     mapping: best match "artifacts_53.png" (score=0.316)
2026-03-23 10:45:43  DEBUG     mapping: best match "artifacts_53.png" (score=0.313)
2026-03-23 10:46:09  DEBUG     mapping: best match "artifacts_53.png" (score=0.305)
2026-03-23 10:46:33  DEBUG     mapping: best match "artifacts_53.png" (score=0.322)
2026-03-23 10:46:58  DEBUG     mapping: best match "artifacts_53.png" (score=0.320)
2026-03-23 10:47:23  DEBUG     mapping: best match "artifacts_53.png" (score=0.322)
2026-03-23 10:47:47  DEBUG     mapping: best match "artifacts_53.png" (score=0.319)
2026-03-23 10:48:05  DEBUG     mapping: best match "artifacts_53.png" (score=0.316)
2026-03-23 10:48:32  DEBUG     mapping: best match "artifacts_53.png" (score=0.306)
2026-03-23 10:48:58  DEBUG     mapping: best match "artifacts_53.png" (score=0.308)
2026-03-23 10:49:20  DEBUG     mapping: best match "artifacts_53.png" (score=0.314)
2026-03-23 10:49:45  DEBUG     mapping: best match "artifacts_30.png" (score=0.323)
2026-03-23 10:50:11  DEBUG     mapping: best match "artifacts_30.png" (score=0.324)
2026-03-23 10:50:33  DEBUG     mapping: best match "artifacts_30.png" (score=0.347)
2026-03-23 10:50:57  DEBUG     mapping: best match "artifacts_30.png" (score=0.348)
2026-03-23 10:51:24  DEBUG     mapping: best match "artifacts_30.png" (score=0.332)
2026-03-23 10:51:53  DEBUG     mapping: best match "artifacts_30.png" (score=0.352)
2026-03-23 10:51:53  INFO      gui_mapping: done — index sequence [53, 30, 30, 30, 30, 30, 30, 53, 53, 53, 53, 53, 53, 53, 53, 53, 30, 30, 30, 30, 30, 30, 30, 30, 30, 30, 30, 53, 53, 53, 53, 53, 53, 53, 53, 53, 53, 53, 53, 53, 53, 53, 53, 53, 53, 53, 53, 53, 30, 30, 30, 30, 30, 30] (1779.07s)
2026-03-23 10:51:53  INFO        Mapped index sequence : [53, 30, 30, 30, 30, 30, 30, 53, 53, 53, 53, 53, 53, 53, 53, 53, 30, 30, 30, 30, 30, 30, 30, 30, 30, 30, 30, 53, 53, 53, 53, 53, 53, 53, 53, 53, 53, 53, 53, 53, 53, 53, 53, 53, 53, 53, 53, 53, 30, 30, 30, 30, 30, 30]
2026-03-23 10:51:53  INFO        Duration              : 1779.08s
2026-03-23 10:51:53  INFO      ==================================================
2026-03-23 10:51:53  INFO      STEP 3: Find Execution Trace
2026-03-23 10:51:53  INFO        UTG file : app_HomeMedkit/utg03/input/utg.json
2026-03-23 10:51:53  INFO      find_execution_trace: target sequence [53, 30, 30, 30, 30, 30, 30, 53, 53, 53, 53, 53, 53, 53, 53, 53, 30, 30, 30, 30, 30, 30, 30, 30, 30, 30, 30, 53, 53, 53, 53, 53, 53, 53, 53, 53, 53, 53, 53, 53, 53, 53, 53, 53, 53, 53, 53, 53, 30, 30, 30, 30, 30, 30]
2026-03-23 10:51:53  DEBUG     read_graph: 210 edges, 52 vertices loaded in 0.01s
2026-03-23 10:51:54  DEBUG     find_execution_trace: 41031 candidate paths found in 0.90s
2026-03-23 10:52:07  INFO      find_execution_trace: 1 trace(s) found (LCS=1, length=4) in 13.21s
2026-03-23 10:52:07  INFO        Candidate traces found : 1
2026-03-23 10:52:07  INFO          Trace 0: [0, 1, 31, 30]
2026-03-23 10:52:07  INFO        Duration : 13.22s
2026-03-23 10:52:07  INFO      ==================================================
2026-03-23 10:52:07  INFO      STEP 4: Store Execution Trace
2026-03-23 10:52:07  INFO      Execution trace written to: app_HomeMedkit/utg03/output/execution_hhv_HomeMedkit.json
2026-03-23 10:52:07  INFO        Duration : 0.01s
2026-03-23 10:52:07  INFO      ==================================================
2026-03-23 10:52:07  INFO      Pipeline complete.  Total time: 2588.57s
2026-03-23 10:52:07  INFO      ==================================================
