2026-03-27 04:16:17  INFO      Log file: /Users/tanmaybhuskute/Documents/gifdroid-reproduction/app_HomeMedkit/utg03/gifdroid_20260327_041617_hhv_stabilize.log
2026-03-27 04:16:17  INFO      GIFdroid started
2026-03-27 04:16:17  INFO        --video            : /Users/tanmaybhuskute/Documents/gifdroid-reproduction/app_HomeMedkit/utg03/input/handheld/hhv_app_HomeMedkit.mp4
2026-03-27 04:16:17  INFO        --utg              : /Users/tanmaybhuskute/Documents/gifdroid-reproduction/app_HomeMedkit/utg03/input/utg.json
2026-03-27 04:16:17  INFO        --artifact         : /Users/tanmaybhuskute/Documents/gifdroid-reproduction/app_HomeMedkit/utg03/input/artifacts
2026-03-27 04:16:17  INFO        --out              : /Users/tanmaybhuskute/Documents/gifdroid-reproduction/app_HomeMedkit/utg03/output/execution_hhv_HomeMedkit_stabilize.json
2026-03-27 04:16:17  INFO        --log-dir          : None
2026-03-27 04:16:17  INFO        --save-keyframes   : /Users/tanmaybhuskute/Documents/gifdroid-reproduction/app_HomeMedkit/utg03/output/keyframes_stabilize
2026-03-27 04:16:17  INFO        --keyframe-method  : stabilize
2026-03-27 04:16:17  INFO      ==================================================
2026-03-27 04:16:17  INFO      STEP 1: Keyframe Location
2026-03-27 04:16:17  INFO        Input video      : /Users/tanmaybhuskute/Documents/gifdroid-reproduction/app_HomeMedkit/utg03/input/handheld/hhv_app_HomeMedkit.mp4
2026-03-27 04:16:17  INFO        Keyframe method  : stabilize
2026-03-27 04:16:17  INFO      keyframe_location_stabilized: starting on "/Users/tanmaybhuskute/Documents/gifdroid-reproduction/app_HomeMedkit/utg03/input/handheld/hhv_app_HomeMedkit.mp4"
2026-03-27 04:19:02  INFO      keyframe_location: starting on video "/Users/tanmaybhuskute/Documents/gifdroid-reproduction/app_HomeMedkit/utg03/input/handheld/hhv_app_HomeMedkit_stabilized.mp4"
2026-03-27 04:19:12  DEBUG     read_frames_from_video: 1359 frames decoded in 10.11s
2026-03-27 04:21:27  DEBUG     calculate_sim_seq: 1358 similarities computed in 134.82s
2026-03-27 04:21:27  DEBUG     detect_keyframes: 52 keyframes detected from 1358 frames in 0.00s
2026-03-27 04:21:27  INFO      keyframe_location: done — 52 keyframes at indices [45, 128, 281, 319, 379, 400, 416, 427, 446, 454, 465, 481, 497, 514, 558, 590, 604, 613, 640, 649, 660, 676, 690, 697, 704, 776, 782, 794, 838, 870, 875, 895, 911, 946, 956, 971, 977, 989, 1015, 1022, 1041, 1063, 1082, 1120, 1138, 1201, 1207, 1214, 1248, 1265, 1284, 1358] (144.98s total)
2026-03-27 04:21:27  INFO      keyframe_location_stabilized: done — 52 keyframes at indices [45, 128, 281, 319, 379, 400, 416, 427, 446, 454, 465, 481, 497, 514, 558, 590, 604, 613, 640, 649, 660, 676, 690, 697, 704, 776, 782, 794, 838, 870, 875, 895, 911, 946, 956, 971, 977, 989, 1015, 1022, 1041, 1063, 1082, 1120, 1138, 1201, 1207, 1214, 1248, 1265, 1284, 1358] (310.04s)
2026-03-27 04:21:27  INFO        Keyframes found   : 52
2026-03-27 04:21:27  INFO        Keyframe indices  : [45, 128, 281, 319, 379, 400, 416, 427, 446, 454, 465, 481, 497, 514, 558, 590, 604, 613, 640, 649, 660, 676, 690, 697, 704, 776, 782, 794, 838, 870, 875, 895, 911, 946, 956, 971, 977, 989, 1015, 1022, 1041, 1063, 1082, 1120, 1138, 1201, 1207, 1214, 1248, 1265, 1284, 1358]
2026-03-27 04:21:27  INFO        Duration          : 310.04s
2026-03-27 04:21:33  INFO        Keyframes saved to: /Users/tanmaybhuskute/Documents/gifdroid-reproduction/app_HomeMedkit/utg03/output/keyframes_stabilize (52 files)
2026-03-27 04:21:33  INFO      ==================================================
2026-03-27 04:21:33  INFO      STEP 2: GUI Mapping
2026-03-27 04:21:33  INFO        Screenshots dir : /Users/tanmaybhuskute/Documents/gifdroid-reproduction/app_HomeMedkit/utg03/input/artifacts
2026-03-27 04:21:33  INFO      gui_mapping: matching 52 keyframes against screenshots in "/Users/tanmaybhuskute/Documents/gifdroid-reproduction/app_HomeMedkit/utg03/input/artifacts"
2026-03-27 04:21:39  DEBUG     load_screenshots: 53 screenshots loaded in 6.62s from "/Users/tanmaybhuskute/Documents/gifdroid-reproduction/app_HomeMedkit/utg03/input/artifacts"
2026-03-27 04:22:06  DEBUG     mapping: best match "artifacts_30.png" (score=0.306)
2026-03-27 04:22:26  DEBUG     mapping: best match "artifacts_30.png" (score=0.312)
2026-03-27 04:22:45  DEBUG     mapping: best match "artifacts_30.png" (score=0.345)
2026-03-27 04:23:04  DEBUG     mapping: best match "artifacts_30.png" (score=0.343)
2026-03-27 04:23:25  DEBUG     mapping: best match "artifacts_30.png" (score=0.343)
2026-03-27 04:23:45  DEBUG     mapping: best match "artifacts_30.png" (score=0.345)
2026-03-27 04:24:05  DEBUG     mapping: best match "artifacts_30.png" (score=0.320)
2026-03-27 04:24:25  DEBUG     mapping: best match "artifacts_30.png" (score=0.312)
2026-03-27 04:24:45  DEBUG     mapping: best match "artifacts_30.png" (score=0.313)
2026-03-27 04:25:04  DEBUG     mapping: best match "artifacts_30.png" (score=0.314)
2026-03-27 04:25:21  DEBUG     mapping: best match "artifacts_30.png" (score=0.312)
2026-03-27 04:25:38  DEBUG     mapping: best match "artifacts_53.png" (score=0.322)
2026-03-27 04:25:56  DEBUG     mapping: best match "artifacts_53.png" (score=0.321)
2026-03-27 04:26:12  DEBUG     mapping: best match "artifacts_53.png" (score=0.320)
2026-03-27 04:26:31  DEBUG     mapping: best match "artifacts_53.png" (score=0.317)
2026-03-27 04:26:48  DEBUG     mapping: best match "artifacts_53.png" (score=0.310)
2026-03-27 04:27:05  DEBUG     mapping: best match "artifacts_53.png" (score=0.313)
2026-03-27 04:27:23  DEBUG     mapping: best match "artifacts_30.png" (score=0.287)
2026-03-27 04:27:41  DEBUG     mapping: best match "artifacts_30.png" (score=0.304)
2026-03-27 04:27:59  DEBUG     mapping: best match "artifacts_30.png" (score=0.300)
2026-03-27 04:28:15  DEBUG     mapping: best match "artifacts_30.png" (score=0.318)
2026-03-27 04:28:34  DEBUG     mapping: best match "artifacts_30.png" (score=0.312)
2026-03-27 04:28:51  DEBUG     mapping: best match "artifacts_30.png" (score=0.316)
2026-03-27 04:29:09  DEBUG     mapping: best match "artifacts_30.png" (score=0.310)
2026-03-27 04:29:27  DEBUG     mapping: best match "artifacts_30.png" (score=0.317)
2026-03-27 04:29:45  DEBUG     mapping: best match "artifacts_30.png" (score=0.313)
2026-03-27 04:30:02  DEBUG     mapping: best match "artifacts_30.png" (score=0.321)
2026-03-27 04:30:19  DEBUG     mapping: best match "artifacts_30.png" (score=0.312)
2026-03-27 04:30:38  DEBUG     mapping: best match "artifacts_30.png" (score=0.321)
2026-03-27 04:30:58  DEBUG     mapping: best match "artifacts_53.png" (score=0.324)
2026-03-27 04:31:16  DEBUG     mapping: best match "artifacts_53.png" (score=0.324)
2026-03-27 04:31:35  DEBUG     mapping: best match "artifacts_53.png" (score=0.325)
2026-03-27 04:31:55  DEBUG     mapping: best match "artifacts_53.png" (score=0.323)
2026-03-27 04:32:15  DEBUG     mapping: best match "artifacts_53.png" (score=0.332)
2026-03-27 04:32:35  DEBUG     mapping: best match "artifacts_53.png" (score=0.331)
2026-03-27 04:32:53  DEBUG     mapping: best match "artifacts_53.png" (score=0.324)
2026-03-27 04:33:13  DEBUG     mapping: best match "artifacts_53.png" (score=0.325)
2026-03-27 04:33:32  DEBUG     mapping: best match "artifacts_53.png" (score=0.323)
2026-03-27 04:33:50  DEBUG     mapping: best match "artifacts_53.png" (score=0.319)
2026-03-27 04:34:08  DEBUG     mapping: best match "artifacts_53.png" (score=0.317)
2026-03-27 04:34:27  DEBUG     mapping: best match "artifacts_53.png" (score=0.316)
2026-03-27 04:34:46  DEBUG     mapping: best match "artifacts_53.png" (score=0.314)
2026-03-27 04:35:07  DEBUG     mapping: best match "artifacts_53.png" (score=0.307)
2026-03-27 04:35:25  DEBUG     mapping: best match "artifacts_53.png" (score=0.322)
2026-03-27 04:35:44  DEBUG     mapping: best match "artifacts_53.png" (score=0.321)
2026-03-27 04:36:05  DEBUG     mapping: best match "artifacts_53.png" (score=0.309)
2026-03-27 04:36:25  DEBUG     mapping: best match "artifacts_53.png" (score=0.316)
2026-03-27 04:36:44  DEBUG     mapping: best match "artifacts_30.png" (score=0.315)
2026-03-27 04:37:05  DEBUG     mapping: best match "artifacts_30.png" (score=0.329)
2026-03-27 04:37:26  DEBUG     mapping: best match "artifacts_30.png" (score=0.348)
2026-03-27 04:37:46  DEBUG     mapping: best match "artifacts_30.png" (score=0.336)
2026-03-27 04:38:06  DEBUG     mapping: best match "artifacts_30.png" (score=0.352)
2026-03-27 04:38:06  INFO      gui_mapping: done — index sequence [30, 30, 30, 30, 30, 30, 30, 30, 30, 30, 30, 53, 53, 53, 53, 53, 53, 30, 30, 30, 30, 30, 30, 30, 30, 30, 30, 30, 30, 53, 53, 53, 53, 53, 53, 53, 53, 53, 53, 53, 53, 53, 53, 53, 53, 53, 53, 30, 30, 30, 30, 30] (993.47s)
2026-03-27 04:38:06  INFO        Mapped index sequence : [30, 30, 30, 30, 30, 30, 30, 30, 30, 30, 30, 53, 53, 53, 53, 53, 53, 30, 30, 30, 30, 30, 30, 30, 30, 30, 30, 30, 30, 53, 53, 53, 53, 53, 53, 53, 53, 53, 53, 53, 53, 53, 53, 53, 53, 53, 53, 30, 30, 30, 30, 30]
2026-03-27 04:38:06  INFO        Duration              : 993.48s
2026-03-27 04:38:06  INFO      ==================================================
2026-03-27 04:38:06  INFO      STEP 3: Find Execution Trace
2026-03-27 04:38:06  INFO        UTG file : /Users/tanmaybhuskute/Documents/gifdroid-reproduction/app_HomeMedkit/utg03/input/utg.json
2026-03-27 04:38:06  INFO      find_execution_trace: target sequence [30, 30, 30, 30, 30, 30, 30, 30, 30, 30, 30, 53, 53, 53, 53, 53, 53, 30, 30, 30, 30, 30, 30, 30, 30, 30, 30, 30, 30, 53, 53, 53, 53, 53, 53, 53, 53, 53, 53, 53, 53, 53, 53, 53, 53, 53, 53, 30, 30, 30, 30, 30]
2026-03-27 04:38:06  DEBUG     read_graph: 210 edges, 52 vertices loaded in 0.00s
2026-03-27 04:38:07  DEBUG     find_execution_trace: 41031 candidate paths found in 1.01s
2026-03-27 04:38:21  INFO      find_execution_trace: 1 trace(s) found (LCS=1, length=4) in 14.46s
2026-03-27 04:38:21  INFO        Candidate traces found : 1
2026-03-27 04:38:21  INFO          Trace 0: [0, 1, 31, 30]
2026-03-27 04:38:21  INFO        Duration : 14.46s
2026-03-27 04:38:21  INFO      ==================================================
2026-03-27 04:38:21  INFO      STEP 4: Store Execution Trace
2026-03-27 04:38:21  INFO      Execution trace written to: /Users/tanmaybhuskute/Documents/gifdroid-reproduction/app_HomeMedkit/utg03/output/execution_hhv_HomeMedkit_stabilize.json
2026-03-27 04:38:21  INFO        Duration : 0.00s
2026-03-27 04:38:21  INFO      ==================================================
2026-03-27 04:38:21  INFO      Pipeline complete.  Total time: 1323.89s
2026-03-27 04:38:21  INFO      ==================================================
