2026-03-27 04:57:22  INFO      Log file: /Users/tanmaybhuskute/Documents/gifdroid-reproduction/app_HomeMedkit/utg03/gifdroid_20260327_045722_hhv_homography.log
2026-03-27 04:57:22  INFO      GIFdroid started
2026-03-27 04:57:22  INFO        --video            : /Users/tanmaybhuskute/Documents/gifdroid-reproduction/app_HomeMedkit/utg03/input/handheld/hhv_app_HomeMedkit.mp4
2026-03-27 04:57:22  INFO        --utg              : /Users/tanmaybhuskute/Documents/gifdroid-reproduction/app_HomeMedkit/utg03/input/utg.json
2026-03-27 04:57:22  INFO        --artifact         : /Users/tanmaybhuskute/Documents/gifdroid-reproduction/app_HomeMedkit/utg03/input/artifacts
2026-03-27 04:57:22  INFO        --out              : /Users/tanmaybhuskute/Documents/gifdroid-reproduction/app_HomeMedkit/utg03/output/execution_hhv_HomeMedkit_homography.json
2026-03-27 04:57:22  INFO        --log-dir          : None
2026-03-27 04:57:22  INFO        --save-keyframes   : /Users/tanmaybhuskute/Documents/gifdroid-reproduction/app_HomeMedkit/utg03/output/keyframes_homography
2026-03-27 04:57:22  INFO        --keyframe-method  : homography
2026-03-27 04:57:22  INFO      ==================================================
2026-03-27 04:57:22  INFO      STEP 1: Keyframe Location
2026-03-27 04:57:22  INFO        Input video      : /Users/tanmaybhuskute/Documents/gifdroid-reproduction/app_HomeMedkit/utg03/input/handheld/hhv_app_HomeMedkit.mp4
2026-03-27 04:57:22  INFO        Keyframe method  : homography
2026-03-27 04:57:22  INFO      keyframe_location_homography: starting on "/Users/tanmaybhuskute/Documents/gifdroid-reproduction/app_HomeMedkit/utg03/input/handheld/hhv_app_HomeMedkit.mp4"
2026-03-27 04:57:32  DEBUG     read_frames_from_video: 1359 frames decoded in 10.06s
2026-03-27 05:09:43  DEBUG     detect_keyframes: 36 keyframes detected from 1358 frames in 0.01s
2026-03-27 05:09:43  INFO      keyframe_location_homography: done — 36 keyframes at indices [129, 281, 316, 379, 388, 400, 436, 454, 466, 497, 527, 543, 558, 566, 591, 604, 615, 769, 838, 921, 928, 957, 1016, 1023, 1031, 1043, 1064, 1082, 1121, 1150, 1158, 1201, 1248, 1265, 1271, 1358] (740.91s)
2026-03-27 05:09:43  INFO        Keyframes found   : 36
2026-03-27 05:09:43  INFO        Keyframe indices  : [129, 281, 316, 379, 388, 400, 436, 454, 466, 497, 527, 543, 558, 566, 591, 604, 615, 769, 838, 921, 928, 957, 1016, 1023, 1031, 1043, 1064, 1082, 1121, 1150, 1158, 1201, 1248, 1265, 1271, 1358]
2026-03-27 05:09:43  INFO        Duration          : 741.28s
2026-03-27 05:09:47  INFO        Keyframes saved to: /Users/tanmaybhuskute/Documents/gifdroid-reproduction/app_HomeMedkit/utg03/output/keyframes_homography (36 files)
2026-03-27 05:09:47  INFO      ==================================================
2026-03-27 05:09:47  INFO      STEP 2: GUI Mapping
2026-03-27 05:09:47  INFO        Screenshots dir : /Users/tanmaybhuskute/Documents/gifdroid-reproduction/app_HomeMedkit/utg03/input/artifacts
2026-03-27 05:09:47  INFO      gui_mapping: matching 36 keyframes against screenshots in "/Users/tanmaybhuskute/Documents/gifdroid-reproduction/app_HomeMedkit/utg03/input/artifacts"
2026-03-27 05:09:53  DEBUG     load_screenshots: 53 screenshots loaded in 5.73s from "/Users/tanmaybhuskute/Documents/gifdroid-reproduction/app_HomeMedkit/utg03/input/artifacts"
2026-03-27 05:10:21  DEBUG     mapping: best match "artifacts_53.png" (score=0.311)
2026-03-27 05:10:42  DEBUG     mapping: best match "artifacts_30.png" (score=0.341)
2026-03-27 05:11:03  DEBUG     mapping: best match "artifacts_30.png" (score=0.340)
2026-03-27 05:11:24  DEBUG     mapping: best match "artifacts_30.png" (score=0.338)
2026-03-27 05:11:45  DEBUG     mapping: best match "artifacts_30.png" (score=0.343)
2026-03-27 05:12:05  DEBUG     mapping: best match "artifacts_30.png" (score=0.340)
2026-03-27 05:12:26  DEBUG     mapping: best match "artifacts_30.png" (score=0.306)
2026-03-27 05:12:42  DEBUG     mapping: best match "artifacts_30.png" (score=0.309)
2026-03-27 05:13:01  DEBUG     mapping: best match "artifacts_30.png" (score=0.307)
2026-03-27 05:13:21  DEBUG     mapping: best match "artifacts_53.png" (score=0.319)
2026-03-27 05:13:49  DEBUG     mapping: best match "artifacts_53.png" (score=0.328)
2026-03-27 05:14:07  DEBUG     mapping: best match "artifacts_53.png" (score=0.321)
2026-03-27 05:14:29  DEBUG     mapping: best match "artifacts_53.png" (score=0.315)
2026-03-27 05:14:54  DEBUG     mapping: best match "artifacts_53.png" (score=0.316)
2026-03-27 05:15:11  DEBUG     mapping: best match "artifacts_53.png" (score=0.308)
2026-03-27 05:15:33  DEBUG     mapping: best match "artifacts_53.png" (score=0.312)
2026-03-27 05:15:53  DEBUG     mapping: best match "artifacts_30.png" (score=0.284)
2026-03-27 05:16:08  DEBUG     mapping: best match "artifacts_30.png" (score=0.316)
2026-03-27 05:16:38  DEBUG     mapping: best match "artifacts_30.png" (score=0.320)
2026-03-27 05:16:57  DEBUG     mapping: best match "artifacts_53.png" (score=0.342)
2026-03-27 05:17:12  DEBUG     mapping: best match "artifacts_53.png" (score=0.339)
2026-03-27 05:17:39  DEBUG     mapping: best match "artifacts_53.png" (score=0.330)
2026-03-27 05:17:56  DEBUG     mapping: best match "artifacts_53.png" (score=0.317)
2026-03-27 05:18:10  DEBUG     mapping: best match "artifacts_53.png" (score=0.315)
2026-03-27 05:18:23  DEBUG     mapping: best match "artifacts_53.png" (score=0.315)
2026-03-27 05:18:36  DEBUG     mapping: best match "artifacts_53.png" (score=0.315)
2026-03-27 05:18:48  DEBUG     mapping: best match "artifacts_53.png" (score=0.312)
2026-03-27 05:19:01  DEBUG     mapping: best match "artifacts_53.png" (score=0.305)
2026-03-27 05:19:13  DEBUG     mapping: best match "artifacts_53.png" (score=0.323)
2026-03-27 05:19:26  DEBUG     mapping: best match "artifacts_53.png" (score=0.319)
2026-03-27 05:19:38  DEBUG     mapping: best match "artifacts_53.png" (score=0.316)
2026-03-27 05:19:51  DEBUG     mapping: best match "artifacts_53.png" (score=0.308)
2026-03-27 05:20:04  DEBUG     mapping: best match "artifacts_30.png" (score=0.324)
2026-03-27 05:20:16  DEBUG     mapping: best match "artifacts_30.png" (score=0.347)
2026-03-27 05:20:29  DEBUG     mapping: best match "artifacts_30.png" (score=0.348)
2026-03-27 05:20:42  DEBUG     mapping: best match "artifacts_30.png" (score=0.352)
2026-03-27 05:20:42  INFO      gui_mapping: done — index sequence [53, 30, 30, 30, 30, 30, 30, 30, 30, 53, 53, 53, 53, 53, 53, 53, 30, 30, 30, 53, 53, 53, 53, 53, 53, 53, 53, 53, 53, 53, 53, 53, 30, 30, 30, 30] (654.80s)
2026-03-27 05:20:42  INFO        Mapped index sequence : [53, 30, 30, 30, 30, 30, 30, 30, 30, 53, 53, 53, 53, 53, 53, 53, 30, 30, 30, 53, 53, 53, 53, 53, 53, 53, 53, 53, 53, 53, 53, 53, 30, 30, 30, 30]
2026-03-27 05:20:42  INFO        Duration              : 654.81s
2026-03-27 05:20:42  INFO      ==================================================
2026-03-27 05:20:42  INFO      STEP 3: Find Execution Trace
2026-03-27 05:20:42  INFO        UTG file : /Users/tanmaybhuskute/Documents/gifdroid-reproduction/app_HomeMedkit/utg03/input/utg.json
2026-03-27 05:20:42  INFO      find_execution_trace: target sequence [53, 30, 30, 30, 30, 30, 30, 30, 30, 53, 53, 53, 53, 53, 53, 53, 30, 30, 30, 53, 53, 53, 53, 53, 53, 53, 53, 53, 53, 53, 53, 53, 30, 30, 30, 30]
2026-03-27 05:20:42  DEBUG     read_graph: 210 edges, 52 vertices loaded in 0.00s
2026-03-27 05:20:43  DEBUG     find_execution_trace: 41031 candidate paths found in 0.82s
2026-03-27 05:20:52  INFO      find_execution_trace: 1 trace(s) found (LCS=1, length=4) in 9.78s
2026-03-27 05:20:52  INFO        Candidate traces found : 1
2026-03-27 05:20:52  INFO          Trace 0: [0, 1, 31, 30]
2026-03-27 05:20:52  INFO        Duration : 9.78s
2026-03-27 05:20:52  INFO      ==================================================
2026-03-27 05:20:52  INFO      STEP 4: Store Execution Trace
2026-03-27 05:20:52  INFO      Execution trace written to: /Users/tanmaybhuskute/Documents/gifdroid-reproduction/app_HomeMedkit/utg03/output/execution_hhv_HomeMedkit_homography.json
2026-03-27 05:20:52  INFO        Duration : 0.00s
2026-03-27 05:20:52  INFO      ==================================================
2026-03-27 05:20:52  INFO      Pipeline complete.  Total time: 1410.22s
2026-03-27 05:20:52  INFO      ==================================================
