2026-03-27 03:36:06  INFO      Log file: /Users/tanmaybhuskute/Documents/gifdroid-reproduction/app_HomeMedkit/utg02/gifdroid_20260327_033606_hhv_clip.log
2026-03-27 03:36:06  INFO      GIFdroid started
2026-03-27 03:36:06  INFO        --video            : /Users/tanmaybhuskute/Documents/gifdroid-reproduction/app_HomeMedkit/utg02/input/handheld/hhv_app_HomeMedkit.mp4
2026-03-27 03:36:06  INFO        --utg              : /Users/tanmaybhuskute/Documents/gifdroid-reproduction/app_HomeMedkit/utg02/input/utg.json
2026-03-27 03:36:06  INFO        --artifact         : /Users/tanmaybhuskute/Documents/gifdroid-reproduction/app_HomeMedkit/utg02/input/artifacts
2026-03-27 03:36:06  INFO        --out              : /Users/tanmaybhuskute/Documents/gifdroid-reproduction/app_HomeMedkit/utg02/output/execution_hhv_HomeMedkit_clip.json
2026-03-27 03:36:06  INFO        --log-dir          : None
2026-03-27 03:36:06  INFO        --save-keyframes   : /Users/tanmaybhuskute/Documents/gifdroid-reproduction/app_HomeMedkit/utg02/output/keyframes_clip
2026-03-27 03:36:06  INFO        --keyframe-method  : clip
2026-03-27 03:36:06  INFO      ==================================================
2026-03-27 03:36:06  INFO      STEP 1: Keyframe Location
2026-03-27 03:36:06  INFO        Input video      : /Users/tanmaybhuskute/Documents/gifdroid-reproduction/app_HomeMedkit/utg02/input/handheld/hhv_app_HomeMedkit.mp4
2026-03-27 03:36:06  INFO        Keyframe method  : clip
2026-03-27 03:36:06  INFO      keyframe_location_clip_cluster: starting on "/Users/tanmaybhuskute/Documents/gifdroid-reproduction/app_HomeMedkit/utg02/input/handheld/hhv_app_HomeMedkit.mp4" (threshold=0.85)
2026-03-27 03:36:06  INFO      keyframe_location: starting on video "/Users/tanmaybhuskute/Documents/gifdroid-reproduction/app_HomeMedkit/utg02/input/handheld/hhv_app_HomeMedkit.mp4"
2026-03-27 03:36:21  DEBUG     read_frames_from_video: 1359 frames decoded in 15.66s
2026-03-27 03:39:07  DEBUG     calculate_sim_seq: 1358 similarities computed in 165.55s
2026-03-27 03:39:07  DEBUG     detect_keyframes: 54 keyframes detected from 1358 frames in 0.00s
2026-03-27 03:39:07  INFO      keyframe_location: done — 54 keyframes at indices [129, 281, 379, 400, 434, 454, 465, 492, 497, 515, 520, 526, 543, 558, 591, 604, 615, 640, 649, 676, 688, 707, 768, 775, 786, 807, 838, 849, 918, 928, 945, 957, 967, 1015, 1023, 1033, 1043, 1052, 1061, 1082, 1118, 1134, 1144, 1150, 1158, 1181, 1201, 1207, 1240, 1248, 1265, 1271, 1297, 1358] (181.66s total)
2026-03-27 03:39:08  INFO      keyframe_location_clip_cluster: baseline produced 54 keyframes
2026-03-27 03:39:39  WARNING   keyframe_location_clip_cluster: missing dependency (No module named 'transformers'); returning baseline result. Install with: pip install transformers torch scikit-learn
2026-03-27 03:39:39  INFO        Keyframes found   : 54
2026-03-27 03:39:39  INFO        Keyframe indices  : [129, 281, 379, 400, 434, 454, 465, 492, 497, 515, 520, 526, 543, 558, 591, 604, 615, 640, 649, 676, 688, 707, 768, 775, 786, 807, 838, 849, 918, 928, 945, 957, 967, 1015, 1023, 1033, 1043, 1052, 1061, 1082, 1118, 1134, 1144, 1150, 1158, 1181, 1201, 1207, 1240, 1248, 1265, 1271, 1297, 1358]
2026-03-27 03:39:39  INFO        Duration          : 213.32s
2026-03-27 03:39:45  INFO        Keyframes saved to: /Users/tanmaybhuskute/Documents/gifdroid-reproduction/app_HomeMedkit/utg02/output/keyframes_clip (54 files)
2026-03-27 03:39:45  INFO      ==================================================
2026-03-27 03:39:45  INFO      STEP 2: GUI Mapping
2026-03-27 03:39:45  INFO        Screenshots dir : /Users/tanmaybhuskute/Documents/gifdroid-reproduction/app_HomeMedkit/utg02/input/artifacts
2026-03-27 03:39:45  INFO      gui_mapping: matching 54 keyframes against screenshots in "/Users/tanmaybhuskute/Documents/gifdroid-reproduction/app_HomeMedkit/utg02/input/artifacts"
2026-03-27 03:39:50  DEBUG     load_screenshots: 80 screenshots loaded in 5.59s from "/Users/tanmaybhuskute/Documents/gifdroid-reproduction/app_HomeMedkit/utg02/input/artifacts"
2026-03-27 03:40:03  DEBUG     mapping: best match "artifacts_18.png" (score=0.290)
2026-03-27 03:40:13  DEBUG     mapping: best match "artifacts_18.png" (score=0.326)
2026-03-27 03:40:23  DEBUG     mapping: best match "artifacts_18.png" (score=0.322)
2026-03-27 03:40:33  DEBUG     mapping: best match "artifacts_18.png" (score=0.315)
2026-03-27 03:40:43  DEBUG     mapping: best match "artifacts_18.png" (score=0.281)
2026-03-27 03:40:53  DEBUG     mapping: best match "artifacts_18.png" (score=0.282)
2026-03-27 03:41:02  DEBUG     mapping: best match "artifacts_18.png" (score=0.281)
2026-03-27 03:41:11  DEBUG     mapping: best match "artifacts_18.png" (score=0.304)
2026-03-27 03:41:21  DEBUG     mapping: best match "artifacts_18.png" (score=0.303)
2026-03-27 03:41:31  DEBUG     mapping: best match "artifacts_18.png" (score=0.300)
2026-03-27 03:41:41  DEBUG     mapping: best match "artifacts_18.png" (score=0.303)
2026-03-27 03:41:50  DEBUG     mapping: best match "artifacts_18.png" (score=0.307)
2026-03-27 03:42:01  DEBUG     mapping: best match "artifacts_18.png" (score=0.300)
2026-03-27 03:42:13  DEBUG     mapping: best match "artifacts_18.png" (score=0.296)
2026-03-27 03:42:22  DEBUG     mapping: best match "artifacts_18.png" (score=0.290)
2026-03-27 03:42:31  DEBUG     mapping: best match "artifacts_18.png" (score=0.291)
2026-03-27 03:42:41  DEBUG     mapping: best match "artifacts_18.png" (score=0.262)
2026-03-27 03:42:50  DEBUG     mapping: best match "artifacts_18.png" (score=0.275)
2026-03-27 03:42:59  DEBUG     mapping: best match "artifacts_18.png" (score=0.270)
2026-03-27 03:43:09  DEBUG     mapping: best match "artifacts_18.png" (score=0.280)
2026-03-27 03:43:18  DEBUG     mapping: best match "artifacts_18.png" (score=0.280)
2026-03-27 03:43:26  DEBUG     mapping: best match "artifacts_18.png" (score=0.293)
2026-03-27 03:43:34  DEBUG     mapping: best match "artifacts_18.png" (score=0.291)
2026-03-27 03:43:42  DEBUG     mapping: best match "artifacts_18.png" (score=0.290)
2026-03-27 03:43:50  DEBUG     mapping: best match "artifacts_18.png" (score=0.287)
2026-03-27 03:43:58  DEBUG     mapping: best match "artifacts_18.png" (score=0.285)
2026-03-27 03:44:06  DEBUG     mapping: best match "artifacts_18.png" (score=0.293)
2026-03-27 03:44:15  DEBUG     mapping: best match "artifacts_18.png" (score=0.311)
2026-03-27 03:44:23  DEBUG     mapping: best match "artifacts_18.png" (score=0.314)
2026-03-27 03:44:32  DEBUG     mapping: best match "artifacts_18.png" (score=0.314)
2026-03-27 03:44:40  DEBUG     mapping: best match "artifacts_18.png" (score=0.309)
2026-03-27 03:44:49  DEBUG     mapping: best match "artifacts_18.png" (score=0.314)
2026-03-27 03:44:57  DEBUG     mapping: best match "artifacts_18.png" (score=0.314)
2026-03-27 03:45:05  DEBUG     mapping: best match "artifacts_18.png" (score=0.304)
2026-03-27 03:45:14  DEBUG     mapping: best match "artifacts_18.png" (score=0.298)
2026-03-27 03:45:23  DEBUG     mapping: best match "artifacts_18.png" (score=0.295)
2026-03-27 03:45:31  DEBUG     mapping: best match "artifacts_18.png" (score=0.300)
2026-03-27 03:45:39  DEBUG     mapping: best match "artifacts_18.png" (score=0.302)
2026-03-27 03:45:48  DEBUG     mapping: best match "artifacts_18.png" (score=0.301)
2026-03-27 03:45:56  DEBUG     mapping: best match "artifacts_18.png" (score=0.295)
2026-03-27 03:46:04  DEBUG     mapping: best match "artifacts_18.png" (score=0.313)
2026-03-27 03:46:12  DEBUG     mapping: best match "artifacts_18.png" (score=0.311)
2026-03-27 03:46:21  DEBUG     mapping: best match "artifacts_18.png" (score=0.309)
2026-03-27 03:46:28  DEBUG     mapping: best match "artifacts_18.png" (score=0.307)
2026-03-27 03:46:37  DEBUG     mapping: best match "artifacts_18.png" (score=0.303)
2026-03-27 03:46:44  DEBUG     mapping: best match "artifacts_18.png" (score=0.294)
2026-03-27 03:46:53  DEBUG     mapping: best match "artifacts_18.png" (score=0.294)
2026-03-27 03:47:01  DEBUG     mapping: best match "artifacts_18.png" (score=0.306)
2026-03-27 03:47:08  DEBUG     mapping: best match "artifacts_18.png" (score=0.300)
2026-03-27 03:47:17  DEBUG     mapping: best match "artifacts_18.png" (score=0.299)
2026-03-27 03:47:25  DEBUG     mapping: best match "artifacts_18.png" (score=0.315)
2026-03-27 03:47:32  DEBUG     mapping: best match "artifacts_18.png" (score=0.317)
2026-03-27 03:47:41  DEBUG     mapping: best match "artifacts_18.png" (score=0.315)
2026-03-27 03:47:51  DEBUG     mapping: best match "artifacts_18.png" (score=0.330)
2026-03-27 03:47:51  INFO      gui_mapping: done — index sequence [18, 18, 18, 18, 18, 18, 18, 18, 18, 18, 18, 18, 18, 18, 18, 18, 18, 18, 18, 18, 18, 18, 18, 18, 18, 18, 18, 18, 18, 18, 18, 18, 18, 18, 18, 18, 18, 18, 18, 18, 18, 18, 18, 18, 18, 18, 18, 18, 18, 18, 18, 18, 18, 18] (486.09s)
2026-03-27 03:47:51  INFO        Mapped index sequence : [18, 18, 18, 18, 18, 18, 18, 18, 18, 18, 18, 18, 18, 18, 18, 18, 18, 18, 18, 18, 18, 18, 18, 18, 18, 18, 18, 18, 18, 18, 18, 18, 18, 18, 18, 18, 18, 18, 18, 18, 18, 18, 18, 18, 18, 18, 18, 18, 18, 18, 18, 18, 18, 18]
2026-03-27 03:47:51  INFO        Duration              : 486.10s
2026-03-27 03:47:51  INFO      ==================================================
2026-03-27 03:47:51  INFO      STEP 3: Find Execution Trace
2026-03-27 03:47:51  INFO        UTG file : /Users/tanmaybhuskute/Documents/gifdroid-reproduction/app_HomeMedkit/utg02/input/utg.json
2026-03-27 03:47:51  INFO      find_execution_trace: target sequence [18, 18, 18, 18, 18, 18, 18, 18, 18, 18, 18, 18, 18, 18, 18, 18, 18, 18, 18, 18, 18, 18, 18, 18, 18, 18, 18, 18, 18, 18, 18, 18, 18, 18, 18, 18, 18, 18, 18, 18, 18, 18, 18, 18, 18, 18, 18, 18, 18, 18, 18, 18, 18, 18]
2026-03-27 03:47:51  DEBUG     read_graph: 298 edges, 80 vertices loaded in 0.01s
2026-03-27 03:48:03  DEBUG     find_execution_trace: 52482 candidate paths found in 11.91s
2026-03-27 03:48:33  INFO      find_execution_trace: 1 trace(s) found (LCS=1, length=5) in 42.74s
2026-03-27 03:48:33  INFO        Candidate traces found : 1
2026-03-27 03:48:33  INFO          Trace 0: [0, 1, 3, 16, 18]
2026-03-27 03:48:33  INFO        Duration : 42.75s
2026-03-27 03:48:33  INFO      ==================================================
2026-03-27 03:48:33  INFO      STEP 4: Store Execution Trace
2026-03-27 03:48:33  INFO      Execution trace written to: /Users/tanmaybhuskute/Documents/gifdroid-reproduction/app_HomeMedkit/utg02/output/execution_hhv_HomeMedkit_clip.json
2026-03-27 03:48:33  INFO        Duration : 0.00s
2026-03-27 03:48:33  INFO      ==================================================
2026-03-27 03:48:33  INFO      Pipeline complete.  Total time: 747.84s
2026-03-27 03:48:33  INFO      ==================================================
