2026-03-27 03:02:13  INFO      Log file: /Users/tanmaybhuskute/Documents/gifdroid-reproduction/app_HomeMedkit/utg02/gifdroid_20260327_030213_hhv_hysteresis.log
2026-03-27 03:02:13  INFO      GIFdroid started
2026-03-27 03:02:13  INFO        --video            : /Users/tanmaybhuskute/Documents/gifdroid-reproduction/app_HomeMedkit/utg02/input/handheld/hhv_app_HomeMedkit.mp4
2026-03-27 03:02:13  INFO        --utg              : /Users/tanmaybhuskute/Documents/gifdroid-reproduction/app_HomeMedkit/utg02/input/utg.json
2026-03-27 03:02:13  INFO        --artifact         : /Users/tanmaybhuskute/Documents/gifdroid-reproduction/app_HomeMedkit/utg02/input/artifacts
2026-03-27 03:02:13  INFO        --out              : /Users/tanmaybhuskute/Documents/gifdroid-reproduction/app_HomeMedkit/utg02/output/execution_hhv_HomeMedkit_hysteresis.json
2026-03-27 03:02:13  INFO        --log-dir          : None
2026-03-27 03:02:13  INFO        --save-keyframes   : /Users/tanmaybhuskute/Documents/gifdroid-reproduction/app_HomeMedkit/utg02/output/keyframes_hysteresis
2026-03-27 03:02:13  INFO        --keyframe-method  : hysteresis
2026-03-27 03:02:13  INFO      ==================================================
2026-03-27 03:02:13  INFO      STEP 1: Keyframe Location
2026-03-27 03:02:13  INFO        Input video      : /Users/tanmaybhuskute/Documents/gifdroid-reproduction/app_HomeMedkit/utg02/input/handheld/hhv_app_HomeMedkit.mp4
2026-03-27 03:02:13  INFO        Keyframe method  : hysteresis
2026-03-27 03:02:13  INFO      keyframe_location_hysteresis: starting on "/Users/tanmaybhuskute/Documents/gifdroid-reproduction/app_HomeMedkit/utg02/input/handheld/hhv_app_HomeMedkit.mp4" (k=3)
2026-03-27 03:02:28  DEBUG     read_frames_from_video: 1359 frames decoded in 14.96s
2026-03-27 03:04:44  DEBUG     calculate_sim_seq: 1358 similarities computed in 135.57s
2026-03-27 03:04:44  INFO      keyframe_location_hysteresis: done — 58 keyframes at indices [128, 280, 378, 399, 433, 453, 464, 491, 496, 514, 519, 525, 542, 557, 565, 590, 603, 614, 620, 639, 648, 675, 687, 706, 767, 774, 785, 806, 837, 848, 917, 927, 944, 956, 966, 970, 1014, 1022, 1032, 1042, 1051, 1060, 1081, 1117, 1133, 1143, 1149, 1157, 1180, 1200, 1206, 1213, 1239, 1247, 1264, 1270, 1296, 1358] (150.61s)
2026-03-27 03:04:44  INFO        Keyframes found   : 58
2026-03-27 03:04:44  INFO        Keyframe indices  : [128, 280, 378, 399, 433, 453, 464, 491, 496, 514, 519, 525, 542, 557, 565, 590, 603, 614, 620, 639, 648, 675, 687, 706, 767, 774, 785, 806, 837, 848, 917, 927, 944, 956, 966, 970, 1014, 1022, 1032, 1042, 1051, 1060, 1081, 1117, 1133, 1143, 1149, 1157, 1180, 1200, 1206, 1213, 1239, 1247, 1264, 1270, 1296, 1358]
2026-03-27 03:04:44  INFO        Duration          : 150.92s
2026-03-27 03:04:49  INFO        Keyframes saved to: /Users/tanmaybhuskute/Documents/gifdroid-reproduction/app_HomeMedkit/utg02/output/keyframes_hysteresis (58 files)
2026-03-27 03:04:49  INFO      ==================================================
2026-03-27 03:04:49  INFO      STEP 2: GUI Mapping
2026-03-27 03:04:49  INFO        Screenshots dir : /Users/tanmaybhuskute/Documents/gifdroid-reproduction/app_HomeMedkit/utg02/input/artifacts
2026-03-27 03:04:49  INFO      gui_mapping: matching 58 keyframes against screenshots in "/Users/tanmaybhuskute/Documents/gifdroid-reproduction/app_HomeMedkit/utg02/input/artifacts"
2026-03-27 03:04:53  DEBUG     load_screenshots: 80 screenshots loaded in 4.26s from "/Users/tanmaybhuskute/Documents/gifdroid-reproduction/app_HomeMedkit/utg02/input/artifacts"
2026-03-27 03:05:02  DEBUG     mapping: best match "artifacts_18.png" (score=0.288)
2026-03-27 03:05:11  DEBUG     mapping: best match "artifacts_18.png" (score=0.326)
2026-03-27 03:05:20  DEBUG     mapping: best match "artifacts_18.png" (score=0.322)
2026-03-27 03:05:29  DEBUG     mapping: best match "artifacts_18.png" (score=0.316)
2026-03-27 03:05:37  DEBUG     mapping: best match "artifacts_18.png" (score=0.281)
2026-03-27 03:05:46  DEBUG     mapping: best match "artifacts_18.png" (score=0.282)
2026-03-27 03:05:55  DEBUG     mapping: best match "artifacts_18.png" (score=0.281)
2026-03-27 03:06:04  DEBUG     mapping: best match "artifacts_18.png" (score=0.305)
2026-03-27 03:06:13  DEBUG     mapping: best match "artifacts_18.png" (score=0.304)
2026-03-27 03:06:22  DEBUG     mapping: best match "artifacts_18.png" (score=0.299)
2026-03-27 03:06:32  DEBUG     mapping: best match "artifacts_18.png" (score=0.303)
2026-03-27 03:06:40  DEBUG     mapping: best match "artifacts_18.png" (score=0.308)
2026-03-27 03:06:49  DEBUG     mapping: best match "artifacts_18.png" (score=0.300)
2026-03-27 03:06:58  DEBUG     mapping: best match "artifacts_18.png" (score=0.296)
2026-03-27 03:07:07  DEBUG     mapping: best match "artifacts_18.png" (score=0.298)
2026-03-27 03:07:16  DEBUG     mapping: best match "artifacts_18.png" (score=0.289)
2026-03-27 03:07:25  DEBUG     mapping: best match "artifacts_18.png" (score=0.291)
2026-03-27 03:07:34  DEBUG     mapping: best match "artifacts_18.png" (score=0.261)
2026-03-27 03:07:43  DEBUG     mapping: best match "artifacts_18.png" (score=0.278)
2026-03-27 03:07:55  DEBUG     mapping: best match "artifacts_18.png" (score=0.276)
2026-03-27 03:08:06  DEBUG     mapping: best match "artifacts_18.png" (score=0.275)
2026-03-27 03:08:17  DEBUG     mapping: best match "artifacts_18.png" (score=0.280)
2026-03-27 03:08:28  DEBUG     mapping: best match "artifacts_18.png" (score=0.281)
2026-03-27 03:08:38  DEBUG     mapping: best match "artifacts_18.png" (score=0.293)
2026-03-27 03:08:48  DEBUG     mapping: best match "artifacts_18.png" (score=0.290)
2026-03-27 03:08:59  DEBUG     mapping: best match "artifacts_18.png" (score=0.289)
2026-03-27 03:09:10  DEBUG     mapping: best match "artifacts_18.png" (score=0.286)
2026-03-27 03:09:21  DEBUG     mapping: best match "artifacts_18.png" (score=0.284)
2026-03-27 03:09:32  DEBUG     mapping: best match "artifacts_18.png" (score=0.293)
2026-03-27 03:09:42  DEBUG     mapping: best match "artifacts_18.png" (score=0.310)
2026-03-27 03:09:52  DEBUG     mapping: best match "artifacts_18.png" (score=0.312)
2026-03-27 03:10:02  DEBUG     mapping: best match "artifacts_18.png" (score=0.314)
2026-03-27 03:10:13  DEBUG     mapping: best match "artifacts_18.png" (score=0.310)
2026-03-27 03:10:23  DEBUG     mapping: best match "artifacts_18.png" (score=0.314)
2026-03-27 03:10:34  DEBUG     mapping: best match "artifacts_18.png" (score=0.315)
2026-03-27 03:10:44  DEBUG     mapping: best match "artifacts_18.png" (score=0.312)
2026-03-27 03:10:54  DEBUG     mapping: best match "artifacts_18.png" (score=0.304)
2026-03-27 03:11:04  DEBUG     mapping: best match "artifacts_18.png" (score=0.299)
2026-03-27 03:11:14  DEBUG     mapping: best match "artifacts_18.png" (score=0.296)
2026-03-27 03:11:24  DEBUG     mapping: best match "artifacts_18.png" (score=0.298)
2026-03-27 03:11:33  DEBUG     mapping: best match "artifacts_18.png" (score=0.303)
2026-03-27 03:11:42  DEBUG     mapping: best match "artifacts_18.png" (score=0.299)
2026-03-27 03:11:51  DEBUG     mapping: best match "artifacts_18.png" (score=0.294)
2026-03-27 03:12:00  DEBUG     mapping: best match "artifacts_18.png" (score=0.313)
2026-03-27 03:12:09  DEBUG     mapping: best match "artifacts_18.png" (score=0.311)
2026-03-27 03:12:18  DEBUG     mapping: best match "artifacts_18.png" (score=0.310)
2026-03-27 03:12:27  DEBUG     mapping: best match "artifacts_18.png" (score=0.308)
2026-03-27 03:12:36  DEBUG     mapping: best match "artifacts_18.png" (score=0.304)
2026-03-27 03:12:45  DEBUG     mapping: best match "artifacts_18.png" (score=0.294)
2026-03-27 03:12:54  DEBUG     mapping: best match "artifacts_18.png" (score=0.294)
2026-03-27 03:13:03  DEBUG     mapping: best match "artifacts_18.png" (score=0.307)
2026-03-27 03:13:12  DEBUG     mapping: best match "artifacts_18.png" (score=0.288)
2026-03-27 03:13:21  DEBUG     mapping: best match "artifacts_18.png" (score=0.300)
2026-03-27 03:13:30  DEBUG     mapping: best match "artifacts_18.png" (score=0.299)
2026-03-27 03:13:39  DEBUG     mapping: best match "artifacts_18.png" (score=0.315)
2026-03-27 03:13:48  DEBUG     mapping: best match "artifacts_18.png" (score=0.316)
2026-03-27 03:13:58  DEBUG     mapping: best match "artifacts_18.png" (score=0.315)
2026-03-27 03:14:06  DEBUG     mapping: best match "artifacts_18.png" (score=0.330)
2026-03-27 03:14:06  INFO      gui_mapping: done — index sequence [18, 18, 18, 18, 18, 18, 18, 18, 18, 18, 18, 18, 18, 18, 18, 18, 18, 18, 18, 18, 18, 18, 18, 18, 18, 18, 18, 18, 18, 18, 18, 18, 18, 18, 18, 18, 18, 18, 18, 18, 18, 18, 18, 18, 18, 18, 18, 18, 18, 18, 18, 18, 18, 18, 18, 18, 18, 18] (557.36s)
2026-03-27 03:14:06  INFO        Mapped index sequence : [18, 18, 18, 18, 18, 18, 18, 18, 18, 18, 18, 18, 18, 18, 18, 18, 18, 18, 18, 18, 18, 18, 18, 18, 18, 18, 18, 18, 18, 18, 18, 18, 18, 18, 18, 18, 18, 18, 18, 18, 18, 18, 18, 18, 18, 18, 18, 18, 18, 18, 18, 18, 18, 18, 18, 18, 18, 18]
2026-03-27 03:14:06  INFO        Duration              : 557.37s
2026-03-27 03:14:06  INFO      ==================================================
2026-03-27 03:14:06  INFO      STEP 3: Find Execution Trace
2026-03-27 03:14:06  INFO        UTG file : /Users/tanmaybhuskute/Documents/gifdroid-reproduction/app_HomeMedkit/utg02/input/utg.json
2026-03-27 03:14:06  INFO      find_execution_trace: target sequence [18, 18, 18, 18, 18, 18, 18, 18, 18, 18, 18, 18, 18, 18, 18, 18, 18, 18, 18, 18, 18, 18, 18, 18, 18, 18, 18, 18, 18, 18, 18, 18, 18, 18, 18, 18, 18, 18, 18, 18, 18, 18, 18, 18, 18, 18, 18, 18, 18, 18, 18, 18, 18, 18, 18, 18, 18, 18]
2026-03-27 03:14:07  DEBUG     read_graph: 298 edges, 80 vertices loaded in 0.01s
2026-03-27 03:14:19  DEBUG     find_execution_trace: 52482 candidate paths found in 12.21s
2026-03-27 03:14:53  INFO      find_execution_trace: 1 trace(s) found (LCS=1, length=5) in 46.79s
2026-03-27 03:14:53  INFO        Candidate traces found : 1
2026-03-27 03:14:53  INFO          Trace 0: [0, 1, 3, 16, 18]
2026-03-27 03:14:53  INFO        Duration : 46.79s
2026-03-27 03:14:53  INFO      ==================================================
2026-03-27 03:14:53  INFO      STEP 4: Store Execution Trace
2026-03-27 03:14:53  INFO      Execution trace written to: /Users/tanmaybhuskute/Documents/gifdroid-reproduction/app_HomeMedkit/utg02/output/execution_hhv_HomeMedkit_hysteresis.json
2026-03-27 03:14:53  INFO        Duration : 0.01s
2026-03-27 03:14:53  INFO      ==================================================
2026-03-27 03:14:53  INFO      Pipeline complete.  Total time: 760.28s
2026-03-27 03:14:53  INFO      ==================================================
