2026-03-27 10:56:33  INFO      Log file: /Users/tanmaybhuskute/Documents/gifdroid-reproduction/app_SimpleNotes/utg02/gifdroid_20260327_105633_hhv_clip.log
2026-03-27 10:56:33  INFO      GIFdroid started
2026-03-27 10:56:33  INFO        --video            : /Users/tanmaybhuskute/Documents/gifdroid-reproduction/app_SimpleNotes/utg02/input/handheld/hhv_app_SimpleNotes.mp4
2026-03-27 10:56:33  INFO        --utg              : /Users/tanmaybhuskute/Documents/gifdroid-reproduction/app_SimpleNotes/utg02/input/utg.json
2026-03-27 10:56:33  INFO        --artifact         : /Users/tanmaybhuskute/Documents/gifdroid-reproduction/app_SimpleNotes/utg02/input/artifacts
2026-03-27 10:56:33  INFO        --out              : /Users/tanmaybhuskute/Documents/gifdroid-reproduction/app_SimpleNotes/utg02/output/execution_hhv_SimpleNotes_clip.json
2026-03-27 10:56:33  INFO        --log-dir          : None
2026-03-27 10:56:33  INFO        --save-keyframes   : /Users/tanmaybhuskute/Documents/gifdroid-reproduction/app_SimpleNotes/utg02/output/keyframes_clip
2026-03-27 10:56:33  INFO        --keyframe-method  : clip
2026-03-27 10:56:33  INFO      ==================================================
2026-03-27 10:56:33  INFO      STEP 1: Keyframe Location
2026-03-27 10:56:33  INFO        Input video      : /Users/tanmaybhuskute/Documents/gifdroid-reproduction/app_SimpleNotes/utg02/input/handheld/hhv_app_SimpleNotes.mp4
2026-03-27 10:56:33  INFO        Keyframe method  : clip
2026-03-27 10:56:33  INFO      keyframe_location_clip_cluster: starting on "/Users/tanmaybhuskute/Documents/gifdroid-reproduction/app_SimpleNotes/utg02/input/handheld/hhv_app_SimpleNotes.mp4" (threshold=0.85)
2026-03-27 10:56:33  INFO      keyframe_location: starting on video "/Users/tanmaybhuskute/Documents/gifdroid-reproduction/app_SimpleNotes/utg02/input/handheld/hhv_app_SimpleNotes.mp4"
2026-03-27 10:56:43  DEBUG     read_frames_from_video: 1256 frames decoded in 10.27s
2026-03-27 10:58:33  DEBUG     calculate_sim_seq: 1255 similarities computed in 109.62s
2026-03-27 10:58:33  DEBUG     detect_keyframes: 35 keyframes detected from 1255 frames in 0.00s
2026-03-27 10:58:33  INFO      keyframe_location: done — 35 keyframes at indices [178, 220, 256, 280, 300, 346, 360, 406, 436, 463, 473, 498, 503, 512, 523, 557, 627, 729, 775, 915, 938, 954, 968, 976, 983, 997, 1015, 1035, 1069, 1082, 1108, 1143, 1236, 1242, 1255] (119.92s total)
2026-03-27 10:58:33  INFO      keyframe_location_clip_cluster: baseline produced 35 keyframes
2026-03-27 10:58:35  WARNING   keyframe_location_clip_cluster: missing dependency (No module named 'transformers'); returning baseline result. Install with: pip install transformers torch scikit-learn
2026-03-27 10:58:35  INFO        Keyframes found   : 35
2026-03-27 10:58:35  INFO        Keyframe indices  : [178, 220, 256, 280, 300, 346, 360, 406, 436, 463, 473, 498, 503, 512, 523, 557, 627, 729, 775, 915, 938, 954, 968, 976, 983, 997, 1015, 1035, 1069, 1082, 1108, 1143, 1236, 1242, 1255]
2026-03-27 10:58:35  INFO        Duration          : 121.49s
2026-03-27 10:58:37  INFO        Keyframes saved to: /Users/tanmaybhuskute/Documents/gifdroid-reproduction/app_SimpleNotes/utg02/output/keyframes_clip (35 files)
2026-03-27 10:58:37  INFO      ==================================================
2026-03-27 10:58:37  INFO      STEP 2: GUI Mapping
2026-03-27 10:58:37  INFO        Screenshots dir : /Users/tanmaybhuskute/Documents/gifdroid-reproduction/app_SimpleNotes/utg02/input/artifacts
2026-03-27 10:58:37  INFO      gui_mapping: matching 35 keyframes against screenshots in "/Users/tanmaybhuskute/Documents/gifdroid-reproduction/app_SimpleNotes/utg02/input/artifacts"
2026-03-27 10:58:39  DEBUG     load_screenshots: 34 screenshots loaded in 1.65s from "/Users/tanmaybhuskute/Documents/gifdroid-reproduction/app_SimpleNotes/utg02/input/artifacts"
2026-03-27 10:58:42  DEBUG     mapping: best match "artifacts_27.png" (score=0.324)
2026-03-27 10:58:45  DEBUG     mapping: best match "artifacts_27.png" (score=0.321)
2026-03-27 10:58:49  DEBUG     mapping: best match "artifacts_27.png" (score=0.319)
2026-03-27 10:58:52  DEBUG     mapping: best match "artifacts_27.png" (score=0.322)
2026-03-27 10:58:55  DEBUG     mapping: best match "artifacts_27.png" (score=0.320)
2026-03-27 10:58:58  DEBUG     mapping: best match "artifacts_27.png" (score=0.287)
2026-03-27 10:59:02  DEBUG     mapping: best match "artifacts_27.png" (score=0.287)
2026-03-27 10:59:05  DEBUG     mapping: best match "artifacts_27.png" (score=0.295)
2026-03-27 10:59:08  DEBUG     mapping: best match "artifacts_27.png" (score=0.315)
2026-03-27 10:59:12  DEBUG     mapping: best match "artifacts_27.png" (score=0.309)
2026-03-27 10:59:15  DEBUG     mapping: best match "artifacts_27.png" (score=0.309)
2026-03-27 10:59:18  DEBUG     mapping: best match "artifacts_27.png" (score=0.289)
2026-03-27 10:59:22  DEBUG     mapping: best match "artifacts_27.png" (score=0.286)
2026-03-27 10:59:25  DEBUG     mapping: best match "artifacts_27.png" (score=0.285)
2026-03-27 10:59:28  DEBUG     mapping: best match "artifacts_27.png" (score=0.287)
2026-03-27 10:59:32  DEBUG     mapping: best match "artifacts_27.png" (score=0.295)
2026-03-27 10:59:35  DEBUG     mapping: best match "artifacts_27.png" (score=0.283)
2026-03-27 10:59:38  DEBUG     mapping: best match "artifacts_27.png" (score=0.310)
2026-03-27 10:59:42  DEBUG     mapping: best match "artifacts_27.png" (score=0.282)
2026-03-27 10:59:45  DEBUG     mapping: best match "artifacts_27.png" (score=0.271)
2026-03-27 10:59:48  DEBUG     mapping: best match "artifacts_27.png" (score=0.296)
2026-03-27 10:59:52  DEBUG     mapping: best match "artifacts_27.png" (score=0.285)
2026-03-27 10:59:55  DEBUG     mapping: best match "artifacts_27.png" (score=0.287)
2026-03-27 10:59:58  DEBUG     mapping: best match "artifacts_27.png" (score=0.286)
2026-03-27 11:00:01  DEBUG     mapping: best match "artifacts_27.png" (score=0.286)
2026-03-27 11:00:04  DEBUG     mapping: best match "artifacts_27.png" (score=0.291)
2026-03-27 11:00:08  DEBUG     mapping: best match "artifacts_27.png" (score=0.286)
2026-03-27 11:00:11  DEBUG     mapping: best match "artifacts_27.png" (score=0.285)
2026-03-27 11:00:14  DEBUG     mapping: best match "artifacts_27.png" (score=0.282)
2026-03-27 11:00:17  DEBUG     mapping: best match "artifacts_27.png" (score=0.285)
2026-03-27 11:00:21  DEBUG     mapping: best match "artifacts_27.png" (score=0.292)
2026-03-27 11:00:24  DEBUG     mapping: best match "artifacts_27.png" (score=0.283)
2026-03-27 11:00:27  DEBUG     mapping: best match "artifacts_27.png" (score=0.298)
2026-03-27 11:00:31  DEBUG     mapping: best match "artifacts_27.png" (score=0.300)
2026-03-27 11:00:34  DEBUG     mapping: best match "artifacts_27.png" (score=0.298)
2026-03-27 11:00:34  INFO      gui_mapping: done — index sequence [27, 27, 27, 27, 27, 27, 27, 27, 27, 27, 27, 27, 27, 27, 27, 27, 27, 27, 27, 27, 27, 27, 27, 27, 27, 27, 27, 27, 27, 27, 27, 27, 27, 27, 27] (116.94s)
2026-03-27 11:00:34  INFO        Mapped index sequence : [27, 27, 27, 27, 27, 27, 27, 27, 27, 27, 27, 27, 27, 27, 27, 27, 27, 27, 27, 27, 27, 27, 27, 27, 27, 27, 27, 27, 27, 27, 27, 27, 27, 27, 27]
2026-03-27 11:00:34  INFO        Duration              : 116.94s
2026-03-27 11:00:34  INFO      ==================================================
2026-03-27 11:00:34  INFO      STEP 3: Find Execution Trace
2026-03-27 11:00:34  INFO        UTG file : /Users/tanmaybhuskute/Documents/gifdroid-reproduction/app_SimpleNotes/utg02/input/utg.json
2026-03-27 11:00:34  INFO      find_execution_trace: target sequence [27, 27, 27, 27, 27, 27, 27, 27, 27, 27, 27, 27, 27, 27, 27, 27, 27, 27, 27, 27, 27, 27, 27, 27, 27, 27, 27, 27, 27, 27, 27, 27, 27, 27, 27]
2026-03-27 11:00:34  DEBUG     read_graph: 297 edges, 34 vertices loaded in 0.00s
2026-03-27 11:01:05  DEBUG     find_execution_trace: 1428700 candidate paths found in 30.63s
2026-03-27 11:19:52  INFO      find_execution_trace: 1 trace(s) found (LCS=1, length=5) in 1157.69s
2026-03-27 11:19:52  INFO        Candidate traces found : 1
2026-03-27 11:19:52  INFO          Trace 0: [0, 1, 2, 3, 27]
2026-03-27 11:19:52  INFO        Duration : 1157.75s
2026-03-27 11:19:52  INFO      ==================================================
2026-03-27 11:19:52  INFO      STEP 4: Store Execution Trace
2026-03-27 11:19:52  INFO      Execution trace written to: /Users/tanmaybhuskute/Documents/gifdroid-reproduction/app_SimpleNotes/utg02/output/execution_hhv_SimpleNotes_clip.json
2026-03-27 11:19:52  INFO        Duration : 0.00s
2026-03-27 11:19:52  INFO      ==================================================
2026-03-27 11:19:52  INFO      Pipeline complete.  Total time: 1398.70s
2026-03-27 11:19:52  INFO      ==================================================
