2026-03-20 01:33:08  INFO      Log file: /Users/tanmaybhuskute/Documents/gifdroid-reproduction/app_SimpleNotes/utg02/gifdroid_20260320_013308_srv.log
2026-03-20 01:33:08  INFO      GIFdroid started
2026-03-20 01:33:08  INFO        --video    : /Users/tanmaybhuskute/Documents/gifdroid-reproduction/app_SimpleNotes/utg02/input/screenrec/srv_app_SimpleNotes.mp4
2026-03-20 01:33:08  INFO        --utg      : /Users/tanmaybhuskute/Documents/gifdroid-reproduction/app_SimpleNotes/utg02/input/utg.json
2026-03-20 01:33:08  INFO        --artifact : /Users/tanmaybhuskute/Documents/gifdroid-reproduction/app_SimpleNotes/utg02/input/artifacts
2026-03-20 01:33:08  INFO        --out      : /Users/tanmaybhuskute/Documents/gifdroid-reproduction/app_SimpleNotes/utg02/output/execution_srv_SimpleNotes.json
2026-03-20 01:33:08  INFO        --log-dir  : None
2026-03-20 01:33:08  INFO      ==================================================
2026-03-20 01:33:08  INFO      STEP 1: Keyframe Location
2026-03-20 01:33:08  INFO        Input video : /Users/tanmaybhuskute/Documents/gifdroid-reproduction/app_SimpleNotes/utg02/input/screenrec/srv_app_SimpleNotes.mp4
2026-03-20 01:33:08  INFO      keyframe_location: starting on video "/Users/tanmaybhuskute/Documents/gifdroid-reproduction/app_SimpleNotes/utg02/input/screenrec/srv_app_SimpleNotes.mp4"
2026-03-20 01:33:13  DEBUG     read_frames_from_video: 473 frames decoded in 4.74s
2026-03-20 01:33:59  DEBUG     calculate_sim_seq: 472 similarities computed in 46.03s
2026-03-20 01:33:59  DEBUG     detect_keyframes: 7 keyframes detected from 472 frames in 0.00s
2026-03-20 01:33:59  INFO      keyframe_location: done — 7 keyframes at indices [10, 46, 76, 337, 343, 450, 472] (50.83s total)
2026-03-20 01:33:59  INFO        Keyframes found   : 7
2026-03-20 01:33:59  INFO        Keyframe indices  : [10, 46, 76, 337, 343, 450, 472]
2026-03-20 01:33:59  INFO        Duration          : 50.94s
2026-03-20 01:33:59  INFO      ==================================================
2026-03-20 01:33:59  INFO      STEP 2: GUI Mapping
2026-03-20 01:33:59  INFO        Screenshots dir : /Users/tanmaybhuskute/Documents/gifdroid-reproduction/app_SimpleNotes/utg02/input/artifacts
2026-03-20 01:33:59  INFO      gui_mapping: matching 7 keyframes against screenshots in "/Users/tanmaybhuskute/Documents/gifdroid-reproduction/app_SimpleNotes/utg02/input/artifacts"
2026-03-20 01:34:01  DEBUG     load_screenshots: 34 screenshots loaded in 1.71s from "/Users/tanmaybhuskute/Documents/gifdroid-reproduction/app_SimpleNotes/utg02/input/artifacts"
2026-03-20 01:34:04  DEBUG     mapping: best match "artifacts_1.png" (score=0.223)
2026-03-20 01:34:08  DEBUG     mapping: best match "artifacts_2.png" (score=0.509)
2026-03-20 01:34:12  DEBUG     mapping: best match "artifacts_2.png" (score=0.422)
2026-03-20 01:34:15  DEBUG     mapping: best match "artifacts_26.png" (score=0.580)
2026-03-20 01:34:19  DEBUG     mapping: best match "artifacts_26.png" (score=0.493)
2026-03-20 01:34:22  DEBUG     mapping: best match "artifacts_2.png" (score=0.378)
2026-03-20 01:34:26  DEBUG     mapping: best match "artifacts_2.png" (score=0.569)
2026-03-20 01:34:26  INFO      gui_mapping: done — index sequence [1, 2, 2, 26, 26, 2, 2] (26.41s)
2026-03-20 01:34:26  INFO        Mapped index sequence : [1, 2, 2, 26, 26, 2, 2]
2026-03-20 01:34:26  INFO        Duration              : 26.41s
2026-03-20 01:34:26  INFO      ==================================================
2026-03-20 01:34:26  INFO      STEP 3: Find Execution Trace
2026-03-20 01:34:26  INFO        UTG file : /Users/tanmaybhuskute/Documents/gifdroid-reproduction/app_SimpleNotes/utg02/input/utg.json
2026-03-20 01:34:26  INFO      find_execution_trace: target sequence [1, 2, 2, 26, 26, 2, 2]
2026-03-20 01:34:26  DEBUG     read_graph: 297 edges, 34 vertices loaded in 0.00s
2026-03-20 01:34:26  DEBUG     find_execution_trace: 130 candidate paths found in 0.00s
2026-03-20 01:34:26  INFO      find_execution_trace: 1 trace(s) found (LCS=2, length=3) in 0.01s
2026-03-20 01:34:26  INFO        Candidate traces found : 1
2026-03-20 01:34:26  INFO          Trace 0: [0, 1, 2]
2026-03-20 01:34:26  INFO        Duration : 0.01s
2026-03-20 01:34:26  INFO      ==================================================
2026-03-20 01:34:26  INFO      STEP 4: Store Execution Trace
2026-03-20 01:34:26  INFO      Execution trace written to: /Users/tanmaybhuskute/Documents/gifdroid-reproduction/app_SimpleNotes/utg02/output/execution_srv_SimpleNotes.json
2026-03-20 01:34:26  INFO        Duration : 0.00s
2026-03-20 01:34:26  INFO      ==================================================
2026-03-20 01:34:26  INFO      Pipeline complete.  Total time: 77.36s
2026-03-20 01:34:26  INFO      ==================================================
