2026-03-27 10:21:50  INFO      Log file: /Users/tanmaybhuskute/Documents/gifdroid-reproduction/app_SimpleNotes/utg02/gifdroid_20260327_102150_hhv_stabilize.log
2026-03-27 10:21:50  INFO      GIFdroid started
2026-03-27 10:21:50  INFO        --video            : /Users/tanmaybhuskute/Documents/gifdroid-reproduction/app_SimpleNotes/utg02/input/handheld/hhv_app_SimpleNotes.mp4
2026-03-27 10:21:50  INFO        --utg              : /Users/tanmaybhuskute/Documents/gifdroid-reproduction/app_SimpleNotes/utg02/input/utg.json
2026-03-27 10:21:50  INFO        --artifact         : /Users/tanmaybhuskute/Documents/gifdroid-reproduction/app_SimpleNotes/utg02/input/artifacts
2026-03-27 10:21:50  INFO        --out              : /Users/tanmaybhuskute/Documents/gifdroid-reproduction/app_SimpleNotes/utg02/output/execution_hhv_SimpleNotes_stabilize.json
2026-03-27 10:21:50  INFO        --log-dir          : None
2026-03-27 10:21:50  INFO        --save-keyframes   : /Users/tanmaybhuskute/Documents/gifdroid-reproduction/app_SimpleNotes/utg02/output/keyframes_stabilize
2026-03-27 10:21:50  INFO        --keyframe-method  : stabilize
2026-03-27 10:21:50  INFO      ==================================================
2026-03-27 10:21:50  INFO      STEP 1: Keyframe Location
2026-03-27 10:21:50  INFO        Input video      : /Users/tanmaybhuskute/Documents/gifdroid-reproduction/app_SimpleNotes/utg02/input/handheld/hhv_app_SimpleNotes.mp4
2026-03-27 10:21:50  INFO        Keyframe method  : stabilize
2026-03-27 10:21:50  INFO      keyframe_location_stabilized: starting on "/Users/tanmaybhuskute/Documents/gifdroid-reproduction/app_SimpleNotes/utg02/input/handheld/hhv_app_SimpleNotes.mp4"
2026-03-27 10:23:38  INFO      keyframe_location: starting on video "/Users/tanmaybhuskute/Documents/gifdroid-reproduction/app_SimpleNotes/utg02/input/handheld/hhv_app_SimpleNotes_stabilized.mp4"
2026-03-27 10:23:48  DEBUG     read_frames_from_video: 1256 frames decoded in 9.76s
2026-03-27 10:25:37  DEBUG     calculate_sim_seq: 1255 similarities computed in 109.81s
2026-03-27 10:25:37  DEBUG     detect_keyframes: 30 keyframes detected from 1255 frames in 0.00s
2026-03-27 10:25:37  INFO      keyframe_location: done — 30 keyframes at indices [178, 220, 255, 300, 346, 360, 384, 406, 436, 463, 472, 498, 519, 555, 567, 627, 729, 775, 905, 915, 955, 969, 976, 982, 1015, 1069, 1084, 1108, 1143, 1255] (119.60s total)
2026-03-27 10:25:38  INFO      keyframe_location_stabilized: done — 30 keyframes at indices [178, 220, 255, 300, 346, 360, 384, 406, 436, 463, 472, 498, 519, 555, 567, 627, 729, 775, 905, 915, 955, 969, 976, 982, 1015, 1069, 1084, 1108, 1143, 1255] (228.02s)
2026-03-27 10:25:38  INFO        Keyframes found   : 30
2026-03-27 10:25:38  INFO        Keyframe indices  : [178, 220, 255, 300, 346, 360, 384, 406, 436, 463, 472, 498, 519, 555, 567, 627, 729, 775, 905, 915, 955, 969, 976, 982, 1015, 1069, 1084, 1108, 1143, 1255]
2026-03-27 10:25:38  INFO        Duration          : 228.02s
2026-03-27 10:25:40  INFO        Keyframes saved to: /Users/tanmaybhuskute/Documents/gifdroid-reproduction/app_SimpleNotes/utg02/output/keyframes_stabilize (30 files)
2026-03-27 10:25:40  INFO      ==================================================
2026-03-27 10:25:40  INFO      STEP 2: GUI Mapping
2026-03-27 10:25:40  INFO        Screenshots dir : /Users/tanmaybhuskute/Documents/gifdroid-reproduction/app_SimpleNotes/utg02/input/artifacts
2026-03-27 10:25:40  INFO      gui_mapping: matching 30 keyframes against screenshots in "/Users/tanmaybhuskute/Documents/gifdroid-reproduction/app_SimpleNotes/utg02/input/artifacts"
2026-03-27 10:25:42  DEBUG     load_screenshots: 34 screenshots loaded in 1.70s from "/Users/tanmaybhuskute/Documents/gifdroid-reproduction/app_SimpleNotes/utg02/input/artifacts"
2026-03-27 10:25:45  DEBUG     mapping: best match "artifacts_27.png" (score=0.329)
2026-03-27 10:25:48  DEBUG     mapping: best match "artifacts_27.png" (score=0.326)
2026-03-27 10:25:52  DEBUG     mapping: best match "artifacts_27.png" (score=0.323)
2026-03-27 10:25:55  DEBUG     mapping: best match "artifacts_27.png" (score=0.325)
2026-03-27 10:25:58  DEBUG     mapping: best match "artifacts_27.png" (score=0.291)
2026-03-27 10:26:01  DEBUG     mapping: best match "artifacts_27.png" (score=0.292)
2026-03-27 10:26:05  DEBUG     mapping: best match "artifacts_27.png" (score=0.305)
2026-03-27 10:26:08  DEBUG     mapping: best match "artifacts_27.png" (score=0.300)
2026-03-27 10:26:11  DEBUG     mapping: best match "artifacts_27.png" (score=0.315)
2026-03-27 10:26:15  DEBUG     mapping: best match "artifacts_27.png" (score=0.311)
2026-03-27 10:26:18  DEBUG     mapping: best match "artifacts_27.png" (score=0.311)
2026-03-27 10:26:21  DEBUG     mapping: best match "artifacts_27.png" (score=0.296)
2026-03-27 10:26:25  DEBUG     mapping: best match "artifacts_27.png" (score=0.291)
2026-03-27 10:26:28  DEBUG     mapping: best match "artifacts_27.png" (score=0.293)
2026-03-27 10:26:31  DEBUG     mapping: best match "artifacts_27.png" (score=0.295)
2026-03-27 10:26:34  DEBUG     mapping: best match "artifacts_27.png" (score=0.288)
2026-03-27 10:26:37  DEBUG     mapping: best match "artifacts_27.png" (score=0.311)
2026-03-27 10:26:41  DEBUG     mapping: best match "artifacts_27.png" (score=0.288)
2026-03-27 10:26:44  DEBUG     mapping: best match "artifacts_27.png" (score=0.278)
2026-03-27 10:26:47  DEBUG     mapping: best match "artifacts_27.png" (score=0.277)
2026-03-27 10:26:51  DEBUG     mapping: best match "artifacts_27.png" (score=0.291)
2026-03-27 10:26:54  DEBUG     mapping: best match "artifacts_27.png" (score=0.292)
2026-03-27 10:26:57  DEBUG     mapping: best match "artifacts_27.png" (score=0.291)
2026-03-27 10:27:00  DEBUG     mapping: best match "artifacts_27.png" (score=0.290)
2026-03-27 10:27:04  DEBUG     mapping: best match "artifacts_27.png" (score=0.290)
2026-03-27 10:27:07  DEBUG     mapping: best match "artifacts_27.png" (score=0.286)
2026-03-27 10:27:10  DEBUG     mapping: best match "artifacts_27.png" (score=0.293)
2026-03-27 10:27:14  DEBUG     mapping: best match "artifacts_27.png" (score=0.296)
2026-03-27 10:27:17  DEBUG     mapping: best match "artifacts_27.png" (score=0.287)
2026-03-27 10:27:20  DEBUG     mapping: best match "artifacts_27.png" (score=0.303)
2026-03-27 10:27:20  INFO      gui_mapping: done — index sequence [27, 27, 27, 27, 27, 27, 27, 27, 27, 27, 27, 27, 27, 27, 27, 27, 27, 27, 27, 27, 27, 27, 27, 27, 27, 27, 27, 27, 27, 27] (100.44s)
2026-03-27 10:27:20  INFO        Mapped index sequence : [27, 27, 27, 27, 27, 27, 27, 27, 27, 27, 27, 27, 27, 27, 27, 27, 27, 27, 27, 27, 27, 27, 27, 27, 27, 27, 27, 27, 27, 27]
2026-03-27 10:27:20  INFO        Duration              : 100.44s
2026-03-27 10:27:20  INFO      ==================================================
2026-03-27 10:27:20  INFO      STEP 3: Find Execution Trace
2026-03-27 10:27:20  INFO        UTG file : /Users/tanmaybhuskute/Documents/gifdroid-reproduction/app_SimpleNotes/utg02/input/utg.json
2026-03-27 10:27:20  INFO      find_execution_trace: target sequence [27, 27, 27, 27, 27, 27, 27, 27, 27, 27, 27, 27, 27, 27, 27, 27, 27, 27, 27, 27, 27, 27, 27, 27, 27, 27, 27, 27, 27, 27]
2026-03-27 10:27:20  DEBUG     read_graph: 297 edges, 34 vertices loaded in 0.00s
2026-03-27 10:27:51  DEBUG     find_execution_trace: 1428700 candidate paths found in 30.36s
2026-03-27 10:30:55  INFO      find_execution_trace: 1 trace(s) found (LCS=1, length=5) in 214.40s
2026-03-27 10:30:55  INFO        Candidate traces found : 1
2026-03-27 10:30:55  INFO          Trace 0: [0, 1, 2, 3, 27]
2026-03-27 10:30:55  INFO        Duration : 214.46s
2026-03-27 10:30:55  INFO      ==================================================
2026-03-27 10:30:55  INFO      STEP 4: Store Execution Trace
2026-03-27 10:30:55  INFO      Execution trace written to: /Users/tanmaybhuskute/Documents/gifdroid-reproduction/app_SimpleNotes/utg02/output/execution_hhv_SimpleNotes_stabilize.json
2026-03-27 10:30:55  INFO        Duration : 0.00s
2026-03-27 10:30:55  INFO      ==================================================
2026-03-27 10:30:55  INFO      Pipeline complete.  Total time: 544.96s
2026-03-27 10:30:55  INFO      ==================================================
