2026-03-27 09:39:55  INFO      Log file: /Users/tanmaybhuskute/Documents/gifdroid-reproduction/app_SimpleNotes/utg01/gifdroid_20260327_093955_hhv_stabilize.log
2026-03-27 09:39:55  INFO      GIFdroid started
2026-03-27 09:39:55  INFO        --video            : /Users/tanmaybhuskute/Documents/gifdroid-reproduction/app_SimpleNotes/utg01/input/handheld/hhv_app_SimpleNotes.mp4
2026-03-27 09:39:55  INFO        --utg              : /Users/tanmaybhuskute/Documents/gifdroid-reproduction/app_SimpleNotes/utg01/input/utg.json
2026-03-27 09:39:55  INFO        --artifact         : /Users/tanmaybhuskute/Documents/gifdroid-reproduction/app_SimpleNotes/utg01/input/artifacts
2026-03-27 09:39:55  INFO        --out              : /Users/tanmaybhuskute/Documents/gifdroid-reproduction/app_SimpleNotes/utg01/output/execution_hhv_SimpleNotes_stabilize.json
2026-03-27 09:39:55  INFO        --log-dir          : None
2026-03-27 09:39:55  INFO        --save-keyframes   : /Users/tanmaybhuskute/Documents/gifdroid-reproduction/app_SimpleNotes/utg01/output/keyframes_stabilize
2026-03-27 09:39:55  INFO        --keyframe-method  : stabilize
2026-03-27 09:39:55  INFO      ==================================================
2026-03-27 09:39:55  INFO      STEP 1: Keyframe Location
2026-03-27 09:39:55  INFO        Input video      : /Users/tanmaybhuskute/Documents/gifdroid-reproduction/app_SimpleNotes/utg01/input/handheld/hhv_app_SimpleNotes.mp4
2026-03-27 09:39:55  INFO        Keyframe method  : stabilize
2026-03-27 09:39:55  INFO      keyframe_location_stabilized: starting on "/Users/tanmaybhuskute/Documents/gifdroid-reproduction/app_SimpleNotes/utg01/input/handheld/hhv_app_SimpleNotes.mp4"
2026-03-27 09:41:44  INFO      keyframe_location: starting on video "/Users/tanmaybhuskute/Documents/gifdroid-reproduction/app_SimpleNotes/utg01/input/handheld/hhv_app_SimpleNotes_stabilized.mp4"
2026-03-27 09:41:53  DEBUG     read_frames_from_video: 1256 frames decoded in 9.54s
2026-03-27 09:43:43  DEBUG     calculate_sim_seq: 1255 similarities computed in 109.78s
2026-03-27 09:43:43  DEBUG     detect_keyframes: 30 keyframes detected from 1255 frames in 0.00s
2026-03-27 09:43:43  INFO      keyframe_location: done — 30 keyframes at indices [178, 220, 255, 300, 346, 360, 384, 406, 436, 463, 472, 498, 519, 555, 567, 627, 729, 775, 905, 915, 955, 969, 976, 982, 1015, 1069, 1084, 1108, 1143, 1255] (119.34s total)
2026-03-27 09:43:43  INFO      keyframe_location_stabilized: done — 30 keyframes at indices [178, 220, 255, 300, 346, 360, 384, 406, 436, 463, 472, 498, 519, 555, 567, 627, 729, 775, 905, 915, 955, 969, 976, 982, 1015, 1069, 1084, 1108, 1143, 1255] (228.00s)
2026-03-27 09:43:43  INFO        Keyframes found   : 30
2026-03-27 09:43:43  INFO        Keyframe indices  : [178, 220, 255, 300, 346, 360, 384, 406, 436, 463, 472, 498, 519, 555, 567, 627, 729, 775, 905, 915, 955, 969, 976, 982, 1015, 1069, 1084, 1108, 1143, 1255]
2026-03-27 09:43:43  INFO        Duration          : 228.00s
2026-03-27 09:43:45  INFO        Keyframes saved to: /Users/tanmaybhuskute/Documents/gifdroid-reproduction/app_SimpleNotes/utg01/output/keyframes_stabilize (30 files)
2026-03-27 09:43:45  INFO      ==================================================
2026-03-27 09:43:45  INFO      STEP 2: GUI Mapping
2026-03-27 09:43:45  INFO        Screenshots dir : /Users/tanmaybhuskute/Documents/gifdroid-reproduction/app_SimpleNotes/utg01/input/artifacts
2026-03-27 09:43:45  INFO      gui_mapping: matching 30 keyframes against screenshots in "/Users/tanmaybhuskute/Documents/gifdroid-reproduction/app_SimpleNotes/utg01/input/artifacts"
2026-03-27 09:43:48  DEBUG     load_screenshots: 47 screenshots loaded in 2.33s from "/Users/tanmaybhuskute/Documents/gifdroid-reproduction/app_SimpleNotes/utg01/input/artifacts"
2026-03-27 09:43:52  DEBUG     mapping: best match "artifacts_1.png" (score=0.289)
2026-03-27 09:43:57  DEBUG     mapping: best match "artifacts_1.png" (score=0.287)
2026-03-27 09:44:01  DEBUG     mapping: best match "artifacts_1.png" (score=0.284)
2026-03-27 09:44:06  DEBUG     mapping: best match "artifacts_1.png" (score=0.284)
2026-03-27 09:44:10  DEBUG     mapping: best match "artifacts_1.png" (score=0.267)
2026-03-27 09:44:15  DEBUG     mapping: best match "artifacts_1.png" (score=0.268)
2026-03-27 09:44:20  DEBUG     mapping: best match "artifacts_1.png" (score=0.290)
2026-03-27 09:44:24  DEBUG     mapping: best match "artifacts_1.png" (score=0.289)
2026-03-27 09:44:29  DEBUG     mapping: best match "artifacts_1.png" (score=0.294)
2026-03-27 09:44:33  DEBUG     mapping: best match "artifacts_1.png" (score=0.291)
2026-03-27 09:44:38  DEBUG     mapping: best match "artifacts_1.png" (score=0.290)
2026-03-27 09:44:42  DEBUG     mapping: best match "artifacts_1.png" (score=0.284)
2026-03-27 09:44:47  DEBUG     mapping: best match "artifacts_1.png" (score=0.272)
2026-03-27 09:44:51  DEBUG     mapping: best match "artifacts_1.png" (score=0.273)
2026-03-27 09:44:56  DEBUG     mapping: best match "artifacts_1.png" (score=0.273)
2026-03-27 09:45:00  DEBUG     mapping: best match "artifacts_1.png" (score=0.270)
2026-03-27 09:45:05  DEBUG     mapping: best match "artifacts_1.png" (score=0.288)
2026-03-27 09:45:09  DEBUG     mapping: best match "artifacts_1.png" (score=0.267)
2026-03-27 09:45:14  DEBUG     mapping: best match "artifacts_1.png" (score=0.247)
2026-03-27 09:45:18  DEBUG     mapping: best match "artifacts_1.png" (score=0.247)
2026-03-27 09:45:23  DEBUG     mapping: best match "artifacts_1.png" (score=0.265)
2026-03-27 09:45:27  DEBUG     mapping: best match "artifacts_1.png" (score=0.267)
2026-03-27 09:45:32  DEBUG     mapping: best match "artifacts_1.png" (score=0.264)
2026-03-27 09:45:36  DEBUG     mapping: best match "artifacts_1.png" (score=0.262)
2026-03-27 09:45:41  DEBUG     mapping: best match "artifacts_1.png" (score=0.262)
2026-03-27 09:45:45  DEBUG     mapping: best match "artifacts_1.png" (score=0.255)
2026-03-27 09:45:50  DEBUG     mapping: best match "artifacts_1.png" (score=0.261)
2026-03-27 09:45:54  DEBUG     mapping: best match "artifacts_1.png" (score=0.262)
2026-03-27 09:45:59  DEBUG     mapping: best match "artifacts_1.png" (score=0.261)
2026-03-27 09:46:03  DEBUG     mapping: best match "artifacts_1.png" (score=0.261)
2026-03-27 09:46:03  INFO      gui_mapping: done — index sequence [1, 1, 1, 1, 1, 1, 1, 1, 1, 1, 1, 1, 1, 1, 1, 1, 1, 1, 1, 1, 1, 1, 1, 1, 1, 1, 1, 1, 1, 1] (138.08s)
2026-03-27 09:46:03  INFO        Mapped index sequence : [1, 1, 1, 1, 1, 1, 1, 1, 1, 1, 1, 1, 1, 1, 1, 1, 1, 1, 1, 1, 1, 1, 1, 1, 1, 1, 1, 1, 1, 1]
2026-03-27 09:46:03  INFO        Duration              : 138.08s
2026-03-27 09:46:03  INFO      ==================================================
2026-03-27 09:46:03  INFO      STEP 3: Find Execution Trace
2026-03-27 09:46:03  INFO        UTG file : /Users/tanmaybhuskute/Documents/gifdroid-reproduction/app_SimpleNotes/utg01/input/utg.json
2026-03-27 09:46:03  INFO      find_execution_trace: target sequence [1, 1, 1, 1, 1, 1, 1, 1, 1, 1, 1, 1, 1, 1, 1, 1, 1, 1, 1, 1, 1, 1, 1, 1, 1, 1, 1, 1, 1, 1]
2026-03-27 09:46:03  DEBUG     read_graph: 190 edges, 48 vertices loaded in 0.00s
2026-03-27 09:46:03  DEBUG     find_execution_trace: 2 candidate paths found in 0.00s
2026-03-27 09:46:03  INFO      find_execution_trace: 1 trace(s) found (LCS=1, length=2) in 0.00s
2026-03-27 09:46:03  INFO        Candidate traces found : 1
2026-03-27 09:46:03  INFO          Trace 0: [0, 1]
2026-03-27 09:46:03  INFO        Duration : 0.00s
2026-03-27 09:46:03  INFO      ==================================================
2026-03-27 09:46:03  INFO      STEP 4: Store Execution Trace
2026-03-27 09:46:03  INFO      Execution trace written to: /Users/tanmaybhuskute/Documents/gifdroid-reproduction/app_SimpleNotes/utg01/output/execution_hhv_SimpleNotes_stabilize.json
2026-03-27 09:46:03  INFO        Duration : 0.00s
2026-03-27 09:46:03  INFO      ==================================================
2026-03-27 09:46:03  INFO      Pipeline complete.  Total time: 368.17s
2026-03-27 09:46:03  INFO      ==================================================
