2026-03-27 09:46:04  INFO      Log file: /Users/tanmaybhuskute/Documents/gifdroid-reproduction/app_SimpleNotes/utg01/gifdroid_20260327_094604_hhv_hysteresis.log
2026-03-27 09:46:04  INFO      GIFdroid started
2026-03-27 09:46:04  INFO        --video            : /Users/tanmaybhuskute/Documents/gifdroid-reproduction/app_SimpleNotes/utg01/input/handheld/hhv_app_SimpleNotes.mp4
2026-03-27 09:46:04  INFO        --utg              : /Users/tanmaybhuskute/Documents/gifdroid-reproduction/app_SimpleNotes/utg01/input/utg.json
2026-03-27 09:46:04  INFO        --artifact         : /Users/tanmaybhuskute/Documents/gifdroid-reproduction/app_SimpleNotes/utg01/input/artifacts
2026-03-27 09:46:04  INFO        --out              : /Users/tanmaybhuskute/Documents/gifdroid-reproduction/app_SimpleNotes/utg01/output/execution_hhv_SimpleNotes_hysteresis.json
2026-03-27 09:46:04  INFO        --log-dir          : None
2026-03-27 09:46:04  INFO        --save-keyframes   : /Users/tanmaybhuskute/Documents/gifdroid-reproduction/app_SimpleNotes/utg01/output/keyframes_hysteresis
2026-03-27 09:46:04  INFO        --keyframe-method  : hysteresis
2026-03-27 09:46:04  INFO      ==================================================
2026-03-27 09:46:04  INFO      STEP 1: Keyframe Location
2026-03-27 09:46:04  INFO        Input video      : /Users/tanmaybhuskute/Documents/gifdroid-reproduction/app_SimpleNotes/utg01/input/handheld/hhv_app_SimpleNotes.mp4
2026-03-27 09:46:04  INFO        Keyframe method  : hysteresis
2026-03-27 09:46:04  INFO      keyframe_location_hysteresis: starting on "/Users/tanmaybhuskute/Documents/gifdroid-reproduction/app_SimpleNotes/utg01/input/handheld/hhv_app_SimpleNotes.mp4" (k=3)
2026-03-27 09:46:15  DEBUG     read_frames_from_video: 1256 frames decoded in 10.15s
2026-03-27 09:48:05  DEBUG     calculate_sim_seq: 1255 similarities computed in 109.88s
2026-03-27 09:48:05  INFO      keyframe_location_hysteresis: done — 39 keyframes at indices [177, 219, 255, 279, 299, 345, 349, 359, 371, 382, 405, 435, 462, 472, 497, 502, 511, 522, 556, 626, 728, 774, 914, 937, 953, 967, 975, 982, 996, 1014, 1034, 1038, 1068, 1081, 1107, 1142, 1235, 1241, 1255] (120.06s)
2026-03-27 09:48:05  INFO        Keyframes found   : 39
2026-03-27 09:48:05  INFO        Keyframe indices  : [177, 219, 255, 279, 299, 345, 349, 359, 371, 382, 405, 435, 462, 472, 497, 502, 511, 522, 556, 626, 728, 774, 914, 937, 953, 967, 975, 982, 996, 1014, 1034, 1038, 1068, 1081, 1107, 1142, 1235, 1241, 1255]
2026-03-27 09:48:05  INFO        Duration          : 120.44s
2026-03-27 09:48:08  INFO        Keyframes saved to: /Users/tanmaybhuskute/Documents/gifdroid-reproduction/app_SimpleNotes/utg01/output/keyframes_hysteresis (39 files)
2026-03-27 09:48:08  INFO      ==================================================
2026-03-27 09:48:08  INFO      STEP 2: GUI Mapping
2026-03-27 09:48:08  INFO        Screenshots dir : /Users/tanmaybhuskute/Documents/gifdroid-reproduction/app_SimpleNotes/utg01/input/artifacts
2026-03-27 09:48:08  INFO      gui_mapping: matching 39 keyframes against screenshots in "/Users/tanmaybhuskute/Documents/gifdroid-reproduction/app_SimpleNotes/utg01/input/artifacts"
2026-03-27 09:48:10  DEBUG     load_screenshots: 47 screenshots loaded in 2.28s from "/Users/tanmaybhuskute/Documents/gifdroid-reproduction/app_SimpleNotes/utg01/input/artifacts"
2026-03-27 09:48:15  DEBUG     mapping: best match "artifacts_1.png" (score=0.284)
2026-03-27 09:48:19  DEBUG     mapping: best match "artifacts_1.png" (score=0.281)
2026-03-27 09:48:24  DEBUG     mapping: best match "artifacts_1.png" (score=0.280)
2026-03-27 09:48:28  DEBUG     mapping: best match "artifacts_1.png" (score=0.281)
2026-03-27 09:48:33  DEBUG     mapping: best match "artifacts_1.png" (score=0.280)
2026-03-27 09:48:37  DEBUG     mapping: best match "artifacts_1.png" (score=0.263)
2026-03-27 09:48:42  DEBUG     mapping: best match "artifacts_1.png" (score=0.264)
2026-03-27 09:48:47  DEBUG     mapping: best match "artifacts_1.png" (score=0.264)
2026-03-27 09:48:51  DEBUG     mapping: best match "artifacts_1.png" (score=0.269)
2026-03-27 09:48:56  DEBUG     mapping: best match "artifacts_1.png" (score=0.286)
2026-03-27 09:49:00  DEBUG     mapping: best match "artifacts_1.png" (score=0.283)
2026-03-27 09:49:05  DEBUG     mapping: best match "artifacts_1.png" (score=0.297)
2026-03-27 09:49:09  DEBUG     mapping: best match "artifacts_1.png" (score=0.287)
2026-03-27 09:49:14  DEBUG     mapping: best match "artifacts_1.png" (score=0.288)
2026-03-27 09:49:18  DEBUG     mapping: best match "artifacts_1.png" (score=0.278)
2026-03-27 09:49:23  DEBUG     mapping: best match "artifacts_1.png" (score=0.270)
2026-03-27 09:49:27  DEBUG     mapping: best match "artifacts_1.png" (score=0.269)
2026-03-27 09:49:32  DEBUG     mapping: best match "artifacts_1.png" (score=0.268)
2026-03-27 09:49:36  DEBUG     mapping: best match "artifacts_1.png" (score=0.269)
2026-03-27 09:49:41  DEBUG     mapping: best match "artifacts_1.png" (score=0.265)
2026-03-27 09:49:45  DEBUG     mapping: best match "artifacts_1.png" (score=0.288)
2026-03-27 09:49:50  DEBUG     mapping: best match "artifacts_1.png" (score=0.262)
2026-03-27 09:49:54  DEBUG     mapping: best match "artifacts_1.png" (score=0.241)
2026-03-27 09:49:59  DEBUG     mapping: best match "artifacts_1.png" (score=0.267)
2026-03-27 09:50:03  DEBUG     mapping: best match "artifacts_1.png" (score=0.260)
2026-03-27 09:50:08  DEBUG     mapping: best match "artifacts_1.png" (score=0.261)
2026-03-27 09:50:13  DEBUG     mapping: best match "artifacts_1.png" (score=0.259)
2026-03-27 09:50:17  DEBUG     mapping: best match "artifacts_1.png" (score=0.258)
2026-03-27 09:50:22  DEBUG     mapping: best match "artifacts_1.png" (score=0.257)
2026-03-27 09:50:26  DEBUG     mapping: best match "artifacts_1.png" (score=0.258)
2026-03-27 09:50:31  DEBUG     mapping: best match "artifacts_1.png" (score=0.259)
2026-03-27 09:50:35  DEBUG     mapping: best match "artifacts_1.png" (score=0.258)
2026-03-27 09:50:40  DEBUG     mapping: best match "artifacts_1.png" (score=0.250)
2026-03-27 09:50:44  DEBUG     mapping: best match "artifacts_1.png" (score=0.253)
2026-03-27 09:50:49  DEBUG     mapping: best match "artifacts_1.png" (score=0.258)
2026-03-27 09:50:53  DEBUG     mapping: best match "artifacts_1.png" (score=0.256)
2026-03-27 09:50:58  DEBUG     mapping: best match "artifacts_1.png" (score=0.255)
2026-03-27 09:51:02  DEBUG     mapping: best match "artifacts_1.png" (score=0.257)
2026-03-27 09:51:07  DEBUG     mapping: best match "artifacts_1.png" (score=0.257)
2026-03-27 09:51:07  INFO      gui_mapping: done — index sequence [1, 1, 1, 1, 1, 1, 1, 1, 1, 1, 1, 1, 1, 1, 1, 1, 1, 1, 1, 1, 1, 1, 1, 1, 1, 1, 1, 1, 1, 1, 1, 1, 1, 1, 1, 1, 1, 1, 1] (179.23s)
2026-03-27 09:51:07  INFO        Mapped index sequence : [1, 1, 1, 1, 1, 1, 1, 1, 1, 1, 1, 1, 1, 1, 1, 1, 1, 1, 1, 1, 1, 1, 1, 1, 1, 1, 1, 1, 1, 1, 1, 1, 1, 1, 1, 1, 1, 1, 1]
2026-03-27 09:51:07  INFO        Duration              : 179.23s
2026-03-27 09:51:07  INFO      ==================================================
2026-03-27 09:51:07  INFO      STEP 3: Find Execution Trace
2026-03-27 09:51:07  INFO        UTG file : /Users/tanmaybhuskute/Documents/gifdroid-reproduction/app_SimpleNotes/utg01/input/utg.json
2026-03-27 09:51:07  INFO      find_execution_trace: target sequence [1, 1, 1, 1, 1, 1, 1, 1, 1, 1, 1, 1, 1, 1, 1, 1, 1, 1, 1, 1, 1, 1, 1, 1, 1, 1, 1, 1, 1, 1, 1, 1, 1, 1, 1, 1, 1, 1, 1]
2026-03-27 09:51:07  DEBUG     read_graph: 190 edges, 48 vertices loaded in 0.00s
2026-03-27 09:51:07  DEBUG     find_execution_trace: 2 candidate paths found in 0.00s
2026-03-27 09:51:07  INFO      find_execution_trace: 1 trace(s) found (LCS=1, length=2) in 0.00s
2026-03-27 09:51:07  INFO        Candidate traces found : 1
2026-03-27 09:51:07  INFO          Trace 0: [0, 1]
2026-03-27 09:51:07  INFO        Duration : 0.00s
2026-03-27 09:51:07  INFO      ==================================================
2026-03-27 09:51:07  INFO      STEP 4: Store Execution Trace
2026-03-27 09:51:07  INFO      Execution trace written to: /Users/tanmaybhuskute/Documents/gifdroid-reproduction/app_SimpleNotes/utg01/output/execution_hhv_SimpleNotes_hysteresis.json
2026-03-27 09:51:07  INFO        Duration : 0.00s
2026-03-27 09:51:07  INFO      ==================================================
2026-03-27 09:51:07  INFO      Pipeline complete.  Total time: 302.49s
2026-03-27 09:51:07  INFO      ==================================================
