2026-03-23 13:01:49  INFO      Log file: /Users/tanmaybhuskute/Documents/gifdroid-reproduction/app_SimpleNotes/utg01/gifdroid_20260323_130149_srv.log
2026-03-23 13:01:49  INFO      GIFdroid started
2026-03-23 13:01:49  INFO        --video          : app_SimpleNotes/utg01/input/screenrec/srv_app_SimpleNotes.mp4
2026-03-23 13:01:49  INFO        --utg            : app_SimpleNotes/utg01/input/utg.json
2026-03-23 13:01:49  INFO        --artifact       : app_SimpleNotes/utg01/input/artifacts
2026-03-23 13:01:49  INFO        --out            : app_SimpleNotes/utg01/output/execution_srv_SimpleNotes.json
2026-03-23 13:01:49  INFO        --log-dir        : None
2026-03-23 13:01:49  INFO        --save-keyframes : /Users/tanmaybhuskute/Documents/gifdroid-reproduction/app_SimpleNotes/utg01/output/keyframes
2026-03-23 13:01:49  INFO      ==================================================
2026-03-23 13:01:49  INFO      STEP 1: Keyframe Location
2026-03-23 13:01:49  INFO        Input video : app_SimpleNotes/utg01/input/screenrec/srv_app_SimpleNotes.mp4
2026-03-23 13:01:49  INFO      keyframe_location: starting on video "app_SimpleNotes/utg01/input/screenrec/srv_app_SimpleNotes.mp4"
2026-03-23 13:01:52  DEBUG     read_frames_from_video: 473 frames decoded in 3.33s
2026-03-23 13:02:33  DEBUG     calculate_sim_seq: 472 similarities computed in 41.13s
2026-03-23 13:02:33  DEBUG     detect_keyframes: 7 keyframes detected from 472 frames in 0.00s
2026-03-23 13:02:33  INFO      keyframe_location: done — 7 keyframes at indices [10, 46, 76, 337, 343, 450, 472] (44.48s total)
2026-03-23 13:02:33  INFO        Keyframes found   : 7
2026-03-23 13:02:33  INFO        Keyframe indices  : [10, 46, 76, 337, 343, 450, 472]
2026-03-23 13:02:33  INFO        Duration          : 44.57s
2026-03-23 13:02:34  INFO        Keyframes saved to: /Users/tanmaybhuskute/Documents/gifdroid-reproduction/app_SimpleNotes/utg01/output/keyframes (7 files)
2026-03-23 13:02:34  INFO      ==================================================
2026-03-23 13:02:34  INFO      STEP 2: GUI Mapping
2026-03-23 13:02:34  INFO        Screenshots dir : app_SimpleNotes/utg01/input/artifacts
2026-03-23 13:02:34  INFO      gui_mapping: matching 7 keyframes against screenshots in "app_SimpleNotes/utg01/input/artifacts"
2026-03-23 13:02:37  DEBUG     load_screenshots: 47 screenshots loaded in 3.79s from "app_SimpleNotes/utg01/input/artifacts"
2026-03-23 13:02:42  DEBUG     mapping: best match "artifacts_45.png" (score=0.223)
2026-03-23 13:02:47  DEBUG     mapping: best match "artifacts_1.png" (score=0.509)
2026-03-23 13:02:51  DEBUG     mapping: best match "artifacts_1.png" (score=0.422)
2026-03-23 13:02:56  DEBUG     mapping: best match "artifacts_6.png" (score=0.522)
2026-03-23 13:03:00  DEBUG     mapping: best match "artifacts_4.png" (score=0.487)
2026-03-23 13:03:05  DEBUG     mapping: best match "artifacts_1.png" (score=0.378)
2026-03-23 13:03:09  DEBUG     mapping: best match "artifacts_1.png" (score=0.569)
2026-03-23 13:03:09  INFO      gui_mapping: done — index sequence [45, 1, 1, 6, 4, 1, 1] (35.65s)
2026-03-23 13:03:09  INFO        Mapped index sequence : [45, 1, 1, 6, 4, 1, 1]
2026-03-23 13:03:09  INFO        Duration              : 35.65s
2026-03-23 13:03:09  INFO      ==================================================
2026-03-23 13:03:09  INFO      STEP 3: Find Execution Trace
2026-03-23 13:03:09  INFO        UTG file : app_SimpleNotes/utg01/input/utg.json
2026-03-23 13:03:09  INFO      find_execution_trace: target sequence [45, 1, 1, 6, 4, 1, 1]
2026-03-23 13:03:09  DEBUG     read_graph: 190 edges, 48 vertices loaded in 0.00s
2026-03-23 13:03:09  DEBUG     find_execution_trace: 2 candidate paths found in 0.00s
2026-03-23 13:03:09  INFO      find_execution_trace: 1 trace(s) found (LCS=1, length=2) in 0.00s
2026-03-23 13:03:09  INFO        Candidate traces found : 1
2026-03-23 13:03:09  INFO          Trace 0: [0, 1]
2026-03-23 13:03:09  INFO        Duration : 0.00s
2026-03-23 13:03:09  INFO      ==================================================
2026-03-23 13:03:09  INFO      STEP 4: Store Execution Trace
2026-03-23 13:03:09  INFO      Execution trace written to: app_SimpleNotes/utg01/output/execution_srv_SimpleNotes.json
2026-03-23 13:03:09  INFO        Duration : 0.00s
2026-03-23 13:03:09  INFO      ==================================================
2026-03-23 13:03:09  INFO      Pipeline complete.  Total time: 80.37s
2026-03-23 13:03:09  INFO      ==================================================
