2026-03-27 06:33:54  INFO      Log file: /Users/tanmaybhuskute/Documents/gifdroid-reproduction/app_Jigsaw/utg03/gifdroid_20260327_063354_hhv_clip.log
2026-03-27 06:33:54  INFO      GIFdroid started
2026-03-27 06:33:54  INFO        --video            : /Users/tanmaybhuskute/Documents/gifdroid-reproduction/app_Jigsaw/utg03/input/handheld/hhv_app_Jigsaw.mp4
2026-03-27 06:33:54  INFO        --utg              : /Users/tanmaybhuskute/Documents/gifdroid-reproduction/app_Jigsaw/utg03/input/utg.json
2026-03-27 06:33:54  INFO        --artifact         : /Users/tanmaybhuskute/Documents/gifdroid-reproduction/app_Jigsaw/utg03/input/artifacts
2026-03-27 06:33:54  INFO        --out              : /Users/tanmaybhuskute/Documents/gifdroid-reproduction/app_Jigsaw/utg03/output/execution_hhv_Jigsaw_clip.json
2026-03-27 06:33:54  INFO        --log-dir          : None
2026-03-27 06:33:54  INFO        --save-keyframes   : /Users/tanmaybhuskute/Documents/gifdroid-reproduction/app_Jigsaw/utg03/output/keyframes_clip
2026-03-27 06:33:54  INFO        --keyframe-method  : clip
2026-03-27 06:33:54  INFO      ==================================================
2026-03-27 06:33:54  INFO      STEP 1: Keyframe Location
2026-03-27 06:33:54  INFO        Input video      : /Users/tanmaybhuskute/Documents/gifdroid-reproduction/app_Jigsaw/utg03/input/handheld/hhv_app_Jigsaw.mp4
2026-03-27 06:33:54  INFO        Keyframe method  : clip
2026-03-27 06:33:54  INFO      keyframe_location_clip_cluster: starting on "/Users/tanmaybhuskute/Documents/gifdroid-reproduction/app_Jigsaw/utg03/input/handheld/hhv_app_Jigsaw.mp4" (threshold=0.85)
2026-03-27 06:33:54  INFO      keyframe_location: starting on video "/Users/tanmaybhuskute/Documents/gifdroid-reproduction/app_Jigsaw/utg03/input/handheld/hhv_app_Jigsaw.mp4"
2026-03-27 06:33:58  DEBUG     read_frames_from_video: 563 frames decoded in 4.06s
2026-03-27 06:34:47  DEBUG     calculate_sim_seq: 562 similarities computed in 48.35s
2026-03-27 06:34:47  DEBUG     detect_keyframes: 16 keyframes detected from 562 frames in 0.00s
2026-03-27 06:34:47  INFO      keyframe_location: done — 16 keyframes at indices [114, 229, 236, 267, 329, 350, 384, 403, 410, 448, 470, 492, 536, 545, 552, 562] (52.43s total)
2026-03-27 06:34:47  INFO      keyframe_location_clip_cluster: baseline produced 16 keyframes
2026-03-27 06:34:48  WARNING   keyframe_location_clip_cluster: missing dependency (No module named 'transformers'); returning baseline result. Install with: pip install transformers torch scikit-learn
2026-03-27 06:34:48  INFO        Keyframes found   : 16
2026-03-27 06:34:48  INFO        Keyframe indices  : [114, 229, 236, 267, 329, 350, 384, 403, 410, 448, 470, 492, 536, 545, 552, 562]
2026-03-27 06:34:48  INFO        Duration          : 53.22s
2026-03-27 06:34:49  INFO        Keyframes saved to: /Users/tanmaybhuskute/Documents/gifdroid-reproduction/app_Jigsaw/utg03/output/keyframes_clip (16 files)
2026-03-27 06:34:49  INFO      ==================================================
2026-03-27 06:34:49  INFO      STEP 2: GUI Mapping
2026-03-27 06:34:49  INFO        Screenshots dir : /Users/tanmaybhuskute/Documents/gifdroid-reproduction/app_Jigsaw/utg03/input/artifacts
2026-03-27 06:34:49  INFO      gui_mapping: matching 16 keyframes against screenshots in "/Users/tanmaybhuskute/Documents/gifdroid-reproduction/app_Jigsaw/utg03/input/artifacts"
2026-03-27 06:34:49  DEBUG     load_screenshots: 3 screenshots loaded in 0.20s from "/Users/tanmaybhuskute/Documents/gifdroid-reproduction/app_Jigsaw/utg03/input/artifacts"
2026-03-27 06:34:49  DEBUG     mapping: best match "artifacts_2.png" (score=0.264)
2026-03-27 06:34:50  DEBUG     mapping: best match "artifacts_2.png" (score=0.260)
2026-03-27 06:34:50  DEBUG     mapping: best match "artifacts_2.png" (score=0.258)
2026-03-27 06:34:50  DEBUG     mapping: best match "artifacts_2.png" (score=0.261)
2026-03-27 06:34:50  DEBUG     mapping: best match "artifacts_2.png" (score=0.259)
2026-03-27 06:34:51  DEBUG     mapping: best match "artifacts_2.png" (score=0.257)
2026-03-27 06:34:51  DEBUG     mapping: best match "artifacts_2.png" (score=0.262)
2026-03-27 06:34:51  DEBUG     mapping: best match "artifacts_2.png" (score=0.259)
2026-03-27 06:34:51  DEBUG     mapping: best match "artifacts_2.png" (score=0.259)
2026-03-27 06:34:52  DEBUG     mapping: best match "artifacts_2.png" (score=0.258)
2026-03-27 06:34:52  DEBUG     mapping: best match "artifacts_2.png" (score=0.272)
2026-03-27 06:34:52  DEBUG     mapping: best match "artifacts_2.png" (score=0.270)
2026-03-27 06:34:52  DEBUG     mapping: best match "artifacts_2.png" (score=0.275)
2026-03-27 06:34:53  DEBUG     mapping: best match "artifacts_2.png" (score=0.276)
2026-03-27 06:34:53  DEBUG     mapping: best match "artifacts_2.png" (score=0.277)
2026-03-27 06:34:53  DEBUG     mapping: best match "artifacts_2.png" (score=0.277)
2026-03-27 06:34:53  INFO      gui_mapping: done — index sequence [2, 2, 2, 2, 2, 2, 2, 2, 2, 2, 2, 2, 2, 2, 2, 2] (4.22s)
2026-03-27 06:34:53  INFO        Mapped index sequence : [2, 2, 2, 2, 2, 2, 2, 2, 2, 2, 2, 2, 2, 2, 2, 2]
2026-03-27 06:34:53  INFO        Duration              : 4.22s
2026-03-27 06:34:53  INFO      ==================================================
2026-03-27 06:34:53  INFO      STEP 3: Find Execution Trace
2026-03-27 06:34:53  INFO        UTG file : /Users/tanmaybhuskute/Documents/gifdroid-reproduction/app_Jigsaw/utg03/input/utg.json
2026-03-27 06:34:53  INFO      find_execution_trace: target sequence [2, 2, 2, 2, 2, 2, 2, 2, 2, 2, 2, 2, 2, 2, 2, 2]
2026-03-27 06:34:53  DEBUG     read_graph: 2 edges, 2 vertices loaded in 0.00s
2026-03-27 06:34:53  DEBUG     find_execution_trace: 0 candidate paths found in 0.00s
2026-03-27 06:34:53  WARNING   find_execution_trace: no paths found from node 0 to screen 2 in the UTG (sequence=[2, 2, 2, 2, 2, 2, 2, 2, 2, 2, 2, 2, 2, 2, 2, 2]). Returning empty trace. (0.00s)
2026-03-27 06:34:53  INFO        Candidate traces found : 0
2026-03-27 06:34:53  INFO        Duration : 0.00s
2026-03-27 06:34:53  INFO      ==================================================
2026-03-27 06:34:53  INFO      STEP 4: Store Execution Trace
2026-03-27 06:34:53  INFO      Execution trace written to: /Users/tanmaybhuskute/Documents/gifdroid-reproduction/app_Jigsaw/utg03/output/execution_hhv_Jigsaw_clip.json
2026-03-27 06:34:53  INFO        Duration : 0.00s
2026-03-27 06:34:53  INFO      ==================================================
2026-03-27 06:34:53  INFO      Pipeline complete.  Total time: 58.63s
2026-03-27 06:34:53  INFO      ==================================================
