2026-03-20 00:40:40  INFO      Log file: logs/gifdroid_20260320_004040.log
2026-03-20 00:40:40  INFO      GIFdroid started
2026-03-20 00:40:40  INFO        --video    : /Users/tanmaybhuskute/Documents/gifdroid-reproduction/app_AntennaPod/utg01/input/handheld/hhv_app_AntennaPod.mp4
2026-03-20 00:40:40  INFO        --utg      : /Users/tanmaybhuskute/Documents/gifdroid-reproduction/app_AntennaPod/utg01/input/utg.json
2026-03-20 00:40:40  INFO        --artifact : /Users/tanmaybhuskute/Documents/gifdroid-reproduction/app_AntennaPod/utg01/input/artifacts
2026-03-20 00:40:40  INFO        --out      : /Users/tanmaybhuskute/Documents/gifdroid-reproduction/app_AntennaPod/utg01/output/execution_hhv_AntennaPod.json
2026-03-20 00:40:40  INFO        --log-dir  : logs
2026-03-20 00:40:40  INFO      ==================================================
2026-03-20 00:40:40  INFO      STEP 1: Keyframe Location
2026-03-20 00:40:40  INFO        Input video : /Users/tanmaybhuskute/Documents/gifdroid-reproduction/app_AntennaPod/utg01/input/handheld/hhv_app_AntennaPod.mp4
2026-03-20 00:40:40  INFO      keyframe_location: starting on video "/Users/tanmaybhuskute/Documents/gifdroid-reproduction/app_AntennaPod/utg01/input/handheld/hhv_app_AntennaPod.mp4"
2026-03-20 00:40:58  DEBUG     read_frames_from_video: 2025 frames decoded in 17.23s
2026-03-20 00:44:07  DEBUG     calculate_sim_seq: 2024 similarities computed in 189.21s
2026-03-20 00:44:07  DEBUG     detect_keyframes: 10 keyframes detected from 2024 frames in 0.00s
2026-03-20 00:44:07  INFO      keyframe_location: done — 10 keyframes at indices [4, 9, 115, 172, 930, 1019, 1430, 1679, 1988, 2024] (206.56s total)
2026-03-20 00:44:08  INFO        Keyframes found   : 10
2026-03-20 00:44:08  INFO        Keyframe indices  : [4, 9, 115, 172, 930, 1019, 1430, 1679, 1988, 2024]
2026-03-20 00:44:08  INFO        Duration          : 207.39s
2026-03-20 00:44:08  INFO      ==================================================
2026-03-20 00:44:08  INFO      STEP 2: GUI Mapping
2026-03-20 00:44:08  INFO        Screenshots dir : /Users/tanmaybhuskute/Documents/gifdroid-reproduction/app_AntennaPod/utg01/input/artifacts
2026-03-20 00:44:08  INFO      gui_mapping: matching 10 keyframes against screenshots in "/Users/tanmaybhuskute/Documents/gifdroid-reproduction/app_AntennaPod/utg01/input/artifacts"
2026-03-20 00:44:14  DEBUG     load_screenshots: 96 screenshots loaded in 6.20s from "/Users/tanmaybhuskute/Documents/gifdroid-reproduction/app_AntennaPod/utg01/input/artifacts"
2026-03-20 00:44:24  DEBUG     mapping: best match "artifacts_71.png" (score=0.305)
2026-03-20 00:44:33  DEBUG     mapping: best match "artifacts_71.png" (score=0.305)
2026-03-20 00:44:43  DEBUG     mapping: best match "artifacts_71.png" (score=0.301)
2026-03-20 00:44:52  DEBUG     mapping: best match "artifacts_71.png" (score=0.310)
2026-03-20 00:45:02  DEBUG     mapping: best match "artifacts_71.png" (score=0.324)
2026-03-20 00:45:12  DEBUG     mapping: best match "artifacts_71.png" (score=0.324)
2026-03-20 00:45:22  DEBUG     mapping: best match "artifacts_71.png" (score=0.325)
2026-03-20 00:45:31  DEBUG     mapping: best match "artifacts_71.png" (score=0.311)
2026-03-20 00:45:41  DEBUG     mapping: best match "artifacts_71.png" (score=0.330)
2026-03-20 00:45:50  DEBUG     mapping: best match "artifacts_71.png" (score=0.331)
2026-03-20 00:45:50  INFO      gui_mapping: done — index sequence [71, 71, 71, 71, 71, 71, 71, 71, 71, 71] (102.25s)
2026-03-20 00:45:50  INFO        Mapped index sequence : [71, 71, 71, 71, 71, 71, 71, 71, 71, 71]
2026-03-20 00:45:50  INFO        Duration              : 102.25s
2026-03-20 00:45:50  INFO      ==================================================
2026-03-20 00:45:50  INFO      STEP 3: Find Execution Trace
2026-03-20 00:45:50  INFO        UTG file : /Users/tanmaybhuskute/Documents/gifdroid-reproduction/app_AntennaPod/utg01/input/utg.json
2026-03-20 00:45:50  INFO      find_execution_trace: target sequence [71, 71, 71, 71, 71, 71, 71, 71, 71, 71]
2026-03-20 00:45:50  DEBUG     read_graph: 217 edges, 96 vertices loaded in 0.00s
2026-03-20 00:45:50  DEBUG     find_execution_trace: 62 candidate paths found in 0.02s
2026-03-20 00:45:50  INFO      find_execution_trace: 1 trace(s) found (LCS=1, length=11) in 0.03s
2026-03-20 00:45:50  INFO        Candidate traces found : 1
2026-03-20 00:45:50  INFO          Trace 0: [0, 1, 11, 13, 14, 24, 57, 58, 69, 70, 71]
2026-03-20 00:45:50  INFO        Duration : 0.03s
2026-03-20 00:45:50  INFO      ==================================================
2026-03-20 00:45:50  INFO      STEP 4: Store Execution Trace
2026-03-20 00:45:50  INFO      Execution trace written to: /Users/tanmaybhuskute/Documents/gifdroid-reproduction/app_AntennaPod/utg01/output/execution_hhv_AntennaPod.json
2026-03-20 00:45:50  INFO        Duration : 0.00s
2026-03-20 00:45:50  INFO      ==================================================
2026-03-20 00:45:50  INFO      Pipeline complete.  Total time: 309.68s
2026-03-20 00:45:50  INFO      ==================================================
