2026-03-19 20:57:10  INFO      Log file: logs/gifdroid_20260319_205710.log
2026-03-19 20:57:10  INFO      GIFdroid started
2026-03-19 20:57:10  INFO        --video    : /Users/tanmaybhuskute/Documents/gifdroid-reproduction/app_HomeMedkit/input/screenrec/srv_app_HomeMedkit.mp4
2026-03-19 20:57:10  INFO        --utg      : /Users/tanmaybhuskute/Documents/gifdroid-reproduction/app_HomeMedkit/input/utg.json
2026-03-19 20:57:10  INFO        --artifact : /Users/tanmaybhuskute/Documents/gifdroid-reproduction/app_HomeMedkit/input/artifacts
2026-03-19 20:57:10  INFO        --out      : /Users/tanmaybhuskute/Documents/gifdroid-reproduction/app_HomeMedkit/output/execution_srv_HomeMedkit.json
2026-03-19 20:57:10  INFO        --log-dir  : logs
2026-03-19 20:57:10  INFO      ==================================================
2026-03-19 20:57:10  INFO      STEP 1: Keyframe Location
2026-03-19 20:57:10  INFO        Input video : /Users/tanmaybhuskute/Documents/gifdroid-reproduction/app_HomeMedkit/input/screenrec/srv_app_HomeMedkit.mp4
2026-03-19 20:57:10  INFO      keyframe_location: starting on video "/Users/tanmaybhuskute/Documents/gifdroid-reproduction/app_HomeMedkit/input/screenrec/srv_app_HomeMedkit.mp4"
2026-03-19 20:57:15  DEBUG     read_frames_from_video: 777 frames decoded in 5.52s
2026-03-19 20:58:23  DEBUG     calculate_sim_seq: 776 similarities computed in 67.90s
2026-03-19 20:58:23  DEBUG     detect_keyframes: 8 keyframes detected from 776 frames in 0.00s
2026-03-19 20:58:23  INFO      keyframe_location: done — 8 keyframes at indices [15, 47, 281, 371, 400, 517, 585, 776] (73.45s total)
2026-03-19 20:58:23  INFO        Keyframes found   : 8
2026-03-19 20:58:23  INFO        Keyframe indices  : [15, 47, 281, 371, 400, 517, 585, 776]
2026-03-19 20:58:23  INFO        Duration          : 73.67s
2026-03-19 20:58:23  INFO      ==================================================
2026-03-19 20:58:23  INFO      STEP 2: GUI Mapping
2026-03-19 20:58:23  INFO        Screenshots dir : /Users/tanmaybhuskute/Documents/gifdroid-reproduction/app_HomeMedkit/input/artifacts
2026-03-19 20:58:23  INFO      gui_mapping: matching 8 keyframes against screenshots in "/Users/tanmaybhuskute/Documents/gifdroid-reproduction/app_HomeMedkit/input/artifacts"
2026-03-19 20:58:27  DEBUG     load_screenshots: 80 screenshots loaded in 3.74s from "/Users/tanmaybhuskute/Documents/gifdroid-reproduction/app_HomeMedkit/input/artifacts"
2026-03-19 20:58:35  DEBUG     mapping: best match "artifacts_75.png" (score=0.275)
2026-03-19 20:58:42  DEBUG     mapping: best match "artifacts_18.png" (score=0.371)
2026-03-19 20:58:50  DEBUG     mapping: best match "artifacts_19.png" (score=0.433)
2026-03-19 20:58:58  DEBUG     mapping: best match "artifacts_18.png" (score=0.437)
2026-03-19 20:59:05  DEBUG     mapping: best match "artifacts_19.png" (score=0.442)
2026-03-19 20:59:13  DEBUG     mapping: best match "artifacts_19.png" (score=0.439)
2026-03-19 20:59:21  DEBUG     mapping: best match "artifacts_26.png" (score=0.470)
2026-03-19 20:59:29  DEBUG     mapping: best match "artifacts_3.png" (score=0.486)
2026-03-19 20:59:29  INFO      gui_mapping: done — index sequence [75, 18, 19, 18, 19, 19, 26, 3] (65.31s)
2026-03-19 20:59:29  INFO        Mapped index sequence : [75, 18, 19, 18, 19, 19, 26, 3]
2026-03-19 20:59:29  INFO        Duration              : 65.31s
2026-03-19 20:59:29  INFO      ==================================================
2026-03-19 20:59:29  INFO      STEP 3: Find Execution Trace
2026-03-19 20:59:29  INFO        UTG file : /Users/tanmaybhuskute/Documents/gifdroid-reproduction/app_HomeMedkit/input/utg.json
2026-03-19 20:59:29  INFO      find_execution_trace: target sequence [75, 18, 19, 18, 19, 19, 26, 3]
2026-03-19 20:59:29  DEBUG     read_graph: 298 edges, 80 vertices loaded in 0.00s
2026-03-19 20:59:31  DEBUG     find_execution_trace: 52482 candidate paths found in 1.76s
2026-03-19 20:59:36  INFO      find_execution_trace: 1 trace(s) found (LCS=3, length=15) in 7.06s
2026-03-19 20:59:36  INFO        Candidate traces found : 1
2026-03-19 20:59:36  INFO          Trace 0: [0, 1, 2, 34, 35, 65, 74, 75, 58, 49, 20, 19, 21, 4, 3]
2026-03-19 20:59:36  INFO        Duration : 7.07s
2026-03-19 20:59:36  INFO      ==================================================
2026-03-19 20:59:36  INFO      STEP 4: Store Execution Trace
2026-03-19 20:59:36  INFO      Execution trace written to: /Users/tanmaybhuskute/Documents/gifdroid-reproduction/app_HomeMedkit/output/execution_srv_HomeMedkit.json
2026-03-19 20:59:36  INFO        Duration : 0.00s
2026-03-19 20:59:36  INFO      ==================================================
2026-03-19 20:59:36  INFO      Pipeline complete.  Total time: 146.05s
2026-03-19 20:59:36  INFO      ==================================================
