2026-03-19 21:09:38  INFO      Log file: logs/gifdroid_20260319_210938.log
2026-03-19 21:09:38  INFO      GIFdroid started
2026-03-19 21:09:38  INFO        --video    : /Users/tanmaybhuskute/Documents/gifdroid-reproduction/app_Jigsaw/input/screenrec/srv_app_Jigsaw.mp4
2026-03-19 21:09:38  INFO        --utg      : /Users/tanmaybhuskute/Documents/gifdroid-reproduction/app_Jigsaw/input/utg.json
2026-03-19 21:09:38  INFO        --artifact : /Users/tanmaybhuskute/Documents/gifdroid-reproduction/app_Jigsaw/input/artifacts
2026-03-19 21:09:38  INFO        --out      : /Users/tanmaybhuskute/Documents/gifdroid-reproduction/app_Jigsaw/output/execution_srv_Jigsaw.json
2026-03-19 21:09:38  INFO        --log-dir  : logs
2026-03-19 21:09:38  INFO      ==================================================
2026-03-19 21:09:38  INFO      STEP 1: Keyframe Location
2026-03-19 21:09:38  INFO        Input video : /Users/tanmaybhuskute/Documents/gifdroid-reproduction/app_Jigsaw/input/screenrec/srv_app_Jigsaw.mp4
2026-03-19 21:09:38  INFO      keyframe_location: starting on video "/Users/tanmaybhuskute/Documents/gifdroid-reproduction/app_Jigsaw/input/screenrec/srv_app_Jigsaw.mp4"
2026-03-19 21:09:46  DEBUG     read_frames_from_video: 1025 frames decoded in 7.31s
2026-03-19 21:11:15  DEBUG     calculate_sim_seq: 1024 similarities computed in 89.39s
2026-03-19 21:11:15  DEBUG     detect_keyframes: 6 keyframes detected from 1024 frames in 0.00s
2026-03-19 21:11:15  INFO      keyframe_location: done — 6 keyframes at indices [15, 31, 67, 97, 470, 1024] (96.73s total)
2026-03-19 21:11:15  INFO        Keyframes found   : 6
2026-03-19 21:11:15  INFO        Keyframe indices  : [15, 31, 67, 97, 470, 1024]
2026-03-19 21:11:15  INFO        Duration          : 97.12s
2026-03-19 21:11:15  INFO      ==================================================
2026-03-19 21:11:15  INFO      STEP 2: GUI Mapping
2026-03-19 21:11:15  INFO        Screenshots dir : /Users/tanmaybhuskute/Documents/gifdroid-reproduction/app_Jigsaw/input/artifacts
2026-03-19 21:11:15  INFO      gui_mapping: matching 6 keyframes against screenshots in "/Users/tanmaybhuskute/Documents/gifdroid-reproduction/app_Jigsaw/input/artifacts"
2026-03-19 21:11:16  DEBUG     load_screenshots: 2 screenshots loaded in 0.21s from "/Users/tanmaybhuskute/Documents/gifdroid-reproduction/app_Jigsaw/input/artifacts"
2026-03-19 21:11:16  DEBUG     mapping: best match "artifacts_2.png" (score=0.253)
2026-03-19 21:11:16  DEBUG     mapping: best match "artifacts_2.png" (score=0.140)
2026-03-19 21:11:16  DEBUG     mapping: best match "artifacts_2.png" (score=0.426)
2026-03-19 21:11:16  DEBUG     mapping: best match "artifacts_2.png" (score=0.477)
2026-03-19 21:11:17  DEBUG     mapping: best match "artifacts_2.png" (score=0.149)
2026-03-19 21:11:17  DEBUG     mapping: best match "artifacts_2.png" (score=0.164)
2026-03-19 21:11:17  INFO      gui_mapping: done — index sequence [2, 2, 2, 2, 2, 2] (1.54s)
2026-03-19 21:11:17  INFO        Mapped index sequence : [2, 2, 2, 2, 2, 2]
2026-03-19 21:11:17  INFO        Duration              : 1.54s
2026-03-19 21:11:17  INFO      ==================================================
2026-03-19 21:11:17  INFO      STEP 3: Find Execution Trace
2026-03-19 21:11:17  INFO        UTG file : /Users/tanmaybhuskute/Documents/gifdroid-reproduction/app_Jigsaw/input/utg.json
2026-03-19 21:11:17  INFO      find_execution_trace: target sequence [2, 2, 2, 2, 2, 2]
2026-03-19 21:11:17  DEBUG     read_graph: 2 edges, 2 vertices loaded in 0.00s
2026-03-19 21:11:17  DEBUG     find_execution_trace: 0 candidate paths found in 0.00s
