2026-03-19 21:11:18  INFO      Log file: logs/gifdroid_20260319_211118.log
2026-03-19 21:11:18  INFO      GIFdroid started
2026-03-19 21:11:18  INFO        --video    : /Users/tanmaybhuskute/Documents/gifdroid-reproduction/app_Jigsaw/input/handheld/hhv_app_Jigsaw.mp4
2026-03-19 21:11:18  INFO        --utg      : /Users/tanmaybhuskute/Documents/gifdroid-reproduction/app_Jigsaw/input/utg.json
2026-03-19 21:11:18  INFO        --artifact : /Users/tanmaybhuskute/Documents/gifdroid-reproduction/app_Jigsaw/input/artifacts
2026-03-19 21:11:18  INFO        --out      : /Users/tanmaybhuskute/Documents/gifdroid-reproduction/app_Jigsaw/output/execution_hhv_Jigsaw.json
2026-03-19 21:11:18  INFO        --log-dir  : logs
2026-03-19 21:11:18  INFO      ==================================================
2026-03-19 21:11:18  INFO      STEP 1: Keyframe Location
2026-03-19 21:11:18  INFO        Input video : /Users/tanmaybhuskute/Documents/gifdroid-reproduction/app_Jigsaw/input/handheld/hhv_app_Jigsaw.mp4
2026-03-19 21:11:18  INFO      keyframe_location: starting on video "/Users/tanmaybhuskute/Documents/gifdroid-reproduction/app_Jigsaw/input/handheld/hhv_app_Jigsaw.mp4"
2026-03-19 21:11:22  DEBUG     read_frames_from_video: 563 frames decoded in 3.98s
2026-03-19 21:12:11  DEBUG     calculate_sim_seq: 562 similarities computed in 48.97s
2026-03-19 21:12:11  DEBUG     detect_keyframes: 16 keyframes detected from 562 frames in 0.00s
2026-03-19 21:12:11  INFO      keyframe_location: done — 16 keyframes at indices [114, 229, 236, 267, 329, 350, 384, 403, 410, 448, 470, 492, 536, 545, 552, 562] (52.97s total)
2026-03-19 21:12:11  INFO        Keyframes found   : 16
2026-03-19 21:12:11  INFO        Keyframe indices  : [114, 229, 236, 267, 329, 350, 384, 403, 410, 448, 470, 492, 536, 545, 552, 562]
2026-03-19 21:12:11  INFO        Duration          : 53.04s
2026-03-19 21:12:11  INFO      ==================================================
2026-03-19 21:12:11  INFO      STEP 2: GUI Mapping
2026-03-19 21:12:11  INFO        Screenshots dir : /Users/tanmaybhuskute/Documents/gifdroid-reproduction/app_Jigsaw/input/artifacts
2026-03-19 21:12:11  INFO      gui_mapping: matching 16 keyframes against screenshots in "/Users/tanmaybhuskute/Documents/gifdroid-reproduction/app_Jigsaw/input/artifacts"
2026-03-19 21:12:11  DEBUG     load_screenshots: 2 screenshots loaded in 0.18s from "/Users/tanmaybhuskute/Documents/gifdroid-reproduction/app_Jigsaw/input/artifacts"
2026-03-19 21:12:11  DEBUG     mapping: best match "artifacts_2.png" (score=0.209)
2026-03-19 21:12:11  DEBUG     mapping: best match "artifacts_2.png" (score=0.220)
2026-03-19 21:12:12  DEBUG     mapping: best match "artifacts_2.png" (score=0.220)
2026-03-19 21:12:12  DEBUG     mapping: best match "artifacts_2.png" (score=0.221)
2026-03-19 21:12:12  DEBUG     mapping: best match "artifacts_2.png" (score=0.220)
2026-03-19 21:12:12  DEBUG     mapping: best match "artifacts_2.png" (score=0.217)
2026-03-19 21:12:12  DEBUG     mapping: best match "artifacts_2.png" (score=0.221)
2026-03-19 21:12:13  DEBUG     mapping: best match "artifacts_2.png" (score=0.220)
2026-03-19 21:12:13  DEBUG     mapping: best match "artifacts_2.png" (score=0.220)
2026-03-19 21:12:13  DEBUG     mapping: best match "artifacts_2.png" (score=0.220)
2026-03-19 21:12:13  DEBUG     mapping: best match "artifacts_2.png" (score=0.220)
2026-03-19 21:12:13  DEBUG     mapping: best match "artifacts_2.png" (score=0.219)
2026-03-19 21:12:14  DEBUG     mapping: best match "artifacts_2.png" (score=0.219)
2026-03-19 21:12:14  DEBUG     mapping: best match "artifacts_2.png" (score=0.222)
2026-03-19 21:12:14  DEBUG     mapping: best match "artifacts_2.png" (score=0.225)
2026-03-19 21:12:14  DEBUG     mapping: best match "artifacts_2.png" (score=0.225)
2026-03-19 21:12:14  INFO      gui_mapping: done — index sequence [2, 2, 2, 2, 2, 2, 2, 2, 2, 2, 2, 2, 2, 2, 2, 2] (3.67s)
2026-03-19 21:12:14  INFO        Mapped index sequence : [2, 2, 2, 2, 2, 2, 2, 2, 2, 2, 2, 2, 2, 2, 2, 2]
2026-03-19 21:12:14  INFO        Duration              : 3.67s
2026-03-19 21:12:14  INFO      ==================================================
2026-03-19 21:12:14  INFO      STEP 3: Find Execution Trace
2026-03-19 21:12:14  INFO        UTG file : /Users/tanmaybhuskute/Documents/gifdroid-reproduction/app_Jigsaw/input/utg.json
2026-03-19 21:12:14  INFO      find_execution_trace: target sequence [2, 2, 2, 2, 2, 2, 2, 2, 2, 2, 2, 2, 2, 2, 2, 2]
2026-03-19 21:12:14  DEBUG     read_graph: 2 edges, 2 vertices loaded in 0.00s
2026-03-19 21:12:14  DEBUG     find_execution_trace: 0 candidate paths found in 0.00s
