2026-03-19 20:19:37  INFO      Log file: logs/gifdroid_20260319_201937.log
2026-03-19 20:19:37  INFO      GIFdroid started
2026-03-19 20:19:37  INFO        --video    : /Users/tanmaybhuskute/Documents/gifdroid-reproduction/app_AdAway/input/handheld/hhv_app_AdAway.mp4
2026-03-19 20:19:37  INFO        --utg      : /Users/tanmaybhuskute/Documents/gifdroid-reproduction/app_AdAway/input/utg.json
2026-03-19 20:19:37  INFO        --artifact : /Users/tanmaybhuskute/Documents/gifdroid-reproduction/app_AdAway/input/artifacts
2026-03-19 20:19:37  INFO        --out      : /Users/tanmaybhuskute/Documents/gifdroid-reproduction/app_AdAway/output/execution_hhv_AdAway.json
2026-03-19 20:19:37  INFO        --log-dir  : logs
2026-03-19 20:19:37  INFO      ==================================================
2026-03-19 20:19:37  INFO      STEP 1: Keyframe Location
2026-03-19 20:19:37  INFO        Input video : /Users/tanmaybhuskute/Documents/gifdroid-reproduction/app_AdAway/input/handheld/hhv_app_AdAway.mp4
2026-03-19 20:19:37  INFO      keyframe_location: starting on video "/Users/tanmaybhuskute/Documents/gifdroid-reproduction/app_AdAway/input/handheld/hhv_app_AdAway.mp4"
2026-03-19 20:19:48  DEBUG     read_frames_from_video: 1331 frames decoded in 11.04s
2026-03-19 20:21:50  DEBUG     calculate_sim_seq: 1330 similarities computed in 121.11s
2026-03-19 20:21:50  DEBUG     detect_keyframes: 39 keyframes detected from 1330 frames in 0.00s
2026-03-19 20:21:50  INFO      keyframe_location: done — 39 keyframes at indices [11, 20, 74, 149, 169, 231, 245, 366, 421, 428, 454, 527, 550, 608, 626, 643, 677, 683, 714, 745, 764, 792, 802, 812, 819, 857, 880, 943, 1016, 1097, 1126, 1161, 1173, 1187, 1221, 1227, 1262, 1270, 1330] (132.19s total)
2026-03-19 20:21:50  INFO        Keyframes found   : 39
2026-03-19 20:21:50  INFO        Keyframe indices  : [11, 20, 74, 149, 169, 231, 245, 366, 421, 428, 454, 527, 550, 608, 626, 643, 677, 683, 714, 745, 764, 792, 802, 812, 819, 857, 880, 943, 1016, 1097, 1126, 1161, 1173, 1187, 1221, 1227, 1262, 1270, 1330]
2026-03-19 20:21:50  INFO        Duration          : 132.54s
2026-03-19 20:21:50  INFO      ==================================================
2026-03-19 20:21:50  INFO      STEP 2: GUI Mapping
2026-03-19 20:21:50  INFO        Screenshots dir : /Users/tanmaybhuskute/Documents/gifdroid-reproduction/app_AdAway/input/artifacts
2026-03-19 20:21:50  INFO      gui_mapping: matching 39 keyframes against screenshots in "/Users/tanmaybhuskute/Documents/gifdroid-reproduction/app_AdAway/input/artifacts"
2026-03-19 20:21:51  DEBUG     load_screenshots: 4 screenshots loaded in 0.68s from "/Users/tanmaybhuskute/Documents/gifdroid-reproduction/app_AdAway/input/artifacts"
2026-03-19 20:21:51  DEBUG     mapping: best match "artifacts_2.png" (score=0.271)
2026-03-19 20:21:52  DEBUG     mapping: best match "artifacts_2.png" (score=0.278)
2026-03-19 20:21:52  DEBUG     mapping: best match "artifacts_2.png" (score=0.285)
2026-03-19 20:21:52  DEBUG     mapping: best match "artifacts_2.png" (score=0.273)
2026-03-19 20:21:53  DEBUG     mapping: best match "artifacts_2.png" (score=0.266)
2026-03-19 20:21:53  DEBUG     mapping: best match "artifacts_2.png" (score=0.275)
2026-03-19 20:21:54  DEBUG     mapping: best match "artifacts_2.png" (score=0.289)
2026-03-19 20:21:54  DEBUG     mapping: best match "artifacts_2.png" (score=0.287)
2026-03-19 20:21:55  DEBUG     mapping: best match "artifacts_2.png" (score=0.251)
2026-03-19 20:21:55  DEBUG     mapping: best match "artifacts_2.png" (score=0.256)
2026-03-19 20:21:56  DEBUG     mapping: best match "artifacts_2.png" (score=0.265)
2026-03-19 20:21:56  DEBUG     mapping: best match "artifacts_2.png" (score=0.275)
2026-03-19 20:21:57  DEBUG     mapping: best match "artifacts_2.png" (score=0.275)
2026-03-19 20:21:57  DEBUG     mapping: best match "artifacts_2.png" (score=0.275)
2026-03-19 20:21:57  DEBUG     mapping: best match "artifacts_2.png" (score=0.269)
2026-03-19 20:21:58  DEBUG     mapping: best match "artifacts_2.png" (score=0.271)
2026-03-19 20:21:58  DEBUG     mapping: best match "artifacts_2.png" (score=0.272)
2026-03-19 20:21:59  DEBUG     mapping: best match "artifacts_2.png" (score=0.272)
2026-03-19 20:21:59  DEBUG     mapping: best match "artifacts_2.png" (score=0.273)
2026-03-19 20:22:00  DEBUG     mapping: best match "artifacts_2.png" (score=0.275)
2026-03-19 20:22:00  DEBUG     mapping: best match "artifacts_2.png" (score=0.274)
2026-03-19 20:22:00  DEBUG     mapping: best match "artifacts_2.png" (score=0.276)
2026-03-19 20:22:01  DEBUG     mapping: best match "artifacts_2.png" (score=0.275)
2026-03-19 20:22:01  DEBUG     mapping: best match "artifacts_2.png" (score=0.279)
2026-03-19 20:22:02  DEBUG     mapping: best match "artifacts_2.png" (score=0.284)
2026-03-19 20:22:02  DEBUG     mapping: best match "artifacts_2.png" (score=0.286)
2026-03-19 20:22:02  DEBUG     mapping: best match "artifacts_2.png" (score=0.289)
2026-03-19 20:22:03  DEBUG     mapping: best match "artifacts_2.png" (score=0.295)
2026-03-19 20:22:03  DEBUG     mapping: best match "artifacts_2.png" (score=0.351)
2026-03-19 20:22:04  DEBUG     mapping: best match "artifacts_2.png" (score=0.333)
2026-03-19 20:22:04  DEBUG     mapping: best match "artifacts_2.png" (score=0.298)
2026-03-19 20:22:05  DEBUG     mapping: best match "artifacts_2.png" (score=0.335)
2026-03-19 20:22:05  DEBUG     mapping: best match "artifacts_2.png" (score=0.338)
2026-03-19 20:22:05  DEBUG     mapping: best match "artifacts_2.png" (score=0.303)
2026-03-19 20:22:06  DEBUG     mapping: best match "artifacts_2.png" (score=0.311)
2026-03-19 20:22:06  DEBUG     mapping: best match "artifacts_2.png" (score=0.306)
2026-03-19 20:22:07  DEBUG     mapping: best match "artifacts_2.png" (score=0.290)
2026-03-19 20:22:07  DEBUG     mapping: best match "artifacts_2.png" (score=0.292)
2026-03-19 20:22:07  DEBUG     mapping: best match "artifacts_2.png" (score=0.275)
2026-03-19 20:22:07  INFO      gui_mapping: done — index sequence [2, 2, 2, 2, 2, 2, 2, 2, 2, 2, 2, 2, 2, 2, 2, 2, 2, 2, 2, 2, 2, 2, 2, 2, 2, 2, 2, 2, 2, 2, 2, 2, 2, 2, 2, 2, 2, 2, 2] (17.53s)
2026-03-19 20:22:07  INFO        Mapped index sequence : [2, 2, 2, 2, 2, 2, 2, 2, 2, 2, 2, 2, 2, 2, 2, 2, 2, 2, 2, 2, 2, 2, 2, 2, 2, 2, 2, 2, 2, 2, 2, 2, 2, 2, 2, 2, 2, 2, 2]
2026-03-19 20:22:07  INFO        Duration              : 17.53s
2026-03-19 20:22:07  INFO      ==================================================
2026-03-19 20:22:07  INFO      STEP 3: Find Execution Trace
2026-03-19 20:22:07  INFO        UTG file : /Users/tanmaybhuskute/Documents/gifdroid-reproduction/app_AdAway/input/utg.json
2026-03-19 20:22:07  INFO      find_execution_trace: target sequence [2, 2, 2, 2, 2, 2, 2, 2, 2, 2, 2, 2, 2, 2, 2, 2, 2, 2, 2, 2, 2, 2, 2, 2, 2, 2, 2, 2, 2, 2, 2, 2, 2, 2, 2, 2, 2, 2, 2]
2026-03-19 20:22:07  DEBUG     read_graph: 5 edges, 4 vertices loaded in 0.00s
2026-03-19 20:22:07  DEBUG     find_execution_trace: 1 candidate paths found in 0.00s
2026-03-19 20:22:07  INFO      find_execution_trace: 1 trace(s) found (LCS=1, length=3) in 0.00s
2026-03-19 20:22:07  INFO        Candidate traces found : 1
2026-03-19 20:22:07  INFO          Trace 0: [0, 1, 2]
2026-03-19 20:22:07  INFO        Duration : 0.00s
2026-03-19 20:22:07  INFO      ==================================================
2026-03-19 20:22:07  INFO      STEP 4: Store Execution Trace
2026-03-19 20:22:07  INFO      Execution trace written to: /Users/tanmaybhuskute/Documents/gifdroid-reproduction/app_AdAway/output/execution_hhv_AdAway.json
2026-03-19 20:22:07  INFO        Duration : 0.00s
2026-03-19 20:22:07  INFO      ==================================================
2026-03-19 20:22:07  INFO      Pipeline complete.  Total time: 150.07s
2026-03-19 20:22:07  INFO      ==================================================
