2026-03-19 20:13:06  INFO      Log file: logs/gifdroid_20260319_201306.log
2026-03-19 20:13:06  INFO      GIFdroid started
2026-03-19 20:13:06  INFO        --video    : /Users/tanmaybhuskute/Documents/gifdroid-reproduction/app_AdAway/input/screenrec/srv_app_AdAway.mp4
2026-03-19 20:13:06  INFO        --utg      : /Users/tanmaybhuskute/Documents/gifdroid-reproduction/app_AdAway/input/utg.json
2026-03-19 20:13:06  INFO        --artifact : /Users/tanmaybhuskute/Documents/gifdroid-reproduction/app_AdAway/input/artifacts
2026-03-19 20:13:06  INFO        --out      : /Users/tanmaybhuskute/Documents/gifdroid-reproduction/app_AdAway/execution_srv_AdAway.json
2026-03-19 20:13:06  INFO        --log-dir  : logs
2026-03-19 20:13:06  INFO      ==================================================
2026-03-19 20:13:06  INFO      STEP 1: Keyframe Location
2026-03-19 20:13:06  INFO        Input video : /Users/tanmaybhuskute/Documents/gifdroid-reproduction/app_AdAway/input/screenrec/srv_app_AdAway.mp4
2026-03-19 20:13:06  INFO      keyframe_location: starting on video "/Users/tanmaybhuskute/Documents/gifdroid-reproduction/app_AdAway/input/screenrec/srv_app_AdAway.mp4"
2026-03-19 20:13:12  DEBUG     read_frames_from_video: 772 frames decoded in 6.07s
2026-03-19 20:14:20  DEBUG     calculate_sim_seq: 771 similarities computed in 67.78s
2026-03-19 20:14:20  DEBUG     detect_keyframes: 3 keyframes detected from 771 frames in 0.00s
2026-03-19 20:14:20  INFO      keyframe_location: done — 3 keyframes at indices [11, 52, 771] (73.90s total)
2026-03-19 20:14:20  INFO        Keyframes found   : 3
2026-03-19 20:14:20  INFO        Keyframe indices  : [11, 52, 771]
2026-03-19 20:14:20  INFO        Duration          : 74.05s
2026-03-19 20:14:20  INFO      ==================================================
2026-03-19 20:14:20  INFO      STEP 2: GUI Mapping
2026-03-19 20:14:20  INFO        Screenshots dir : /Users/tanmaybhuskute/Documents/gifdroid-reproduction/app_AdAway/input/artifacts
2026-03-19 20:14:22  INFO        Mapped index sequence : [1, 3, 1]
2026-03-19 20:14:22  INFO        Duration              : 1.89s
2026-03-19 20:14:22  INFO      ==================================================
2026-03-19 20:14:22  INFO      STEP 3: Find Execution Trace
2026-03-19 20:14:22  INFO        UTG file : /Users/tanmaybhuskute/Documents/gifdroid-reproduction/app_AdAway/input/utg.json
2026-03-19 20:14:22  INFO        Candidate traces found : 1
2026-03-19 20:14:22  INFO          Trace 0: [0, 1]
2026-03-19 20:14:22  INFO        Duration : 0.00s
2026-03-19 20:14:22  INFO      ==================================================
2026-03-19 20:14:22  INFO      STEP 4: Store Execution Trace
2026-03-19 20:14:22  INFO      Execution trace written to: /Users/tanmaybhuskute/Documents/gifdroid-reproduction/app_AdAway/execution_srv_AdAway.json
2026-03-19 20:14:22  INFO        Duration : 0.00s
2026-03-19 20:14:22  INFO      ==================================================
2026-03-19 20:14:22  INFO      Pipeline complete.  Total time: 75.94s
2026-03-19 20:14:22  INFO      ==================================================
