2026-03-17 22:37:10,646 [INFO] GIFdroid Reproduction - Firebase Robo Test Runner
2026-03-17 22:37:10,646 [INFO] Project root: /Users/tanmaybhuskute/Documents/gifdroid-reproduction
2026-03-17 22:37:10,646 [INFO] APKs directory: /Users/tanmaybhuskute/Documents/gifdroid-reproduction/apps
2026-03-17 22:37:10,646 [INFO] Log file: /Users/tanmaybhuskute/Documents/gifdroid-reproduction/logs/run_20260317_223710.log
2026-03-17 22:37:10,646 [INFO] 
============================================================
2026-03-17 22:37:10,646 [INFO] PHASE 4: Downloading Results
2026-03-17 22:37:10,646 [INFO] ============================================================
2026-03-17 22:37:10,646 [INFO]   [DeadHash] Already downloaded. Skipping.
2026-03-17 22:37:10,646 [INFO]   [Pomodorot] Already downloaded. Skipping.
2026-03-17 22:37:10,646 [INFO]   [Jigsaw] Already downloaded. Skipping.
2026-03-17 22:37:10,646 [INFO]   [AdAway] Already downloaded. Skipping.
2026-03-17 22:37:10,646 [INFO]   [LuxAlarm] Already downloaded. Skipping.
2026-03-17 22:37:10,646 [INFO]   [SimpleNotes] Already downloaded. Skipping.
2026-03-17 22:37:10,647 [INFO]   [PortAuthority] Already downloaded. Skipping.
2026-03-17 22:37:10,647 [INFO]   [AntennaPod] Already downloaded. Skipping.
2026-03-17 22:37:10,647 [INFO]   [HomeMedkit] Already downloaded. Skipping.
2026-03-17 22:37:10,647 [INFO]   [WifiAnalyzer] Already downloaded. Skipping.
2026-03-17 22:37:10,647 [INFO] 
  Phase 4 complete. Files downloaded to /Users/tanmaybhuskute/Documents/gifdroid-reproduction/firebase_downloads/
