2026-03-17 22:42:01,820 [INFO] GIFdroid Reproduction - Firebase Robo Test Runner
2026-03-17 22:42:01,821 [INFO] Project root: /Users/tanmaybhuskute/Documents/gifdroid-reproduction
2026-03-17 22:42:01,821 [INFO] APKs directory: /Users/tanmaybhuskute/Documents/gifdroid-reproduction/apps
2026-03-17 22:42:01,821 [INFO] Log file: /Users/tanmaybhuskute/Documents/gifdroid-reproduction/logs/run_20260317_224201.log
2026-03-17 22:42:01,821 [INFO] 
============================================================
2026-03-17 22:42:01,822 [INFO] PHASE 5: Organizing Results
2026-03-17 22:42:01,822 [INFO] ============================================================
2026-03-17 22:42:01,822 [INFO] 
  [DeadHash] Organizing into /Users/tanmaybhuskute/Documents/gifdroid-reproduction/app_DeadHash/
2026-03-17 22:42:01,823 [WARNING]     WARNING: No UTG JSON found. Available JSON files:
2026-03-17 22:42:01,823 [INFO]     PNG screenshots: 0
2026-03-17 22:42:01,823 [INFO]     utg.json present: False
2026-03-17 22:42:01,823 [INFO] 
  [Pomodorot] Organizing into /Users/tanmaybhuskute/Documents/gifdroid-reproduction/app_Pomodorot/
2026-03-17 22:42:01,823 [WARNING]     WARNING: No UTG JSON found. Available JSON files:
2026-03-17 22:42:01,824 [INFO]     PNG screenshots: 0
2026-03-17 22:42:01,824 [INFO]     utg.json present: False
2026-03-17 22:42:01,824 [INFO] 
  [Jigsaw] Organizing into /Users/tanmaybhuskute/Documents/gifdroid-reproduction/app_Jigsaw/
2026-03-17 22:42:01,824 [INFO]     Copied actions.json -> utg.json
2026-03-17 22:42:01,829 [INFO]     PNG screenshots: 3
2026-03-17 22:42:01,829 [INFO]     utg.json present: True
2026-03-17 22:42:01,829 [INFO] 
  [AdAway] Organizing into /Users/tanmaybhuskute/Documents/gifdroid-reproduction/app_AdAway/
2026-03-17 22:42:01,830 [INFO]     Copied actions.json -> utg.json
2026-03-17 22:42:01,836 [INFO]     PNG screenshots: 5
2026-03-17 22:42:01,836 [INFO]     utg.json present: True
2026-03-17 22:42:01,837 [INFO] 
  [LuxAlarm] Organizing into /Users/tanmaybhuskute/Documents/gifdroid-reproduction/app_LuxAlarm/
2026-03-17 22:42:01,838 [INFO]     Copied actions.json -> utg.json
2026-03-17 22:42:01,863 [INFO]     PNG screenshots: 26
2026-03-17 22:42:01,863 [INFO]     utg.json present: True
2026-03-17 22:42:01,863 [INFO] 
  [SimpleNotes] Organizing into /Users/tanmaybhuskute/Documents/gifdroid-reproduction/app_SimpleNotes/
2026-03-17 22:42:01,864 [INFO]     Copied actions.json -> utg.json
2026-03-17 22:42:01,892 [INFO]     PNG screenshots: 35
2026-03-17 22:42:01,892 [INFO]     utg.json present: True
2026-03-17 22:42:01,892 [INFO] 
  [PortAuthority] Organizing into /Users/tanmaybhuskute/Documents/gifdroid-reproduction/app_PortAuthority/
2026-03-17 22:42:01,893 [INFO]     Copied actions.json -> utg.json
2026-03-17 22:42:01,963 [INFO]     PNG screenshots: 89
2026-03-17 22:42:01,963 [INFO]     utg.json present: True
2026-03-17 22:42:01,964 [INFO] 
  [AntennaPod] Organizing into /Users/tanmaybhuskute/Documents/gifdroid-reproduction/app_AntennaPod/
2026-03-17 22:42:01,965 [INFO]     Copied actions.json -> utg.json
2026-03-17 22:42:02,111 [INFO]     PNG screenshots: 152
2026-03-17 22:42:02,111 [INFO]     utg.json present: True
2026-03-17 22:42:02,111 [INFO] 
  [HomeMedkit] Organizing into /Users/tanmaybhuskute/Documents/gifdroid-reproduction/app_HomeMedkit/
2026-03-17 22:42:02,113 [INFO]     Copied actions.json -> utg.json
2026-03-17 22:42:02,170 [INFO]     PNG screenshots: 81
2026-03-17 22:42:02,171 [INFO]     utg.json present: True
2026-03-17 22:42:02,171 [INFO] 
  [WifiAnalyzer] Organizing into /Users/tanmaybhuskute/Documents/gifdroid-reproduction/app_WifiAnalyzer/
2026-03-17 22:42:02,172 [INFO]     Copied actions.json -> utg.json
2026-03-17 22:42:02,221 [INFO]     PNG screenshots: 51
2026-03-17 22:42:02,221 [INFO]     utg.json present: True
2026-03-17 22:42:02,221 [INFO] 
  Phase 5 complete. App directories created in project root.
