2026-03-17 21:40:08,549 [INFO] GIFdroid Reproduction - Firebase Robo Test Runner
2026-03-17 21:40:08,549 [INFO] Project root: /Users/tanmaybhuskute/Documents/gifdroid-reproduction
2026-03-17 21:40:08,549 [INFO] APKs directory: /Users/tanmaybhuskute/Documents/gifdroid-reproduction/apps
2026-03-17 21:40:08,549 [INFO] Log file: /Users/tanmaybhuskute/Documents/gifdroid-reproduction/logs/run_20260317_214008.log
2026-03-17 21:40:08,549 [INFO] 
============================================================
2026-03-17 21:40:08,549 [INFO] PHASE 1: Verifying gcloud setup
2026-03-17 21:40:08,549 [INFO] ============================================================
2026-03-17 21:40:08,549 [INFO] 
[1/5] Checking gcloud version...
2026-03-17 21:40:08,549 [DEBUG]   $ gcloud version 2>&1 | head -1
2026-03-17 21:40:20,400 [DEBUG]   STDOUT: Google Cloud SDK 556.0.0
2026-03-17 21:40:20,400 [INFO]   gcloud installed: Google Cloud SDK 556.0.0
2026-03-17 21:40:20,400 [INFO] 
[2/5] Checking current project...
2026-03-17 21:40:20,400 [DEBUG]   $ gcloud config get-value project 2>/dev/null
2026-03-17 21:40:21,733 [DEBUG]   STDOUT: gifdroid-reproduction
2026-03-17 21:40:21,734 [INFO]   Current project: gifdroid-reproduction
2026-03-17 21:40:21,734 [INFO] 
[3/5] Project already set to gifdroid-reproduction. Skipping.
2026-03-17 21:40:21,734 [INFO] 
[4/5] Checking authentication...
2026-03-17 21:40:21,734 [DEBUG]   $ gcloud auth list --format='value(account)' --filter='status:ACTIVE'
2026-03-17 21:40:22,727 [DEBUG]   STDOUT: tanmaybhuskute8@gmail.com
2026-03-17 21:40:22,727 [INFO]   Authenticated as: tanmaybhuskute8@gmail.com
2026-03-17 21:40:22,727 [INFO] 
[5/5] Checking required APIs...
2026-03-17 21:40:22,727 [DEBUG]   $ gcloud services list --enabled --filter="name:(testing.googleapis.com OR toolresults.googleapis.com)" --format="value(name)"
2026-03-17 21:40:24,592 [DEBUG]   STDOUT: projects/470345417243/services/testing.googleapis.com
projects/470345417243/services/toolresults.googleapis.com
2026-03-17 21:40:24,593 [INFO]   Enabled: projects/470345417243/services/testing.googleapis.com
2026-03-17 21:40:24,593 [INFO]   Enabled: projects/470345417243/services/toolresults.googleapis.com
2026-03-17 21:40:24,593 [INFO] 
  Phase 1 complete. All checks passed.
