2026-03-22 17:33:00,175 [INFO] GIFdroid Reproduction - Firebase Robo Test Runner
2026-03-22 17:33:00,176 [INFO] Project root: /Users/tanmaybhuskute/Documents/gifdroid-reproduction
2026-03-22 17:33:00,176 [INFO] APKs directory: /Users/tanmaybhuskute/Documents/gifdroid-reproduction/apps
2026-03-22 17:33:00,176 [INFO] Log file: /Users/tanmaybhuskute/Documents/gifdroid-reproduction/logs/run_20260322_173300.log
2026-03-22 17:33:00,176 [INFO] 
============================================================
2026-03-22 17:33:00,176 [INFO] PHASE 5: Organizing Results (utg slot: utg03)
2026-03-22 17:33:00,176 [INFO] ============================================================
2026-03-22 17:33:00,177 [INFO] 
  [DeadHash] Organizing into /Users/tanmaybhuskute/Documents/gifdroid-reproduction/app_DeadHash/utg03/
2026-03-22 17:33:00,177 [WARNING]     WARNING: No UTG JSON found. Available JSON files:
2026-03-22 17:33:00,177 [INFO]     PNG screenshots: 0
2026-03-22 17:33:00,177 [INFO]     utg.json present: False
2026-03-22 17:33:00,177 [INFO] 
  [Pomodorot] Organizing into /Users/tanmaybhuskute/Documents/gifdroid-reproduction/app_Pomodorot/utg03/
2026-03-22 17:33:00,178 [WARNING]     WARNING: No UTG JSON found. Available JSON files:
2026-03-22 17:33:00,178 [INFO]     PNG screenshots: 0
2026-03-22 17:33:00,178 [INFO]     utg.json present: False
2026-03-22 17:33:00,178 [INFO] 
  [AdAway] Organizing into /Users/tanmaybhuskute/Documents/gifdroid-reproduction/app_AdAway/utg03/
2026-03-22 17:33:00,179 [INFO]     Copied actions.json -> input/utg.json
2026-03-22 17:33:00,184 [INFO]     PNG screenshots: 5
2026-03-22 17:33:00,184 [INFO]     utg.json present: True
2026-03-22 17:33:00,184 [INFO] 
  [Jigsaw] Organizing into /Users/tanmaybhuskute/Documents/gifdroid-reproduction/app_Jigsaw/utg03/
2026-03-22 17:33:00,185 [INFO]     Copied actions.json -> input/utg.json
2026-03-22 17:33:00,189 [INFO]     PNG screenshots: 3
2026-03-22 17:33:00,189 [INFO]     utg.json present: True
2026-03-22 17:33:00,189 [INFO] 
  [LuxAlarm] Organizing into /Users/tanmaybhuskute/Documents/gifdroid-reproduction/app_LuxAlarm/utg03/
2026-03-22 17:33:00,192 [INFO]     Copied actions.json -> input/utg.json
2026-03-22 17:33:00,215 [INFO]     PNG screenshots: 23
2026-03-22 17:33:00,215 [INFO]     utg.json present: True
2026-03-22 17:33:00,216 [INFO] 
  [SimpleNotes] Organizing into /Users/tanmaybhuskute/Documents/gifdroid-reproduction/app_SimpleNotes/utg03/
2026-03-22 17:33:00,217 [INFO]     Copied actions.json -> input/utg.json
2026-03-22 17:33:00,249 [INFO]     PNG screenshots: 38
2026-03-22 17:33:00,249 [INFO]     utg.json present: True
2026-03-22 17:33:00,250 [INFO] 
  [WifiAnalyzer] Organizing into /Users/tanmaybhuskute/Documents/gifdroid-reproduction/app_WifiAnalyzer/utg03/
2026-03-22 17:33:00,252 [INFO]     Copied actions.json -> input/utg.json
2026-03-22 17:33:00,283 [INFO]     PNG screenshots: 33
2026-03-22 17:33:00,283 [INFO]     utg.json present: True
2026-03-22 17:33:00,283 [INFO] 
  [PortAuthority] Organizing into /Users/tanmaybhuskute/Documents/gifdroid-reproduction/app_PortAuthority/utg03/
2026-03-22 17:33:00,284 [INFO]     Copied actions.json -> input/utg.json
2026-03-22 17:33:00,319 [INFO]     PNG screenshots: 63
2026-03-22 17:33:00,320 [INFO]     utg.json present: True
2026-03-22 17:33:00,320 [INFO] 
  [HomeMedkit] Organizing into /Users/tanmaybhuskute/Documents/gifdroid-reproduction/app_HomeMedkit/utg03/
2026-03-22 17:33:00,322 [INFO]     Copied actions.json -> input/utg.json
2026-03-22 17:33:00,364 [INFO]     PNG screenshots: 53
2026-03-22 17:33:00,364 [INFO]     utg.json present: True
2026-03-22 17:33:00,365 [INFO] 
  [AntennaPod] Organizing into /Users/tanmaybhuskute/Documents/gifdroid-reproduction/app_AntennaPod/utg03/
2026-03-22 17:33:00,365 [INFO]     Copied actions.json -> input/utg.json
2026-03-22 17:33:00,407 [INFO]     PNG screenshots: 85
2026-03-22 17:33:00,407 [INFO]     utg.json present: True
2026-03-22 17:33:00,407 [INFO] 
  Phase 5 complete. App directories created in project root (slot: utg03).
