2026-03-17 21:40:45,110 [INFO] GIFdroid Reproduction - Firebase Robo Test Runner
2026-03-17 21:40:45,110 [INFO] Project root: /Users/tanmaybhuskute/Documents/gifdroid-reproduction
2026-03-17 21:40:45,110 [INFO] APKs directory: /Users/tanmaybhuskute/Documents/gifdroid-reproduction/apps
2026-03-17 21:40:45,110 [INFO] Log file: /Users/tanmaybhuskute/Documents/gifdroid-reproduction/logs/run_20260317_214045.log
2026-03-17 21:40:45,110 [INFO] 
============================================================
2026-03-17 21:40:45,110 [INFO] PHASE 2: Running Firebase Robo Tests (parallel, timeout=20m)
2026-03-17 21:40:45,110 [INFO] ============================================================
2026-03-17 21:40:45,110 [INFO]   Found 10 APKs:
2026-03-17 21:40:45,110 [INFO]     - AdAway.apk
2026-03-17 21:40:45,110 [INFO]     - AntennaPod.apk
2026-03-17 21:40:45,110 [INFO]     - DeadHash.apk
2026-03-17 21:40:45,110 [INFO]     - HomeMedkit.apk
2026-03-17 21:40:45,110 [INFO]     - Jigsaw.apk
2026-03-17 21:40:45,110 [INFO]     - LuxAlarm.apk
2026-03-17 21:40:45,110 [INFO]     - Pomodorot.apk
2026-03-17 21:40:45,110 [INFO]     - PortAuthority.apk
2026-03-17 21:40:45,110 [INFO]     - SimpleNotes.apk
2026-03-17 21:40:45,110 [INFO]     - WifiAnalyzer.apk
2026-03-17 21:40:45,111 [INFO] 
  Loaded 10 existing results from result_buckets.json
2026-03-17 21:40:45,111 [INFO]   [AdAway] Already has results. Skipping.
2026-03-17 21:40:45,111 [INFO]   [AntennaPod] Already has results. Skipping.
2026-03-17 21:40:45,111 [INFO]   [DeadHash] Already has results. Skipping.
2026-03-17 21:40:45,111 [INFO]   [HomeMedkit] Already has results. Skipping.
2026-03-17 21:40:45,111 [INFO]   [Jigsaw] Already has results. Skipping.
2026-03-17 21:40:45,111 [INFO]   [LuxAlarm] Already has results. Skipping.
2026-03-17 21:40:45,111 [INFO]   [Pomodorot] Already has results. Skipping.
2026-03-17 21:40:45,111 [INFO]   [PortAuthority] Already has results. Skipping.
2026-03-17 21:40:45,111 [INFO]   [SimpleNotes] Already has results. Skipping.
2026-03-17 21:40:45,111 [INFO]   [WifiAnalyzer] Already has results. Skipping.
2026-03-17 21:40:45,111 [INFO]   All APKs already have results. Nothing to do.
