2026-03-17 22:39:56,093 [INFO] GIFdroid Reproduction - Firebase Robo Test Runner
2026-03-17 22:39:56,093 [INFO] Project root: /Users/tanmaybhuskute/Documents/gifdroid-reproduction
2026-03-17 22:39:56,093 [INFO] APKs directory: /Users/tanmaybhuskute/Documents/gifdroid-reproduction/apps
2026-03-17 22:39:56,093 [INFO] Log file: /Users/tanmaybhuskute/Documents/gifdroid-reproduction/logs/run_20260317_223956.log
2026-03-17 22:39:56,094 [INFO] 
============================================================
2026-03-17 22:39:56,094 [INFO] PHASE 4: Downloading Results
2026-03-17 22:39:56,094 [INFO] ============================================================
2026-03-17 22:39:56,094 [INFO]   [DeadHash] Downloading from gs://test-lab-bmii6k1jnh2ux-w8n8zdb9a37pu/2026-03-17_21:43:39.834924_EvUT/ ...
2026-03-17 22:39:56,094 [DEBUG]   $ gsutil -o "GSUtil:parallel_process_count=1" -m cp -r gs://test-lab-bmii6k1jnh2ux-w8n8zdb9a37pu/2026-03-17_21:43:39.834924_EvUT/ /Users/tanmaybhuskute/Documents/gifdroid-reproduction/firebase_downloads/DeadHash/
2026-03-17 22:39:58,993 [INFO]   [DeadHash] Downloaded 1 files.
2026-03-17 22:39:58,994 [INFO]   [Pomodorot] Downloading from gs://test-lab-bmii6k1jnh2ux-w8n8zdb9a37pu/2026-03-17_21:43:40.212387_RLlS/ ...
2026-03-17 22:39:58,994 [DEBUG]   $ gsutil -o "GSUtil:parallel_process_count=1" -m cp -r gs://test-lab-bmii6k1jnh2ux-w8n8zdb9a37pu/2026-03-17_21:43:40.212387_RLlS/ /Users/tanmaybhuskute/Documents/gifdroid-reproduction/firebase_downloads/Pomodorot/
2026-03-17 22:40:02,751 [INFO]   [Pomodorot] Downloaded 1 files.
2026-03-17 22:40:02,752 [INFO]   [Jigsaw] Downloading from gs://test-lab-bmii6k1jnh2ux-w8n8zdb9a37pu/2026-03-17_21:43:39.846153_AyJw/ ...
2026-03-17 22:40:02,752 [DEBUG]   $ gsutil -o "GSUtil:parallel_process_count=1" -m cp -r gs://test-lab-bmii6k1jnh2ux-w8n8zdb9a37pu/2026-03-17_21:43:39.846153_AyJw/ /Users/tanmaybhuskute/Documents/gifdroid-reproduction/firebase_downloads/Jigsaw/
2026-03-17 22:40:06,158 [INFO]   [Jigsaw] Downloaded 9 files.
2026-03-17 22:40:06,159 [INFO]   [AdAway] Downloading from gs://test-lab-bmii6k1jnh2ux-w8n8zdb9a37pu/2026-03-17_21:43:39.997012_Fgda/ ...
2026-03-17 22:40:06,159 [DEBUG]   $ gsutil -o "GSUtil:parallel_process_count=1" -m cp -r gs://test-lab-bmii6k1jnh2ux-w8n8zdb9a37pu/2026-03-17_21:43:39.997012_Fgda/ /Users/tanmaybhuskute/Documents/gifdroid-reproduction/firebase_downloads/AdAway/
2026-03-17 22:40:09,935 [INFO]   [AdAway] Downloaded 11 files.
2026-03-17 22:40:09,935 [INFO]   [LuxAlarm] Downloading from gs://test-lab-bmii6k1jnh2ux-w8n8zdb9a37pu/2026-03-17_21:43:39.939936_GEvr/ ...
2026-03-17 22:40:09,936 [DEBUG]   $ gsutil -o "GSUtil:parallel_process_count=1" -m cp -r gs://test-lab-bmii6k1jnh2ux-w8n8zdb9a37pu/2026-03-17_21:43:39.939936_GEvr/ /Users/tanmaybhuskute/Documents/gifdroid-reproduction/firebase_downloads/LuxAlarm/
2026-03-17 22:40:18,169 [INFO]   [LuxAlarm] Downloaded 32 files.
2026-03-17 22:40:18,170 [INFO]   [SimpleNotes] Downloading from gs://test-lab-bmii6k1jnh2ux-w8n8zdb9a37pu/2026-03-17_21:43:39.962167_lqsN/ ...
2026-03-17 22:40:18,170 [DEBUG]   $ gsutil -o "GSUtil:parallel_process_count=1" -m cp -r gs://test-lab-bmii6k1jnh2ux-w8n8zdb9a37pu/2026-03-17_21:43:39.962167_lqsN/ /Users/tanmaybhuskute/Documents/gifdroid-reproduction/firebase_downloads/SimpleNotes/
2026-03-17 22:40:26,054 [INFO]   [SimpleNotes] Downloaded 41 files.
2026-03-17 22:40:26,054 [INFO]   [PortAuthority] Downloading from gs://test-lab-bmii6k1jnh2ux-w8n8zdb9a37pu/2026-03-17_21:43:39.670343_Lahj/ ...
2026-03-17 22:40:26,054 [DEBUG]   $ gsutil -o "GSUtil:parallel_process_count=1" -m cp -r gs://test-lab-bmii6k1jnh2ux-w8n8zdb9a37pu/2026-03-17_21:43:39.670343_Lahj/ /Users/tanmaybhuskute/Documents/gifdroid-reproduction/firebase_downloads/PortAuthority/
2026-03-17 22:40:38,191 [INFO]   [PortAuthority] Downloaded 95 files.
2026-03-17 22:40:38,191 [INFO]   [AntennaPod] Downloading from gs://test-lab-bmii6k1jnh2ux-w8n8zdb9a37pu/2026-03-17_21:43:39.828346_mQuk/ ...
2026-03-17 22:40:38,191 [DEBUG]   $ gsutil -o "GSUtil:parallel_process_count=1" -m cp -r gs://test-lab-bmii6k1jnh2ux-w8n8zdb9a37pu/2026-03-17_21:43:39.828346_mQuk/ /Users/tanmaybhuskute/Documents/gifdroid-reproduction/firebase_downloads/AntennaPod/
2026-03-17 22:40:56,921 [INFO]   [AntennaPod] Downloaded 158 files.
2026-03-17 22:40:56,922 [INFO]   [HomeMedkit] Downloading from gs://test-lab-bmii6k1jnh2ux-w8n8zdb9a37pu/2026-03-17_21:43:39.856946_bSIN/ ...
2026-03-17 22:40:56,922 [DEBUG]   $ gsutil -o "GSUtil:parallel_process_count=1" -m cp -r gs://test-lab-bmii6k1jnh2ux-w8n8zdb9a37pu/2026-03-17_21:43:39.856946_bSIN/ /Users/tanmaybhuskute/Documents/gifdroid-reproduction/firebase_downloads/HomeMedkit/
2026-03-17 22:41:07,902 [INFO]   [HomeMedkit] Downloaded 87 files.
2026-03-17 22:41:07,902 [INFO]   [WifiAnalyzer] Downloading from gs://test-lab-bmii6k1jnh2ux-w8n8zdb9a37pu/2026-03-17_21:43:39.961699_eGFr/ ...
2026-03-17 22:41:07,902 [DEBUG]   $ gsutil -o "GSUtil:parallel_process_count=1" -m cp -r gs://test-lab-bmii6k1jnh2ux-w8n8zdb9a37pu/2026-03-17_21:43:39.961699_eGFr/ /Users/tanmaybhuskute/Documents/gifdroid-reproduction/firebase_downloads/WifiAnalyzer/
2026-03-17 22:41:18,024 [INFO]   [WifiAnalyzer] Downloaded 57 files.
2026-03-17 22:41:18,025 [INFO] 
  Phase 4 complete. Files downloaded to /Users/tanmaybhuskute/Documents/gifdroid-reproduction/firebase_downloads/
