2026-03-27 17:26:31  INFO      Log file: /Users/tanmaybhuskute/Documents/gifdroid-reproduction/app_SimpleNotes/utg03/gifdroid_20260327_172631_hhv_homography.log
2026-03-27 17:26:31  INFO      GIFdroid started
2026-03-27 17:26:31  INFO        --video            : /Users/tanmaybhuskute/Documents/gifdroid-reproduction/app_SimpleNotes/utg03/input/handheld/hhv_app_SimpleNotes.mp4
2026-03-27 17:26:31  INFO        --utg              : /Users/tanmaybhuskute/Documents/gifdroid-reproduction/app_SimpleNotes/utg03/input/utg.json
2026-03-27 17:26:31  INFO        --artifact         : /Users/tanmaybhuskute/Documents/gifdroid-reproduction/app_SimpleNotes/utg03/input/artifacts
2026-03-27 17:26:31  INFO        --out              : /Users/tanmaybhuskute/Documents/gifdroid-reproduction/app_SimpleNotes/utg03/output/execution_hhv_SimpleNotes_homography.json
2026-03-27 17:26:31  INFO        --log-dir          : None
2026-03-27 17:26:31  INFO        --save-keyframes   : /Users/tanmaybhuskute/Documents/gifdroid-reproduction/app_SimpleNotes/utg03/output/keyframes_homography
2026-03-27 17:26:31  INFO        --keyframe-method  : homography
2026-03-27 17:26:31  INFO      ==================================================
2026-03-27 17:26:31  INFO      STEP 1: Keyframe Location
2026-03-27 17:26:31  INFO        Input video      : /Users/tanmaybhuskute/Documents/gifdroid-reproduction/app_SimpleNotes/utg03/input/handheld/hhv_app_SimpleNotes.mp4
2026-03-27 17:26:31  INFO        Keyframe method  : homography
2026-03-27 17:26:31  INFO      keyframe_location_homography: starting on "/Users/tanmaybhuskute/Documents/gifdroid-reproduction/app_SimpleNotes/utg03/input/handheld/hhv_app_SimpleNotes.mp4"
2026-03-27 17:26:41  DEBUG     read_frames_from_video: 1256 frames decoded in 10.06s
2026-03-27 17:36:39  DEBUG     detect_keyframes: 40 keyframes detected from 1255 frames in 0.00s
2026-03-27 17:36:39  INFO      keyframe_location_homography: done — 40 keyframes at indices [121, 178, 220, 255, 300, 346, 360, 384, 399, 408, 436, 463, 472, 498, 523, 627, 651, 674, 729, 908, 915, 938, 964, 976, 983, 997, 1015, 1035, 1042, 1069, 1084, 1108, 1122, 1143, 1181, 1200, 1216, 1226, 1237, 1255] (607.62s)
2026-03-27 17:36:39  INFO        Keyframes found   : 40
2026-03-27 17:36:39  INFO        Keyframe indices  : [121, 178, 220, 255, 300, 346, 360, 384, 399, 408, 436, 463, 472, 498, 523, 627, 651, 674, 729, 908, 915, 938, 964, 976, 983, 997, 1015, 1035, 1042, 1069, 1084, 1108, 1122, 1143, 1181, 1200, 1216, 1226, 1237, 1255]
2026-03-27 17:36:39  INFO        Duration          : 607.92s
2026-03-27 17:36:42  INFO        Keyframes saved to: /Users/tanmaybhuskute/Documents/gifdroid-reproduction/app_SimpleNotes/utg03/output/keyframes_homography (40 files)
2026-03-27 17:36:42  INFO      ==================================================
2026-03-27 17:36:42  INFO      STEP 2: GUI Mapping
2026-03-27 17:36:42  INFO        Screenshots dir : /Users/tanmaybhuskute/Documents/gifdroid-reproduction/app_SimpleNotes/utg03/input/artifacts
2026-03-27 17:36:42  INFO      gui_mapping: matching 40 keyframes against screenshots in "/Users/tanmaybhuskute/Documents/gifdroid-reproduction/app_SimpleNotes/utg03/input/artifacts"
2026-03-27 17:36:46  DEBUG     load_screenshots: 38 screenshots loaded in 3.37s from "/Users/tanmaybhuskute/Documents/gifdroid-reproduction/app_SimpleNotes/utg03/input/artifacts"
2026-03-27 17:36:55  DEBUG     mapping: best match "artifacts_13.png" (score=0.370)
2026-03-27 17:37:04  DEBUG     mapping: best match "artifacts_13.png" (score=0.324)
2026-03-27 17:37:13  DEBUG     mapping: best match "artifacts_13.png" (score=0.321)
2026-03-27 17:37:23  DEBUG     mapping: best match "artifacts_13.png" (score=0.319)
2026-03-27 17:37:32  DEBUG     mapping: best match "artifacts_13.png" (score=0.320)
2026-03-27 17:37:40  DEBUG     mapping: best match "artifacts_13.png" (score=0.287)
2026-03-27 17:37:48  DEBUG     mapping: best match "artifacts_13.png" (score=0.287)
2026-03-27 17:37:57  DEBUG     mapping: best match "artifacts_38.png" (score=0.309)
2026-03-27 17:38:06  DEBUG     mapping: best match "artifacts_38.png" (score=0.303)
2026-03-27 17:38:14  DEBUG     mapping: best match "artifacts_38.png" (score=0.305)
2026-03-27 17:38:22  DEBUG     mapping: best match "artifacts_13.png" (score=0.315)
2026-03-27 17:38:32  DEBUG     mapping: best match "artifacts_13.png" (score=0.309)
2026-03-27 17:38:41  DEBUG     mapping: best match "artifacts_13.png" (score=0.309)
2026-03-27 17:38:51  DEBUG     mapping: best match "artifacts_38.png" (score=0.298)
2026-03-27 17:39:02  DEBUG     mapping: best match "artifacts_38.png" (score=0.292)
2026-03-27 17:39:12  DEBUG     mapping: best match "artifacts_38.png" (score=0.291)
2026-03-27 17:39:21  DEBUG     mapping: best match "artifacts_13.png" (score=0.327)
2026-03-27 17:39:30  DEBUG     mapping: best match "artifacts_13.png" (score=0.336)
2026-03-27 17:39:39  DEBUG     mapping: best match "artifacts_13.png" (score=0.310)
2026-03-27 17:39:47  DEBUG     mapping: best match "artifacts_13.png" (score=0.272)
2026-03-27 17:39:55  DEBUG     mapping: best match "artifacts_13.png" (score=0.271)
2026-03-27 17:40:04  DEBUG     mapping: best match "artifacts_13.png" (score=0.296)
2026-03-27 17:40:12  DEBUG     mapping: best match "artifacts_13.png" (score=0.287)
2026-03-27 17:40:20  DEBUG     mapping: best match "artifacts_13.png" (score=0.286)
2026-03-27 17:40:28  DEBUG     mapping: best match "artifacts_13.png" (score=0.286)
2026-03-27 17:40:36  DEBUG     mapping: best match "artifacts_13.png" (score=0.291)
2026-03-27 17:40:44  DEBUG     mapping: best match "artifacts_13.png" (score=0.286)
2026-03-27 17:40:52  DEBUG     mapping: best match "artifacts_13.png" (score=0.285)
2026-03-27 17:40:59  DEBUG     mapping: best match "artifacts_13.png" (score=0.286)
2026-03-27 17:41:08  DEBUG     mapping: best match "artifacts_13.png" (score=0.282)
2026-03-27 17:41:16  DEBUG     mapping: best match "artifacts_13.png" (score=0.288)
2026-03-27 17:41:26  DEBUG     mapping: best match "artifacts_13.png" (score=0.293)
2026-03-27 17:41:35  DEBUG     mapping: best match "artifacts_13.png" (score=0.281)
2026-03-27 17:41:46  DEBUG     mapping: best match "artifacts_13.png" (score=0.283)
2026-03-27 17:41:55  DEBUG     mapping: best match "artifacts_13.png" (score=0.291)
2026-03-27 17:42:04  DEBUG     mapping: best match "artifacts_13.png" (score=0.289)
2026-03-27 17:42:13  DEBUG     mapping: best match "artifacts_13.png" (score=0.287)
2026-03-27 17:42:23  DEBUG     mapping: best match "artifacts_13.png" (score=0.291)
2026-03-27 17:42:32  DEBUG     mapping: best match "artifacts_13.png" (score=0.299)
2026-03-27 17:42:43  DEBUG     mapping: best match "artifacts_13.png" (score=0.298)
2026-03-27 17:42:43  INFO      gui_mapping: done — index sequence [13, 13, 13, 13, 13, 13, 13, 38, 38, 38, 13, 13, 13, 38, 38, 38, 13, 13, 13, 13, 13, 13, 13, 13, 13, 13, 13, 13, 13, 13, 13, 13, 13, 13, 13, 13, 13, 13, 13, 13] (360.73s)
2026-03-27 17:42:43  INFO        Mapped index sequence : [13, 13, 13, 13, 13, 13, 13, 38, 38, 38, 13, 13, 13, 38, 38, 38, 13, 13, 13, 13, 13, 13, 13, 13, 13, 13, 13, 13, 13, 13, 13, 13, 13, 13, 13, 13, 13, 13, 13, 13]
2026-03-27 17:42:43  INFO        Duration              : 360.75s
2026-03-27 17:42:43  INFO      ==================================================
2026-03-27 17:42:43  INFO      STEP 3: Find Execution Trace
2026-03-27 17:42:43  INFO        UTG file : /Users/tanmaybhuskute/Documents/gifdroid-reproduction/app_SimpleNotes/utg03/input/utg.json
2026-03-27 17:42:43  INFO      find_execution_trace: target sequence [13, 13, 13, 13, 13, 13, 13, 38, 38, 38, 13, 13, 13, 38, 38, 38, 13, 13, 13, 13, 13, 13, 13, 13, 13, 13, 13, 13, 13, 13, 13, 13, 13, 13, 13, 13, 13, 13, 13, 13]
2026-03-27 17:42:43  DEBUG     read_graph: 168 edges, 37 vertices loaded in 0.01s
2026-03-27 17:42:43  DEBUG     find_execution_trace: 8 candidate paths found in 0.00s
2026-03-27 17:42:43  INFO      find_execution_trace: 1 trace(s) found (LCS=1, length=4) in 0.01s
2026-03-27 17:42:43  INFO        Candidate traces found : 1
2026-03-27 17:42:43  INFO          Trace 0: [0, 1, 7, 13]
2026-03-27 17:42:43  INFO        Duration : 0.01s
2026-03-27 17:42:43  INFO      ==================================================
2026-03-27 17:42:43  INFO      STEP 4: Store Execution Trace
2026-03-27 17:42:43  INFO      Execution trace written to: /Users/tanmaybhuskute/Documents/gifdroid-reproduction/app_SimpleNotes/utg03/output/execution_hhv_SimpleNotes_homography.json
2026-03-27 17:42:43  INFO        Duration : 0.00s
2026-03-27 17:42:43  INFO      ==================================================
2026-03-27 17:42:43  INFO      Pipeline complete.  Total time: 971.77s
2026-03-27 17:42:43  INFO      ==================================================
