2026-03-27 02:47:44  INFO      Log file: /Users/tanmaybhuskute/Documents/gifdroid-reproduction/app_HomeMedkit/utg02/gifdroid_20260327_024744_hhv_baseline.log
2026-03-27 02:47:44  INFO      GIFdroid started
2026-03-27 02:47:44  INFO        --video            : /Users/tanmaybhuskute/Documents/gifdroid-reproduction/app_HomeMedkit/utg02/input/handheld/hhv_app_HomeMedkit.mp4
2026-03-27 02:47:44  INFO        --utg              : /Users/tanmaybhuskute/Documents/gifdroid-reproduction/app_HomeMedkit/utg02/input/utg.json
2026-03-27 02:47:44  INFO        --artifact         : /Users/tanmaybhuskute/Documents/gifdroid-reproduction/app_HomeMedkit/utg02/input/artifacts
2026-03-27 02:47:44  INFO        --out              : /Users/tanmaybhuskute/Documents/gifdroid-reproduction/app_HomeMedkit/utg02/output/execution_hhv_HomeMedkit_baseline.json
2026-03-27 02:47:44  INFO        --log-dir          : None
2026-03-27 02:47:44  INFO        --save-keyframes   : /Users/tanmaybhuskute/Documents/gifdroid-reproduction/app_HomeMedkit/utg02/output/keyframes_baseline
2026-03-27 02:47:44  INFO        --keyframe-method  : baseline
2026-03-27 02:47:44  INFO      ==================================================
2026-03-27 02:47:44  INFO      STEP 1: Keyframe Location
2026-03-27 02:47:44  INFO        Input video      : /Users/tanmaybhuskute/Documents/gifdroid-reproduction/app_HomeMedkit/utg02/input/handheld/hhv_app_HomeMedkit.mp4
2026-03-27 02:47:44  INFO        Keyframe method  : baseline
2026-03-27 02:47:44  INFO      keyframe_location: starting on video "/Users/tanmaybhuskute/Documents/gifdroid-reproduction/app_HomeMedkit/utg02/input/handheld/hhv_app_HomeMedkit.mp4"
2026-03-27 02:48:07  DEBUG     read_frames_from_video: 1359 frames decoded in 22.18s
2026-03-27 02:50:32  DEBUG     calculate_sim_seq: 1358 similarities computed in 144.88s
2026-03-27 02:50:32  DEBUG     detect_keyframes: 54 keyframes detected from 1358 frames in 0.00s
2026-03-27 02:50:32  INFO      keyframe_location: done — 54 keyframes at indices [129, 281, 379, 400, 434, 454, 465, 492, 497, 515, 520, 526, 543, 558, 591, 604, 615, 640, 649, 676, 688, 707, 768, 775, 786, 807, 838, 849, 918, 928, 945, 957, 967, 1015, 1023, 1033, 1043, 1052, 1061, 1082, 1118, 1134, 1144, 1150, 1158, 1181, 1201, 1207, 1240, 1248, 1265, 1271, 1297, 1358] (167.19s total)
2026-03-27 02:50:32  INFO        Keyframes found   : 54
2026-03-27 02:50:32  INFO        Keyframe indices  : [129, 281, 379, 400, 434, 454, 465, 492, 497, 515, 520, 526, 543, 558, 591, 604, 615, 640, 649, 676, 688, 707, 768, 775, 786, 807, 838, 849, 918, 928, 945, 957, 967, 1015, 1023, 1033, 1043, 1052, 1061, 1082, 1118, 1134, 1144, 1150, 1158, 1181, 1201, 1207, 1240, 1248, 1265, 1271, 1297, 1358]
2026-03-27 02:50:32  INFO        Duration          : 167.44s
2026-03-27 02:50:37  INFO        Keyframes saved to: /Users/tanmaybhuskute/Documents/gifdroid-reproduction/app_HomeMedkit/utg02/output/keyframes_baseline (54 files)
2026-03-27 02:50:37  INFO      ==================================================
2026-03-27 02:50:37  INFO      STEP 2: GUI Mapping
2026-03-27 02:50:37  INFO        Screenshots dir : /Users/tanmaybhuskute/Documents/gifdroid-reproduction/app_HomeMedkit/utg02/input/artifacts
2026-03-27 02:50:37  INFO      gui_mapping: matching 54 keyframes against screenshots in "/Users/tanmaybhuskute/Documents/gifdroid-reproduction/app_HomeMedkit/utg02/input/artifacts"
2026-03-27 02:50:44  DEBUG     load_screenshots: 80 screenshots loaded in 6.91s from "/Users/tanmaybhuskute/Documents/gifdroid-reproduction/app_HomeMedkit/utg02/input/artifacts"
2026-03-27 02:50:54  DEBUG     mapping: best match "artifacts_18.png" (score=0.290)
2026-03-27 02:51:03  DEBUG     mapping: best match "artifacts_18.png" (score=0.326)
2026-03-27 02:51:13  DEBUG     mapping: best match "artifacts_18.png" (score=0.322)
2026-03-27 02:51:23  DEBUG     mapping: best match "artifacts_18.png" (score=0.315)
2026-03-27 02:51:34  DEBUG     mapping: best match "artifacts_18.png" (score=0.281)
2026-03-27 02:51:43  DEBUG     mapping: best match "artifacts_18.png" (score=0.282)
2026-03-27 02:51:53  DEBUG     mapping: best match "artifacts_18.png" (score=0.281)
2026-03-27 02:52:03  DEBUG     mapping: best match "artifacts_18.png" (score=0.304)
2026-03-27 02:52:13  DEBUG     mapping: best match "artifacts_18.png" (score=0.303)
2026-03-27 02:52:23  DEBUG     mapping: best match "artifacts_18.png" (score=0.300)
2026-03-27 02:52:32  DEBUG     mapping: best match "artifacts_18.png" (score=0.303)
2026-03-27 02:52:42  DEBUG     mapping: best match "artifacts_18.png" (score=0.307)
2026-03-27 02:52:51  DEBUG     mapping: best match "artifacts_18.png" (score=0.300)
2026-03-27 02:53:00  DEBUG     mapping: best match "artifacts_18.png" (score=0.296)
2026-03-27 02:53:08  DEBUG     mapping: best match "artifacts_18.png" (score=0.290)
2026-03-27 02:53:16  DEBUG     mapping: best match "artifacts_18.png" (score=0.291)
2026-03-27 02:53:24  DEBUG     mapping: best match "artifacts_18.png" (score=0.262)
2026-03-27 02:53:32  DEBUG     mapping: best match "artifacts_18.png" (score=0.275)
2026-03-27 02:53:40  DEBUG     mapping: best match "artifacts_18.png" (score=0.270)
2026-03-27 02:53:48  DEBUG     mapping: best match "artifacts_18.png" (score=0.280)
2026-03-27 02:53:56  DEBUG     mapping: best match "artifacts_18.png" (score=0.280)
2026-03-27 02:54:04  DEBUG     mapping: best match "artifacts_18.png" (score=0.293)
2026-03-27 02:54:12  DEBUG     mapping: best match "artifacts_18.png" (score=0.291)
2026-03-27 02:54:20  DEBUG     mapping: best match "artifacts_18.png" (score=0.290)
2026-03-27 02:54:28  DEBUG     mapping: best match "artifacts_18.png" (score=0.287)
2026-03-27 02:54:36  DEBUG     mapping: best match "artifacts_18.png" (score=0.285)
2026-03-27 02:54:44  DEBUG     mapping: best match "artifacts_18.png" (score=0.293)
2026-03-27 02:54:52  DEBUG     mapping: best match "artifacts_18.png" (score=0.311)
2026-03-27 02:55:00  DEBUG     mapping: best match "artifacts_18.png" (score=0.314)
2026-03-27 02:55:08  DEBUG     mapping: best match "artifacts_18.png" (score=0.314)
2026-03-27 02:55:17  DEBUG     mapping: best match "artifacts_18.png" (score=0.309)
2026-03-27 02:55:25  DEBUG     mapping: best match "artifacts_18.png" (score=0.314)
2026-03-27 02:55:33  DEBUG     mapping: best match "artifacts_18.png" (score=0.314)
2026-03-27 02:55:41  DEBUG     mapping: best match "artifacts_18.png" (score=0.304)
2026-03-27 02:55:52  DEBUG     mapping: best match "artifacts_18.png" (score=0.298)
2026-03-27 02:56:04  DEBUG     mapping: best match "artifacts_18.png" (score=0.295)
2026-03-27 02:56:13  DEBUG     mapping: best match "artifacts_18.png" (score=0.300)
2026-03-27 02:56:22  DEBUG     mapping: best match "artifacts_18.png" (score=0.302)
2026-03-27 02:56:31  DEBUG     mapping: best match "artifacts_18.png" (score=0.301)
2026-03-27 02:56:40  DEBUG     mapping: best match "artifacts_18.png" (score=0.295)
2026-03-27 02:56:48  DEBUG     mapping: best match "artifacts_18.png" (score=0.313)
2026-03-27 02:56:57  DEBUG     mapping: best match "artifacts_18.png" (score=0.311)
2026-03-27 02:57:06  DEBUG     mapping: best match "artifacts_18.png" (score=0.309)
2026-03-27 02:57:15  DEBUG     mapping: best match "artifacts_18.png" (score=0.307)
2026-03-27 02:57:23  DEBUG     mapping: best match "artifacts_18.png" (score=0.303)
2026-03-27 02:57:32  DEBUG     mapping: best match "artifacts_18.png" (score=0.294)
2026-03-27 02:57:41  DEBUG     mapping: best match "artifacts_18.png" (score=0.294)
2026-03-27 02:57:51  DEBUG     mapping: best match "artifacts_18.png" (score=0.306)
2026-03-27 02:58:00  DEBUG     mapping: best match "artifacts_18.png" (score=0.300)
2026-03-27 02:58:08  DEBUG     mapping: best match "artifacts_18.png" (score=0.299)
2026-03-27 02:58:18  DEBUG     mapping: best match "artifacts_18.png" (score=0.315)
2026-03-27 02:58:26  DEBUG     mapping: best match "artifacts_18.png" (score=0.317)
2026-03-27 02:58:35  DEBUG     mapping: best match "artifacts_18.png" (score=0.315)
2026-03-27 02:58:43  DEBUG     mapping: best match "artifacts_18.png" (score=0.330)
2026-03-27 02:58:43  INFO      gui_mapping: done — index sequence [18, 18, 18, 18, 18, 18, 18, 18, 18, 18, 18, 18, 18, 18, 18, 18, 18, 18, 18, 18, 18, 18, 18, 18, 18, 18, 18, 18, 18, 18, 18, 18, 18, 18, 18, 18, 18, 18, 18, 18, 18, 18, 18, 18, 18, 18, 18, 18, 18, 18, 18, 18, 18, 18] (486.47s)
2026-03-27 02:58:43  INFO        Mapped index sequence : [18, 18, 18, 18, 18, 18, 18, 18, 18, 18, 18, 18, 18, 18, 18, 18, 18, 18, 18, 18, 18, 18, 18, 18, 18, 18, 18, 18, 18, 18, 18, 18, 18, 18, 18, 18, 18, 18, 18, 18, 18, 18, 18, 18, 18, 18, 18, 18, 18, 18, 18, 18, 18, 18]
2026-03-27 02:58:43  INFO        Duration              : 486.47s
2026-03-27 02:58:43  INFO      ==================================================
2026-03-27 02:58:43  INFO      STEP 3: Find Execution Trace
2026-03-27 02:58:43  INFO        UTG file : /Users/tanmaybhuskute/Documents/gifdroid-reproduction/app_HomeMedkit/utg02/input/utg.json
2026-03-27 02:58:43  INFO      find_execution_trace: target sequence [18, 18, 18, 18, 18, 18, 18, 18, 18, 18, 18, 18, 18, 18, 18, 18, 18, 18, 18, 18, 18, 18, 18, 18, 18, 18, 18, 18, 18, 18, 18, 18, 18, 18, 18, 18, 18, 18, 18, 18, 18, 18, 18, 18, 18, 18, 18, 18, 18, 18, 18, 18, 18, 18]
2026-03-27 02:58:43  DEBUG     read_graph: 298 edges, 80 vertices loaded in 0.01s
2026-03-27 02:58:56  DEBUG     find_execution_trace: 52482 candidate paths found in 12.57s
2026-03-27 02:59:29  INFO      find_execution_trace: 1 trace(s) found (LCS=1, length=5) in 45.86s
2026-03-27 02:59:29  INFO        Candidate traces found : 1
2026-03-27 02:59:29  INFO          Trace 0: [0, 1, 3, 16, 18]
2026-03-27 02:59:29  INFO        Duration : 45.87s
2026-03-27 02:59:29  INFO      ==================================================
2026-03-27 02:59:29  INFO      STEP 4: Store Execution Trace
2026-03-27 02:59:29  INFO      Execution trace written to: /Users/tanmaybhuskute/Documents/gifdroid-reproduction/app_HomeMedkit/utg02/output/execution_hhv_HomeMedkit_baseline.json
2026-03-27 02:59:29  INFO        Duration : 0.01s
2026-03-27 02:59:29  INFO      ==================================================
2026-03-27 02:59:29  INFO      Pipeline complete.  Total time: 704.96s
2026-03-27 02:59:29  INFO      ==================================================
