2026-03-27 03:14:55  INFO      Log file: /Users/tanmaybhuskute/Documents/gifdroid-reproduction/app_HomeMedkit/utg02/gifdroid_20260327_031455_hhv_homography.log
2026-03-27 03:14:55  INFO      GIFdroid started
2026-03-27 03:14:55  INFO        --video            : /Users/tanmaybhuskute/Documents/gifdroid-reproduction/app_HomeMedkit/utg02/input/handheld/hhv_app_HomeMedkit.mp4
2026-03-27 03:14:55  INFO        --utg              : /Users/tanmaybhuskute/Documents/gifdroid-reproduction/app_HomeMedkit/utg02/input/utg.json
2026-03-27 03:14:55  INFO        --artifact         : /Users/tanmaybhuskute/Documents/gifdroid-reproduction/app_HomeMedkit/utg02/input/artifacts
2026-03-27 03:14:55  INFO        --out              : /Users/tanmaybhuskute/Documents/gifdroid-reproduction/app_HomeMedkit/utg02/output/execution_hhv_HomeMedkit_homography.json
2026-03-27 03:14:55  INFO        --log-dir          : None
2026-03-27 03:14:55  INFO        --save-keyframes   : /Users/tanmaybhuskute/Documents/gifdroid-reproduction/app_HomeMedkit/utg02/output/keyframes_homography
2026-03-27 03:14:55  INFO        --keyframe-method  : homography
2026-03-27 03:14:55  INFO      ==================================================
2026-03-27 03:14:55  INFO      STEP 1: Keyframe Location
2026-03-27 03:14:55  INFO        Input video      : /Users/tanmaybhuskute/Documents/gifdroid-reproduction/app_HomeMedkit/utg02/input/handheld/hhv_app_HomeMedkit.mp4
2026-03-27 03:14:55  INFO        Keyframe method  : homography
2026-03-27 03:14:55  INFO      keyframe_location_homography: starting on "/Users/tanmaybhuskute/Documents/gifdroid-reproduction/app_HomeMedkit/utg02/input/handheld/hhv_app_HomeMedkit.mp4"
2026-03-27 03:15:09  DEBUG     read_frames_from_video: 1359 frames decoded in 14.79s
2026-03-27 03:29:27  DEBUG     detect_keyframes: 36 keyframes detected from 1358 frames in 0.00s
2026-03-27 03:29:27  INFO      keyframe_location_homography: done — 36 keyframes at indices [129, 281, 316, 379, 388, 400, 436, 454, 466, 497, 527, 543, 558, 566, 591, 604, 615, 769, 838, 921, 928, 957, 1016, 1023, 1031, 1043, 1064, 1082, 1121, 1150, 1158, 1201, 1248, 1265, 1271, 1358] (872.66s)
2026-03-27 03:29:27  INFO        Keyframes found   : 36
2026-03-27 03:29:27  INFO        Keyframe indices  : [129, 281, 316, 379, 388, 400, 436, 454, 466, 497, 527, 543, 558, 566, 591, 604, 615, 769, 838, 921, 928, 957, 1016, 1023, 1031, 1043, 1064, 1082, 1121, 1150, 1158, 1201, 1248, 1265, 1271, 1358]
2026-03-27 03:29:27  INFO        Duration          : 872.82s
2026-03-27 03:29:31  INFO        Keyframes saved to: /Users/tanmaybhuskute/Documents/gifdroid-reproduction/app_HomeMedkit/utg02/output/keyframes_homography (36 files)
2026-03-27 03:29:31  INFO      ==================================================
2026-03-27 03:29:31  INFO      STEP 2: GUI Mapping
2026-03-27 03:29:31  INFO        Screenshots dir : /Users/tanmaybhuskute/Documents/gifdroid-reproduction/app_HomeMedkit/utg02/input/artifacts
2026-03-27 03:29:31  INFO      gui_mapping: matching 36 keyframes against screenshots in "/Users/tanmaybhuskute/Documents/gifdroid-reproduction/app_HomeMedkit/utg02/input/artifacts"
2026-03-27 03:29:36  DEBUG     load_screenshots: 80 screenshots loaded in 4.96s from "/Users/tanmaybhuskute/Documents/gifdroid-reproduction/app_HomeMedkit/utg02/input/artifacts"
2026-03-27 03:29:44  DEBUG     mapping: best match "artifacts_18.png" (score=0.290)
2026-03-27 03:29:52  DEBUG     mapping: best match "artifacts_18.png" (score=0.326)
2026-03-27 03:30:00  DEBUG     mapping: best match "artifacts_18.png" (score=0.323)
2026-03-27 03:30:07  DEBUG     mapping: best match "artifacts_18.png" (score=0.322)
2026-03-27 03:30:15  DEBUG     mapping: best match "artifacts_18.png" (score=0.319)
2026-03-27 03:30:23  DEBUG     mapping: best match "artifacts_18.png" (score=0.315)
2026-03-27 03:30:31  DEBUG     mapping: best match "artifacts_18.png" (score=0.281)
2026-03-27 03:30:39  DEBUG     mapping: best match "artifacts_18.png" (score=0.282)
2026-03-27 03:30:46  DEBUG     mapping: best match "artifacts_18.png" (score=0.280)
2026-03-27 03:30:54  DEBUG     mapping: best match "artifacts_18.png" (score=0.303)
2026-03-27 03:31:04  DEBUG     mapping: best match "artifacts_18.png" (score=0.305)
2026-03-27 03:31:13  DEBUG     mapping: best match "artifacts_18.png" (score=0.300)
2026-03-27 03:31:24  DEBUG     mapping: best match "artifacts_18.png" (score=0.296)
2026-03-27 03:31:35  DEBUG     mapping: best match "artifacts_18.png" (score=0.299)
2026-03-27 03:31:45  DEBUG     mapping: best match "artifacts_18.png" (score=0.290)
2026-03-27 03:31:55  DEBUG     mapping: best match "artifacts_18.png" (score=0.291)
2026-03-27 03:32:05  DEBUG     mapping: best match "artifacts_18.png" (score=0.262)
2026-03-27 03:32:15  DEBUG     mapping: best match "artifacts_18.png" (score=0.291)
2026-03-27 03:32:25  DEBUG     mapping: best match "artifacts_18.png" (score=0.293)
2026-03-27 03:32:34  DEBUG     mapping: best match "artifacts_18.png" (score=0.317)
2026-03-27 03:32:44  DEBUG     mapping: best match "artifacts_18.png" (score=0.314)
2026-03-27 03:32:53  DEBUG     mapping: best match "artifacts_18.png" (score=0.314)
2026-03-27 03:33:03  DEBUG     mapping: best match "artifacts_18.png" (score=0.303)
2026-03-27 03:33:12  DEBUG     mapping: best match "artifacts_18.png" (score=0.298)
2026-03-27 03:33:22  DEBUG     mapping: best match "artifacts_18.png" (score=0.297)
2026-03-27 03:33:32  DEBUG     mapping: best match "artifacts_18.png" (score=0.300)
2026-03-27 03:33:42  DEBUG     mapping: best match "artifacts_18.png" (score=0.298)
2026-03-27 03:33:55  DEBUG     mapping: best match "artifacts_18.png" (score=0.295)
2026-03-27 03:34:11  DEBUG     mapping: best match "artifacts_18.png" (score=0.314)
2026-03-27 03:34:24  DEBUG     mapping: best match "artifacts_18.png" (score=0.307)
2026-03-27 03:34:34  DEBUG     mapping: best match "artifacts_18.png" (score=0.303)
2026-03-27 03:34:45  DEBUG     mapping: best match "artifacts_18.png" (score=0.294)
2026-03-27 03:34:55  DEBUG     mapping: best match "artifacts_18.png" (score=0.299)
2026-03-27 03:35:05  DEBUG     mapping: best match "artifacts_18.png" (score=0.315)
2026-03-27 03:35:15  DEBUG     mapping: best match "artifacts_18.png" (score=0.317)
2026-03-27 03:35:25  DEBUG     mapping: best match "artifacts_18.png" (score=0.330)
2026-03-27 03:35:25  INFO      gui_mapping: done — index sequence [18, 18, 18, 18, 18, 18, 18, 18, 18, 18, 18, 18, 18, 18, 18, 18, 18, 18, 18, 18, 18, 18, 18, 18, 18, 18, 18, 18, 18, 18, 18, 18, 18, 18, 18, 18] (353.30s)
2026-03-27 03:35:25  INFO        Mapped index sequence : [18, 18, 18, 18, 18, 18, 18, 18, 18, 18, 18, 18, 18, 18, 18, 18, 18, 18, 18, 18, 18, 18, 18, 18, 18, 18, 18, 18, 18, 18, 18, 18, 18, 18, 18, 18]
2026-03-27 03:35:25  INFO        Duration              : 353.30s
2026-03-27 03:35:25  INFO      ==================================================
2026-03-27 03:35:25  INFO      STEP 3: Find Execution Trace
2026-03-27 03:35:25  INFO        UTG file : /Users/tanmaybhuskute/Documents/gifdroid-reproduction/app_HomeMedkit/utg02/input/utg.json
2026-03-27 03:35:25  INFO      find_execution_trace: target sequence [18, 18, 18, 18, 18, 18, 18, 18, 18, 18, 18, 18, 18, 18, 18, 18, 18, 18, 18, 18, 18, 18, 18, 18, 18, 18, 18, 18, 18, 18, 18, 18, 18, 18, 18, 18]
2026-03-27 03:35:25  DEBUG     read_graph: 298 edges, 80 vertices loaded in 0.01s
2026-03-27 03:35:38  DEBUG     find_execution_trace: 52482 candidate paths found in 13.64s
2026-03-27 03:36:04  INFO      find_execution_trace: 1 trace(s) found (LCS=1, length=5) in 39.36s
2026-03-27 03:36:04  INFO        Candidate traces found : 1
2026-03-27 03:36:04  INFO          Trace 0: [0, 1, 3, 16, 18]
2026-03-27 03:36:04  INFO        Duration : 39.39s
2026-03-27 03:36:04  INFO      ==================================================
2026-03-27 03:36:04  INFO      STEP 4: Store Execution Trace
2026-03-27 03:36:04  INFO      Execution trace written to: /Users/tanmaybhuskute/Documents/gifdroid-reproduction/app_HomeMedkit/utg02/output/execution_hhv_HomeMedkit_homography.json
2026-03-27 03:36:04  INFO        Duration : 0.01s
2026-03-27 03:36:04  INFO      ==================================================
2026-03-27 03:36:04  INFO      Pipeline complete.  Total time: 1269.54s
2026-03-27 03:36:04  INFO      ==================================================
