2026-03-27 01:52:45  INFO      Log file: /Users/tanmaybhuskute/Documents/gifdroid-reproduction/app_AdAway/utg01/gifdroid_20260327_015245_hhv_homography.log
2026-03-27 01:52:45  INFO      GIFdroid started
2026-03-27 01:52:45  INFO        --video            : /Users/tanmaybhuskute/Documents/gifdroid-reproduction/app_AdAway/utg01/input/handheld/hhv_app_AdAway.mp4
2026-03-27 01:52:45  INFO        --utg              : /Users/tanmaybhuskute/Documents/gifdroid-reproduction/app_AdAway/utg01/input/utg.json
2026-03-27 01:52:45  INFO        --artifact         : /Users/tanmaybhuskute/Documents/gifdroid-reproduction/app_AdAway/utg01/input/artifacts
2026-03-27 01:52:45  INFO        --out              : /Users/tanmaybhuskute/Documents/gifdroid-reproduction/app_AdAway/utg01/output/execution_hhv_AdAway_homography.json
2026-03-27 01:52:45  INFO        --log-dir          : None
2026-03-27 01:52:45  INFO        --save-keyframes   : /Users/tanmaybhuskute/Documents/gifdroid-reproduction/app_AdAway/utg01/output/keyframes_homography
2026-03-27 01:52:45  INFO        --keyframe-method  : homography
2026-03-27 01:52:45  INFO      ==================================================
2026-03-27 01:52:45  INFO      STEP 1: Keyframe Location
2026-03-27 01:52:45  INFO        Input video      : /Users/tanmaybhuskute/Documents/gifdroid-reproduction/app_AdAway/utg01/input/handheld/hhv_app_AdAway.mp4
2026-03-27 01:52:45  INFO        Keyframe method  : homography
2026-03-27 01:52:45  INFO      keyframe_location_homography: starting on "/Users/tanmaybhuskute/Documents/gifdroid-reproduction/app_AdAway/utg01/input/handheld/hhv_app_AdAway.mp4"
2026-03-27 01:52:59  DEBUG     read_frames_from_video: 1331 frames decoded in 14.29s
2026-03-27 02:05:36  DEBUG     detect_keyframes: 21 keyframes detected from 1330 frames in 0.02s
2026-03-27 02:05:36  INFO      keyframe_location_homography: done — 21 keyframes at indices [21, 74, 155, 231, 246, 366, 453, 834, 943, 989, 1001, 1015, 1039, 1052, 1097, 1133, 1160, 1174, 1226, 1271, 1330] (771.14s)
2026-03-27 02:05:37  INFO        Keyframes found   : 21
2026-03-27 02:05:37  INFO        Keyframe indices  : [21, 74, 155, 231, 246, 366, 453, 834, 943, 989, 1001, 1015, 1039, 1052, 1097, 1133, 1160, 1174, 1226, 1271, 1330]
2026-03-27 02:05:37  INFO        Duration          : 771.64s
2026-03-27 02:05:40  INFO        Keyframes saved to: /Users/tanmaybhuskute/Documents/gifdroid-reproduction/app_AdAway/utg01/output/keyframes_homography (21 files)
2026-03-27 02:05:40  INFO      ==================================================
2026-03-27 02:05:40  INFO      STEP 2: GUI Mapping
2026-03-27 02:05:40  INFO        Screenshots dir : /Users/tanmaybhuskute/Documents/gifdroid-reproduction/app_AdAway/utg01/input/artifacts
2026-03-27 02:05:40  INFO      gui_mapping: matching 21 keyframes against screenshots in "/Users/tanmaybhuskute/Documents/gifdroid-reproduction/app_AdAway/utg01/input/artifacts"
2026-03-27 02:05:43  DEBUG     load_screenshots: 19 screenshots loaded in 3.08s from "/Users/tanmaybhuskute/Documents/gifdroid-reproduction/app_AdAway/utg01/input/artifacts"
2026-03-27 02:05:46  DEBUG     mapping: best match "artifacts_5.png" (score=0.290)
2026-03-27 02:05:48  DEBUG     mapping: best match "artifacts_5.png" (score=0.292)
2026-03-27 02:05:50  DEBUG     mapping: best match "artifacts_5.png" (score=0.282)
2026-03-27 02:05:53  DEBUG     mapping: best match "artifacts_5.png" (score=0.287)
2026-03-27 02:05:55  DEBUG     mapping: best match "artifacts_5.png" (score=0.301)
2026-03-27 02:05:57  DEBUG     mapping: best match "artifacts_5.png" (score=0.297)
2026-03-27 02:05:59  DEBUG     mapping: best match "artifacts_5.png" (score=0.276)
2026-03-27 02:06:02  DEBUG     mapping: best match "artifacts_5.png" (score=0.293)
2026-03-27 02:06:04  DEBUG     mapping: best match "artifacts_5.png" (score=0.305)
2026-03-27 02:06:06  DEBUG     mapping: best match "artifacts_5.png" (score=0.353)
2026-03-27 02:06:08  DEBUG     mapping: best match "artifacts_5.png" (score=0.359)
2026-03-27 02:06:10  DEBUG     mapping: best match "artifacts_5.png" (score=0.368)
2026-03-27 02:06:12  DEBUG     mapping: best match "artifacts_5.png" (score=0.289)
2026-03-27 02:06:14  DEBUG     mapping: best match "artifacts_5.png" (score=0.348)
2026-03-27 02:06:16  DEBUG     mapping: best match "artifacts_5.png" (score=0.351)
2026-03-27 02:06:18  DEBUG     mapping: best match "artifacts_5.png" (score=0.324)
2026-03-27 02:06:21  DEBUG     mapping: best match "artifacts_5.png" (score=0.353)
2026-03-27 02:06:24  DEBUG     mapping: best match "artifacts_5.png" (score=0.353)
2026-03-27 02:06:27  DEBUG     mapping: best match "artifacts_5.png" (score=0.321)
2026-03-27 02:06:30  DEBUG     mapping: best match "artifacts_5.png" (score=0.303)
2026-03-27 02:06:32  DEBUG     mapping: best match "artifacts_5.png" (score=0.283)
2026-03-27 02:06:32  INFO      gui_mapping: done — index sequence [5, 5, 5, 5, 5, 5, 5, 5, 5, 5, 5, 5, 5, 5, 5, 5, 5, 5, 5, 5, 5] (51.99s)
2026-03-27 02:06:32  INFO        Mapped index sequence : [5, 5, 5, 5, 5, 5, 5, 5, 5, 5, 5, 5, 5, 5, 5, 5, 5, 5, 5, 5, 5]
2026-03-27 02:06:32  INFO        Duration              : 51.99s
2026-03-27 02:06:32  INFO      ==================================================
2026-03-27 02:06:32  INFO      STEP 3: Find Execution Trace
2026-03-27 02:06:32  INFO        UTG file : /Users/tanmaybhuskute/Documents/gifdroid-reproduction/app_AdAway/utg01/input/utg.json
2026-03-27 02:06:32  INFO      find_execution_trace: target sequence [5, 5, 5, 5, 5, 5, 5, 5, 5, 5, 5, 5, 5, 5, 5, 5, 5, 5, 5, 5, 5]
2026-03-27 02:06:32  DEBUG     read_graph: 50 edges, 20 vertices loaded in 0.01s
2026-03-27 02:06:32  DEBUG     find_execution_trace: 2 candidate paths found in 0.00s
2026-03-27 02:06:32  INFO      find_execution_trace: 1 trace(s) found (LCS=1, length=4) in 0.01s
2026-03-27 02:06:32  INFO        Candidate traces found : 1
2026-03-27 02:06:32  INFO          Trace 0: [0, 1, 4, 5]
2026-03-27 02:06:32  INFO        Duration : 0.01s
2026-03-27 02:06:32  INFO      ==================================================
2026-03-27 02:06:32  INFO      STEP 4: Store Execution Trace
2026-03-27 02:06:32  INFO      Execution trace written to: /Users/tanmaybhuskute/Documents/gifdroid-reproduction/app_AdAway/utg01/output/execution_hhv_AdAway_homography.json
2026-03-27 02:06:32  INFO        Duration : 0.00s
2026-03-27 02:06:32  INFO      ==================================================
2026-03-27 02:06:32  INFO      Pipeline complete.  Total time: 827.47s
2026-03-27 02:06:32  INFO      ==================================================
