2026-03-27 06:14:09  INFO      Log file: /Users/tanmaybhuskute/Documents/gifdroid-reproduction/app_Jigsaw/utg02/gifdroid_20260327_061409_hhv_baseline.log
2026-03-27 06:14:09  INFO      GIFdroid started
2026-03-27 06:14:09  INFO        --video            : /Users/tanmaybhuskute/Documents/gifdroid-reproduction/app_Jigsaw/utg02/input/handheld/hhv_app_Jigsaw.mp4
2026-03-27 06:14:09  INFO        --utg              : /Users/tanmaybhuskute/Documents/gifdroid-reproduction/app_Jigsaw/utg02/input/utg.json
2026-03-27 06:14:09  INFO        --artifact         : /Users/tanmaybhuskute/Documents/gifdroid-reproduction/app_Jigsaw/utg02/input/artifacts
2026-03-27 06:14:09  INFO        --out              : /Users/tanmaybhuskute/Documents/gifdroid-reproduction/app_Jigsaw/utg02/output/execution_hhv_Jigsaw_baseline.json
2026-03-27 06:14:09  INFO        --log-dir          : None
2026-03-27 06:14:09  INFO        --save-keyframes   : /Users/tanmaybhuskute/Documents/gifdroid-reproduction/app_Jigsaw/utg02/output/keyframes_baseline
2026-03-27 06:14:09  INFO        --keyframe-method  : baseline
2026-03-27 06:14:09  INFO      ==================================================
2026-03-27 06:14:09  INFO      STEP 1: Keyframe Location
2026-03-27 06:14:09  INFO        Input video      : /Users/tanmaybhuskute/Documents/gifdroid-reproduction/app_Jigsaw/utg02/input/handheld/hhv_app_Jigsaw.mp4
2026-03-27 06:14:09  INFO        Keyframe method  : baseline
2026-03-27 06:14:09  INFO      keyframe_location: starting on video "/Users/tanmaybhuskute/Documents/gifdroid-reproduction/app_Jigsaw/utg02/input/handheld/hhv_app_Jigsaw.mp4"
2026-03-27 06:14:14  DEBUG     read_frames_from_video: 563 frames decoded in 4.66s
2026-03-27 06:15:08  DEBUG     calculate_sim_seq: 562 similarities computed in 53.44s
2026-03-27 06:15:08  DEBUG     detect_keyframes: 16 keyframes detected from 562 frames in 0.00s
2026-03-27 06:15:08  INFO      keyframe_location: done — 16 keyframes at indices [114, 229, 236, 267, 329, 350, 384, 403, 410, 448, 470, 492, 536, 545, 552, 562] (58.12s total)
2026-03-27 06:15:08  INFO        Keyframes found   : 16
2026-03-27 06:15:08  INFO        Keyframe indices  : [114, 229, 236, 267, 329, 350, 384, 403, 410, 448, 470, 492, 536, 545, 552, 562]
2026-03-27 06:15:08  INFO        Duration          : 58.24s
2026-03-27 06:15:09  INFO        Keyframes saved to: /Users/tanmaybhuskute/Documents/gifdroid-reproduction/app_Jigsaw/utg02/output/keyframes_baseline (16 files)
2026-03-27 06:15:09  INFO      ==================================================
2026-03-27 06:15:09  INFO      STEP 2: GUI Mapping
2026-03-27 06:15:09  INFO        Screenshots dir : /Users/tanmaybhuskute/Documents/gifdroid-reproduction/app_Jigsaw/utg02/input/artifacts
2026-03-27 06:15:09  INFO      gui_mapping: matching 16 keyframes against screenshots in "/Users/tanmaybhuskute/Documents/gifdroid-reproduction/app_Jigsaw/utg02/input/artifacts"
2026-03-27 06:15:09  DEBUG     load_screenshots: 2 screenshots loaded in 0.29s from "/Users/tanmaybhuskute/Documents/gifdroid-reproduction/app_Jigsaw/utg02/input/artifacts"
2026-03-27 06:15:10  DEBUG     mapping: best match "artifacts_2.png" (score=0.209)
2026-03-27 06:15:10  DEBUG     mapping: best match "artifacts_2.png" (score=0.220)
2026-03-27 06:15:10  DEBUG     mapping: best match "artifacts_2.png" (score=0.220)
2026-03-27 06:15:11  DEBUG     mapping: best match "artifacts_2.png" (score=0.221)
2026-03-27 06:15:11  DEBUG     mapping: best match "artifacts_2.png" (score=0.220)
2026-03-27 06:15:11  DEBUG     mapping: best match "artifacts_2.png" (score=0.217)
2026-03-27 06:15:11  DEBUG     mapping: best match "artifacts_2.png" (score=0.221)
2026-03-27 06:15:12  DEBUG     mapping: best match "artifacts_2.png" (score=0.220)
2026-03-27 06:15:12  DEBUG     mapping: best match "artifacts_2.png" (score=0.220)
2026-03-27 06:15:12  DEBUG     mapping: best match "artifacts_2.png" (score=0.220)
2026-03-27 06:15:12  DEBUG     mapping: best match "artifacts_2.png" (score=0.220)
2026-03-27 06:15:12  DEBUG     mapping: best match "artifacts_2.png" (score=0.219)
2026-03-27 06:15:13  DEBUG     mapping: best match "artifacts_2.png" (score=0.219)
2026-03-27 06:15:13  DEBUG     mapping: best match "artifacts_2.png" (score=0.222)
2026-03-27 06:15:13  DEBUG     mapping: best match "artifacts_2.png" (score=0.225)
2026-03-27 06:15:13  DEBUG     mapping: best match "artifacts_2.png" (score=0.225)
2026-03-27 06:15:13  INFO      gui_mapping: done — index sequence [2, 2, 2, 2, 2, 2, 2, 2, 2, 2, 2, 2, 2, 2, 2, 2] (4.29s)
2026-03-27 06:15:13  INFO        Mapped index sequence : [2, 2, 2, 2, 2, 2, 2, 2, 2, 2, 2, 2, 2, 2, 2, 2]
2026-03-27 06:15:13  INFO        Duration              : 4.29s
2026-03-27 06:15:13  INFO      ==================================================
2026-03-27 06:15:13  INFO      STEP 3: Find Execution Trace
2026-03-27 06:15:13  INFO        UTG file : /Users/tanmaybhuskute/Documents/gifdroid-reproduction/app_Jigsaw/utg02/input/utg.json
2026-03-27 06:15:13  INFO      find_execution_trace: target sequence [2, 2, 2, 2, 2, 2, 2, 2, 2, 2, 2, 2, 2, 2, 2, 2]
2026-03-27 06:15:13  DEBUG     read_graph: 2 edges, 2 vertices loaded in 0.00s
2026-03-27 06:15:13  DEBUG     find_execution_trace: 0 candidate paths found in 0.00s
2026-03-27 06:15:13  WARNING   find_execution_trace: no paths found from node 0 to screen 2 in the UTG (sequence=[2, 2, 2, 2, 2, 2, 2, 2, 2, 2, 2, 2, 2, 2, 2, 2]). Returning empty trace. (0.00s)
2026-03-27 06:15:13  INFO        Candidate traces found : 0
2026-03-27 06:15:13  INFO        Duration : 0.00s
2026-03-27 06:15:13  INFO      ==================================================
2026-03-27 06:15:13  INFO      STEP 4: Store Execution Trace
2026-03-27 06:15:13  INFO      Execution trace written to: /Users/tanmaybhuskute/Documents/gifdroid-reproduction/app_Jigsaw/utg02/output/execution_hhv_Jigsaw_baseline.json
2026-03-27 06:15:13  INFO        Duration : 0.00s
2026-03-27 06:15:13  INFO      ==================================================
2026-03-27 06:15:13  INFO      Pipeline complete.  Total time: 64.00s
2026-03-27 06:15:13  INFO      ==================================================
