2026-03-27 06:17:17  INFO      Log file: /Users/tanmaybhuskute/Documents/gifdroid-reproduction/app_Jigsaw/utg02/gifdroid_20260327_061717_hhv_hysteresis.log
2026-03-27 06:17:17  INFO      GIFdroid started
2026-03-27 06:17:17  INFO        --video            : /Users/tanmaybhuskute/Documents/gifdroid-reproduction/app_Jigsaw/utg02/input/handheld/hhv_app_Jigsaw.mp4
2026-03-27 06:17:17  INFO        --utg              : /Users/tanmaybhuskute/Documents/gifdroid-reproduction/app_Jigsaw/utg02/input/utg.json
2026-03-27 06:17:17  INFO        --artifact         : /Users/tanmaybhuskute/Documents/gifdroid-reproduction/app_Jigsaw/utg02/input/artifacts
2026-03-27 06:17:17  INFO        --out              : /Users/tanmaybhuskute/Documents/gifdroid-reproduction/app_Jigsaw/utg02/output/execution_hhv_Jigsaw_hysteresis.json
2026-03-27 06:17:17  INFO        --log-dir          : None
2026-03-27 06:17:17  INFO        --save-keyframes   : /Users/tanmaybhuskute/Documents/gifdroid-reproduction/app_Jigsaw/utg02/output/keyframes_hysteresis
2026-03-27 06:17:17  INFO        --keyframe-method  : hysteresis
2026-03-27 06:17:17  INFO      ==================================================
2026-03-27 06:17:17  INFO      STEP 1: Keyframe Location
2026-03-27 06:17:17  INFO        Input video      : /Users/tanmaybhuskute/Documents/gifdroid-reproduction/app_Jigsaw/utg02/input/handheld/hhv_app_Jigsaw.mp4
2026-03-27 06:17:17  INFO        Keyframe method  : hysteresis
2026-03-27 06:17:17  INFO      keyframe_location_hysteresis: starting on "/Users/tanmaybhuskute/Documents/gifdroid-reproduction/app_Jigsaw/utg02/input/handheld/hhv_app_Jigsaw.mp4" (k=3)
2026-03-27 06:17:23  DEBUG     read_frames_from_video: 563 frames decoded in 5.36s
2026-03-27 06:18:16  DEBUG     calculate_sim_seq: 562 similarities computed in 53.03s
2026-03-27 06:18:16  INFO      keyframe_location_hysteresis: done — 17 keyframes at indices [113, 228, 235, 266, 328, 349, 353, 383, 402, 409, 447, 469, 491, 535, 544, 551, 562] (58.41s)
2026-03-27 06:18:16  INFO        Keyframes found   : 17
2026-03-27 06:18:16  INFO        Keyframe indices  : [113, 228, 235, 266, 328, 349, 353, 383, 402, 409, 447, 469, 491, 535, 544, 551, 562]
2026-03-27 06:18:16  INFO        Duration          : 58.56s
2026-03-27 06:18:17  INFO        Keyframes saved to: /Users/tanmaybhuskute/Documents/gifdroid-reproduction/app_Jigsaw/utg02/output/keyframes_hysteresis (17 files)
2026-03-27 06:18:17  INFO      ==================================================
2026-03-27 06:18:17  INFO      STEP 2: GUI Mapping
2026-03-27 06:18:17  INFO        Screenshots dir : /Users/tanmaybhuskute/Documents/gifdroid-reproduction/app_Jigsaw/utg02/input/artifacts
2026-03-27 06:18:17  INFO      gui_mapping: matching 17 keyframes against screenshots in "/Users/tanmaybhuskute/Documents/gifdroid-reproduction/app_Jigsaw/utg02/input/artifacts"
2026-03-27 06:18:18  DEBUG     load_screenshots: 2 screenshots loaded in 0.22s from "/Users/tanmaybhuskute/Documents/gifdroid-reproduction/app_Jigsaw/utg02/input/artifacts"
2026-03-27 06:18:18  DEBUG     mapping: best match "artifacts_2.png" (score=0.209)
2026-03-27 06:18:18  DEBUG     mapping: best match "artifacts_2.png" (score=0.220)
2026-03-27 06:18:18  DEBUG     mapping: best match "artifacts_2.png" (score=0.220)
2026-03-27 06:18:19  DEBUG     mapping: best match "artifacts_2.png" (score=0.221)
2026-03-27 06:18:19  DEBUG     mapping: best match "artifacts_2.png" (score=0.219)
2026-03-27 06:18:19  DEBUG     mapping: best match "artifacts_2.png" (score=0.217)
2026-03-27 06:18:19  DEBUG     mapping: best match "artifacts_2.png" (score=0.218)
2026-03-27 06:18:19  DEBUG     mapping: best match "artifacts_2.png" (score=0.221)
2026-03-27 06:18:20  DEBUG     mapping: best match "artifacts_2.png" (score=0.220)
2026-03-27 06:18:20  DEBUG     mapping: best match "artifacts_2.png" (score=0.220)
2026-03-27 06:18:20  DEBUG     mapping: best match "artifacts_2.png" (score=0.220)
2026-03-27 06:18:20  DEBUG     mapping: best match "artifacts_2.png" (score=0.220)
2026-03-27 06:18:21  DEBUG     mapping: best match "artifacts_2.png" (score=0.219)
2026-03-27 06:18:21  DEBUG     mapping: best match "artifacts_2.png" (score=0.219)
2026-03-27 06:18:21  DEBUG     mapping: best match "artifacts_2.png" (score=0.222)
2026-03-27 06:18:21  DEBUG     mapping: best match "artifacts_2.png" (score=0.225)
2026-03-27 06:18:21  DEBUG     mapping: best match "artifacts_2.png" (score=0.225)
2026-03-27 06:18:21  INFO      gui_mapping: done — index sequence [2, 2, 2, 2, 2, 2, 2, 2, 2, 2, 2, 2, 2, 2, 2, 2, 2] (4.13s)
2026-03-27 06:18:21  INFO        Mapped index sequence : [2, 2, 2, 2, 2, 2, 2, 2, 2, 2, 2, 2, 2, 2, 2, 2, 2]
2026-03-27 06:18:21  INFO        Duration              : 4.13s
2026-03-27 06:18:21  INFO      ==================================================
2026-03-27 06:18:21  INFO      STEP 3: Find Execution Trace
2026-03-27 06:18:21  INFO        UTG file : /Users/tanmaybhuskute/Documents/gifdroid-reproduction/app_Jigsaw/utg02/input/utg.json
2026-03-27 06:18:21  INFO      find_execution_trace: target sequence [2, 2, 2, 2, 2, 2, 2, 2, 2, 2, 2, 2, 2, 2, 2, 2, 2]
2026-03-27 06:18:21  DEBUG     read_graph: 2 edges, 2 vertices loaded in 0.00s
2026-03-27 06:18:21  DEBUG     find_execution_trace: 0 candidate paths found in 0.00s
2026-03-27 06:18:21  WARNING   find_execution_trace: no paths found from node 0 to screen 2 in the UTG (sequence=[2, 2, 2, 2, 2, 2, 2, 2, 2, 2, 2, 2, 2, 2, 2, 2, 2]). Returning empty trace. (0.00s)
2026-03-27 06:18:21  INFO        Candidate traces found : 0
2026-03-27 06:18:21  INFO        Duration : 0.00s
2026-03-27 06:18:21  INFO      ==================================================
2026-03-27 06:18:21  INFO      STEP 4: Store Execution Trace
2026-03-27 06:18:21  INFO      Execution trace written to: /Users/tanmaybhuskute/Documents/gifdroid-reproduction/app_Jigsaw/utg02/output/execution_hhv_Jigsaw_hysteresis.json
2026-03-27 06:18:21  INFO        Duration : 0.00s
2026-03-27 06:18:21  INFO      ==================================================
2026-03-27 06:18:21  INFO      Pipeline complete.  Total time: 64.10s
2026-03-27 06:18:21  INFO      ==================================================
