2026-03-27 06:15:14  INFO      Log file: /Users/tanmaybhuskute/Documents/gifdroid-reproduction/app_Jigsaw/utg02/gifdroid_20260327_061514_hhv_stabilize.log
2026-03-27 06:15:14  INFO      GIFdroid started
2026-03-27 06:15:14  INFO        --video            : /Users/tanmaybhuskute/Documents/gifdroid-reproduction/app_Jigsaw/utg02/input/handheld/hhv_app_Jigsaw.mp4
2026-03-27 06:15:14  INFO        --utg              : /Users/tanmaybhuskute/Documents/gifdroid-reproduction/app_Jigsaw/utg02/input/utg.json
2026-03-27 06:15:14  INFO        --artifact         : /Users/tanmaybhuskute/Documents/gifdroid-reproduction/app_Jigsaw/utg02/input/artifacts
2026-03-27 06:15:14  INFO        --out              : /Users/tanmaybhuskute/Documents/gifdroid-reproduction/app_Jigsaw/utg02/output/execution_hhv_Jigsaw_stabilize.json
2026-03-27 06:15:14  INFO        --log-dir          : None
2026-03-27 06:15:14  INFO        --save-keyframes   : /Users/tanmaybhuskute/Documents/gifdroid-reproduction/app_Jigsaw/utg02/output/keyframes_stabilize
2026-03-27 06:15:14  INFO        --keyframe-method  : stabilize
2026-03-27 06:15:14  INFO      ==================================================
2026-03-27 06:15:14  INFO      STEP 1: Keyframe Location
2026-03-27 06:15:14  INFO        Input video      : /Users/tanmaybhuskute/Documents/gifdroid-reproduction/app_Jigsaw/utg02/input/handheld/hhv_app_Jigsaw.mp4
2026-03-27 06:15:14  INFO        Keyframe method  : stabilize
2026-03-27 06:15:14  INFO      keyframe_location_stabilized: starting on "/Users/tanmaybhuskute/Documents/gifdroid-reproduction/app_Jigsaw/utg02/input/handheld/hhv_app_Jigsaw.mp4"
2026-03-27 06:16:16  INFO      keyframe_location: starting on video "/Users/tanmaybhuskute/Documents/gifdroid-reproduction/app_Jigsaw/utg02/input/handheld/hhv_app_Jigsaw_stabilized.mp4"
2026-03-27 06:16:22  DEBUG     read_frames_from_video: 563 frames decoded in 5.11s
2026-03-27 06:17:13  DEBUG     calculate_sim_seq: 562 similarities computed in 51.89s
2026-03-27 06:17:13  DEBUG     detect_keyframes: 7 keyframes detected from 562 frames in 0.00s
2026-03-27 06:17:13  INFO      keyframe_location: done — 7 keyframes at indices [114, 329, 354, 384, 448, 493, 562] (57.05s total)
2026-03-27 06:17:14  INFO      keyframe_location_stabilized: done — 7 keyframes at indices [114, 329, 354, 384, 448, 493, 562] (119.18s)
2026-03-27 06:17:14  INFO        Keyframes found   : 7
2026-03-27 06:17:14  INFO        Keyframe indices  : [114, 329, 354, 384, 448, 493, 562]
2026-03-27 06:17:14  INFO        Duration          : 119.19s
2026-03-27 06:17:14  INFO        Keyframes saved to: /Users/tanmaybhuskute/Documents/gifdroid-reproduction/app_Jigsaw/utg02/output/keyframes_stabilize (7 files)
2026-03-27 06:17:14  INFO      ==================================================
2026-03-27 06:17:14  INFO      STEP 2: GUI Mapping
2026-03-27 06:17:14  INFO        Screenshots dir : /Users/tanmaybhuskute/Documents/gifdroid-reproduction/app_Jigsaw/utg02/input/artifacts
2026-03-27 06:17:14  INFO      gui_mapping: matching 7 keyframes against screenshots in "/Users/tanmaybhuskute/Documents/gifdroid-reproduction/app_Jigsaw/utg02/input/artifacts"
2026-03-27 06:17:14  DEBUG     load_screenshots: 2 screenshots loaded in 0.26s from "/Users/tanmaybhuskute/Documents/gifdroid-reproduction/app_Jigsaw/utg02/input/artifacts"
2026-03-27 06:17:15  DEBUG     mapping: best match "artifacts_2.png" (score=0.212)
2026-03-27 06:17:15  DEBUG     mapping: best match "artifacts_2.png" (score=0.222)
2026-03-27 06:17:15  DEBUG     mapping: best match "artifacts_2.png" (score=0.221)
2026-03-27 06:17:16  DEBUG     mapping: best match "artifacts_2.png" (score=0.224)
2026-03-27 06:17:16  DEBUG     mapping: best match "artifacts_2.png" (score=0.223)
2026-03-27 06:17:16  DEBUG     mapping: best match "artifacts_2.png" (score=0.222)
2026-03-27 06:17:16  DEBUG     mapping: best match "artifacts_2.png" (score=0.227)
2026-03-27 06:17:16  INFO      gui_mapping: done — index sequence [2, 2, 2, 2, 2, 2, 2] (1.98s)
2026-03-27 06:17:16  INFO        Mapped index sequence : [2, 2, 2, 2, 2, 2, 2]
2026-03-27 06:17:16  INFO        Duration              : 1.98s
2026-03-27 06:17:16  INFO      ==================================================
2026-03-27 06:17:16  INFO      STEP 3: Find Execution Trace
2026-03-27 06:17:16  INFO        UTG file : /Users/tanmaybhuskute/Documents/gifdroid-reproduction/app_Jigsaw/utg02/input/utg.json
2026-03-27 06:17:16  INFO      find_execution_trace: target sequence [2, 2, 2, 2, 2, 2, 2]
2026-03-27 06:17:16  DEBUG     read_graph: 2 edges, 2 vertices loaded in 0.00s
2026-03-27 06:17:16  DEBUG     find_execution_trace: 0 candidate paths found in 0.00s
2026-03-27 06:17:16  WARNING   find_execution_trace: no paths found from node 0 to screen 2 in the UTG (sequence=[2, 2, 2, 2, 2, 2, 2]). Returning empty trace. (0.00s)
2026-03-27 06:17:16  INFO        Candidate traces found : 0
2026-03-27 06:17:16  INFO        Duration : 0.00s
2026-03-27 06:17:16  INFO      ==================================================
2026-03-27 06:17:16  INFO      STEP 4: Store Execution Trace
2026-03-27 06:17:16  INFO      Execution trace written to: /Users/tanmaybhuskute/Documents/gifdroid-reproduction/app_Jigsaw/utg02/output/execution_hhv_Jigsaw_stabilize.json
2026-03-27 06:17:16  INFO        Duration : 0.00s
2026-03-27 06:17:16  INFO      ==================================================
2026-03-27 06:17:16  INFO      Pipeline complete.  Total time: 121.72s
2026-03-27 06:17:16  INFO      ==================================================
