2026-03-27 06:23:27  INFO      Log file: /Users/tanmaybhuskute/Documents/gifdroid-reproduction/app_Jigsaw/utg02/gifdroid_20260327_062327_hhv_clip.log
2026-03-27 06:23:27  INFO      GIFdroid started
2026-03-27 06:23:27  INFO        --video            : /Users/tanmaybhuskute/Documents/gifdroid-reproduction/app_Jigsaw/utg02/input/handheld/hhv_app_Jigsaw.mp4
2026-03-27 06:23:27  INFO        --utg              : /Users/tanmaybhuskute/Documents/gifdroid-reproduction/app_Jigsaw/utg02/input/utg.json
2026-03-27 06:23:27  INFO        --artifact         : /Users/tanmaybhuskute/Documents/gifdroid-reproduction/app_Jigsaw/utg02/input/artifacts
2026-03-27 06:23:27  INFO        --out              : /Users/tanmaybhuskute/Documents/gifdroid-reproduction/app_Jigsaw/utg02/output/execution_hhv_Jigsaw_clip.json
2026-03-27 06:23:27  INFO        --log-dir          : None
2026-03-27 06:23:27  INFO        --save-keyframes   : /Users/tanmaybhuskute/Documents/gifdroid-reproduction/app_Jigsaw/utg02/output/keyframes_clip
2026-03-27 06:23:27  INFO        --keyframe-method  : clip
2026-03-27 06:23:27  INFO      ==================================================
2026-03-27 06:23:27  INFO      STEP 1: Keyframe Location
2026-03-27 06:23:27  INFO        Input video      : /Users/tanmaybhuskute/Documents/gifdroid-reproduction/app_Jigsaw/utg02/input/handheld/hhv_app_Jigsaw.mp4
2026-03-27 06:23:27  INFO        Keyframe method  : clip
2026-03-27 06:23:27  INFO      keyframe_location_clip_cluster: starting on "/Users/tanmaybhuskute/Documents/gifdroid-reproduction/app_Jigsaw/utg02/input/handheld/hhv_app_Jigsaw.mp4" (threshold=0.85)
2026-03-27 06:23:27  INFO      keyframe_location: starting on video "/Users/tanmaybhuskute/Documents/gifdroid-reproduction/app_Jigsaw/utg02/input/handheld/hhv_app_Jigsaw.mp4"
2026-03-27 06:23:32  DEBUG     read_frames_from_video: 563 frames decoded in 4.38s
2026-03-27 06:24:23  DEBUG     calculate_sim_seq: 562 similarities computed in 51.07s
2026-03-27 06:24:23  DEBUG     detect_keyframes: 16 keyframes detected from 562 frames in 0.00s
2026-03-27 06:24:23  INFO      keyframe_location: done — 16 keyframes at indices [114, 229, 236, 267, 329, 350, 384, 403, 410, 448, 470, 492, 536, 545, 552, 562] (55.48s total)
2026-03-27 06:24:23  INFO      keyframe_location_clip_cluster: baseline produced 16 keyframes
2026-03-27 06:24:24  WARNING   keyframe_location_clip_cluster: missing dependency (No module named 'transformers'); returning baseline result. Install with: pip install transformers torch scikit-learn
2026-03-27 06:24:24  INFO        Keyframes found   : 16
2026-03-27 06:24:24  INFO        Keyframe indices  : [114, 229, 236, 267, 329, 350, 384, 403, 410, 448, 470, 492, 536, 545, 552, 562]
2026-03-27 06:24:24  INFO        Duration          : 56.66s
2026-03-27 06:24:25  INFO        Keyframes saved to: /Users/tanmaybhuskute/Documents/gifdroid-reproduction/app_Jigsaw/utg02/output/keyframes_clip (16 files)
2026-03-27 06:24:25  INFO      ==================================================
2026-03-27 06:24:25  INFO      STEP 2: GUI Mapping
2026-03-27 06:24:25  INFO        Screenshots dir : /Users/tanmaybhuskute/Documents/gifdroid-reproduction/app_Jigsaw/utg02/input/artifacts
2026-03-27 06:24:25  INFO      gui_mapping: matching 16 keyframes against screenshots in "/Users/tanmaybhuskute/Documents/gifdroid-reproduction/app_Jigsaw/utg02/input/artifacts"
2026-03-27 06:24:25  DEBUG     load_screenshots: 2 screenshots loaded in 0.19s from "/Users/tanmaybhuskute/Documents/gifdroid-reproduction/app_Jigsaw/utg02/input/artifacts"
2026-03-27 06:24:26  DEBUG     mapping: best match "artifacts_2.png" (score=0.209)
2026-03-27 06:24:26  DEBUG     mapping: best match "artifacts_2.png" (score=0.220)
2026-03-27 06:24:26  DEBUG     mapping: best match "artifacts_2.png" (score=0.220)
2026-03-27 06:24:26  DEBUG     mapping: best match "artifacts_2.png" (score=0.221)
2026-03-27 06:24:26  DEBUG     mapping: best match "artifacts_2.png" (score=0.220)
2026-03-27 06:24:27  DEBUG     mapping: best match "artifacts_2.png" (score=0.217)
2026-03-27 06:24:27  DEBUG     mapping: best match "artifacts_2.png" (score=0.221)
2026-03-27 06:24:27  DEBUG     mapping: best match "artifacts_2.png" (score=0.220)
2026-03-27 06:24:27  DEBUG     mapping: best match "artifacts_2.png" (score=0.220)
2026-03-27 06:24:28  DEBUG     mapping: best match "artifacts_2.png" (score=0.220)
2026-03-27 06:24:28  DEBUG     mapping: best match "artifacts_2.png" (score=0.220)
2026-03-27 06:24:28  DEBUG     mapping: best match "artifacts_2.png" (score=0.219)
2026-03-27 06:24:28  DEBUG     mapping: best match "artifacts_2.png" (score=0.219)
2026-03-27 06:24:28  DEBUG     mapping: best match "artifacts_2.png" (score=0.222)
2026-03-27 06:24:29  DEBUG     mapping: best match "artifacts_2.png" (score=0.225)
2026-03-27 06:24:29  DEBUG     mapping: best match "artifacts_2.png" (score=0.225)
2026-03-27 06:24:29  INFO      gui_mapping: done — index sequence [2, 2, 2, 2, 2, 2, 2, 2, 2, 2, 2, 2, 2, 2, 2, 2] (3.63s)
2026-03-27 06:24:29  INFO        Mapped index sequence : [2, 2, 2, 2, 2, 2, 2, 2, 2, 2, 2, 2, 2, 2, 2, 2]
2026-03-27 06:24:29  INFO        Duration              : 3.63s
2026-03-27 06:24:29  INFO      ==================================================
2026-03-27 06:24:29  INFO      STEP 3: Find Execution Trace
2026-03-27 06:24:29  INFO        UTG file : /Users/tanmaybhuskute/Documents/gifdroid-reproduction/app_Jigsaw/utg02/input/utg.json
2026-03-27 06:24:29  INFO      find_execution_trace: target sequence [2, 2, 2, 2, 2, 2, 2, 2, 2, 2, 2, 2, 2, 2, 2, 2]
2026-03-27 06:24:29  DEBUG     read_graph: 2 edges, 2 vertices loaded in 0.00s
2026-03-27 06:24:29  DEBUG     find_execution_trace: 0 candidate paths found in 0.00s
2026-03-27 06:24:29  WARNING   find_execution_trace: no paths found from node 0 to screen 2 in the UTG (sequence=[2, 2, 2, 2, 2, 2, 2, 2, 2, 2, 2, 2, 2, 2, 2, 2]). Returning empty trace. (0.00s)
2026-03-27 06:24:29  INFO        Candidate traces found : 0
2026-03-27 06:24:29  INFO        Duration : 0.00s
2026-03-27 06:24:29  INFO      ==================================================
2026-03-27 06:24:29  INFO      STEP 4: Store Execution Trace
2026-03-27 06:24:29  INFO      Execution trace written to: /Users/tanmaybhuskute/Documents/gifdroid-reproduction/app_Jigsaw/utg02/output/execution_hhv_Jigsaw_clip.json
2026-03-27 06:24:29  INFO        Duration : 0.00s
2026-03-27 06:24:29  INFO      ==================================================
2026-03-27 06:24:29  INFO      Pipeline complete.  Total time: 61.58s
2026-03-27 06:24:29  INFO      ==================================================
