2026-03-27 18:19:56  INFO      Log file: /Users/tanmaybhuskute/Documents/gifdroid-reproduction/app_WifiAnalyzer/utg01/gifdroid_20260327_181956_hhv_homography.log
2026-03-27 18:19:56  INFO      GIFdroid started
2026-03-27 18:19:56  INFO        --video            : /Users/tanmaybhuskute/Documents/gifdroid-reproduction/app_WifiAnalyzer/utg01/input/handheld/hhv_app_WifiAnalyzer.mp4
2026-03-27 18:19:56  INFO        --utg              : /Users/tanmaybhuskute/Documents/gifdroid-reproduction/app_WifiAnalyzer/utg01/input/utg.json
2026-03-27 18:19:56  INFO        --artifact         : /Users/tanmaybhuskute/Documents/gifdroid-reproduction/app_WifiAnalyzer/utg01/input/artifacts
2026-03-27 18:19:56  INFO        --out              : /Users/tanmaybhuskute/Documents/gifdroid-reproduction/app_WifiAnalyzer/utg01/output/execution_hhv_WifiAnalyzer_homography.json
2026-03-27 18:19:56  INFO        --log-dir          : None
2026-03-27 18:19:56  INFO        --save-keyframes   : /Users/tanmaybhuskute/Documents/gifdroid-reproduction/app_WifiAnalyzer/utg01/output/keyframes_homography
2026-03-27 18:19:56  INFO        --keyframe-method  : homography
2026-03-27 18:19:56  INFO      ==================================================
2026-03-27 18:19:56  INFO      STEP 1: Keyframe Location
2026-03-27 18:19:56  INFO        Input video      : /Users/tanmaybhuskute/Documents/gifdroid-reproduction/app_WifiAnalyzer/utg01/input/handheld/hhv_app_WifiAnalyzer.mp4
2026-03-27 18:19:56  INFO        Keyframe method  : homography
2026-03-27 18:19:56  INFO      keyframe_location_homography: starting on "/Users/tanmaybhuskute/Documents/gifdroid-reproduction/app_WifiAnalyzer/utg01/input/handheld/hhv_app_WifiAnalyzer.mp4"
2026-03-27 18:20:06  DEBUG     read_frames_from_video: 1191 frames decoded in 9.96s
2026-03-27 20:53:38  DEBUG     detect_keyframes: 13 keyframes detected from 1190 frames in 0.00s
2026-03-27 20:53:38  INFO      keyframe_location_homography: done — 13 keyframes at indices [96, 123, 128, 206, 219, 260, 379, 466, 599, 720, 738, 943, 1190] (9221.64s)
2026-03-27 20:53:38  INFO        Keyframes found   : 13
2026-03-27 20:53:38  INFO        Keyframe indices  : [96, 123, 128, 206, 219, 260, 379, 466, 599, 720, 738, 943, 1190]
2026-03-27 20:53:38  INFO        Duration          : 9222.02s
2026-03-27 20:53:39  INFO        Keyframes saved to: /Users/tanmaybhuskute/Documents/gifdroid-reproduction/app_WifiAnalyzer/utg01/output/keyframes_homography (13 files)
2026-03-27 20:53:39  INFO      ==================================================
2026-03-27 20:53:39  INFO      STEP 2: GUI Mapping
2026-03-27 20:53:39  INFO        Screenshots dir : /Users/tanmaybhuskute/Documents/gifdroid-reproduction/app_WifiAnalyzer/utg01/input/artifacts
2026-03-27 20:53:39  INFO      gui_mapping: matching 13 keyframes against screenshots in "/Users/tanmaybhuskute/Documents/gifdroid-reproduction/app_WifiAnalyzer/utg01/input/artifacts"
2026-03-27 20:53:42  DEBUG     load_screenshots: 47 screenshots loaded in 2.98s from "/Users/tanmaybhuskute/Documents/gifdroid-reproduction/app_WifiAnalyzer/utg01/input/artifacts"
2026-03-27 20:53:50  DEBUG     mapping: best match "artifacts_19.png" (score=0.222)
2026-03-27 20:53:55  DEBUG     mapping: best match "artifacts_31.png" (score=0.334)
2026-03-27 20:54:01  DEBUG     mapping: best match "artifacts_31.png" (score=0.332)
2026-03-27 20:54:07  DEBUG     mapping: best match "artifacts_31.png" (score=0.224)
2026-03-27 20:54:13  DEBUG     mapping: best match "artifacts_31.png" (score=0.221)
2026-03-27 20:54:19  DEBUG     mapping: best match "artifacts_31.png" (score=0.224)
2026-03-27 20:54:24  DEBUG     mapping: best match "artifacts_31.png" (score=0.234)
2026-03-27 20:54:35  DEBUG     mapping: best match "artifacts_31.png" (score=0.264)
2026-03-27 20:54:41  DEBUG     mapping: best match "artifacts_31.png" (score=0.239)
2026-03-27 20:57:44  DEBUG     mapping: best match "artifacts_31.png" (score=0.238)
2026-03-27 20:57:50  DEBUG     mapping: best match "artifacts_31.png" (score=0.240)
2026-03-27 20:57:56  DEBUG     mapping: best match "artifacts_31.png" (score=0.255)
2026-03-27 20:58:02  DEBUG     mapping: best match "artifacts_31.png" (score=0.265)
2026-03-27 20:58:02  INFO      gui_mapping: done — index sequence [19, 31, 31, 31, 31, 31, 31, 31, 31, 31, 31, 31, 31] (262.50s)
2026-03-27 20:58:02  INFO        Mapped index sequence : [19, 31, 31, 31, 31, 31, 31, 31, 31, 31, 31, 31, 31]
2026-03-27 20:58:02  INFO        Duration              : 262.50s
2026-03-27 20:58:02  INFO      ==================================================
2026-03-27 20:58:02  INFO      STEP 3: Find Execution Trace
2026-03-27 20:58:02  INFO        UTG file : /Users/tanmaybhuskute/Documents/gifdroid-reproduction/app_WifiAnalyzer/utg01/input/utg.json
2026-03-27 20:58:02  INFO      find_execution_trace: target sequence [19, 31, 31, 31, 31, 31, 31, 31, 31, 31, 31, 31, 31]
2026-03-27 20:58:02  DEBUG     read_graph: 135 edges, 48 vertices loaded in 0.01s
2026-03-27 20:58:02  DEBUG     find_execution_trace: 268 candidate paths found in 0.01s
2026-03-27 20:58:02  INFO      find_execution_trace: 1 trace(s) found (LCS=2, length=14) in 0.05s
2026-03-27 20:58:02  INFO        Candidate traces found : 1
2026-03-27 20:58:02  INFO          Trace 0: [0, 1, 2, 6, 7, 18, 19, 5, 3, 4, 27, 28, 29, 31]
2026-03-27 20:58:02  INFO        Duration : 0.05s
2026-03-27 20:58:02  INFO      ==================================================
2026-03-27 20:58:02  INFO      STEP 4: Store Execution Trace
2026-03-27 20:58:02  INFO      Execution trace written to: /Users/tanmaybhuskute/Documents/gifdroid-reproduction/app_WifiAnalyzer/utg01/output/execution_hhv_WifiAnalyzer_homography.json
2026-03-27 20:58:02  INFO        Duration : 0.00s
2026-03-27 20:58:02  INFO      ==================================================
2026-03-27 20:58:02  INFO      Pipeline complete.  Total time: 9485.80s
2026-03-27 20:58:02  INFO      ==================================================
