2026-03-20 01:34:27  INFO      Log file: /Users/tanmaybhuskute/Documents/gifdroid-reproduction/app_WifiAnalyzer/utg01/gifdroid_20260320_013427_srv.log
2026-03-20 01:34:27  INFO      GIFdroid started
2026-03-20 01:34:27  INFO        --video    : /Users/tanmaybhuskute/Documents/gifdroid-reproduction/app_WifiAnalyzer/utg01/input/screenrec/srv_app_WifiAnalyzer.mp4
2026-03-20 01:34:27  INFO        --utg      : /Users/tanmaybhuskute/Documents/gifdroid-reproduction/app_WifiAnalyzer/utg01/input/utg.json
2026-03-20 01:34:27  INFO        --artifact : /Users/tanmaybhuskute/Documents/gifdroid-reproduction/app_WifiAnalyzer/utg01/input/artifacts
2026-03-20 01:34:27  INFO        --out      : /Users/tanmaybhuskute/Documents/gifdroid-reproduction/app_WifiAnalyzer/utg01/output/execution_srv_WifiAnalyzer.json
2026-03-20 01:34:27  INFO        --log-dir  : None
2026-03-20 01:34:27  INFO      ==================================================
2026-03-20 01:34:27  INFO      STEP 1: Keyframe Location
2026-03-20 01:34:27  INFO        Input video : /Users/tanmaybhuskute/Documents/gifdroid-reproduction/app_WifiAnalyzer/utg01/input/screenrec/srv_app_WifiAnalyzer.mp4
2026-03-20 01:34:27  INFO      keyframe_location: starting on video "/Users/tanmaybhuskute/Documents/gifdroid-reproduction/app_WifiAnalyzer/utg01/input/screenrec/srv_app_WifiAnalyzer.mp4"
2026-03-20 01:34:35  DEBUG     read_frames_from_video: 877 frames decoded in 7.95s
2026-03-20 01:35:58  DEBUG     calculate_sim_seq: 876 similarities computed in 83.71s
2026-03-20 01:35:58  DEBUG     detect_keyframes: 16 keyframes detected from 876 frames in 0.00s
2026-03-20 01:35:58  INFO      keyframe_location: done — 16 keyframes at indices [12, 36, 114, 130, 211, 226, 244, 370, 514, 528, 623, 688, 715, 726, 749, 876] (91.69s total)
2026-03-20 01:35:58  INFO        Keyframes found   : 16
2026-03-20 01:35:58  INFO        Keyframe indices  : [12, 36, 114, 130, 211, 226, 244, 370, 514, 528, 623, 688, 715, 726, 749, 876]
2026-03-20 01:35:58  INFO        Duration          : 91.88s
2026-03-20 01:35:58  INFO      ==================================================
2026-03-20 01:35:58  INFO      STEP 2: GUI Mapping
2026-03-20 01:35:58  INFO        Screenshots dir : /Users/tanmaybhuskute/Documents/gifdroid-reproduction/app_WifiAnalyzer/utg01/input/artifacts
2026-03-20 01:35:58  INFO      gui_mapping: matching 16 keyframes against screenshots in "/Users/tanmaybhuskute/Documents/gifdroid-reproduction/app_WifiAnalyzer/utg01/input/artifacts"
2026-03-20 01:36:01  DEBUG     load_screenshots: 47 screenshots loaded in 2.72s from "/Users/tanmaybhuskute/Documents/gifdroid-reproduction/app_WifiAnalyzer/utg01/input/artifacts"
2026-03-20 01:36:06  DEBUG     mapping: best match "artifacts_38.png" (score=0.326)
2026-03-20 01:36:12  DEBUG     mapping: best match "artifacts_31.png" (score=0.321)
2026-03-20 01:36:17  DEBUG     mapping: best match "artifacts_5.png" (score=0.330)
2026-03-20 01:36:23  DEBUG     mapping: best match "artifacts_1.png" (score=0.342)
2026-03-20 01:36:29  DEBUG     mapping: best match "artifacts_31.png" (score=0.289)
2026-03-20 01:36:35  DEBUG     mapping: best match "artifacts_7.png" (score=0.366)
2026-03-20 01:36:41  DEBUG     mapping: best match "artifacts_19.png" (score=0.480)
2026-03-20 01:36:47  DEBUG     mapping: best match "artifacts_22.png" (score=0.490)
2026-03-20 01:36:52  DEBUG     mapping: best match "artifacts_14.png" (score=0.524)
2026-03-20 01:36:58  DEBUG     mapping: best match "artifacts_22.png" (score=0.525)
2026-03-20 01:37:02  DEBUG     mapping: best match "artifacts_10.png" (score=0.381)
2026-03-20 01:37:07  DEBUG     mapping: best match "artifacts_10.png" (score=0.630)
2026-03-20 01:37:12  DEBUG     mapping: best match "artifacts_11.png" (score=0.347)
2026-03-20 01:37:17  DEBUG     mapping: best match "artifacts_38.png" (score=0.371)
2026-03-20 01:37:22  DEBUG     mapping: best match "artifacts_31.png" (score=0.272)
2026-03-20 01:37:28  DEBUG     mapping: best match "artifacts_6.png" (score=0.454)
2026-03-20 01:37:28  INFO      gui_mapping: done — index sequence [38, 31, 5, 1, 31, 7, 19, 22, 14, 22, 10, 10, 11, 38, 31, 6] (89.51s)
2026-03-20 01:37:28  INFO        Mapped index sequence : [38, 31, 5, 1, 31, 7, 19, 22, 14, 22, 10, 10, 11, 38, 31, 6]
2026-03-20 01:37:28  INFO        Duration              : 89.51s
2026-03-20 01:37:28  INFO      ==================================================
2026-03-20 01:37:28  INFO      STEP 3: Find Execution Trace
2026-03-20 01:37:28  INFO        UTG file : /Users/tanmaybhuskute/Documents/gifdroid-reproduction/app_WifiAnalyzer/utg01/input/utg.json
2026-03-20 01:37:28  INFO      find_execution_trace: target sequence [38, 31, 5, 1, 31, 7, 19, 22, 14, 22, 10, 10, 11, 38, 31, 6]
2026-03-20 01:37:28  DEBUG     read_graph: 135 edges, 48 vertices loaded in 0.00s
2026-03-20 01:37:28  DEBUG     find_execution_trace: 1 candidate paths found in 0.00s
2026-03-20 01:37:28  INFO      find_execution_trace: 1 trace(s) found (LCS=2, length=4) in 0.01s
2026-03-20 01:37:28  INFO        Candidate traces found : 1
2026-03-20 01:37:28  INFO          Trace 0: [0, 1, 2, 6]
2026-03-20 01:37:28  INFO        Duration : 0.01s
2026-03-20 01:37:28  INFO      ==================================================
2026-03-20 01:37:28  INFO      STEP 4: Store Execution Trace
2026-03-20 01:37:28  INFO      Execution trace written to: /Users/tanmaybhuskute/Documents/gifdroid-reproduction/app_WifiAnalyzer/utg01/output/execution_srv_WifiAnalyzer.json
2026-03-20 01:37:28  INFO        Duration : 0.00s
2026-03-20 01:37:28  INFO      ==================================================
2026-03-20 01:37:28  INFO      Pipeline complete.  Total time: 181.39s
2026-03-20 01:37:28  INFO      ==================================================
