2026-03-20 01:09:47  INFO      Log file: /Users/tanmaybhuskute/Documents/gifdroid-reproduction/app_WifiAnalyzer/utg01/gifdroid_20260320_010947_hhv.log
2026-03-20 01:09:47  INFO      GIFdroid started
2026-03-20 01:09:47  INFO        --video    : /Users/tanmaybhuskute/Documents/gifdroid-reproduction/app_WifiAnalyzer/utg01/input/handheld/hhv_app_WifiAnalyzer.mp4
2026-03-20 01:09:47  INFO        --utg      : /Users/tanmaybhuskute/Documents/gifdroid-reproduction/app_WifiAnalyzer/utg01/input/utg.json
2026-03-20 01:09:47  INFO        --artifact : /Users/tanmaybhuskute/Documents/gifdroid-reproduction/app_WifiAnalyzer/utg01/input/artifacts
2026-03-20 01:09:47  INFO        --out      : /Users/tanmaybhuskute/Documents/gifdroid-reproduction/app_WifiAnalyzer/utg01/output/execution_hhv_WifiAnalyzer.json
2026-03-20 01:09:47  INFO        --log-dir  : None
2026-03-20 01:09:47  INFO      ==================================================
2026-03-20 01:09:47  INFO      STEP 1: Keyframe Location
2026-03-20 01:09:47  INFO        Input video : /Users/tanmaybhuskute/Documents/gifdroid-reproduction/app_WifiAnalyzer/utg01/input/handheld/hhv_app_WifiAnalyzer.mp4
2026-03-20 01:09:47  INFO      keyframe_location: starting on video "/Users/tanmaybhuskute/Documents/gifdroid-reproduction/app_WifiAnalyzer/utg01/input/handheld/hhv_app_WifiAnalyzer.mp4"
2026-03-20 01:09:58  DEBUG     read_frames_from_video: 1191 frames decoded in 11.70s
2026-03-20 01:11:47  DEBUG     calculate_sim_seq: 1190 similarities computed in 108.37s
2026-03-20 01:11:47  DEBUG     detect_keyframes: 15 keyframes detected from 1190 frames in 0.00s
2026-03-20 01:11:47  INFO      keyframe_location: done — 15 keyframes at indices [96, 131, 198, 260, 379, 466, 574, 599, 720, 738, 900, 943, 1100, 1124, 1190] (120.11s total)
2026-03-20 01:11:47  INFO        Keyframes found   : 15
2026-03-20 01:11:47  INFO        Keyframe indices  : [96, 131, 198, 260, 379, 466, 574, 599, 720, 738, 900, 943, 1100, 1124, 1190]
2026-03-20 01:11:47  INFO        Duration          : 120.59s
2026-03-20 01:11:47  INFO      ==================================================
2026-03-20 01:11:47  INFO      STEP 2: GUI Mapping
2026-03-20 01:11:47  INFO        Screenshots dir : /Users/tanmaybhuskute/Documents/gifdroid-reproduction/app_WifiAnalyzer/utg01/input/artifacts
2026-03-20 01:11:47  INFO      gui_mapping: matching 15 keyframes against screenshots in "/Users/tanmaybhuskute/Documents/gifdroid-reproduction/app_WifiAnalyzer/utg01/input/artifacts"
2026-03-20 01:11:50  DEBUG     load_screenshots: 47 screenshots loaded in 2.90s from "/Users/tanmaybhuskute/Documents/gifdroid-reproduction/app_WifiAnalyzer/utg01/input/artifacts"
2026-03-20 01:11:55  DEBUG     mapping: best match "artifacts_19.png" (score=0.222)
2026-03-20 01:12:00  DEBUG     mapping: best match "artifacts_31.png" (score=0.310)
2026-03-20 01:12:04  DEBUG     mapping: best match "artifacts_31.png" (score=0.226)
2026-03-20 01:12:09  DEBUG     mapping: best match "artifacts_31.png" (score=0.224)
2026-03-20 01:12:14  DEBUG     mapping: best match "artifacts_31.png" (score=0.234)
2026-03-20 01:12:19  DEBUG     mapping: best match "artifacts_31.png" (score=0.264)
2026-03-20 01:12:24  DEBUG     mapping: best match "artifacts_31.png" (score=0.241)
2026-03-20 01:12:28  DEBUG     mapping: best match "artifacts_31.png" (score=0.239)
2026-03-20 01:12:33  DEBUG     mapping: best match "artifacts_31.png" (score=0.238)
2026-03-20 01:12:38  DEBUG     mapping: best match "artifacts_31.png" (score=0.240)
2026-03-20 01:12:43  DEBUG     mapping: best match "artifacts_31.png" (score=0.258)
2026-03-20 01:12:47  DEBUG     mapping: best match "artifacts_31.png" (score=0.255)
2026-03-20 01:12:52  DEBUG     mapping: best match "artifacts_31.png" (score=0.268)
2026-03-20 01:12:57  DEBUG     mapping: best match "artifacts_31.png" (score=0.268)
2026-03-20 01:13:02  DEBUG     mapping: best match "artifacts_31.png" (score=0.265)
2026-03-20 01:13:02  INFO      gui_mapping: done — index sequence [19, 31, 31, 31, 31, 31, 31, 31, 31, 31, 31, 31, 31, 31, 31] (74.56s)
2026-03-20 01:13:02  INFO        Mapped index sequence : [19, 31, 31, 31, 31, 31, 31, 31, 31, 31, 31, 31, 31, 31, 31]
2026-03-20 01:13:02  INFO        Duration              : 74.56s
2026-03-20 01:13:02  INFO      ==================================================
2026-03-20 01:13:02  INFO      STEP 3: Find Execution Trace
2026-03-20 01:13:02  INFO        UTG file : /Users/tanmaybhuskute/Documents/gifdroid-reproduction/app_WifiAnalyzer/utg01/input/utg.json
2026-03-20 01:13:02  INFO      find_execution_trace: target sequence [19, 31, 31, 31, 31, 31, 31, 31, 31, 31, 31, 31, 31, 31, 31]
2026-03-20 01:13:02  DEBUG     read_graph: 135 edges, 48 vertices loaded in 0.00s
2026-03-20 01:13:02  DEBUG     find_execution_trace: 268 candidate paths found in 0.01s
2026-03-20 01:13:02  INFO      find_execution_trace: 1 trace(s) found (LCS=2, length=14) in 0.04s
2026-03-20 01:13:02  INFO        Candidate traces found : 1
2026-03-20 01:13:02  INFO          Trace 0: [0, 1, 2, 6, 7, 18, 19, 5, 3, 4, 27, 28, 29, 31]
2026-03-20 01:13:02  INFO        Duration : 0.04s
2026-03-20 01:13:02  INFO      ==================================================
2026-03-20 01:13:02  INFO      STEP 4: Store Execution Trace
2026-03-20 01:13:02  INFO      Execution trace written to: /Users/tanmaybhuskute/Documents/gifdroid-reproduction/app_WifiAnalyzer/utg01/output/execution_hhv_WifiAnalyzer.json
2026-03-20 01:13:02  INFO        Duration : 0.00s
2026-03-20 01:13:02  INFO      ==================================================
2026-03-20 01:13:02  INFO      Pipeline complete.  Total time: 195.19s
2026-03-20 01:13:02  INFO      ==================================================
