2026-03-27 20:58:04  INFO      Log file: /Users/tanmaybhuskute/Documents/gifdroid-reproduction/app_WifiAnalyzer/utg01/gifdroid_20260327_205804_hhv_clip.log
2026-03-27 20:58:04  INFO      GIFdroid started
2026-03-27 20:58:04  INFO        --video            : /Users/tanmaybhuskute/Documents/gifdroid-reproduction/app_WifiAnalyzer/utg01/input/handheld/hhv_app_WifiAnalyzer.mp4
2026-03-27 20:58:04  INFO        --utg              : /Users/tanmaybhuskute/Documents/gifdroid-reproduction/app_WifiAnalyzer/utg01/input/utg.json
2026-03-27 20:58:04  INFO        --artifact         : /Users/tanmaybhuskute/Documents/gifdroid-reproduction/app_WifiAnalyzer/utg01/input/artifacts
2026-03-27 20:58:04  INFO        --out              : /Users/tanmaybhuskute/Documents/gifdroid-reproduction/app_WifiAnalyzer/utg01/output/execution_hhv_WifiAnalyzer_clip.json
2026-03-27 20:58:04  INFO        --log-dir          : None
2026-03-27 20:58:04  INFO        --save-keyframes   : /Users/tanmaybhuskute/Documents/gifdroid-reproduction/app_WifiAnalyzer/utg01/output/keyframes_clip
2026-03-27 20:58:04  INFO        --keyframe-method  : clip
2026-03-27 20:58:04  INFO      ==================================================
2026-03-27 20:58:04  INFO      STEP 1: Keyframe Location
2026-03-27 20:58:04  INFO        Input video      : /Users/tanmaybhuskute/Documents/gifdroid-reproduction/app_WifiAnalyzer/utg01/input/handheld/hhv_app_WifiAnalyzer.mp4
2026-03-27 20:58:04  INFO        Keyframe method  : clip
2026-03-27 20:58:04  INFO      keyframe_location_clip_cluster: starting on "/Users/tanmaybhuskute/Documents/gifdroid-reproduction/app_WifiAnalyzer/utg01/input/handheld/hhv_app_WifiAnalyzer.mp4" (threshold=0.85)
2026-03-27 20:58:04  INFO      keyframe_location: starting on video "/Users/tanmaybhuskute/Documents/gifdroid-reproduction/app_WifiAnalyzer/utg01/input/handheld/hhv_app_WifiAnalyzer.mp4"
2026-03-27 20:58:25  DEBUG     read_frames_from_video: 1191 frames decoded in 20.82s
2026-03-27 21:22:59  DEBUG     calculate_sim_seq: 1190 similarities computed in 1474.32s
2026-03-27 21:22:59  DEBUG     detect_keyframes: 15 keyframes detected from 1190 frames in 0.00s
2026-03-27 21:22:59  INFO      keyframe_location: done — 15 keyframes at indices [96, 131, 198, 260, 379, 466, 574, 599, 720, 738, 900, 943, 1100, 1124, 1190] (1495.21s total)
2026-03-27 21:23:00  INFO      keyframe_location_clip_cluster: baseline produced 15 keyframes
2026-03-27 21:23:02  WARNING   keyframe_location_clip_cluster: missing dependency (No module named 'transformers'); returning baseline result. Install with: pip install transformers torch scikit-learn
2026-03-27 21:23:02  INFO        Keyframes found   : 15
2026-03-27 21:23:02  INFO        Keyframe indices  : [96, 131, 198, 260, 379, 466, 574, 599, 720, 738, 900, 943, 1100, 1124, 1190]
2026-03-27 21:23:02  INFO        Duration          : 1497.60s
2026-03-27 21:23:03  INFO        Keyframes saved to: /Users/tanmaybhuskute/Documents/gifdroid-reproduction/app_WifiAnalyzer/utg01/output/keyframes_clip (15 files)
2026-03-27 21:23:03  INFO      ==================================================
2026-03-27 21:23:03  INFO      STEP 2: GUI Mapping
2026-03-27 21:23:03  INFO        Screenshots dir : /Users/tanmaybhuskute/Documents/gifdroid-reproduction/app_WifiAnalyzer/utg01/input/artifacts
2026-03-27 21:23:03  INFO      gui_mapping: matching 15 keyframes against screenshots in "/Users/tanmaybhuskute/Documents/gifdroid-reproduction/app_WifiAnalyzer/utg01/input/artifacts"
2026-03-27 21:23:06  DEBUG     load_screenshots: 47 screenshots loaded in 2.98s from "/Users/tanmaybhuskute/Documents/gifdroid-reproduction/app_WifiAnalyzer/utg01/input/artifacts"
2026-03-27 21:23:11  DEBUG     mapping: best match "artifacts_19.png" (score=0.222)
2026-03-27 21:23:15  DEBUG     mapping: best match "artifacts_31.png" (score=0.310)
2026-03-27 21:23:20  DEBUG     mapping: best match "artifacts_31.png" (score=0.226)
2026-03-27 21:23:25  DEBUG     mapping: best match "artifacts_31.png" (score=0.224)
2026-03-27 21:23:29  DEBUG     mapping: best match "artifacts_31.png" (score=0.234)
2026-03-27 21:23:34  DEBUG     mapping: best match "artifacts_31.png" (score=0.264)
2026-03-27 21:23:38  DEBUG     mapping: best match "artifacts_31.png" (score=0.241)
2026-03-27 21:23:43  DEBUG     mapping: best match "artifacts_31.png" (score=0.239)
2026-03-27 21:23:47  DEBUG     mapping: best match "artifacts_31.png" (score=0.238)
2026-03-27 21:23:52  DEBUG     mapping: best match "artifacts_31.png" (score=0.240)
2026-03-27 21:23:56  DEBUG     mapping: best match "artifacts_31.png" (score=0.258)
2026-03-27 21:24:01  DEBUG     mapping: best match "artifacts_31.png" (score=0.255)
2026-03-27 21:24:06  DEBUG     mapping: best match "artifacts_31.png" (score=0.268)
2026-03-27 21:24:10  DEBUG     mapping: best match "artifacts_31.png" (score=0.268)
2026-03-27 21:24:15  DEBUG     mapping: best match "artifacts_31.png" (score=0.265)
2026-03-27 21:24:15  INFO      gui_mapping: done — index sequence [19, 31, 31, 31, 31, 31, 31, 31, 31, 31, 31, 31, 31, 31, 31] (71.94s)
2026-03-27 21:24:15  INFO        Mapped index sequence : [19, 31, 31, 31, 31, 31, 31, 31, 31, 31, 31, 31, 31, 31, 31]
2026-03-27 21:24:15  INFO        Duration              : 71.94s
2026-03-27 21:24:15  INFO      ==================================================
2026-03-27 21:24:15  INFO      STEP 3: Find Execution Trace
2026-03-27 21:24:15  INFO        UTG file : /Users/tanmaybhuskute/Documents/gifdroid-reproduction/app_WifiAnalyzer/utg01/input/utg.json
2026-03-27 21:24:15  INFO      find_execution_trace: target sequence [19, 31, 31, 31, 31, 31, 31, 31, 31, 31, 31, 31, 31, 31, 31]
2026-03-27 21:24:15  DEBUG     read_graph: 135 edges, 48 vertices loaded in 0.00s
2026-03-27 21:24:15  DEBUG     find_execution_trace: 268 candidate paths found in 0.01s
2026-03-27 21:24:15  INFO      find_execution_trace: 1 trace(s) found (LCS=2, length=14) in 0.04s
2026-03-27 21:24:15  INFO        Candidate traces found : 1
2026-03-27 21:24:15  INFO          Trace 0: [0, 1, 2, 6, 7, 18, 19, 5, 3, 4, 27, 28, 29, 31]
2026-03-27 21:24:15  INFO        Duration : 0.04s
2026-03-27 21:24:15  INFO      ==================================================
2026-03-27 21:24:15  INFO      STEP 4: Store Execution Trace
2026-03-27 21:24:15  INFO      Execution trace written to: /Users/tanmaybhuskute/Documents/gifdroid-reproduction/app_WifiAnalyzer/utg01/output/execution_hhv_WifiAnalyzer_clip.json
2026-03-27 21:24:15  INFO        Duration : 0.00s
2026-03-27 21:24:15  INFO      ==================================================
2026-03-27 21:24:15  INFO      Pipeline complete.  Total time: 1570.83s
2026-03-27 21:24:15  INFO      ==================================================
