2026-03-27 18:05:59  INFO      Log file: /Users/tanmaybhuskute/Documents/gifdroid-reproduction/app_WifiAnalyzer/utg01/gifdroid_20260327_180559_hhv_stabilize.log
2026-03-27 18:05:59  INFO      GIFdroid started
2026-03-27 18:05:59  INFO        --video            : /Users/tanmaybhuskute/Documents/gifdroid-reproduction/app_WifiAnalyzer/utg01/input/handheld/hhv_app_WifiAnalyzer.mp4
2026-03-27 18:05:59  INFO        --utg              : /Users/tanmaybhuskute/Documents/gifdroid-reproduction/app_WifiAnalyzer/utg01/input/utg.json
2026-03-27 18:05:59  INFO        --artifact         : /Users/tanmaybhuskute/Documents/gifdroid-reproduction/app_WifiAnalyzer/utg01/input/artifacts
2026-03-27 18:05:59  INFO        --out              : /Users/tanmaybhuskute/Documents/gifdroid-reproduction/app_WifiAnalyzer/utg01/output/execution_hhv_WifiAnalyzer_stabilize.json
2026-03-27 18:05:59  INFO        --log-dir          : None
2026-03-27 18:05:59  INFO        --save-keyframes   : /Users/tanmaybhuskute/Documents/gifdroid-reproduction/app_WifiAnalyzer/utg01/output/keyframes_stabilize
2026-03-27 18:05:59  INFO        --keyframe-method  : stabilize
2026-03-27 18:05:59  INFO      ==================================================
2026-03-27 18:05:59  INFO      STEP 1: Keyframe Location
2026-03-27 18:05:59  INFO        Input video      : /Users/tanmaybhuskute/Documents/gifdroid-reproduction/app_WifiAnalyzer/utg01/input/handheld/hhv_app_WifiAnalyzer.mp4
2026-03-27 18:05:59  INFO        Keyframe method  : stabilize
2026-03-27 18:05:59  INFO      keyframe_location_stabilized: starting on "/Users/tanmaybhuskute/Documents/gifdroid-reproduction/app_WifiAnalyzer/utg01/input/handheld/hhv_app_WifiAnalyzer.mp4"
2026-03-27 18:08:38  INFO      keyframe_location: starting on video "/Users/tanmaybhuskute/Documents/gifdroid-reproduction/app_WifiAnalyzer/utg01/input/handheld/hhv_app_WifiAnalyzer_stabilized.mp4"
2026-03-27 18:10:23  DEBUG     read_frames_from_video: 1191 frames decoded in 104.67s
2026-03-27 18:15:24  DEBUG     calculate_sim_seq: 1190 similarities computed in 300.71s
2026-03-27 18:15:24  DEBUG     detect_keyframes: 16 keyframes detected from 1190 frames in 0.00s
2026-03-27 18:15:24  INFO      keyframe_location: done — 16 keyframes at indices [93, 132, 200, 260, 379, 466, 573, 598, 605, 720, 738, 842, 855, 943, 983, 1190] (405.44s total)
2026-03-27 18:15:24  INFO      keyframe_location_stabilized: done — 16 keyframes at indices [93, 132, 200, 260, 379, 466, 573, 598, 605, 720, 738, 842, 855, 943, 983, 1190] (565.22s)
2026-03-27 18:15:24  INFO        Keyframes found   : 16
2026-03-27 18:15:24  INFO        Keyframe indices  : [93, 132, 200, 260, 379, 466, 573, 598, 605, 720, 738, 842, 855, 943, 983, 1190]
2026-03-27 18:15:24  INFO        Duration          : 565.22s
2026-03-27 18:15:26  INFO        Keyframes saved to: /Users/tanmaybhuskute/Documents/gifdroid-reproduction/app_WifiAnalyzer/utg01/output/keyframes_stabilize (16 files)
2026-03-27 18:15:26  INFO      ==================================================
2026-03-27 18:15:26  INFO      STEP 2: GUI Mapping
2026-03-27 18:15:26  INFO        Screenshots dir : /Users/tanmaybhuskute/Documents/gifdroid-reproduction/app_WifiAnalyzer/utg01/input/artifacts
2026-03-27 18:15:26  INFO      gui_mapping: matching 16 keyframes against screenshots in "/Users/tanmaybhuskute/Documents/gifdroid-reproduction/app_WifiAnalyzer/utg01/input/artifacts"
2026-03-27 18:15:29  DEBUG     load_screenshots: 47 screenshots loaded in 3.14s from "/Users/tanmaybhuskute/Documents/gifdroid-reproduction/app_WifiAnalyzer/utg01/input/artifacts"
2026-03-27 18:15:34  DEBUG     mapping: best match "artifacts_19.png" (score=0.227)
2026-03-27 18:15:38  DEBUG     mapping: best match "artifacts_31.png" (score=0.303)
2026-03-27 18:15:43  DEBUG     mapping: best match "artifacts_31.png" (score=0.231)
2026-03-27 18:15:47  DEBUG     mapping: best match "artifacts_31.png" (score=0.229)
2026-03-27 18:15:52  DEBUG     mapping: best match "artifacts_31.png" (score=0.239)
2026-03-27 18:15:56  DEBUG     mapping: best match "artifacts_31.png" (score=0.270)
2026-03-27 18:16:01  DEBUG     mapping: best match "artifacts_31.png" (score=0.246)
2026-03-27 18:16:05  DEBUG     mapping: best match "artifacts_31.png" (score=0.245)
2026-03-27 18:16:10  DEBUG     mapping: best match "artifacts_31.png" (score=0.245)
2026-03-27 18:16:14  DEBUG     mapping: best match "artifacts_31.png" (score=0.247)
2026-03-27 18:16:19  DEBUG     mapping: best match "artifacts_31.png" (score=0.247)
2026-03-27 18:16:23  DEBUG     mapping: best match "artifacts_31.png" (score=0.254)
2026-03-27 18:16:28  DEBUG     mapping: best match "artifacts_31.png" (score=0.239)
2026-03-27 18:16:34  DEBUG     mapping: best match "artifacts_31.png" (score=0.262)
2026-03-27 18:16:38  DEBUG     mapping: best match "artifacts_31.png" (score=0.275)
2026-03-27 18:16:44  DEBUG     mapping: best match "artifacts_31.png" (score=0.270)
2026-03-27 18:16:44  INFO      gui_mapping: done — index sequence [19, 31, 31, 31, 31, 31, 31, 31, 31, 31, 31, 31, 31, 31, 31, 31] (78.05s)
2026-03-27 18:16:44  INFO        Mapped index sequence : [19, 31, 31, 31, 31, 31, 31, 31, 31, 31, 31, 31, 31, 31, 31, 31]
2026-03-27 18:16:44  INFO        Duration              : 78.05s
2026-03-27 18:16:44  INFO      ==================================================
2026-03-27 18:16:44  INFO      STEP 3: Find Execution Trace
2026-03-27 18:16:44  INFO        UTG file : /Users/tanmaybhuskute/Documents/gifdroid-reproduction/app_WifiAnalyzer/utg01/input/utg.json
2026-03-27 18:16:44  INFO      find_execution_trace: target sequence [19, 31, 31, 31, 31, 31, 31, 31, 31, 31, 31, 31, 31, 31, 31, 31]
2026-03-27 18:16:44  DEBUG     read_graph: 135 edges, 48 vertices loaded in 0.00s
2026-03-27 18:16:44  DEBUG     find_execution_trace: 268 candidate paths found in 0.01s
2026-03-27 18:16:44  INFO      find_execution_trace: 1 trace(s) found (LCS=2, length=14) in 0.04s
2026-03-27 18:16:44  INFO        Candidate traces found : 1
2026-03-27 18:16:44  INFO          Trace 0: [0, 1, 2, 6, 7, 18, 19, 5, 3, 4, 27, 28, 29, 31]
2026-03-27 18:16:44  INFO        Duration : 0.04s
2026-03-27 18:16:44  INFO      ==================================================
2026-03-27 18:16:44  INFO      STEP 4: Store Execution Trace
2026-03-27 18:16:44  INFO      Execution trace written to: /Users/tanmaybhuskute/Documents/gifdroid-reproduction/app_WifiAnalyzer/utg01/output/execution_hhv_WifiAnalyzer_stabilize.json
2026-03-27 18:16:44  INFO        Duration : 0.00s
2026-03-27 18:16:44  INFO      ==================================================
2026-03-27 18:16:44  INFO      Pipeline complete.  Total time: 644.81s
2026-03-27 18:16:44  INFO      ==================================================
