2026-03-22 18:00:00  INFO      Log file: /Users/tanmaybhuskute/Documents/gifdroid-reproduction/app_LuxAlarm/utg03/gifdroid_20260322_180000_srv.log
2026-03-22 18:00:00  INFO      GIFdroid started
2026-03-22 18:00:00  INFO        --video          : /Users/tanmaybhuskute/Documents/gifdroid-reproduction/app_LuxAlarm/utg03/input/screenrec/srv_app_LuxAlarm.mp4
2026-03-22 18:00:00  INFO        --utg            : /Users/tanmaybhuskute/Documents/gifdroid-reproduction/app_LuxAlarm/utg03/input/utg.json
2026-03-22 18:00:00  INFO        --artifact       : /Users/tanmaybhuskute/Documents/gifdroid-reproduction/app_LuxAlarm/utg03/input/artifacts
2026-03-22 18:00:00  INFO        --out            : /Users/tanmaybhuskute/Documents/gifdroid-reproduction/app_LuxAlarm/utg03/output/execution_srv_LuxAlarm.json
2026-03-22 18:00:00  INFO        --log-dir        : None
2026-03-22 18:00:00  INFO        --save-keyframes : /Users/tanmaybhuskute/Documents/gifdroid-reproduction/app_LuxAlarm/utg03/output/keyframes
2026-03-22 18:00:00  INFO      ==================================================
2026-03-22 18:00:00  INFO      STEP 1: Keyframe Location
2026-03-22 18:00:00  INFO        Input video : /Users/tanmaybhuskute/Documents/gifdroid-reproduction/app_LuxAlarm/utg03/input/screenrec/srv_app_LuxAlarm.mp4
2026-03-22 18:00:00  INFO      keyframe_location: starting on video "/Users/tanmaybhuskute/Documents/gifdroid-reproduction/app_LuxAlarm/utg03/input/screenrec/srv_app_LuxAlarm.mp4"
2026-03-22 18:00:06  DEBUG     read_frames_from_video: 714 frames decoded in 6.86s
2026-03-22 18:01:16  DEBUG     calculate_sim_seq: 713 similarities computed in 69.26s
2026-03-22 18:01:16  DEBUG     detect_keyframes: 8 keyframes detected from 713 frames in 0.00s
2026-03-22 18:01:16  INFO      keyframe_location: done — 8 keyframes at indices [3, 40, 81, 433, 477, 555, 682, 713] (76.16s total)
2026-03-22 18:01:16  INFO        Keyframes found   : 8
2026-03-22 18:01:16  INFO        Keyframe indices  : [3, 40, 81, 433, 477, 555, 682, 713]
2026-03-22 18:01:16  INFO        Duration          : 76.41s
2026-03-22 18:01:16  INFO        Keyframes saved to: /Users/tanmaybhuskute/Documents/gifdroid-reproduction/app_LuxAlarm/utg03/output/keyframes (8 files)
2026-03-22 18:01:16  INFO      ==================================================
2026-03-22 18:01:16  INFO      STEP 2: GUI Mapping
2026-03-22 18:01:16  INFO        Screenshots dir : /Users/tanmaybhuskute/Documents/gifdroid-reproduction/app_LuxAlarm/utg03/input/artifacts
2026-03-22 18:01:16  INFO      gui_mapping: matching 8 keyframes against screenshots in "/Users/tanmaybhuskute/Documents/gifdroid-reproduction/app_LuxAlarm/utg03/input/artifacts"
2026-03-22 18:01:19  DEBUG     load_screenshots: 23 screenshots loaded in 2.45s from "/Users/tanmaybhuskute/Documents/gifdroid-reproduction/app_LuxAlarm/utg03/input/artifacts"
2026-03-22 18:01:29  DEBUG     mapping: best match "artifacts_6.png" (score=0.223)
2026-03-22 18:01:39  DEBUG     mapping: best match "artifacts_6.png" (score=0.226)
2026-03-22 18:01:49  DEBUG     mapping: best match "artifacts_6.png" (score=0.224)
2026-03-22 18:01:58  DEBUG     mapping: best match "artifacts_17.png" (score=0.616)
2026-03-22 18:02:07  DEBUG     mapping: best match "artifacts_2.png" (score=0.456)
2026-03-22 18:02:16  DEBUG     mapping: best match "artifacts_2.png" (score=0.453)
2026-03-22 18:02:25  DEBUG     mapping: best match "artifacts_2.png" (score=0.461)
2026-03-22 18:02:34  DEBUG     mapping: best match "artifacts_17.png" (score=0.611)
2026-03-22 18:02:34  INFO      gui_mapping: done — index sequence [6, 6, 6, 17, 2, 2, 2, 17] (78.16s)
2026-03-22 18:02:34  INFO        Mapped index sequence : [6, 6, 6, 17, 2, 2, 2, 17]
2026-03-22 18:02:34  INFO        Duration              : 78.16s
2026-03-22 18:02:34  INFO      ==================================================
2026-03-22 18:02:34  INFO      STEP 3: Find Execution Trace
2026-03-22 18:02:34  INFO        UTG file : /Users/tanmaybhuskute/Documents/gifdroid-reproduction/app_LuxAlarm/utg03/input/utg.json
2026-03-22 18:02:34  INFO      find_execution_trace: target sequence [6, 6, 6, 17, 2, 2, 2, 17]
2026-03-22 18:02:34  DEBUG     read_graph: 273 edges, 22 vertices loaded in 0.01s
