2026-03-23 12:21:51  INFO      Log file: /Users/tanmaybhuskute/Documents/gifdroid-reproduction/app_LuxAlarm/utg03/gifdroid_20260323_122151_srv.log
2026-03-23 12:21:51  INFO      GIFdroid started
2026-03-23 12:21:51  INFO        --video          : app_LuxAlarm/utg03/input/screenrec/srv_app_LuxAlarm.mp4
2026-03-23 12:21:51  INFO        --utg            : app_LuxAlarm/utg03/input/utg.json
2026-03-23 12:21:51  INFO        --artifact       : app_LuxAlarm/utg03/input/artifacts
2026-03-23 12:21:51  INFO        --out            : app_LuxAlarm/utg03/output/execution_srv_LuxAlarm.json
2026-03-23 12:21:51  INFO        --log-dir        : None
2026-03-23 12:21:51  INFO        --save-keyframes : /Users/tanmaybhuskute/Documents/gifdroid-reproduction/app_LuxAlarm/utg03/output/keyframes
2026-03-23 12:21:51  INFO      ==================================================
2026-03-23 12:21:51  INFO      STEP 1: Keyframe Location
2026-03-23 12:21:51  INFO        Input video : app_LuxAlarm/utg03/input/screenrec/srv_app_LuxAlarm.mp4
2026-03-23 12:21:51  INFO      keyframe_location: starting on video "app_LuxAlarm/utg03/input/screenrec/srv_app_LuxAlarm.mp4"
2026-03-23 12:21:56  DEBUG     read_frames_from_video: 714 frames decoded in 5.84s
2026-03-23 12:22:58  DEBUG     calculate_sim_seq: 713 similarities computed in 61.50s
2026-03-23 12:22:58  DEBUG     detect_keyframes: 8 keyframes detected from 713 frames in 0.00s
2026-03-23 12:22:58  INFO      keyframe_location: done — 8 keyframes at indices [3, 40, 81, 433, 477, 555, 682, 713] (67.38s total)
2026-03-23 12:22:58  INFO        Keyframes found   : 8
2026-03-23 12:22:58  INFO        Keyframe indices  : [3, 40, 81, 433, 477, 555, 682, 713]
2026-03-23 12:22:58  INFO        Duration          : 67.55s
2026-03-23 12:22:58  INFO        Keyframes saved to: /Users/tanmaybhuskute/Documents/gifdroid-reproduction/app_LuxAlarm/utg03/output/keyframes (8 files)
2026-03-23 12:22:58  INFO      ==================================================
2026-03-23 12:22:58  INFO      STEP 2: GUI Mapping
2026-03-23 12:22:58  INFO        Screenshots dir : app_LuxAlarm/utg03/input/artifacts
2026-03-23 12:22:58  INFO      gui_mapping: matching 8 keyframes against screenshots in "app_LuxAlarm/utg03/input/artifacts"
2026-03-23 12:23:01  DEBUG     load_screenshots: 23 screenshots loaded in 2.40s from "app_LuxAlarm/utg03/input/artifacts"
2026-03-23 12:23:09  DEBUG     mapping: best match "artifacts_6.png" (score=0.223)
2026-03-23 12:23:17  DEBUG     mapping: best match "artifacts_6.png" (score=0.226)
2026-03-23 12:23:25  DEBUG     mapping: best match "artifacts_6.png" (score=0.224)
2026-03-23 12:23:32  DEBUG     mapping: best match "artifacts_17.png" (score=0.616)
2026-03-23 12:23:41  DEBUG     mapping: best match "artifacts_2.png" (score=0.456)
2026-03-23 12:23:49  DEBUG     mapping: best match "artifacts_2.png" (score=0.453)
2026-03-23 12:23:59  DEBUG     mapping: best match "artifacts_2.png" (score=0.461)
2026-03-23 12:24:12  DEBUG     mapping: best match "artifacts_17.png" (score=0.611)
2026-03-23 12:24:12  INFO      gui_mapping: done — index sequence [6, 6, 6, 17, 2, 2, 2, 17] (73.24s)
2026-03-23 12:24:12  INFO        Mapped index sequence : [6, 6, 6, 17, 2, 2, 2, 17]
2026-03-23 12:24:12  INFO        Duration              : 73.25s
2026-03-23 12:24:12  INFO      ==================================================
2026-03-23 12:24:12  INFO      STEP 3: Find Execution Trace
2026-03-23 12:24:12  INFO        UTG file : app_LuxAlarm/utg03/input/utg.json
2026-03-23 12:24:12  INFO      find_execution_trace: target sequence [6, 6, 6, 17, 2, 2, 2, 17]
2026-03-23 12:24:12  DEBUG     read_graph: 273 edges, 22 vertices loaded in 0.00s
