2026-03-27 17:42:45  INFO      Log file: /Users/tanmaybhuskute/Documents/gifdroid-reproduction/app_SimpleNotes/utg03/gifdroid_20260327_174245_hhv_clip.log
2026-03-27 17:42:45  INFO      GIFdroid started
2026-03-27 17:42:45  INFO        --video            : /Users/tanmaybhuskute/Documents/gifdroid-reproduction/app_SimpleNotes/utg03/input/handheld/hhv_app_SimpleNotes.mp4
2026-03-27 17:42:45  INFO        --utg              : /Users/tanmaybhuskute/Documents/gifdroid-reproduction/app_SimpleNotes/utg03/input/utg.json
2026-03-27 17:42:45  INFO        --artifact         : /Users/tanmaybhuskute/Documents/gifdroid-reproduction/app_SimpleNotes/utg03/input/artifacts
2026-03-27 17:42:45  INFO        --out              : /Users/tanmaybhuskute/Documents/gifdroid-reproduction/app_SimpleNotes/utg03/output/execution_hhv_SimpleNotes_clip.json
2026-03-27 17:42:45  INFO        --log-dir          : None
2026-03-27 17:42:45  INFO        --save-keyframes   : /Users/tanmaybhuskute/Documents/gifdroid-reproduction/app_SimpleNotes/utg03/output/keyframes_clip
2026-03-27 17:42:45  INFO        --keyframe-method  : clip
2026-03-27 17:42:45  INFO      ==================================================
2026-03-27 17:42:45  INFO      STEP 1: Keyframe Location
2026-03-27 17:42:45  INFO        Input video      : /Users/tanmaybhuskute/Documents/gifdroid-reproduction/app_SimpleNotes/utg03/input/handheld/hhv_app_SimpleNotes.mp4
2026-03-27 17:42:45  INFO        Keyframe method  : clip
2026-03-27 17:42:45  INFO      keyframe_location_clip_cluster: starting on "/Users/tanmaybhuskute/Documents/gifdroid-reproduction/app_SimpleNotes/utg03/input/handheld/hhv_app_SimpleNotes.mp4" (threshold=0.85)
2026-03-27 17:42:45  INFO      keyframe_location: starting on video "/Users/tanmaybhuskute/Documents/gifdroid-reproduction/app_SimpleNotes/utg03/input/handheld/hhv_app_SimpleNotes.mp4"
2026-03-27 17:42:56  DEBUG     read_frames_from_video: 1256 frames decoded in 11.28s
2026-03-27 17:44:59  DEBUG     calculate_sim_seq: 1255 similarities computed in 122.71s
2026-03-27 17:44:59  DEBUG     detect_keyframes: 35 keyframes detected from 1255 frames in 0.00s
2026-03-27 17:44:59  INFO      keyframe_location: done — 35 keyframes at indices [178, 220, 256, 280, 300, 346, 360, 406, 436, 463, 473, 498, 503, 512, 523, 557, 627, 729, 775, 915, 938, 954, 968, 976, 983, 997, 1015, 1035, 1069, 1082, 1108, 1143, 1236, 1242, 1255] (134.05s total)
2026-03-27 17:44:59  INFO      keyframe_location_clip_cluster: baseline produced 35 keyframes
2026-03-27 17:45:01  WARNING   keyframe_location_clip_cluster: missing dependency (No module named 'transformers'); returning baseline result. Install with: pip install transformers torch scikit-learn
2026-03-27 17:45:01  INFO        Keyframes found   : 35
2026-03-27 17:45:01  INFO        Keyframe indices  : [178, 220, 256, 280, 300, 346, 360, 406, 436, 463, 473, 498, 503, 512, 523, 557, 627, 729, 775, 915, 938, 954, 968, 976, 983, 997, 1015, 1035, 1069, 1082, 1108, 1143, 1236, 1242, 1255]
2026-03-27 17:45:01  INFO        Duration          : 135.72s
2026-03-27 17:45:03  INFO        Keyframes saved to: /Users/tanmaybhuskute/Documents/gifdroid-reproduction/app_SimpleNotes/utg03/output/keyframes_clip (35 files)
2026-03-27 17:45:03  INFO      ==================================================
2026-03-27 17:45:03  INFO      STEP 2: GUI Mapping
2026-03-27 17:45:03  INFO        Screenshots dir : /Users/tanmaybhuskute/Documents/gifdroid-reproduction/app_SimpleNotes/utg03/input/artifacts
2026-03-27 17:45:03  INFO      gui_mapping: matching 35 keyframes against screenshots in "/Users/tanmaybhuskute/Documents/gifdroid-reproduction/app_SimpleNotes/utg03/input/artifacts"
2026-03-27 17:45:06  DEBUG     load_screenshots: 38 screenshots loaded in 3.10s from "/Users/tanmaybhuskute/Documents/gifdroid-reproduction/app_SimpleNotes/utg03/input/artifacts"
2026-03-27 17:45:15  DEBUG     mapping: best match "artifacts_13.png" (score=0.324)
2026-03-27 17:45:23  DEBUG     mapping: best match "artifacts_13.png" (score=0.321)
2026-03-27 17:45:32  DEBUG     mapping: best match "artifacts_13.png" (score=0.319)
2026-03-27 17:45:41  DEBUG     mapping: best match "artifacts_13.png" (score=0.322)
2026-03-27 17:45:50  DEBUG     mapping: best match "artifacts_13.png" (score=0.320)
2026-03-27 17:45:58  DEBUG     mapping: best match "artifacts_13.png" (score=0.287)
2026-03-27 17:46:07  DEBUG     mapping: best match "artifacts_13.png" (score=0.287)
2026-03-27 17:46:15  DEBUG     mapping: best match "artifacts_38.png" (score=0.303)
2026-03-27 17:46:24  DEBUG     mapping: best match "artifacts_13.png" (score=0.315)
2026-03-27 17:46:32  DEBUG     mapping: best match "artifacts_13.png" (score=0.309)
2026-03-27 17:46:41  DEBUG     mapping: best match "artifacts_13.png" (score=0.309)
2026-03-27 17:46:49  DEBUG     mapping: best match "artifacts_38.png" (score=0.298)
2026-03-27 17:46:57  DEBUG     mapping: best match "artifacts_38.png" (score=0.295)
2026-03-27 17:47:05  DEBUG     mapping: best match "artifacts_38.png" (score=0.293)
2026-03-27 17:47:15  DEBUG     mapping: best match "artifacts_38.png" (score=0.292)
2026-03-27 17:47:23  DEBUG     mapping: best match "artifacts_13.png" (score=0.295)
2026-03-27 17:47:31  DEBUG     mapping: best match "artifacts_38.png" (score=0.291)
2026-03-27 17:47:39  DEBUG     mapping: best match "artifacts_13.png" (score=0.310)
2026-03-27 17:47:48  DEBUG     mapping: best match "artifacts_13.png" (score=0.282)
2026-03-27 17:47:56  DEBUG     mapping: best match "artifacts_13.png" (score=0.271)
2026-03-27 17:48:04  DEBUG     mapping: best match "artifacts_13.png" (score=0.296)
2026-03-27 17:48:12  DEBUG     mapping: best match "artifacts_13.png" (score=0.286)
2026-03-27 17:48:20  DEBUG     mapping: best match "artifacts_13.png" (score=0.287)
2026-03-27 17:48:28  DEBUG     mapping: best match "artifacts_13.png" (score=0.286)
2026-03-27 17:48:35  DEBUG     mapping: best match "artifacts_13.png" (score=0.286)
2026-03-27 17:48:43  DEBUG     mapping: best match "artifacts_13.png" (score=0.291)
2026-03-27 17:48:51  DEBUG     mapping: best match "artifacts_13.png" (score=0.286)
2026-03-27 17:48:59  DEBUG     mapping: best match "artifacts_13.png" (score=0.285)
2026-03-27 17:49:07  DEBUG     mapping: best match "artifacts_13.png" (score=0.282)
2026-03-27 17:49:15  DEBUG     mapping: best match "artifacts_13.png" (score=0.285)
2026-03-27 17:49:23  DEBUG     mapping: best match "artifacts_13.png" (score=0.293)
2026-03-27 17:49:32  DEBUG     mapping: best match "artifacts_13.png" (score=0.283)
2026-03-27 17:49:40  DEBUG     mapping: best match "artifacts_13.png" (score=0.298)
2026-03-27 17:49:48  DEBUG     mapping: best match "artifacts_13.png" (score=0.300)
2026-03-27 17:49:56  DEBUG     mapping: best match "artifacts_13.png" (score=0.298)
2026-03-27 17:49:56  INFO      gui_mapping: done — index sequence [13, 13, 13, 13, 13, 13, 13, 38, 13, 13, 13, 38, 38, 38, 38, 13, 38, 13, 13, 13, 13, 13, 13, 13, 13, 13, 13, 13, 13, 13, 13, 13, 13, 13, 13] (292.97s)
2026-03-27 17:49:56  INFO        Mapped index sequence : [13, 13, 13, 13, 13, 13, 13, 38, 13, 13, 13, 38, 38, 38, 38, 13, 38, 13, 13, 13, 13, 13, 13, 13, 13, 13, 13, 13, 13, 13, 13, 13, 13, 13, 13]
2026-03-27 17:49:56  INFO        Duration              : 292.97s
2026-03-27 17:49:56  INFO      ==================================================
2026-03-27 17:49:56  INFO      STEP 3: Find Execution Trace
2026-03-27 17:49:56  INFO        UTG file : /Users/tanmaybhuskute/Documents/gifdroid-reproduction/app_SimpleNotes/utg03/input/utg.json
2026-03-27 17:49:56  INFO      find_execution_trace: target sequence [13, 13, 13, 13, 13, 13, 13, 38, 13, 13, 13, 38, 38, 38, 38, 13, 38, 13, 13, 13, 13, 13, 13, 13, 13, 13, 13, 13, 13, 13, 13, 13, 13, 13, 13]
2026-03-27 17:49:56  DEBUG     read_graph: 168 edges, 37 vertices loaded in 0.00s
2026-03-27 17:49:56  DEBUG     find_execution_trace: 8 candidate paths found in 0.00s
2026-03-27 17:49:56  INFO      find_execution_trace: 1 trace(s) found (LCS=1, length=4) in 0.00s
2026-03-27 17:49:56  INFO        Candidate traces found : 1
2026-03-27 17:49:56  INFO          Trace 0: [0, 1, 7, 13]
2026-03-27 17:49:56  INFO        Duration : 0.00s
2026-03-27 17:49:56  INFO      ==================================================
2026-03-27 17:49:56  INFO      STEP 4: Store Execution Trace
2026-03-27 17:49:56  INFO      Execution trace written to: /Users/tanmaybhuskute/Documents/gifdroid-reproduction/app_SimpleNotes/utg03/output/execution_hhv_SimpleNotes_clip.json
2026-03-27 17:49:56  INFO        Duration : 0.00s
2026-03-27 17:49:56  INFO      ==================================================
2026-03-27 17:49:56  INFO      Pipeline complete.  Total time: 431.40s
2026-03-27 17:49:56  INFO      ==================================================
