2026-03-27 17:18:32  INFO      Log file: /Users/tanmaybhuskute/Documents/gifdroid-reproduction/app_SimpleNotes/utg03/gifdroid_20260327_171832_hhv_hysteresis.log
2026-03-27 17:18:32  INFO      GIFdroid started
2026-03-27 17:18:32  INFO        --video            : /Users/tanmaybhuskute/Documents/gifdroid-reproduction/app_SimpleNotes/utg03/input/handheld/hhv_app_SimpleNotes.mp4
2026-03-27 17:18:32  INFO        --utg              : /Users/tanmaybhuskute/Documents/gifdroid-reproduction/app_SimpleNotes/utg03/input/utg.json
2026-03-27 17:18:32  INFO        --artifact         : /Users/tanmaybhuskute/Documents/gifdroid-reproduction/app_SimpleNotes/utg03/input/artifacts
2026-03-27 17:18:32  INFO        --out              : /Users/tanmaybhuskute/Documents/gifdroid-reproduction/app_SimpleNotes/utg03/output/execution_hhv_SimpleNotes_hysteresis.json
2026-03-27 17:18:32  INFO        --log-dir          : None
2026-03-27 17:18:32  INFO        --save-keyframes   : /Users/tanmaybhuskute/Documents/gifdroid-reproduction/app_SimpleNotes/utg03/output/keyframes_hysteresis
2026-03-27 17:18:32  INFO        --keyframe-method  : hysteresis
2026-03-27 17:18:32  INFO      ==================================================
2026-03-27 17:18:32  INFO      STEP 1: Keyframe Location
2026-03-27 17:18:32  INFO        Input video      : /Users/tanmaybhuskute/Documents/gifdroid-reproduction/app_SimpleNotes/utg03/input/handheld/hhv_app_SimpleNotes.mp4
2026-03-27 17:18:32  INFO        Keyframe method  : hysteresis
2026-03-27 17:18:32  INFO      keyframe_location_hysteresis: starting on "/Users/tanmaybhuskute/Documents/gifdroid-reproduction/app_SimpleNotes/utg03/input/handheld/hhv_app_SimpleNotes.mp4" (k=3)
2026-03-27 17:18:42  DEBUG     read_frames_from_video: 1256 frames decoded in 9.94s
2026-03-27 17:20:35  DEBUG     calculate_sim_seq: 1255 similarities computed in 112.86s
2026-03-27 17:20:35  INFO      keyframe_location_hysteresis: done — 39 keyframes at indices [177, 219, 255, 279, 299, 345, 349, 359, 371, 382, 405, 435, 462, 472, 497, 502, 511, 522, 556, 626, 728, 774, 914, 937, 953, 967, 975, 982, 996, 1014, 1034, 1038, 1068, 1081, 1107, 1142, 1235, 1241, 1255] (122.82s)
2026-03-27 17:20:35  INFO        Keyframes found   : 39
2026-03-27 17:20:35  INFO        Keyframe indices  : [177, 219, 255, 279, 299, 345, 349, 359, 371, 382, 405, 435, 462, 472, 497, 502, 511, 522, 556, 626, 728, 774, 914, 937, 953, 967, 975, 982, 996, 1014, 1034, 1038, 1068, 1081, 1107, 1142, 1235, 1241, 1255]
2026-03-27 17:20:35  INFO        Duration          : 123.17s
2026-03-27 17:20:38  INFO        Keyframes saved to: /Users/tanmaybhuskute/Documents/gifdroid-reproduction/app_SimpleNotes/utg03/output/keyframes_hysteresis (39 files)
2026-03-27 17:20:38  INFO      ==================================================
2026-03-27 17:20:38  INFO      STEP 2: GUI Mapping
2026-03-27 17:20:38  INFO        Screenshots dir : /Users/tanmaybhuskute/Documents/gifdroid-reproduction/app_SimpleNotes/utg03/input/artifacts
2026-03-27 17:20:38  INFO      gui_mapping: matching 39 keyframes against screenshots in "/Users/tanmaybhuskute/Documents/gifdroid-reproduction/app_SimpleNotes/utg03/input/artifacts"
2026-03-27 17:20:41  DEBUG     load_screenshots: 38 screenshots loaded in 2.78s from "/Users/tanmaybhuskute/Documents/gifdroid-reproduction/app_SimpleNotes/utg03/input/artifacts"
2026-03-27 17:20:49  DEBUG     mapping: best match "artifacts_13.png" (score=0.324)
2026-03-27 17:20:57  DEBUG     mapping: best match "artifacts_13.png" (score=0.321)
2026-03-27 17:21:05  DEBUG     mapping: best match "artifacts_13.png" (score=0.319)
2026-03-27 17:21:13  DEBUG     mapping: best match "artifacts_13.png" (score=0.322)
2026-03-27 17:21:21  DEBUG     mapping: best match "artifacts_13.png" (score=0.320)
2026-03-27 17:21:31  DEBUG     mapping: best match "artifacts_13.png" (score=0.288)
2026-03-27 17:21:40  DEBUG     mapping: best match "artifacts_13.png" (score=0.287)
2026-03-27 17:21:49  DEBUG     mapping: best match "artifacts_13.png" (score=0.287)
2026-03-27 17:21:58  DEBUG     mapping: best match "artifacts_13.png" (score=0.308)
2026-03-27 17:22:07  DEBUG     mapping: best match "artifacts_38.png" (score=0.309)
2026-03-27 17:22:16  DEBUG     mapping: best match "artifacts_38.png" (score=0.303)
2026-03-27 17:22:25  DEBUG     mapping: best match "artifacts_13.png" (score=0.317)
2026-03-27 17:22:34  DEBUG     mapping: best match "artifacts_13.png" (score=0.308)
2026-03-27 17:22:43  DEBUG     mapping: best match "artifacts_13.png" (score=0.309)
2026-03-27 17:22:54  DEBUG     mapping: best match "artifacts_38.png" (score=0.299)
2026-03-27 17:23:03  DEBUG     mapping: best match "artifacts_38.png" (score=0.294)
2026-03-27 17:23:13  DEBUG     mapping: best match "artifacts_38.png" (score=0.293)
2026-03-27 17:23:22  DEBUG     mapping: best match "artifacts_38.png" (score=0.292)
2026-03-27 17:23:31  DEBUG     mapping: best match "artifacts_38.png" (score=0.293)
2026-03-27 17:23:41  DEBUG     mapping: best match "artifacts_38.png" (score=0.291)
2026-03-27 17:23:50  DEBUG     mapping: best match "artifacts_13.png" (score=0.310)
2026-03-27 17:23:59  DEBUG     mapping: best match "artifacts_13.png" (score=0.282)
2026-03-27 17:24:09  DEBUG     mapping: best match "artifacts_13.png" (score=0.271)
2026-03-27 17:24:19  DEBUG     mapping: best match "artifacts_13.png" (score=0.296)
2026-03-27 17:24:28  DEBUG     mapping: best match "artifacts_13.png" (score=0.285)
2026-03-27 17:24:36  DEBUG     mapping: best match "artifacts_13.png" (score=0.286)
2026-03-27 17:24:46  DEBUG     mapping: best match "artifacts_13.png" (score=0.287)
2026-03-27 17:24:55  DEBUG     mapping: best match "artifacts_13.png" (score=0.286)
2026-03-27 17:25:05  DEBUG     mapping: best match "artifacts_13.png" (score=0.291)
2026-03-27 17:25:13  DEBUG     mapping: best match "artifacts_13.png" (score=0.286)
2026-03-27 17:25:22  DEBUG     mapping: best match "artifacts_13.png" (score=0.287)
2026-03-27 17:25:31  DEBUG     mapping: best match "artifacts_13.png" (score=0.286)
2026-03-27 17:25:39  DEBUG     mapping: best match "artifacts_13.png" (score=0.280)
2026-03-27 17:25:47  DEBUG     mapping: best match "artifacts_13.png" (score=0.285)
2026-03-27 17:25:55  DEBUG     mapping: best match "artifacts_13.png" (score=0.292)
2026-03-27 17:26:03  DEBUG     mapping: best match "artifacts_13.png" (score=0.282)
2026-03-27 17:26:11  DEBUG     mapping: best match "artifacts_13.png" (score=0.297)
2026-03-27 17:26:19  DEBUG     mapping: best match "artifacts_13.png" (score=0.300)
2026-03-27 17:26:29  DEBUG     mapping: best match "artifacts_13.png" (score=0.298)
2026-03-27 17:26:29  INFO      gui_mapping: done — index sequence [13, 13, 13, 13, 13, 13, 13, 13, 13, 38, 38, 13, 13, 13, 38, 38, 38, 38, 38, 38, 13, 13, 13, 13, 13, 13, 13, 13, 13, 13, 13, 13, 13, 13, 13, 13, 13, 13, 13] (351.08s)
2026-03-27 17:26:29  INFO        Mapped index sequence : [13, 13, 13, 13, 13, 13, 13, 13, 13, 38, 38, 13, 13, 13, 38, 38, 38, 38, 38, 38, 13, 13, 13, 13, 13, 13, 13, 13, 13, 13, 13, 13, 13, 13, 13, 13, 13, 13, 13]
2026-03-27 17:26:29  INFO        Duration              : 351.08s
2026-03-27 17:26:29  INFO      ==================================================
2026-03-27 17:26:29  INFO      STEP 3: Find Execution Trace
2026-03-27 17:26:29  INFO        UTG file : /Users/tanmaybhuskute/Documents/gifdroid-reproduction/app_SimpleNotes/utg03/input/utg.json
2026-03-27 17:26:29  INFO      find_execution_trace: target sequence [13, 13, 13, 13, 13, 13, 13, 13, 13, 38, 38, 13, 13, 13, 38, 38, 38, 38, 38, 38, 13, 13, 13, 13, 13, 13, 13, 13, 13, 13, 13, 13, 13, 13, 13, 13, 13, 13, 13]
2026-03-27 17:26:29  DEBUG     read_graph: 168 edges, 37 vertices loaded in 0.01s
2026-03-27 17:26:29  DEBUG     find_execution_trace: 8 candidate paths found in 0.00s
2026-03-27 17:26:29  INFO      find_execution_trace: 1 trace(s) found (LCS=1, length=4) in 0.01s
2026-03-27 17:26:29  INFO        Candidate traces found : 1
2026-03-27 17:26:29  INFO          Trace 0: [0, 1, 7, 13]
2026-03-27 17:26:29  INFO        Duration : 0.01s
2026-03-27 17:26:29  INFO      ==================================================
2026-03-27 17:26:29  INFO      STEP 4: Store Execution Trace
2026-03-27 17:26:29  INFO      Execution trace written to: /Users/tanmaybhuskute/Documents/gifdroid-reproduction/app_SimpleNotes/utg03/output/execution_hhv_SimpleNotes_hysteresis.json
2026-03-27 17:26:29  INFO        Duration : 0.01s
2026-03-27 17:26:29  INFO      ==================================================
2026-03-27 17:26:29  INFO      Pipeline complete.  Total time: 477.15s
2026-03-27 17:26:29  INFO      ==================================================
