2026-03-27 17:10:32  INFO      Log file: /Users/tanmaybhuskute/Documents/gifdroid-reproduction/app_SimpleNotes/utg03/gifdroid_20260327_171032_hhv_stabilize.log
2026-03-27 17:10:32  INFO      GIFdroid started
2026-03-27 17:10:32  INFO        --video            : /Users/tanmaybhuskute/Documents/gifdroid-reproduction/app_SimpleNotes/utg03/input/handheld/hhv_app_SimpleNotes.mp4
2026-03-27 17:10:32  INFO        --utg              : /Users/tanmaybhuskute/Documents/gifdroid-reproduction/app_SimpleNotes/utg03/input/utg.json
2026-03-27 17:10:32  INFO        --artifact         : /Users/tanmaybhuskute/Documents/gifdroid-reproduction/app_SimpleNotes/utg03/input/artifacts
2026-03-27 17:10:32  INFO        --out              : /Users/tanmaybhuskute/Documents/gifdroid-reproduction/app_SimpleNotes/utg03/output/execution_hhv_SimpleNotes_stabilize.json
2026-03-27 17:10:32  INFO        --log-dir          : None
2026-03-27 17:10:32  INFO        --save-keyframes   : /Users/tanmaybhuskute/Documents/gifdroid-reproduction/app_SimpleNotes/utg03/output/keyframes_stabilize
2026-03-27 17:10:32  INFO        --keyframe-method  : stabilize
2026-03-27 17:10:32  INFO      ==================================================
2026-03-27 17:10:32  INFO      STEP 1: Keyframe Location
2026-03-27 17:10:32  INFO        Input video      : /Users/tanmaybhuskute/Documents/gifdroid-reproduction/app_SimpleNotes/utg03/input/handheld/hhv_app_SimpleNotes.mp4
2026-03-27 17:10:32  INFO        Keyframe method  : stabilize
2026-03-27 17:10:32  INFO      keyframe_location_stabilized: starting on "/Users/tanmaybhuskute/Documents/gifdroid-reproduction/app_SimpleNotes/utg03/input/handheld/hhv_app_SimpleNotes.mp4"
2026-03-27 17:12:20  INFO      keyframe_location: starting on video "/Users/tanmaybhuskute/Documents/gifdroid-reproduction/app_SimpleNotes/utg03/input/handheld/hhv_app_SimpleNotes_stabilized.mp4"
2026-03-27 17:12:30  DEBUG     read_frames_from_video: 1256 frames decoded in 9.57s
2026-03-27 17:14:21  DEBUG     calculate_sim_seq: 1255 similarities computed in 111.02s
2026-03-27 17:14:21  DEBUG     detect_keyframes: 30 keyframes detected from 1255 frames in 0.00s
2026-03-27 17:14:21  INFO      keyframe_location: done — 30 keyframes at indices [178, 220, 255, 300, 346, 360, 384, 406, 436, 463, 472, 498, 519, 555, 567, 627, 729, 775, 905, 915, 955, 969, 976, 982, 1015, 1069, 1084, 1108, 1143, 1255] (120.63s total)
2026-03-27 17:14:21  INFO      keyframe_location_stabilized: done — 30 keyframes at indices [178, 220, 255, 300, 346, 360, 384, 406, 436, 463, 472, 498, 519, 555, 567, 627, 729, 775, 905, 915, 955, 969, 976, 982, 1015, 1069, 1084, 1108, 1143, 1255] (229.73s)
2026-03-27 17:14:21  INFO        Keyframes found   : 30
2026-03-27 17:14:21  INFO        Keyframe indices  : [178, 220, 255, 300, 346, 360, 384, 406, 436, 463, 472, 498, 519, 555, 567, 627, 729, 775, 905, 915, 955, 969, 976, 982, 1015, 1069, 1084, 1108, 1143, 1255]
2026-03-27 17:14:21  INFO        Duration          : 229.73s
2026-03-27 17:14:23  INFO        Keyframes saved to: /Users/tanmaybhuskute/Documents/gifdroid-reproduction/app_SimpleNotes/utg03/output/keyframes_stabilize (30 files)
2026-03-27 17:14:23  INFO      ==================================================
2026-03-27 17:14:23  INFO      STEP 2: GUI Mapping
2026-03-27 17:14:23  INFO        Screenshots dir : /Users/tanmaybhuskute/Documents/gifdroid-reproduction/app_SimpleNotes/utg03/input/artifacts
2026-03-27 17:14:23  INFO      gui_mapping: matching 30 keyframes against screenshots in "/Users/tanmaybhuskute/Documents/gifdroid-reproduction/app_SimpleNotes/utg03/input/artifacts"
2026-03-27 17:14:26  DEBUG     load_screenshots: 38 screenshots loaded in 2.97s from "/Users/tanmaybhuskute/Documents/gifdroid-reproduction/app_SimpleNotes/utg03/input/artifacts"
2026-03-27 17:14:34  DEBUG     mapping: best match "artifacts_13.png" (score=0.329)
2026-03-27 17:14:42  DEBUG     mapping: best match "artifacts_13.png" (score=0.326)
2026-03-27 17:14:50  DEBUG     mapping: best match "artifacts_13.png" (score=0.323)
2026-03-27 17:14:59  DEBUG     mapping: best match "artifacts_13.png" (score=0.325)
2026-03-27 17:15:07  DEBUG     mapping: best match "artifacts_13.png" (score=0.291)
2026-03-27 17:15:15  DEBUG     mapping: best match "artifacts_13.png" (score=0.292)
2026-03-27 17:15:23  DEBUG     mapping: best match "artifacts_38.png" (score=0.310)
2026-03-27 17:15:31  DEBUG     mapping: best match "artifacts_38.png" (score=0.305)
2026-03-27 17:15:39  DEBUG     mapping: best match "artifacts_13.png" (score=0.315)
2026-03-27 17:15:47  DEBUG     mapping: best match "artifacts_13.png" (score=0.311)
2026-03-27 17:15:56  DEBUG     mapping: best match "artifacts_13.png" (score=0.311)
2026-03-27 17:16:04  DEBUG     mapping: best match "artifacts_38.png" (score=0.301)
2026-03-27 17:16:12  DEBUG     mapping: best match "artifacts_38.png" (score=0.293)
2026-03-27 17:16:20  DEBUG     mapping: best match "artifacts_38.png" (score=0.295)
2026-03-27 17:16:28  DEBUG     mapping: best match "artifacts_13.png" (score=0.295)
2026-03-27 17:16:36  DEBUG     mapping: best match "artifacts_38.png" (score=0.293)
2026-03-27 17:16:44  DEBUG     mapping: best match "artifacts_13.png" (score=0.311)
2026-03-27 17:16:52  DEBUG     mapping: best match "artifacts_13.png" (score=0.288)
2026-03-27 17:17:00  DEBUG     mapping: best match "artifacts_13.png" (score=0.278)
2026-03-27 17:17:08  DEBUG     mapping: best match "artifacts_13.png" (score=0.277)
2026-03-27 17:17:16  DEBUG     mapping: best match "artifacts_13.png" (score=0.291)
2026-03-27 17:17:24  DEBUG     mapping: best match "artifacts_13.png" (score=0.292)
2026-03-27 17:17:32  DEBUG     mapping: best match "artifacts_13.png" (score=0.291)
2026-03-27 17:17:40  DEBUG     mapping: best match "artifacts_13.png" (score=0.290)
2026-03-27 17:17:49  DEBUG     mapping: best match "artifacts_13.png" (score=0.290)
2026-03-27 17:17:57  DEBUG     mapping: best match "artifacts_13.png" (score=0.286)
2026-03-27 17:18:06  DEBUG     mapping: best match "artifacts_13.png" (score=0.293)
2026-03-27 17:18:14  DEBUG     mapping: best match "artifacts_13.png" (score=0.297)
2026-03-27 17:18:22  DEBUG     mapping: best match "artifacts_13.png" (score=0.287)
2026-03-27 17:18:31  DEBUG     mapping: best match "artifacts_13.png" (score=0.303)
2026-03-27 17:18:31  INFO      gui_mapping: done — index sequence [13, 13, 13, 13, 13, 13, 38, 38, 13, 13, 13, 38, 38, 38, 13, 38, 13, 13, 13, 13, 13, 13, 13, 13, 13, 13, 13, 13, 13, 13] (247.12s)
2026-03-27 17:18:31  INFO        Mapped index sequence : [13, 13, 13, 13, 13, 13, 38, 38, 13, 13, 13, 38, 38, 38, 13, 38, 13, 13, 13, 13, 13, 13, 13, 13, 13, 13, 13, 13, 13, 13]
2026-03-27 17:18:31  INFO        Duration              : 247.12s
2026-03-27 17:18:31  INFO      ==================================================
2026-03-27 17:18:31  INFO      STEP 3: Find Execution Trace
2026-03-27 17:18:31  INFO        UTG file : /Users/tanmaybhuskute/Documents/gifdroid-reproduction/app_SimpleNotes/utg03/input/utg.json
2026-03-27 17:18:31  INFO      find_execution_trace: target sequence [13, 13, 13, 13, 13, 13, 38, 38, 13, 13, 13, 38, 38, 38, 13, 38, 13, 13, 13, 13, 13, 13, 13, 13, 13, 13, 13, 13, 13, 13]
2026-03-27 17:18:31  DEBUG     read_graph: 168 edges, 37 vertices loaded in 0.00s
2026-03-27 17:18:31  DEBUG     find_execution_trace: 8 candidate paths found in 0.00s
2026-03-27 17:18:31  INFO      find_execution_trace: 1 trace(s) found (LCS=1, length=4) in 0.00s
2026-03-27 17:18:31  INFO        Candidate traces found : 1
2026-03-27 17:18:31  INFO          Trace 0: [0, 1, 7, 13]
2026-03-27 17:18:31  INFO        Duration : 0.00s
2026-03-27 17:18:31  INFO      ==================================================
2026-03-27 17:18:31  INFO      STEP 4: Store Execution Trace
2026-03-27 17:18:31  INFO      Execution trace written to: /Users/tanmaybhuskute/Documents/gifdroid-reproduction/app_SimpleNotes/utg03/output/execution_hhv_SimpleNotes_stabilize.json
2026-03-27 17:18:31  INFO        Duration : 0.00s
2026-03-27 17:18:31  INFO      ==================================================
2026-03-27 17:18:31  INFO      Pipeline complete.  Total time: 478.91s
2026-03-27 17:18:31  INFO      ==================================================
