2026-03-23 13:24:37  INFO      Log file: /Users/tanmaybhuskute/Documents/gifdroid-reproduction/app_SimpleNotes/utg03/gifdroid_20260323_132437_hhv.log
2026-03-23 13:24:37  INFO      GIFdroid started
2026-03-23 13:24:37  INFO        --video          : app_SimpleNotes/utg03/input/handheld/hhv_app_SimpleNotes.mp4
2026-03-23 13:24:37  INFO        --utg            : app_SimpleNotes/utg03/input/utg.json
2026-03-23 13:24:37  INFO        --artifact       : app_SimpleNotes/utg03/input/artifacts
2026-03-23 13:24:37  INFO        --out            : app_SimpleNotes/utg03/output/execution_hhv_SimpleNotes.json
2026-03-23 13:24:37  INFO        --log-dir        : None
2026-03-23 13:24:37  INFO        --save-keyframes : /Users/tanmaybhuskute/Documents/gifdroid-reproduction/app_SimpleNotes/utg03/output/keyframes
2026-03-23 13:24:37  INFO      ==================================================
2026-03-23 13:24:37  INFO      STEP 1: Keyframe Location
2026-03-23 13:24:37  INFO        Input video : app_SimpleNotes/utg03/input/handheld/hhv_app_SimpleNotes.mp4
2026-03-23 13:24:37  INFO      keyframe_location: starting on video "app_SimpleNotes/utg03/input/handheld/hhv_app_SimpleNotes.mp4"
2026-03-23 13:24:48  DEBUG     read_frames_from_video: 1256 frames decoded in 10.43s
2026-03-23 13:26:40  DEBUG     calculate_sim_seq: 1255 similarities computed in 112.43s
2026-03-23 13:26:40  DEBUG     detect_keyframes: 35 keyframes detected from 1255 frames in 0.00s
2026-03-23 13:26:40  INFO      keyframe_location: done — 35 keyframes at indices [178, 220, 256, 280, 300, 346, 360, 406, 436, 463, 473, 498, 503, 512, 523, 557, 627, 729, 775, 915, 938, 954, 968, 976, 983, 997, 1015, 1035, 1069, 1082, 1108, 1143, 1236, 1242, 1255] (122.88s total)
2026-03-23 13:26:40  INFO        Keyframes found   : 35
2026-03-23 13:26:40  INFO        Keyframe indices  : [178, 220, 256, 280, 300, 346, 360, 406, 436, 463, 473, 498, 503, 512, 523, 557, 627, 729, 775, 915, 938, 954, 968, 976, 983, 997, 1015, 1035, 1069, 1082, 1108, 1143, 1236, 1242, 1255]
2026-03-23 13:26:40  INFO        Duration          : 123.23s
2026-03-23 13:26:43  INFO        Keyframes saved to: /Users/tanmaybhuskute/Documents/gifdroid-reproduction/app_SimpleNotes/utg03/output/keyframes (35 files)
2026-03-23 13:26:43  INFO      ==================================================
2026-03-23 13:26:43  INFO      STEP 2: GUI Mapping
2026-03-23 13:26:43  INFO        Screenshots dir : app_SimpleNotes/utg03/input/artifacts
2026-03-23 13:26:43  INFO      gui_mapping: matching 35 keyframes against screenshots in "app_SimpleNotes/utg03/input/artifacts"
2026-03-23 13:26:46  DEBUG     load_screenshots: 38 screenshots loaded in 2.83s from "app_SimpleNotes/utg03/input/artifacts"
2026-03-23 13:26:54  DEBUG     mapping: best match "artifacts_13.png" (score=0.324)
2026-03-23 13:27:02  DEBUG     mapping: best match "artifacts_13.png" (score=0.321)
2026-03-23 13:27:10  DEBUG     mapping: best match "artifacts_13.png" (score=0.319)
2026-03-23 13:27:19  DEBUG     mapping: best match "artifacts_13.png" (score=0.322)
2026-03-23 13:27:27  DEBUG     mapping: best match "artifacts_13.png" (score=0.320)
2026-03-23 13:27:35  DEBUG     mapping: best match "artifacts_13.png" (score=0.287)
2026-03-23 13:27:43  DEBUG     mapping: best match "artifacts_13.png" (score=0.287)
2026-03-23 13:27:51  DEBUG     mapping: best match "artifacts_38.png" (score=0.303)
2026-03-23 13:27:59  DEBUG     mapping: best match "artifacts_13.png" (score=0.315)
2026-03-23 13:28:07  DEBUG     mapping: best match "artifacts_13.png" (score=0.309)
2026-03-23 13:28:15  DEBUG     mapping: best match "artifacts_13.png" (score=0.309)
2026-03-23 13:28:24  DEBUG     mapping: best match "artifacts_38.png" (score=0.298)
2026-03-23 13:28:32  DEBUG     mapping: best match "artifacts_38.png" (score=0.295)
2026-03-23 13:28:40  DEBUG     mapping: best match "artifacts_38.png" (score=0.293)
2026-03-23 13:28:48  DEBUG     mapping: best match "artifacts_38.png" (score=0.292)
2026-03-23 13:28:56  DEBUG     mapping: best match "artifacts_13.png" (score=0.295)
2026-03-23 13:29:04  DEBUG     mapping: best match "artifacts_38.png" (score=0.291)
2026-03-23 13:29:11  DEBUG     mapping: best match "artifacts_13.png" (score=0.310)
2026-03-23 13:29:19  DEBUG     mapping: best match "artifacts_13.png" (score=0.282)
2026-03-23 13:29:27  DEBUG     mapping: best match "artifacts_13.png" (score=0.271)
2026-03-23 13:29:35  DEBUG     mapping: best match "artifacts_13.png" (score=0.296)
2026-03-23 13:29:43  DEBUG     mapping: best match "artifacts_13.png" (score=0.286)
2026-03-23 13:29:51  DEBUG     mapping: best match "artifacts_13.png" (score=0.287)
2026-03-23 13:29:59  DEBUG     mapping: best match "artifacts_13.png" (score=0.286)
2026-03-23 13:30:07  DEBUG     mapping: best match "artifacts_13.png" (score=0.286)
2026-03-23 13:30:15  DEBUG     mapping: best match "artifacts_13.png" (score=0.291)
2026-03-23 13:30:24  DEBUG     mapping: best match "artifacts_13.png" (score=0.286)
2026-03-23 13:30:32  DEBUG     mapping: best match "artifacts_13.png" (score=0.285)
2026-03-23 13:30:40  DEBUG     mapping: best match "artifacts_13.png" (score=0.282)
2026-03-23 13:30:47  DEBUG     mapping: best match "artifacts_13.png" (score=0.285)
2026-03-23 13:30:55  DEBUG     mapping: best match "artifacts_13.png" (score=0.293)
2026-03-23 13:31:03  DEBUG     mapping: best match "artifacts_13.png" (score=0.283)
2026-03-23 13:31:11  DEBUG     mapping: best match "artifacts_13.png" (score=0.298)
2026-03-23 13:31:19  DEBUG     mapping: best match "artifacts_13.png" (score=0.300)
2026-03-23 13:31:27  DEBUG     mapping: best match "artifacts_13.png" (score=0.298)
2026-03-23 13:31:27  INFO      gui_mapping: done — index sequence [13, 13, 13, 13, 13, 13, 13, 38, 13, 13, 13, 38, 38, 38, 38, 13, 38, 13, 13, 13, 13, 13, 13, 13, 13, 13, 13, 13, 13, 13, 13, 13, 13, 13, 13] (284.42s)
2026-03-23 13:31:27  INFO        Mapped index sequence : [13, 13, 13, 13, 13, 13, 13, 38, 13, 13, 13, 38, 38, 38, 38, 13, 38, 13, 13, 13, 13, 13, 13, 13, 13, 13, 13, 13, 13, 13, 13, 13, 13, 13, 13]
2026-03-23 13:31:27  INFO        Duration              : 284.42s
2026-03-23 13:31:27  INFO      ==================================================
2026-03-23 13:31:27  INFO      STEP 3: Find Execution Trace
2026-03-23 13:31:27  INFO        UTG file : app_SimpleNotes/utg03/input/utg.json
2026-03-23 13:31:27  INFO      find_execution_trace: target sequence [13, 13, 13, 13, 13, 13, 13, 38, 13, 13, 13, 38, 38, 38, 38, 13, 38, 13, 13, 13, 13, 13, 13, 13, 13, 13, 13, 13, 13, 13, 13, 13, 13, 13, 13]
2026-03-23 13:31:27  DEBUG     read_graph: 168 edges, 37 vertices loaded in 0.00s
2026-03-23 13:31:27  DEBUG     find_execution_trace: 8 candidate paths found in 0.00s
2026-03-23 13:31:27  INFO      find_execution_trace: 1 trace(s) found (LCS=1, length=4) in 0.00s
2026-03-23 13:31:27  INFO        Candidate traces found : 1
2026-03-23 13:31:27  INFO          Trace 0: [0, 1, 7, 13]
2026-03-23 13:31:27  INFO        Duration : 0.00s
2026-03-23 13:31:27  INFO      ==================================================
2026-03-23 13:31:27  INFO      STEP 4: Store Execution Trace
2026-03-23 13:31:27  INFO      Execution trace written to: app_SimpleNotes/utg03/output/execution_hhv_SimpleNotes.json
2026-03-23 13:31:27  INFO        Duration : 0.00s
2026-03-23 13:31:27  INFO      ==================================================
2026-03-23 13:31:27  INFO      Pipeline complete.  Total time: 410.21s
2026-03-23 13:31:27  INFO      ==================================================
