2026-03-27 03:07:38  INFO      Log file: /Users/tanmaybhuskute/Documents/gifdroid-reproduction/app_AntennaPod/utg01/gifdroid_20260327_030738_hhv_homography.log
2026-03-27 03:07:38  INFO      GIFdroid started
2026-03-27 03:07:38  INFO        --video            : /Users/tanmaybhuskute/Documents/gifdroid-reproduction/app_AntennaPod/utg01/input/handheld/hhv_app_AntennaPod.mp4
2026-03-27 03:07:38  INFO        --utg              : /Users/tanmaybhuskute/Documents/gifdroid-reproduction/app_AntennaPod/utg01/input/utg.json
2026-03-27 03:07:38  INFO        --artifact         : /Users/tanmaybhuskute/Documents/gifdroid-reproduction/app_AntennaPod/utg01/input/artifacts
2026-03-27 03:07:38  INFO        --out              : /Users/tanmaybhuskute/Documents/gifdroid-reproduction/app_AntennaPod/utg01/output/execution_hhv_AntennaPod_homography.json
2026-03-27 03:07:38  INFO        --log-dir          : None
2026-03-27 03:07:38  INFO        --save-keyframes   : /Users/tanmaybhuskute/Documents/gifdroid-reproduction/app_AntennaPod/utg01/output/keyframes_homography
2026-03-27 03:07:38  INFO        --keyframe-method  : homography
2026-03-27 03:07:38  INFO      ==================================================
2026-03-27 03:07:38  INFO      STEP 1: Keyframe Location
2026-03-27 03:07:38  INFO        Input video      : /Users/tanmaybhuskute/Documents/gifdroid-reproduction/app_AntennaPod/utg01/input/handheld/hhv_app_AntennaPod.mp4
2026-03-27 03:07:38  INFO        Keyframe method  : homography
2026-03-27 03:07:38  INFO      keyframe_location_homography: starting on "/Users/tanmaybhuskute/Documents/gifdroid-reproduction/app_AntennaPod/utg01/input/handheld/hhv_app_AntennaPod.mp4"
2026-03-27 03:08:01  DEBUG     read_frames_from_video: 2025 frames decoded in 22.71s
2026-03-27 03:31:39  DEBUG     detect_keyframes: 9 keyframes detected from 2024 frames in 0.05s
2026-03-27 03:31:39  INFO      keyframe_location_homography: done — 9 keyframes at indices [115, 172, 202, 517, 533, 930, 1019, 1679, 2024] (1440.55s)
2026-03-27 03:31:41  INFO        Keyframes found   : 9
2026-03-27 03:31:41  INFO        Keyframe indices  : [115, 172, 202, 517, 533, 930, 1019, 1679, 2024]
2026-03-27 03:31:41  INFO        Duration          : 1442.87s
2026-03-27 03:31:45  INFO        Keyframes saved to: /Users/tanmaybhuskute/Documents/gifdroid-reproduction/app_AntennaPod/utg01/output/keyframes_homography (9 files)
2026-03-27 03:31:45  INFO      ==================================================
2026-03-27 03:31:45  INFO      STEP 2: GUI Mapping
2026-03-27 03:31:45  INFO        Screenshots dir : /Users/tanmaybhuskute/Documents/gifdroid-reproduction/app_AntennaPod/utg01/input/artifacts
2026-03-27 03:31:45  INFO      gui_mapping: matching 9 keyframes against screenshots in "/Users/tanmaybhuskute/Documents/gifdroid-reproduction/app_AntennaPod/utg01/input/artifacts"
2026-03-27 03:31:54  DEBUG     load_screenshots: 96 screenshots loaded in 8.85s from "/Users/tanmaybhuskute/Documents/gifdroid-reproduction/app_AntennaPod/utg01/input/artifacts"
2026-03-27 03:32:06  DEBUG     mapping: best match "artifacts_71.png" (score=0.301)
2026-03-27 03:32:18  DEBUG     mapping: best match "artifacts_71.png" (score=0.310)
2026-03-27 03:32:30  DEBUG     mapping: best match "artifacts_71.png" (score=0.342)
2026-03-27 03:32:41  DEBUG     mapping: best match "artifacts_71.png" (score=0.355)
2026-03-27 03:32:52  DEBUG     mapping: best match "artifacts_71.png" (score=0.356)
2026-03-27 03:33:04  DEBUG     mapping: best match "artifacts_71.png" (score=0.324)
2026-03-27 03:33:15  DEBUG     mapping: best match "artifacts_71.png" (score=0.324)
2026-03-27 03:33:26  DEBUG     mapping: best match "artifacts_71.png" (score=0.311)
2026-03-27 03:33:39  DEBUG     mapping: best match "artifacts_71.png" (score=0.331)
2026-03-27 03:33:39  INFO      gui_mapping: done — index sequence [71, 71, 71, 71, 71, 71, 71, 71, 71] (113.93s)
2026-03-27 03:33:39  INFO        Mapped index sequence : [71, 71, 71, 71, 71, 71, 71, 71, 71]
2026-03-27 03:33:39  INFO        Duration              : 113.93s
2026-03-27 03:33:39  INFO      ==================================================
2026-03-27 03:33:39  INFO      STEP 3: Find Execution Trace
2026-03-27 03:33:39  INFO        UTG file : /Users/tanmaybhuskute/Documents/gifdroid-reproduction/app_AntennaPod/utg01/input/utg.json
2026-03-27 03:33:39  INFO      find_execution_trace: target sequence [71, 71, 71, 71, 71, 71, 71, 71, 71]
2026-03-27 03:33:39  DEBUG     read_graph: 217 edges, 96 vertices loaded in 0.01s
2026-03-27 03:33:39  DEBUG     find_execution_trace: 62 candidate paths found in 0.02s
2026-03-27 03:33:39  INFO      find_execution_trace: 1 trace(s) found (LCS=1, length=11) in 0.03s
2026-03-27 03:33:39  INFO        Candidate traces found : 1
2026-03-27 03:33:39  INFO          Trace 0: [0, 1, 11, 13, 14, 24, 57, 58, 69, 70, 71]
2026-03-27 03:33:39  INFO        Duration : 0.03s
2026-03-27 03:33:39  INFO      ==================================================
2026-03-27 03:33:39  INFO      STEP 4: Store Execution Trace
2026-03-27 03:33:39  INFO      Execution trace written to: /Users/tanmaybhuskute/Documents/gifdroid-reproduction/app_AntennaPod/utg01/output/execution_hhv_AntennaPod_homography.json
2026-03-27 03:33:39  INFO        Duration : 0.00s
2026-03-27 03:33:39  INFO      ==================================================
2026-03-27 03:33:39  INFO      Pipeline complete.  Total time: 1560.49s
2026-03-27 03:33:39  INFO      ==================================================
