2026-03-20 03:02:44  INFO      Log file: /Users/tanmaybhuskute/Documents/gifdroid-reproduction/app_AntennaPod/utg01/gifdroid_20260320_030244_hhv.log
2026-03-20 03:02:44  INFO      GIFdroid started
2026-03-20 03:02:44  INFO        --video    : /Users/tanmaybhuskute/Documents/gifdroid-reproduction/app_AntennaPod/utg01/input/handheld/hhv_app_AntennaPod.mp4
2026-03-20 03:02:44  INFO        --utg      : /Users/tanmaybhuskute/Documents/gifdroid-reproduction/app_AntennaPod/utg01/input/utg.json
2026-03-20 03:02:44  INFO        --artifact : /Users/tanmaybhuskute/Documents/gifdroid-reproduction/app_AntennaPod/utg01/input/artifacts
2026-03-20 03:02:44  INFO        --out      : /Users/tanmaybhuskute/Documents/gifdroid-reproduction/app_AntennaPod/utg01/output/execution_hhv_AntennaPod.json
2026-03-20 03:02:44  INFO        --log-dir  : None
2026-03-20 03:02:44  INFO      ==================================================
2026-03-20 03:02:44  INFO      STEP 1: Keyframe Location
2026-03-20 03:02:44  INFO        Input video : /Users/tanmaybhuskute/Documents/gifdroid-reproduction/app_AntennaPod/utg01/input/handheld/hhv_app_AntennaPod.mp4
2026-03-20 03:02:44  INFO      keyframe_location: starting on video "/Users/tanmaybhuskute/Documents/gifdroid-reproduction/app_AntennaPod/utg01/input/handheld/hhv_app_AntennaPod.mp4"
2026-03-20 03:03:05  DEBUG     read_frames_from_video: 2025 frames decoded in 20.57s
2026-03-20 03:07:18  DEBUG     calculate_sim_seq: 2024 similarities computed in 252.95s
2026-03-20 03:07:18  DEBUG     detect_keyframes: 10 keyframes detected from 2024 frames in 0.01s
2026-03-20 03:07:18  INFO      keyframe_location: done — 10 keyframes at indices [4, 9, 115, 172, 930, 1019, 1430, 1679, 1988, 2024] (273.88s total)
2026-03-20 03:07:19  INFO        Keyframes found   : 10
2026-03-20 03:07:19  INFO        Keyframe indices  : [4, 9, 115, 172, 930, 1019, 1430, 1679, 1988, 2024]
2026-03-20 03:07:19  INFO        Duration          : 274.53s
2026-03-20 03:07:19  INFO      ==================================================
2026-03-20 03:07:19  INFO      STEP 2: GUI Mapping
2026-03-20 03:07:19  INFO        Screenshots dir : /Users/tanmaybhuskute/Documents/gifdroid-reproduction/app_AntennaPod/utg01/input/artifacts
2026-03-20 03:07:19  INFO      gui_mapping: matching 10 keyframes against screenshots in "/Users/tanmaybhuskute/Documents/gifdroid-reproduction/app_AntennaPod/utg01/input/artifacts"
2026-03-20 03:07:26  DEBUG     load_screenshots: 96 screenshots loaded in 7.35s from "/Users/tanmaybhuskute/Documents/gifdroid-reproduction/app_AntennaPod/utg01/input/artifacts"
2026-03-20 03:07:37  DEBUG     mapping: best match "artifacts_71.png" (score=0.305)
2026-03-20 03:07:47  DEBUG     mapping: best match "artifacts_71.png" (score=0.305)
2026-03-20 03:07:57  DEBUG     mapping: best match "artifacts_71.png" (score=0.301)
2026-03-20 03:08:07  DEBUG     mapping: best match "artifacts_71.png" (score=0.310)
2026-03-20 03:08:17  DEBUG     mapping: best match "artifacts_71.png" (score=0.324)
2026-03-20 03:08:27  DEBUG     mapping: best match "artifacts_71.png" (score=0.324)
2026-03-20 03:08:37  DEBUG     mapping: best match "artifacts_71.png" (score=0.325)
2026-03-20 03:08:47  DEBUG     mapping: best match "artifacts_71.png" (score=0.311)
2026-03-20 03:08:57  DEBUG     mapping: best match "artifacts_71.png" (score=0.330)
2026-03-20 03:09:07  DEBUG     mapping: best match "artifacts_71.png" (score=0.331)
2026-03-20 03:09:07  INFO      gui_mapping: done — index sequence [71, 71, 71, 71, 71, 71, 71, 71, 71, 71] (108.66s)
2026-03-20 03:09:07  INFO        Mapped index sequence : [71, 71, 71, 71, 71, 71, 71, 71, 71, 71]
2026-03-20 03:09:07  INFO        Duration              : 108.67s
2026-03-20 03:09:07  INFO      ==================================================
2026-03-20 03:09:07  INFO      STEP 3: Find Execution Trace
2026-03-20 03:09:07  INFO        UTG file : /Users/tanmaybhuskute/Documents/gifdroid-reproduction/app_AntennaPod/utg01/input/utg.json
2026-03-20 03:09:07  INFO      find_execution_trace: target sequence [71, 71, 71, 71, 71, 71, 71, 71, 71, 71]
2026-03-20 03:09:07  DEBUG     read_graph: 217 edges, 96 vertices loaded in 0.01s
2026-03-20 03:09:07  DEBUG     find_execution_trace: 62 candidate paths found in 0.03s
2026-03-20 03:09:07  INFO      find_execution_trace: 1 trace(s) found (LCS=1, length=11) in 0.04s
2026-03-20 03:09:07  INFO        Candidate traces found : 1
2026-03-20 03:09:07  INFO          Trace 0: [0, 1, 11, 13, 14, 24, 57, 58, 69, 70, 71]
2026-03-20 03:09:07  INFO        Duration : 0.04s
2026-03-20 03:09:07  INFO      ==================================================
2026-03-20 03:09:07  INFO      STEP 4: Store Execution Trace
2026-03-20 03:09:07  INFO      Execution trace written to: /Users/tanmaybhuskute/Documents/gifdroid-reproduction/app_AntennaPod/utg01/output/execution_hhv_AntennaPod.json
2026-03-20 03:09:07  INFO        Duration : 0.01s
2026-03-20 03:09:07  INFO      ==================================================
2026-03-20 03:09:07  INFO      Pipeline complete.  Total time: 383.25s
2026-03-20 03:09:07  INFO      ==================================================
