2026-03-27 03:33:41  INFO      Log file: /Users/tanmaybhuskute/Documents/gifdroid-reproduction/app_AntennaPod/utg01/gifdroid_20260327_033341_hhv_clip.log
2026-03-27 03:33:41  INFO      GIFdroid started
2026-03-27 03:33:41  INFO        --video            : /Users/tanmaybhuskute/Documents/gifdroid-reproduction/app_AntennaPod/utg01/input/handheld/hhv_app_AntennaPod.mp4
2026-03-27 03:33:41  INFO        --utg              : /Users/tanmaybhuskute/Documents/gifdroid-reproduction/app_AntennaPod/utg01/input/utg.json
2026-03-27 03:33:41  INFO        --artifact         : /Users/tanmaybhuskute/Documents/gifdroid-reproduction/app_AntennaPod/utg01/input/artifacts
2026-03-27 03:33:41  INFO        --out              : /Users/tanmaybhuskute/Documents/gifdroid-reproduction/app_AntennaPod/utg01/output/execution_hhv_AntennaPod_clip.json
2026-03-27 03:33:41  INFO        --log-dir          : None
2026-03-27 03:33:41  INFO        --save-keyframes   : /Users/tanmaybhuskute/Documents/gifdroid-reproduction/app_AntennaPod/utg01/output/keyframes_clip
2026-03-27 03:33:41  INFO        --keyframe-method  : clip
2026-03-27 03:33:41  INFO      ==================================================
2026-03-27 03:33:41  INFO      STEP 1: Keyframe Location
2026-03-27 03:33:41  INFO        Input video      : /Users/tanmaybhuskute/Documents/gifdroid-reproduction/app_AntennaPod/utg01/input/handheld/hhv_app_AntennaPod.mp4
2026-03-27 03:33:41  INFO        Keyframe method  : clip
2026-03-27 03:33:41  INFO      keyframe_location_clip_cluster: starting on "/Users/tanmaybhuskute/Documents/gifdroid-reproduction/app_AntennaPod/utg01/input/handheld/hhv_app_AntennaPod.mp4" (threshold=0.85)
2026-03-27 03:33:41  INFO      keyframe_location: starting on video "/Users/tanmaybhuskute/Documents/gifdroid-reproduction/app_AntennaPod/utg01/input/handheld/hhv_app_AntennaPod.mp4"
2026-03-27 03:34:09  DEBUG     read_frames_from_video: 2025 frames decoded in 27.32s
2026-03-27 03:38:53  DEBUG     calculate_sim_seq: 2024 similarities computed in 283.82s
2026-03-27 03:38:53  DEBUG     detect_keyframes: 10 keyframes detected from 2024 frames in 0.01s
2026-03-27 03:38:53  INFO      keyframe_location: done — 10 keyframes at indices [4, 9, 115, 172, 930, 1019, 1430, 1679, 1988, 2024] (311.90s total)
2026-03-27 03:38:54  INFO      keyframe_location_clip_cluster: baseline produced 10 keyframes
2026-03-27 03:39:39  WARNING   keyframe_location_clip_cluster: missing dependency (No module named 'transformers'); returning baseline result. Install with: pip install transformers torch scikit-learn
2026-03-27 03:39:39  INFO        Keyframes found   : 10
2026-03-27 03:39:39  INFO        Keyframe indices  : [4, 9, 115, 172, 930, 1019, 1430, 1679, 1988, 2024]
2026-03-27 03:39:39  INFO        Duration          : 357.90s
2026-03-27 03:39:40  INFO        Keyframes saved to: /Users/tanmaybhuskute/Documents/gifdroid-reproduction/app_AntennaPod/utg01/output/keyframes_clip (10 files)
2026-03-27 03:39:40  INFO      ==================================================
2026-03-27 03:39:40  INFO      STEP 2: GUI Mapping
2026-03-27 03:39:40  INFO        Screenshots dir : /Users/tanmaybhuskute/Documents/gifdroid-reproduction/app_AntennaPod/utg01/input/artifacts
2026-03-27 03:39:40  INFO      gui_mapping: matching 10 keyframes against screenshots in "/Users/tanmaybhuskute/Documents/gifdroid-reproduction/app_AntennaPod/utg01/input/artifacts"
2026-03-27 03:39:48  DEBUG     load_screenshots: 96 screenshots loaded in 7.80s from "/Users/tanmaybhuskute/Documents/gifdroid-reproduction/app_AntennaPod/utg01/input/artifacts"
2026-03-27 03:40:03  DEBUG     mapping: best match "artifacts_71.png" (score=0.305)
2026-03-27 03:40:15  DEBUG     mapping: best match "artifacts_71.png" (score=0.305)
2026-03-27 03:40:27  DEBUG     mapping: best match "artifacts_71.png" (score=0.301)
2026-03-27 03:40:39  DEBUG     mapping: best match "artifacts_71.png" (score=0.310)
2026-03-27 03:40:51  DEBUG     mapping: best match "artifacts_71.png" (score=0.324)
2026-03-27 03:41:02  DEBUG     mapping: best match "artifacts_71.png" (score=0.324)
2026-03-27 03:41:13  DEBUG     mapping: best match "artifacts_71.png" (score=0.325)
2026-03-27 03:41:25  DEBUG     mapping: best match "artifacts_71.png" (score=0.311)
2026-03-27 03:41:36  DEBUG     mapping: best match "artifacts_71.png" (score=0.330)
2026-03-27 03:41:48  DEBUG     mapping: best match "artifacts_71.png" (score=0.331)
2026-03-27 03:41:48  INFO      gui_mapping: done — index sequence [71, 71, 71, 71, 71, 71, 71, 71, 71, 71] (127.78s)
2026-03-27 03:41:48  INFO        Mapped index sequence : [71, 71, 71, 71, 71, 71, 71, 71, 71, 71]
2026-03-27 03:41:48  INFO        Duration              : 127.78s
2026-03-27 03:41:48  INFO      ==================================================
2026-03-27 03:41:48  INFO      STEP 3: Find Execution Trace
2026-03-27 03:41:48  INFO        UTG file : /Users/tanmaybhuskute/Documents/gifdroid-reproduction/app_AntennaPod/utg01/input/utg.json
2026-03-27 03:41:48  INFO      find_execution_trace: target sequence [71, 71, 71, 71, 71, 71, 71, 71, 71, 71]
2026-03-27 03:41:48  DEBUG     read_graph: 217 edges, 96 vertices loaded in 0.00s
2026-03-27 03:41:48  DEBUG     find_execution_trace: 62 candidate paths found in 0.02s
2026-03-27 03:41:48  INFO      find_execution_trace: 1 trace(s) found (LCS=1, length=11) in 0.03s
2026-03-27 03:41:48  INFO        Candidate traces found : 1
2026-03-27 03:41:48  INFO          Trace 0: [0, 1, 11, 13, 14, 24, 57, 58, 69, 70, 71]
2026-03-27 03:41:48  INFO        Duration : 0.03s
2026-03-27 03:41:48  INFO      ==================================================
2026-03-27 03:41:48  INFO      STEP 4: Store Execution Trace
2026-03-27 03:41:48  INFO      Execution trace written to: /Users/tanmaybhuskute/Documents/gifdroid-reproduction/app_AntennaPod/utg01/output/execution_hhv_AntennaPod_clip.json
2026-03-27 03:41:48  INFO        Duration : 0.00s
2026-03-27 03:41:48  INFO      ==================================================
2026-03-27 03:41:48  INFO      Pipeline complete.  Total time: 486.96s
2026-03-27 03:41:48  INFO      ==================================================
