2026-03-20 01:24:19  INFO      Log file: /Users/tanmaybhuskute/Documents/gifdroid-reproduction/app_AntennaPod/utg01/gifdroid_20260320_012419_srv.log
2026-03-20 01:24:19  INFO      GIFdroid started
2026-03-20 01:24:19  INFO        --video    : /Users/tanmaybhuskute/Documents/gifdroid-reproduction/app_AntennaPod/utg01/input/screenrec/srv_app_AntennaPod.mp4
2026-03-20 01:24:19  INFO        --utg      : /Users/tanmaybhuskute/Documents/gifdroid-reproduction/app_AntennaPod/utg01/input/utg.json
2026-03-20 01:24:19  INFO        --artifact : /Users/tanmaybhuskute/Documents/gifdroid-reproduction/app_AntennaPod/utg01/input/artifacts
2026-03-20 01:24:19  INFO        --out      : /Users/tanmaybhuskute/Documents/gifdroid-reproduction/app_AntennaPod/utg01/output/execution_srv_AntennaPod.json
2026-03-20 01:24:19  INFO        --log-dir  : None
2026-03-20 01:24:19  INFO      ==================================================
2026-03-20 01:24:19  INFO      STEP 1: Keyframe Location
2026-03-20 01:24:19  INFO        Input video : /Users/tanmaybhuskute/Documents/gifdroid-reproduction/app_AntennaPod/utg01/input/screenrec/srv_app_AntennaPod.mp4
2026-03-20 01:24:19  INFO      keyframe_location: starting on video "/Users/tanmaybhuskute/Documents/gifdroid-reproduction/app_AntennaPod/utg01/input/screenrec/srv_app_AntennaPod.mp4"
2026-03-20 01:24:24  DEBUG     read_frames_from_video: 583 frames decoded in 5.41s
2026-03-20 01:25:17  DEBUG     calculate_sim_seq: 582 similarities computed in 52.11s
2026-03-20 01:25:17  DEBUG     detect_keyframes: 9 keyframes detected from 582 frames in 0.00s
2026-03-20 01:25:17  INFO      keyframe_location: done — 9 keyframes at indices [12, 63, 264, 278, 368, 416, 471, 554, 582] (57.54s total)
2026-03-20 01:25:17  INFO        Keyframes found   : 9
2026-03-20 01:25:17  INFO        Keyframe indices  : [12, 63, 264, 278, 368, 416, 471, 554, 582]
2026-03-20 01:25:17  INFO        Duration          : 57.71s
2026-03-20 01:25:17  INFO      ==================================================
2026-03-20 01:25:17  INFO      STEP 2: GUI Mapping
2026-03-20 01:25:17  INFO        Screenshots dir : /Users/tanmaybhuskute/Documents/gifdroid-reproduction/app_AntennaPod/utg01/input/artifacts
2026-03-20 01:25:17  INFO      gui_mapping: matching 9 keyframes against screenshots in "/Users/tanmaybhuskute/Documents/gifdroid-reproduction/app_AntennaPod/utg01/input/artifacts"
2026-03-20 01:25:22  DEBUG     load_screenshots: 96 screenshots loaded in 4.98s from "/Users/tanmaybhuskute/Documents/gifdroid-reproduction/app_AntennaPod/utg01/input/artifacts"
2026-03-20 01:25:32  DEBUG     mapping: best match "artifacts_93.png" (score=0.179)
2026-03-20 01:25:41  DEBUG     mapping: best match "artifacts_79.png" (score=0.611)
2026-03-20 01:25:51  DEBUG     mapping: best match "artifacts_11.png" (score=0.670)
2026-03-20 01:26:01  DEBUG     mapping: best match "artifacts_79.png" (score=0.612)
2026-03-20 01:26:10  DEBUG     mapping: best match "artifacts_79.png" (score=0.430)
2026-03-20 01:26:20  DEBUG     mapping: best match "artifacts_86.png" (score=0.543)
2026-03-20 01:26:30  DEBUG     mapping: best match "artifacts_87.png" (score=0.391)
2026-03-20 01:26:40  DEBUG     mapping: best match "artifacts_96.png" (score=0.372)
2026-03-20 01:26:49  DEBUG     mapping: best match "artifacts_67.png" (score=0.366)
2026-03-20 01:26:49  INFO      gui_mapping: done — index sequence [93, 79, 11, 79, 79, 86, 87, 96, 67] (92.67s)
2026-03-20 01:26:49  INFO        Mapped index sequence : [93, 79, 11, 79, 79, 86, 87, 96, 67]
2026-03-20 01:26:49  INFO        Duration              : 92.67s
2026-03-20 01:26:49  INFO      ==================================================
2026-03-20 01:26:49  INFO      STEP 3: Find Execution Trace
2026-03-20 01:26:49  INFO        UTG file : /Users/tanmaybhuskute/Documents/gifdroid-reproduction/app_AntennaPod/utg01/input/utg.json
2026-03-20 01:26:49  INFO      find_execution_trace: target sequence [93, 79, 11, 79, 79, 86, 87, 96, 67]
2026-03-20 01:26:49  DEBUG     read_graph: 217 edges, 96 vertices loaded in 0.00s
2026-03-20 01:26:49  DEBUG     find_execution_trace: 208 candidate paths found in 0.03s
2026-03-20 01:26:49  INFO      find_execution_trace: 1 trace(s) found (LCS=3, length=11) in 0.05s
2026-03-20 01:26:49  INFO        Candidate traces found : 1
2026-03-20 01:26:49  INFO          Trace 0: [0, 1, 11, 13, 14, 24, 57, 59, 79, 66, 67]
2026-03-20 01:26:49  INFO        Duration : 0.05s
2026-03-20 01:26:49  INFO      ==================================================
2026-03-20 01:26:49  INFO      STEP 4: Store Execution Trace
2026-03-20 01:26:49  INFO      Execution trace written to: /Users/tanmaybhuskute/Documents/gifdroid-reproduction/app_AntennaPod/utg01/output/execution_srv_AntennaPod.json
2026-03-20 01:26:49  INFO        Duration : 0.00s
2026-03-20 01:26:49  INFO      ==================================================
2026-03-20 01:26:49  INFO      Pipeline complete.  Total time: 150.44s
2026-03-20 01:26:49  INFO      ==================================================
