2026-03-27 02:52:50  INFO      Log file: /Users/tanmaybhuskute/Documents/gifdroid-reproduction/app_AntennaPod/utg01/gifdroid_20260327_025250_hhv_stabilize.log
2026-03-27 02:52:50  INFO      GIFdroid started
2026-03-27 02:52:50  INFO        --video            : /Users/tanmaybhuskute/Documents/gifdroid-reproduction/app_AntennaPod/utg01/input/handheld/hhv_app_AntennaPod.mp4
2026-03-27 02:52:50  INFO        --utg              : /Users/tanmaybhuskute/Documents/gifdroid-reproduction/app_AntennaPod/utg01/input/utg.json
2026-03-27 02:52:50  INFO        --artifact         : /Users/tanmaybhuskute/Documents/gifdroid-reproduction/app_AntennaPod/utg01/input/artifacts
2026-03-27 02:52:50  INFO        --out              : /Users/tanmaybhuskute/Documents/gifdroid-reproduction/app_AntennaPod/utg01/output/execution_hhv_AntennaPod_stabilize.json
2026-03-27 02:52:50  INFO        --log-dir          : None
2026-03-27 02:52:50  INFO        --save-keyframes   : /Users/tanmaybhuskute/Documents/gifdroid-reproduction/app_AntennaPod/utg01/output/keyframes_stabilize
2026-03-27 02:52:50  INFO        --keyframe-method  : stabilize
2026-03-27 02:52:50  INFO      ==================================================
2026-03-27 02:52:50  INFO      STEP 1: Keyframe Location
2026-03-27 02:52:50  INFO        Input video      : /Users/tanmaybhuskute/Documents/gifdroid-reproduction/app_AntennaPod/utg01/input/handheld/hhv_app_AntennaPod.mp4
2026-03-27 02:52:50  INFO        Keyframe method  : stabilize
2026-03-27 02:52:50  INFO      keyframe_location_stabilized: starting on "/Users/tanmaybhuskute/Documents/gifdroid-reproduction/app_AntennaPod/utg01/input/handheld/hhv_app_AntennaPod.mp4"
2026-03-27 02:55:40  INFO      keyframe_location: starting on video "/Users/tanmaybhuskute/Documents/gifdroid-reproduction/app_AntennaPod/utg01/input/handheld/hhv_app_AntennaPod_stabilized.mp4"
2026-03-27 02:56:03  DEBUG     read_frames_from_video: 2025 frames decoded in 22.61s
2026-03-27 02:59:41  DEBUG     calculate_sim_seq: 2024 similarities computed in 217.50s
2026-03-27 02:59:41  DEBUG     detect_keyframes: 9 keyframes detected from 2024 frames in 0.00s
2026-03-27 02:59:41  INFO      keyframe_location: done — 9 keyframes at indices [115, 172, 517, 1019, 1252, 1259, 1679, 1906, 2024] (240.43s total)
2026-03-27 02:59:41  INFO      keyframe_location_stabilized: done — 9 keyframes at indices [115, 172, 517, 1019, 1252, 1259, 1679, 1906, 2024] (411.04s)
2026-03-27 02:59:41  INFO        Keyframes found   : 9
2026-03-27 02:59:41  INFO        Keyframe indices  : [115, 172, 517, 1019, 1252, 1259, 1679, 1906, 2024]
2026-03-27 02:59:41  INFO        Duration          : 411.05s
2026-03-27 02:59:42  INFO        Keyframes saved to: /Users/tanmaybhuskute/Documents/gifdroid-reproduction/app_AntennaPod/utg01/output/keyframes_stabilize (9 files)
2026-03-27 02:59:42  INFO      ==================================================
2026-03-27 02:59:42  INFO      STEP 2: GUI Mapping
2026-03-27 02:59:42  INFO        Screenshots dir : /Users/tanmaybhuskute/Documents/gifdroid-reproduction/app_AntennaPod/utg01/input/artifacts
2026-03-27 02:59:42  INFO      gui_mapping: matching 9 keyframes against screenshots in "/Users/tanmaybhuskute/Documents/gifdroid-reproduction/app_AntennaPod/utg01/input/artifacts"
2026-03-27 02:59:48  DEBUG     load_screenshots: 96 screenshots loaded in 5.82s from "/Users/tanmaybhuskute/Documents/gifdroid-reproduction/app_AntennaPod/utg01/input/artifacts"
2026-03-27 02:59:58  DEBUG     mapping: best match "artifacts_71.png" (score=0.309)
2026-03-27 03:00:08  DEBUG     mapping: best match "artifacts_71.png" (score=0.318)
2026-03-27 03:00:17  DEBUG     mapping: best match "artifacts_71.png" (score=0.362)
2026-03-27 03:00:27  DEBUG     mapping: best match "artifacts_71.png" (score=0.332)
2026-03-27 03:00:37  DEBUG     mapping: best match "artifacts_71.png" (score=0.334)
2026-03-27 03:00:46  DEBUG     mapping: best match "artifacts_71.png" (score=0.335)
2026-03-27 03:00:56  DEBUG     mapping: best match "artifacts_71.png" (score=0.318)
2026-03-27 03:01:06  DEBUG     mapping: best match "artifacts_71.png" (score=0.340)
2026-03-27 03:01:16  DEBUG     mapping: best match "artifacts_71.png" (score=0.338)
2026-03-27 03:01:16  INFO      gui_mapping: done — index sequence [71, 71, 71, 71, 71, 71, 71, 71, 71] (93.23s)
2026-03-27 03:01:16  INFO        Mapped index sequence : [71, 71, 71, 71, 71, 71, 71, 71, 71]
2026-03-27 03:01:16  INFO        Duration              : 93.23s
2026-03-27 03:01:16  INFO      ==================================================
2026-03-27 03:01:16  INFO      STEP 3: Find Execution Trace
2026-03-27 03:01:16  INFO        UTG file : /Users/tanmaybhuskute/Documents/gifdroid-reproduction/app_AntennaPod/utg01/input/utg.json
2026-03-27 03:01:16  INFO      find_execution_trace: target sequence [71, 71, 71, 71, 71, 71, 71, 71, 71]
2026-03-27 03:01:16  DEBUG     read_graph: 217 edges, 96 vertices loaded in 0.00s
2026-03-27 03:01:16  DEBUG     find_execution_trace: 62 candidate paths found in 0.02s
2026-03-27 03:01:16  INFO      find_execution_trace: 1 trace(s) found (LCS=1, length=11) in 0.03s
2026-03-27 03:01:16  INFO        Candidate traces found : 1
2026-03-27 03:01:16  INFO          Trace 0: [0, 1, 11, 13, 14, 24, 57, 58, 69, 70, 71]
2026-03-27 03:01:16  INFO        Duration : 0.03s
2026-03-27 03:01:16  INFO      ==================================================
2026-03-27 03:01:16  INFO      STEP 4: Store Execution Trace
2026-03-27 03:01:16  INFO      Execution trace written to: /Users/tanmaybhuskute/Documents/gifdroid-reproduction/app_AntennaPod/utg01/output/execution_hhv_AntennaPod_stabilize.json
2026-03-27 03:01:16  INFO        Duration : 0.00s
2026-03-27 03:01:16  INFO      ==================================================
2026-03-27 03:01:16  INFO      Pipeline complete.  Total time: 505.23s
2026-03-27 03:01:16  INFO      ==================================================
