2026-03-27 02:45:57  INFO      Log file: /Users/tanmaybhuskute/Documents/gifdroid-reproduction/app_AntennaPod/utg01/gifdroid_20260327_024557_hhv_baseline.log
2026-03-27 02:45:57  INFO      GIFdroid started
2026-03-27 02:45:57  INFO        --video            : /Users/tanmaybhuskute/Documents/gifdroid-reproduction/app_AntennaPod/utg01/input/handheld/hhv_app_AntennaPod.mp4
2026-03-27 02:45:57  INFO        --utg              : /Users/tanmaybhuskute/Documents/gifdroid-reproduction/app_AntennaPod/utg01/input/utg.json
2026-03-27 02:45:57  INFO        --artifact         : /Users/tanmaybhuskute/Documents/gifdroid-reproduction/app_AntennaPod/utg01/input/artifacts
2026-03-27 02:45:57  INFO        --out              : /Users/tanmaybhuskute/Documents/gifdroid-reproduction/app_AntennaPod/utg01/output/execution_hhv_AntennaPod_baseline.json
2026-03-27 02:45:57  INFO        --log-dir          : None
2026-03-27 02:45:57  INFO        --save-keyframes   : /Users/tanmaybhuskute/Documents/gifdroid-reproduction/app_AntennaPod/utg01/output/keyframes_baseline
2026-03-27 02:45:57  INFO        --keyframe-method  : baseline
2026-03-27 02:45:57  INFO      ==================================================
2026-03-27 02:45:57  INFO      STEP 1: Keyframe Location
2026-03-27 02:45:57  INFO        Input video      : /Users/tanmaybhuskute/Documents/gifdroid-reproduction/app_AntennaPod/utg01/input/handheld/hhv_app_AntennaPod.mp4
2026-03-27 02:45:57  INFO        Keyframe method  : baseline
2026-03-27 02:45:57  INFO      keyframe_location: starting on video "/Users/tanmaybhuskute/Documents/gifdroid-reproduction/app_AntennaPod/utg01/input/handheld/hhv_app_AntennaPod.mp4"
2026-03-27 02:46:19  DEBUG     read_frames_from_video: 2025 frames decoded in 22.38s
2026-03-27 02:50:39  DEBUG     calculate_sim_seq: 2024 similarities computed in 260.14s
2026-03-27 02:50:39  DEBUG     detect_keyframes: 10 keyframes detected from 2024 frames in 0.01s
2026-03-27 02:50:39  INFO      keyframe_location: done — 10 keyframes at indices [4, 9, 115, 172, 930, 1019, 1430, 1679, 1988, 2024] (282.59s total)
2026-03-27 02:50:40  INFO        Keyframes found   : 10
2026-03-27 02:50:40  INFO        Keyframe indices  : [4, 9, 115, 172, 930, 1019, 1430, 1679, 1988, 2024]
2026-03-27 02:50:40  INFO        Duration          : 283.16s
2026-03-27 02:50:41  INFO        Keyframes saved to: /Users/tanmaybhuskute/Documents/gifdroid-reproduction/app_AntennaPod/utg01/output/keyframes_baseline (10 files)
2026-03-27 02:50:41  INFO      ==================================================
2026-03-27 02:50:41  INFO      STEP 2: GUI Mapping
2026-03-27 02:50:41  INFO        Screenshots dir : /Users/tanmaybhuskute/Documents/gifdroid-reproduction/app_AntennaPod/utg01/input/artifacts
2026-03-27 02:50:41  INFO      gui_mapping: matching 10 keyframes against screenshots in "/Users/tanmaybhuskute/Documents/gifdroid-reproduction/app_AntennaPod/utg01/input/artifacts"
2026-03-27 02:50:50  DEBUG     load_screenshots: 96 screenshots loaded in 8.53s from "/Users/tanmaybhuskute/Documents/gifdroid-reproduction/app_AntennaPod/utg01/input/artifacts"
2026-03-27 02:51:02  DEBUG     mapping: best match "artifacts_71.png" (score=0.305)
2026-03-27 02:51:14  DEBUG     mapping: best match "artifacts_71.png" (score=0.305)
2026-03-27 02:51:25  DEBUG     mapping: best match "artifacts_71.png" (score=0.301)
2026-03-27 02:51:38  DEBUG     mapping: best match "artifacts_71.png" (score=0.310)
2026-03-27 02:51:50  DEBUG     mapping: best match "artifacts_71.png" (score=0.324)
2026-03-27 02:52:01  DEBUG     mapping: best match "artifacts_71.png" (score=0.324)
2026-03-27 02:52:14  DEBUG     mapping: best match "artifacts_71.png" (score=0.325)
2026-03-27 02:52:25  DEBUG     mapping: best match "artifacts_71.png" (score=0.311)
2026-03-27 02:52:36  DEBUG     mapping: best match "artifacts_71.png" (score=0.330)
2026-03-27 02:52:47  DEBUG     mapping: best match "artifacts_71.png" (score=0.331)
2026-03-27 02:52:47  INFO      gui_mapping: done — index sequence [71, 71, 71, 71, 71, 71, 71, 71, 71, 71] (125.67s)
2026-03-27 02:52:47  INFO        Mapped index sequence : [71, 71, 71, 71, 71, 71, 71, 71, 71, 71]
2026-03-27 02:52:47  INFO        Duration              : 125.67s
2026-03-27 02:52:47  INFO      ==================================================
2026-03-27 02:52:47  INFO      STEP 3: Find Execution Trace
2026-03-27 02:52:47  INFO        UTG file : /Users/tanmaybhuskute/Documents/gifdroid-reproduction/app_AntennaPod/utg01/input/utg.json
2026-03-27 02:52:47  INFO      find_execution_trace: target sequence [71, 71, 71, 71, 71, 71, 71, 71, 71, 71]
2026-03-27 02:52:47  DEBUG     read_graph: 217 edges, 96 vertices loaded in 0.01s
2026-03-27 02:52:47  DEBUG     find_execution_trace: 62 candidate paths found in 0.02s
2026-03-27 02:52:47  INFO      find_execution_trace: 1 trace(s) found (LCS=1, length=11) in 0.03s
2026-03-27 02:52:47  INFO        Candidate traces found : 1
2026-03-27 02:52:47  INFO          Trace 0: [0, 1, 11, 13, 14, 24, 57, 58, 69, 70, 71]
2026-03-27 02:52:47  INFO        Duration : 0.03s
2026-03-27 02:52:47  INFO      ==================================================
2026-03-27 02:52:47  INFO      STEP 4: Store Execution Trace
2026-03-27 02:52:47  INFO      Execution trace written to: /Users/tanmaybhuskute/Documents/gifdroid-reproduction/app_AntennaPod/utg01/output/execution_hhv_AntennaPod_baseline.json
2026-03-27 02:52:47  INFO        Duration : 0.00s
2026-03-27 02:52:47  INFO      ==================================================
2026-03-27 02:52:47  INFO      Pipeline complete.  Total time: 410.45s
2026-03-27 02:52:47  INFO      ==================================================
