2026-03-27 02:18:19  INFO      Log file: /Users/tanmaybhuskute/Documents/gifdroid-reproduction/app_AdAway/utg03/gifdroid_20260327_021819_hhv_stabilize.log
2026-03-27 02:18:19  INFO      GIFdroid started
2026-03-27 02:18:19  INFO        --video            : /Users/tanmaybhuskute/Documents/gifdroid-reproduction/app_AdAway/utg03/input/handheld/hhv_app_AdAway.mp4
2026-03-27 02:18:19  INFO        --utg              : /Users/tanmaybhuskute/Documents/gifdroid-reproduction/app_AdAway/utg03/input/utg.json
2026-03-27 02:18:19  INFO        --artifact         : /Users/tanmaybhuskute/Documents/gifdroid-reproduction/app_AdAway/utg03/input/artifacts
2026-03-27 02:18:19  INFO        --out              : /Users/tanmaybhuskute/Documents/gifdroid-reproduction/app_AdAway/utg03/output/execution_hhv_AdAway_stabilize.json
2026-03-27 02:18:19  INFO        --log-dir          : None
2026-03-27 02:18:19  INFO        --save-keyframes   : /Users/tanmaybhuskute/Documents/gifdroid-reproduction/app_AdAway/utg03/output/keyframes_stabilize
2026-03-27 02:18:19  INFO        --keyframe-method  : stabilize
2026-03-27 02:18:19  INFO      ==================================================
2026-03-27 02:18:19  INFO      STEP 1: Keyframe Location
2026-03-27 02:18:19  INFO        Input video      : /Users/tanmaybhuskute/Documents/gifdroid-reproduction/app_AdAway/utg03/input/handheld/hhv_app_AdAway.mp4
2026-03-27 02:18:19  INFO        Keyframe method  : stabilize
2026-03-27 02:18:19  INFO      keyframe_location_stabilized: starting on "/Users/tanmaybhuskute/Documents/gifdroid-reproduction/app_AdAway/utg03/input/handheld/hhv_app_AdAway.mp4"
2026-03-27 02:20:54  INFO      keyframe_location: starting on video "/Users/tanmaybhuskute/Documents/gifdroid-reproduction/app_AdAway/utg03/input/handheld/hhv_app_AdAway_stabilized.mp4"
2026-03-27 02:21:09  DEBUG     read_frames_from_video: 1331 frames decoded in 14.57s
2026-03-27 02:23:24  DEBUG     calculate_sim_seq: 1330 similarities computed in 135.32s
2026-03-27 02:23:24  DEBUG     detect_keyframes: 23 keyframes detected from 1330 frames in 0.00s
2026-03-27 02:23:24  INFO      keyframe_location: done — 23 keyframes at indices [19, 74, 168, 231, 245, 263, 366, 454, 609, 617, 629, 718, 834, 880, 943, 1014, 1096, 1128, 1161, 1174, 1227, 1269, 1330] (149.94s total)
2026-03-27 02:23:25  INFO      keyframe_location_stabilized: done — 23 keyframes at indices [19, 74, 168, 231, 245, 263, 366, 454, 609, 617, 629, 718, 834, 880, 943, 1014, 1096, 1128, 1161, 1174, 1227, 1269, 1330] (305.71s)
2026-03-27 02:23:25  INFO        Keyframes found   : 23
2026-03-27 02:23:25  INFO        Keyframe indices  : [19, 74, 168, 231, 245, 263, 366, 454, 609, 617, 629, 718, 834, 880, 943, 1014, 1096, 1128, 1161, 1174, 1227, 1269, 1330]
2026-03-27 02:23:25  INFO        Duration          : 305.72s
2026-03-27 02:23:27  INFO        Keyframes saved to: /Users/tanmaybhuskute/Documents/gifdroid-reproduction/app_AdAway/utg03/output/keyframes_stabilize (23 files)
2026-03-27 02:23:27  INFO      ==================================================
2026-03-27 02:23:27  INFO      STEP 2: GUI Mapping
2026-03-27 02:23:27  INFO        Screenshots dir : /Users/tanmaybhuskute/Documents/gifdroid-reproduction/app_AdAway/utg03/input/artifacts
2026-03-27 02:23:27  INFO      gui_mapping: matching 23 keyframes against screenshots in "/Users/tanmaybhuskute/Documents/gifdroid-reproduction/app_AdAway/utg03/input/artifacts"
2026-03-27 02:23:27  DEBUG     load_screenshots: 5 screenshots loaded in 0.44s from "/Users/tanmaybhuskute/Documents/gifdroid-reproduction/app_AdAway/utg03/input/artifacts"
2026-03-27 02:23:28  DEBUG     mapping: best match "artifacts_2.png" (score=0.275)
2026-03-27 02:23:28  DEBUG     mapping: best match "artifacts_2.png" (score=0.285)
2026-03-27 02:23:29  DEBUG     mapping: best match "artifacts_2.png" (score=0.266)
2026-03-27 02:23:29  DEBUG     mapping: best match "artifacts_2.png" (score=0.276)
2026-03-27 02:23:30  DEBUG     mapping: best match "artifacts_2.png" (score=0.289)
2026-03-27 02:23:31  DEBUG     mapping: best match "artifacts_2.png" (score=0.282)
2026-03-27 02:23:31  DEBUG     mapping: best match "artifacts_2.png" (score=0.287)
2026-03-27 02:23:32  DEBUG     mapping: best match "artifacts_2.png" (score=0.265)
2026-03-27 02:23:32  DEBUG     mapping: best match "artifacts_2.png" (score=0.276)
2026-03-27 02:23:33  DEBUG     mapping: best match "artifacts_2.png" (score=0.267)
2026-03-27 02:23:33  DEBUG     mapping: best match "artifacts_2.png" (score=0.270)
2026-03-27 02:23:34  DEBUG     mapping: best match "artifacts_2.png" (score=0.275)
2026-03-27 02:23:34  DEBUG     mapping: best match "artifacts_2.png" (score=0.283)
2026-03-27 02:23:35  DEBUG     mapping: best match "artifacts_2.png" (score=0.289)
2026-03-27 02:23:35  DEBUG     mapping: best match "artifacts_2.png" (score=0.295)
2026-03-27 02:23:36  DEBUG     mapping: best match "artifacts_2.png" (score=0.352)
2026-03-27 02:23:36  DEBUG     mapping: best match "artifacts_2.png" (score=0.336)
2026-03-27 02:23:37  DEBUG     mapping: best match "artifacts_2.png" (score=0.302)
2026-03-27 02:23:38  DEBUG     mapping: best match "artifacts_2.png" (score=0.337)
2026-03-27 02:23:38  DEBUG     mapping: best match "artifacts_2.png" (score=0.337)
2026-03-27 02:23:39  DEBUG     mapping: best match "artifacts_2.png" (score=0.307)
2026-03-27 02:23:39  DEBUG     mapping: best match "artifacts_2.png" (score=0.292)
2026-03-27 02:23:40  DEBUG     mapping: best match "artifacts_2.png" (score=0.275)
2026-03-27 02:23:40  INFO      gui_mapping: done — index sequence [2, 2, 2, 2, 2, 2, 2, 2, 2, 2, 2, 2, 2, 2, 2, 2, 2, 2, 2, 2, 2, 2, 2] (13.30s)
2026-03-27 02:23:40  INFO        Mapped index sequence : [2, 2, 2, 2, 2, 2, 2, 2, 2, 2, 2, 2, 2, 2, 2, 2, 2, 2, 2, 2, 2, 2, 2]
2026-03-27 02:23:40  INFO        Duration              : 13.30s
2026-03-27 02:23:40  INFO      ==================================================
2026-03-27 02:23:40  INFO      STEP 3: Find Execution Trace
2026-03-27 02:23:40  INFO        UTG file : /Users/tanmaybhuskute/Documents/gifdroid-reproduction/app_AdAway/utg03/input/utg.json
2026-03-27 02:23:40  INFO      find_execution_trace: target sequence [2, 2, 2, 2, 2, 2, 2, 2, 2, 2, 2, 2, 2, 2, 2, 2, 2, 2, 2, 2, 2, 2, 2]
2026-03-27 02:23:40  DEBUG     read_graph: 5 edges, 4 vertices loaded in 0.00s
2026-03-27 02:23:40  DEBUG     find_execution_trace: 1 candidate paths found in 0.00s
2026-03-27 02:23:40  INFO      find_execution_trace: 1 trace(s) found (LCS=1, length=3) in 0.00s
2026-03-27 02:23:40  INFO        Candidate traces found : 1
2026-03-27 02:23:40  INFO          Trace 0: [0, 1, 2]
2026-03-27 02:23:40  INFO        Duration : 0.00s
2026-03-27 02:23:40  INFO      ==================================================
2026-03-27 02:23:40  INFO      STEP 4: Store Execution Trace
2026-03-27 02:23:40  INFO      Execution trace written to: /Users/tanmaybhuskute/Documents/gifdroid-reproduction/app_AdAway/utg03/output/execution_hhv_AdAway_stabilize.json
2026-03-27 02:23:40  INFO        Duration : 0.00s
2026-03-27 02:23:40  INFO      ==================================================
2026-03-27 02:23:40  INFO      Pipeline complete.  Total time: 320.87s
2026-03-27 02:23:40  INFO      ==================================================
