2026-03-27 02:14:40  INFO      Log file: /Users/tanmaybhuskute/Documents/gifdroid-reproduction/app_AdAway/utg03/gifdroid_20260327_021440_hhv_baseline.log
2026-03-27 02:14:40  INFO      GIFdroid started
2026-03-27 02:14:40  INFO        --video            : /Users/tanmaybhuskute/Documents/gifdroid-reproduction/app_AdAway/utg03/input/handheld/hhv_app_AdAway.mp4
2026-03-27 02:14:40  INFO        --utg              : /Users/tanmaybhuskute/Documents/gifdroid-reproduction/app_AdAway/utg03/input/utg.json
2026-03-27 02:14:40  INFO        --artifact         : /Users/tanmaybhuskute/Documents/gifdroid-reproduction/app_AdAway/utg03/input/artifacts
2026-03-27 02:14:40  INFO        --out              : /Users/tanmaybhuskute/Documents/gifdroid-reproduction/app_AdAway/utg03/output/execution_hhv_AdAway_baseline.json
2026-03-27 02:14:40  INFO        --log-dir          : None
2026-03-27 02:14:40  INFO        --save-keyframes   : /Users/tanmaybhuskute/Documents/gifdroid-reproduction/app_AdAway/utg03/output/keyframes_baseline
2026-03-27 02:14:40  INFO        --keyframe-method  : baseline
2026-03-27 02:14:40  INFO      ==================================================
2026-03-27 02:14:40  INFO      STEP 1: Keyframe Location
2026-03-27 02:14:40  INFO        Input video      : /Users/tanmaybhuskute/Documents/gifdroid-reproduction/app_AdAway/utg03/input/handheld/hhv_app_AdAway.mp4
2026-03-27 02:14:40  INFO        Keyframe method  : baseline
2026-03-27 02:14:40  INFO      keyframe_location: starting on video "/Users/tanmaybhuskute/Documents/gifdroid-reproduction/app_AdAway/utg03/input/handheld/hhv_app_AdAway.mp4"
2026-03-27 02:14:56  DEBUG     read_frames_from_video: 1331 frames decoded in 16.17s
2026-03-27 02:17:46  DEBUG     calculate_sim_seq: 1330 similarities computed in 170.26s
2026-03-27 02:17:46  DEBUG     detect_keyframes: 39 keyframes detected from 1330 frames in 0.00s
2026-03-27 02:17:46  INFO      keyframe_location: done — 39 keyframes at indices [11, 21, 74, 168, 231, 245, 366, 421, 428, 454, 550, 608, 626, 643, 677, 683, 689, 718, 745, 764, 792, 802, 812, 819, 827, 858, 880, 943, 1017, 1097, 1126, 1161, 1174, 1187, 1221, 1227, 1262, 1270, 1330] (186.52s total)
2026-03-27 02:17:46  INFO        Keyframes found   : 39
2026-03-27 02:17:46  INFO        Keyframe indices  : [11, 21, 74, 168, 231, 245, 366, 421, 428, 454, 550, 608, 626, 643, 677, 683, 689, 718, 745, 764, 792, 802, 812, 819, 827, 858, 880, 943, 1017, 1097, 1126, 1161, 1174, 1187, 1221, 1227, 1262, 1270, 1330]
2026-03-27 02:17:46  INFO        Duration          : 186.72s
2026-03-27 02:17:50  INFO        Keyframes saved to: /Users/tanmaybhuskute/Documents/gifdroid-reproduction/app_AdAway/utg03/output/keyframes_baseline (39 files)
2026-03-27 02:17:50  INFO      ==================================================
2026-03-27 02:17:50  INFO      STEP 2: GUI Mapping
2026-03-27 02:17:50  INFO        Screenshots dir : /Users/tanmaybhuskute/Documents/gifdroid-reproduction/app_AdAway/utg03/input/artifacts
2026-03-27 02:17:50  INFO      gui_mapping: matching 39 keyframes against screenshots in "/Users/tanmaybhuskute/Documents/gifdroid-reproduction/app_AdAway/utg03/input/artifacts"
2026-03-27 02:17:52  DEBUG     load_screenshots: 5 screenshots loaded in 1.20s from "/Users/tanmaybhuskute/Documents/gifdroid-reproduction/app_AdAway/utg03/input/artifacts"
2026-03-27 02:17:54  DEBUG     mapping: best match "artifacts_2.png" (score=0.271)
2026-03-27 02:17:55  DEBUG     mapping: best match "artifacts_2.png" (score=0.283)
2026-03-27 02:17:55  DEBUG     mapping: best match "artifacts_2.png" (score=0.285)
2026-03-27 02:17:56  DEBUG     mapping: best match "artifacts_2.png" (score=0.265)
2026-03-27 02:17:57  DEBUG     mapping: best match "artifacts_2.png" (score=0.276)
2026-03-27 02:17:57  DEBUG     mapping: best match "artifacts_2.png" (score=0.289)
2026-03-27 02:17:58  DEBUG     mapping: best match "artifacts_2.png" (score=0.287)
2026-03-27 02:17:59  DEBUG     mapping: best match "artifacts_2.png" (score=0.251)
2026-03-27 02:17:59  DEBUG     mapping: best match "artifacts_2.png" (score=0.256)
2026-03-27 02:18:00  DEBUG     mapping: best match "artifacts_2.png" (score=0.265)
2026-03-27 02:18:01  DEBUG     mapping: best match "artifacts_2.png" (score=0.276)
2026-03-27 02:18:01  DEBUG     mapping: best match "artifacts_2.png" (score=0.276)
2026-03-27 02:18:02  DEBUG     mapping: best match "artifacts_2.png" (score=0.269)
2026-03-27 02:18:02  DEBUG     mapping: best match "artifacts_2.png" (score=0.272)
2026-03-27 02:18:03  DEBUG     mapping: best match "artifacts_2.png" (score=0.272)
2026-03-27 02:18:04  DEBUG     mapping: best match "artifacts_2.png" (score=0.272)
2026-03-27 02:18:04  DEBUG     mapping: best match "artifacts_2.png" (score=0.272)
2026-03-27 02:18:05  DEBUG     mapping: best match "artifacts_2.png" (score=0.274)
2026-03-27 02:18:05  DEBUG     mapping: best match "artifacts_2.png" (score=0.275)
2026-03-27 02:18:06  DEBUG     mapping: best match "artifacts_2.png" (score=0.275)
2026-03-27 02:18:07  DEBUG     mapping: best match "artifacts_2.png" (score=0.276)
2026-03-27 02:18:07  DEBUG     mapping: best match "artifacts_2.png" (score=0.276)
2026-03-27 02:18:08  DEBUG     mapping: best match "artifacts_2.png" (score=0.280)
2026-03-27 02:18:08  DEBUG     mapping: best match "artifacts_2.png" (score=0.285)
2026-03-27 02:18:09  DEBUG     mapping: best match "artifacts_2.png" (score=0.282)
2026-03-27 02:18:10  DEBUG     mapping: best match "artifacts_2.png" (score=0.285)
2026-03-27 02:18:10  DEBUG     mapping: best match "artifacts_2.png" (score=0.289)
2026-03-27 02:18:11  DEBUG     mapping: best match "artifacts_2.png" (score=0.294)
2026-03-27 02:18:11  DEBUG     mapping: best match "artifacts_2.png" (score=0.352)
2026-03-27 02:18:12  DEBUG     mapping: best match "artifacts_2.png" (score=0.333)
2026-03-27 02:18:12  DEBUG     mapping: best match "artifacts_2.png" (score=0.297)
2026-03-27 02:18:13  DEBUG     mapping: best match "artifacts_2.png" (score=0.336)
2026-03-27 02:18:13  DEBUG     mapping: best match "artifacts_2.png" (score=0.337)
2026-03-27 02:18:14  DEBUG     mapping: best match "artifacts_2.png" (score=0.303)
2026-03-27 02:18:14  DEBUG     mapping: best match "artifacts_2.png" (score=0.312)
2026-03-27 02:18:15  DEBUG     mapping: best match "artifacts_2.png" (score=0.306)
2026-03-27 02:18:15  DEBUG     mapping: best match "artifacts_2.png" (score=0.290)
2026-03-27 02:18:16  DEBUG     mapping: best match "artifacts_2.png" (score=0.292)
2026-03-27 02:18:17  DEBUG     mapping: best match "artifacts_2.png" (score=0.275)
2026-03-27 02:18:17  INFO      gui_mapping: done — index sequence [2, 2, 2, 2, 2, 2, 2, 2, 2, 2, 2, 2, 2, 2, 2, 2, 2, 2, 2, 2, 2, 2, 2, 2, 2, 2, 2, 2, 2, 2, 2, 2, 2, 2, 2, 2, 2, 2, 2] (26.02s)
2026-03-27 02:18:17  INFO        Mapped index sequence : [2, 2, 2, 2, 2, 2, 2, 2, 2, 2, 2, 2, 2, 2, 2, 2, 2, 2, 2, 2, 2, 2, 2, 2, 2, 2, 2, 2, 2, 2, 2, 2, 2, 2, 2, 2, 2, 2, 2]
2026-03-27 02:18:17  INFO        Duration              : 26.02s
2026-03-27 02:18:17  INFO      ==================================================
2026-03-27 02:18:17  INFO      STEP 3: Find Execution Trace
2026-03-27 02:18:17  INFO        UTG file : /Users/tanmaybhuskute/Documents/gifdroid-reproduction/app_AdAway/utg03/input/utg.json
2026-03-27 02:18:17  INFO      find_execution_trace: target sequence [2, 2, 2, 2, 2, 2, 2, 2, 2, 2, 2, 2, 2, 2, 2, 2, 2, 2, 2, 2, 2, 2, 2, 2, 2, 2, 2, 2, 2, 2, 2, 2, 2, 2, 2, 2, 2, 2, 2]
2026-03-27 02:18:17  DEBUG     read_graph: 5 edges, 4 vertices loaded in 0.00s
2026-03-27 02:18:17  DEBUG     find_execution_trace: 1 candidate paths found in 0.00s
2026-03-27 02:18:17  INFO      find_execution_trace: 1 trace(s) found (LCS=1, length=3) in 0.00s
2026-03-27 02:18:17  INFO        Candidate traces found : 1
2026-03-27 02:18:17  INFO          Trace 0: [0, 1, 2]
2026-03-27 02:18:17  INFO        Duration : 0.00s
2026-03-27 02:18:17  INFO      ==================================================
2026-03-27 02:18:17  INFO      STEP 4: Store Execution Trace
2026-03-27 02:18:17  INFO      Execution trace written to: /Users/tanmaybhuskute/Documents/gifdroid-reproduction/app_AdAway/utg03/output/execution_hhv_AdAway_baseline.json
2026-03-27 02:18:17  INFO        Duration : 0.00s
2026-03-27 02:18:17  INFO      ==================================================
2026-03-27 02:18:17  INFO      Pipeline complete.  Total time: 216.82s
2026-03-27 02:18:17  INFO      ==================================================
