2026-03-27 02:26:43  INFO      Log file: /Users/tanmaybhuskute/Documents/gifdroid-reproduction/app_AdAway/utg03/gifdroid_20260327_022643_hhv_homography.log
2026-03-27 02:26:43  INFO      GIFdroid started
2026-03-27 02:26:43  INFO        --video            : /Users/tanmaybhuskute/Documents/gifdroid-reproduction/app_AdAway/utg03/input/handheld/hhv_app_AdAway.mp4
2026-03-27 02:26:43  INFO        --utg              : /Users/tanmaybhuskute/Documents/gifdroid-reproduction/app_AdAway/utg03/input/utg.json
2026-03-27 02:26:43  INFO        --artifact         : /Users/tanmaybhuskute/Documents/gifdroid-reproduction/app_AdAway/utg03/input/artifacts
2026-03-27 02:26:43  INFO        --out              : /Users/tanmaybhuskute/Documents/gifdroid-reproduction/app_AdAway/utg03/output/execution_hhv_AdAway_homography.json
2026-03-27 02:26:43  INFO        --log-dir          : None
2026-03-27 02:26:43  INFO        --save-keyframes   : /Users/tanmaybhuskute/Documents/gifdroid-reproduction/app_AdAway/utg03/output/keyframes_homography
2026-03-27 02:26:43  INFO        --keyframe-method  : homography
2026-03-27 02:26:43  INFO      ==================================================
2026-03-27 02:26:43  INFO      STEP 1: Keyframe Location
2026-03-27 02:26:43  INFO        Input video      : /Users/tanmaybhuskute/Documents/gifdroid-reproduction/app_AdAway/utg03/input/handheld/hhv_app_AdAway.mp4
2026-03-27 02:26:43  INFO        Keyframe method  : homography
2026-03-27 02:26:43  INFO      keyframe_location_homography: starting on "/Users/tanmaybhuskute/Documents/gifdroid-reproduction/app_AdAway/utg03/input/handheld/hhv_app_AdAway.mp4"
2026-03-27 02:26:57  DEBUG     read_frames_from_video: 1331 frames decoded in 14.39s
2026-03-27 02:39:16  DEBUG     detect_keyframes: 21 keyframes detected from 1330 frames in 0.00s
2026-03-27 02:39:16  INFO      keyframe_location_homography: done — 21 keyframes at indices [21, 74, 155, 231, 246, 366, 453, 834, 943, 989, 1001, 1015, 1039, 1052, 1097, 1133, 1160, 1174, 1226, 1271, 1330] (752.95s)
2026-03-27 02:39:16  INFO        Keyframes found   : 21
2026-03-27 02:39:16  INFO        Keyframe indices  : [21, 74, 155, 231, 246, 366, 453, 834, 943, 989, 1001, 1015, 1039, 1052, 1097, 1133, 1160, 1174, 1226, 1271, 1330]
2026-03-27 02:39:16  INFO        Duration          : 753.26s
2026-03-27 02:39:19  INFO        Keyframes saved to: /Users/tanmaybhuskute/Documents/gifdroid-reproduction/app_AdAway/utg03/output/keyframes_homography (21 files)
2026-03-27 02:39:19  INFO      ==================================================
2026-03-27 02:39:19  INFO      STEP 2: GUI Mapping
2026-03-27 02:39:19  INFO        Screenshots dir : /Users/tanmaybhuskute/Documents/gifdroid-reproduction/app_AdAway/utg03/input/artifacts
2026-03-27 02:39:19  INFO      gui_mapping: matching 21 keyframes against screenshots in "/Users/tanmaybhuskute/Documents/gifdroid-reproduction/app_AdAway/utg03/input/artifacts"
2026-03-27 02:39:19  DEBUG     load_screenshots: 5 screenshots loaded in 0.62s from "/Users/tanmaybhuskute/Documents/gifdroid-reproduction/app_AdAway/utg03/input/artifacts"
2026-03-27 02:39:21  DEBUG     mapping: best match "artifacts_2.png" (score=0.283)
2026-03-27 02:39:22  DEBUG     mapping: best match "artifacts_2.png" (score=0.285)
2026-03-27 02:39:22  DEBUG     mapping: best match "artifacts_2.png" (score=0.273)
2026-03-27 02:39:23  DEBUG     mapping: best match "artifacts_2.png" (score=0.276)
2026-03-27 02:39:24  DEBUG     mapping: best match "artifacts_2.png" (score=0.287)
2026-03-27 02:39:24  DEBUG     mapping: best match "artifacts_2.png" (score=0.287)
2026-03-27 02:39:25  DEBUG     mapping: best match "artifacts_2.png" (score=0.265)
2026-03-27 02:39:26  DEBUG     mapping: best match "artifacts_2.png" (score=0.282)
2026-03-27 02:39:26  DEBUG     mapping: best match "artifacts_2.png" (score=0.294)
2026-03-27 02:39:27  DEBUG     mapping: best match "artifacts_2.png" (score=0.337)
2026-03-27 02:39:27  DEBUG     mapping: best match "artifacts_2.png" (score=0.342)
2026-03-27 02:39:28  DEBUG     mapping: best match "artifacts_2.png" (score=0.351)
2026-03-27 02:39:28  DEBUG     mapping: best match "artifacts_2.png" (score=0.278)
2026-03-27 02:39:29  DEBUG     mapping: best match "artifacts_2.png" (score=0.331)
2026-03-27 02:39:30  DEBUG     mapping: best match "artifacts_2.png" (score=0.333)
2026-03-27 02:39:30  DEBUG     mapping: best match "artifacts_2.png" (score=0.311)
2026-03-27 02:39:31  DEBUG     mapping: best match "artifacts_2.png" (score=0.337)
2026-03-27 02:39:31  DEBUG     mapping: best match "artifacts_2.png" (score=0.337)
2026-03-27 02:39:32  DEBUG     mapping: best match "artifacts_2.png" (score=0.307)
2026-03-27 02:39:32  DEBUG     mapping: best match "artifacts_2.png" (score=0.292)
2026-03-27 02:39:33  DEBUG     mapping: best match "artifacts_2.png" (score=0.275)
2026-03-27 02:39:33  INFO      gui_mapping: done — index sequence [2, 2, 2, 2, 2, 2, 2, 2, 2, 2, 2, 2, 2, 2, 2, 2, 2, 2, 2, 2, 2] (14.06s)
2026-03-27 02:39:33  INFO        Mapped index sequence : [2, 2, 2, 2, 2, 2, 2, 2, 2, 2, 2, 2, 2, 2, 2, 2, 2, 2, 2, 2, 2]
2026-03-27 02:39:33  INFO        Duration              : 14.06s
2026-03-27 02:39:33  INFO      ==================================================
2026-03-27 02:39:33  INFO      STEP 3: Find Execution Trace
2026-03-27 02:39:33  INFO        UTG file : /Users/tanmaybhuskute/Documents/gifdroid-reproduction/app_AdAway/utg03/input/utg.json
2026-03-27 02:39:33  INFO      find_execution_trace: target sequence [2, 2, 2, 2, 2, 2, 2, 2, 2, 2, 2, 2, 2, 2, 2, 2, 2, 2, 2, 2, 2]
2026-03-27 02:39:33  DEBUG     read_graph: 5 edges, 4 vertices loaded in 0.00s
2026-03-27 02:39:33  DEBUG     find_execution_trace: 1 candidate paths found in 0.00s
2026-03-27 02:39:33  INFO      find_execution_trace: 1 trace(s) found (LCS=1, length=3) in 0.00s
2026-03-27 02:39:33  INFO        Candidate traces found : 1
2026-03-27 02:39:33  INFO          Trace 0: [0, 1, 2]
2026-03-27 02:39:33  INFO        Duration : 0.00s
2026-03-27 02:39:33  INFO      ==================================================
2026-03-27 02:39:33  INFO      STEP 4: Store Execution Trace
2026-03-27 02:39:33  INFO      Execution trace written to: /Users/tanmaybhuskute/Documents/gifdroid-reproduction/app_AdAway/utg03/output/execution_hhv_AdAway_homography.json
2026-03-27 02:39:33  INFO        Duration : 0.00s
2026-03-27 02:39:33  INFO      ==================================================
2026-03-27 02:39:33  INFO      Pipeline complete.  Total time: 769.77s
2026-03-27 02:39:33  INFO      ==================================================
