2026-03-27 04:09:58  INFO      Log file: /Users/tanmaybhuskute/Documents/gifdroid-reproduction/app_AntennaPod/utg02/gifdroid_20260327_040958_hhv_hysteresis.log
2026-03-27 04:09:58  INFO      GIFdroid started
2026-03-27 04:09:58  INFO        --video            : /Users/tanmaybhuskute/Documents/gifdroid-reproduction/app_AntennaPod/utg02/input/handheld/hhv_app_AntennaPod.mp4
2026-03-27 04:09:58  INFO        --utg              : /Users/tanmaybhuskute/Documents/gifdroid-reproduction/app_AntennaPod/utg02/input/utg.json
2026-03-27 04:09:58  INFO        --artifact         : /Users/tanmaybhuskute/Documents/gifdroid-reproduction/app_AntennaPod/utg02/input/artifacts
2026-03-27 04:09:58  INFO        --out              : /Users/tanmaybhuskute/Documents/gifdroid-reproduction/app_AntennaPod/utg02/output/execution_hhv_AntennaPod_hysteresis.json
2026-03-27 04:09:58  INFO        --log-dir          : None
2026-03-27 04:09:58  INFO        --save-keyframes   : /Users/tanmaybhuskute/Documents/gifdroid-reproduction/app_AntennaPod/utg02/output/keyframes_hysteresis
2026-03-27 04:09:58  INFO        --keyframe-method  : hysteresis
2026-03-27 04:09:58  INFO      ==================================================
2026-03-27 04:09:58  INFO      STEP 1: Keyframe Location
2026-03-27 04:09:58  INFO        Input video      : /Users/tanmaybhuskute/Documents/gifdroid-reproduction/app_AntennaPod/utg02/input/handheld/hhv_app_AntennaPod.mp4
2026-03-27 04:09:58  INFO        Keyframe method  : hysteresis
2026-03-27 04:09:58  INFO      keyframe_location_hysteresis: starting on "/Users/tanmaybhuskute/Documents/gifdroid-reproduction/app_AntennaPod/utg02/input/handheld/hhv_app_AntennaPod.mp4" (k=3)
2026-03-27 04:10:16  DEBUG     read_frames_from_video: 2025 frames decoded in 17.47s
2026-03-27 04:13:50  DEBUG     calculate_sim_seq: 2024 similarities computed in 214.13s
2026-03-27 04:13:50  INFO      keyframe_location_hysteresis: done — 11 keyframes at indices [3, 8, 114, 119, 171, 929, 1018, 1429, 1678, 1987, 2024] (231.74s)
2026-03-27 04:13:50  INFO        Keyframes found   : 11
2026-03-27 04:13:50  INFO        Keyframe indices  : [3, 8, 114, 119, 171, 929, 1018, 1429, 1678, 1987, 2024]
2026-03-27 04:13:50  INFO        Duration          : 232.23s
2026-03-27 04:13:52  INFO        Keyframes saved to: /Users/tanmaybhuskute/Documents/gifdroid-reproduction/app_AntennaPod/utg02/output/keyframes_hysteresis (11 files)
2026-03-27 04:13:52  INFO      ==================================================
2026-03-27 04:13:52  INFO      STEP 2: GUI Mapping
2026-03-27 04:13:52  INFO        Screenshots dir : /Users/tanmaybhuskute/Documents/gifdroid-reproduction/app_AntennaPod/utg02/input/artifacts
2026-03-27 04:13:52  INFO      gui_mapping: matching 11 keyframes against screenshots in "/Users/tanmaybhuskute/Documents/gifdroid-reproduction/app_AntennaPod/utg02/input/artifacts"
2026-03-27 04:14:02  DEBUG     load_screenshots: 151 screenshots loaded in 9.94s from "/Users/tanmaybhuskute/Documents/gifdroid-reproduction/app_AntennaPod/utg02/input/artifacts"
2026-03-27 04:14:16  DEBUG     mapping: best match "artifacts_29.png" (score=0.305)
2026-03-27 04:14:31  DEBUG     mapping: best match "artifacts_29.png" (score=0.304)
2026-03-27 04:14:46  DEBUG     mapping: best match "artifacts_29.png" (score=0.301)
2026-03-27 04:15:01  DEBUG     mapping: best match "artifacts_29.png" (score=0.300)
2026-03-27 04:15:16  DEBUG     mapping: best match "artifacts_29.png" (score=0.309)
2026-03-27 04:15:30  DEBUG     mapping: best match "artifacts_29.png" (score=0.324)
2026-03-27 04:15:45  DEBUG     mapping: best match "artifacts_29.png" (score=0.324)
2026-03-27 04:15:59  DEBUG     mapping: best match "artifacts_29.png" (score=0.325)
2026-03-27 04:16:13  DEBUG     mapping: best match "artifacts_29.png" (score=0.313)
2026-03-27 04:16:27  DEBUG     mapping: best match "artifacts_29.png" (score=0.330)
2026-03-27 04:16:40  DEBUG     mapping: best match "artifacts_29.png" (score=0.331)
2026-03-27 04:16:40  INFO      gui_mapping: done — index sequence [29, 29, 29, 29, 29, 29, 29, 29, 29, 29, 29] (168.37s)
2026-03-27 04:16:40  INFO        Mapped index sequence : [29, 29, 29, 29, 29, 29, 29, 29, 29, 29, 29]
2026-03-27 04:16:40  INFO        Duration              : 168.37s
2026-03-27 04:16:40  INFO      ==================================================
2026-03-27 04:16:40  INFO      STEP 3: Find Execution Trace
2026-03-27 04:16:40  INFO        UTG file : /Users/tanmaybhuskute/Documents/gifdroid-reproduction/app_AntennaPod/utg02/input/utg.json
2026-03-27 04:16:40  INFO      find_execution_trace: target sequence [29, 29, 29, 29, 29, 29, 29, 29, 29, 29, 29]
2026-03-27 04:16:40  DEBUG     read_graph: 403 edges, 151 vertices loaded in 0.00s
2026-03-27 04:20:14  DEBUG     find_execution_trace: 257 candidate paths found in 213.50s
2026-03-27 04:20:14  INFO      find_execution_trace: 1 trace(s) found (LCS=1, length=4) in 213.52s
2026-03-27 04:20:14  INFO        Candidate traces found : 1
2026-03-27 04:20:14  INFO          Trace 0: [0, 1, 7, 29]
2026-03-27 04:20:14  INFO        Duration : 213.52s
2026-03-27 04:20:14  INFO      ==================================================
2026-03-27 04:20:14  INFO      STEP 4: Store Execution Trace
2026-03-27 04:20:14  INFO      Execution trace written to: /Users/tanmaybhuskute/Documents/gifdroid-reproduction/app_AntennaPod/utg02/output/execution_hhv_AntennaPod_hysteresis.json
2026-03-27 04:20:14  INFO        Duration : 0.01s
2026-03-27 04:20:14  INFO      ==================================================
2026-03-27 04:20:14  INFO      Pipeline complete.  Total time: 615.49s
2026-03-27 04:20:14  INFO      ==================================================
