2026-03-27 03:47:32  INFO      Log file: /Users/tanmaybhuskute/Documents/gifdroid-reproduction/app_AntennaPod/utg02/gifdroid_20260327_034732_hhv_baseline.log
2026-03-27 03:47:32  INFO      GIFdroid started
2026-03-27 03:47:32  INFO        --video            : /Users/tanmaybhuskute/Documents/gifdroid-reproduction/app_AntennaPod/utg02/input/handheld/hhv_app_AntennaPod.mp4
2026-03-27 03:47:32  INFO        --utg              : /Users/tanmaybhuskute/Documents/gifdroid-reproduction/app_AntennaPod/utg02/input/utg.json
2026-03-27 03:47:32  INFO        --artifact         : /Users/tanmaybhuskute/Documents/gifdroid-reproduction/app_AntennaPod/utg02/input/artifacts
2026-03-27 03:47:32  INFO        --out              : /Users/tanmaybhuskute/Documents/gifdroid-reproduction/app_AntennaPod/utg02/output/execution_hhv_AntennaPod_baseline.json
2026-03-27 03:47:32  INFO        --log-dir          : None
2026-03-27 03:47:32  INFO        --save-keyframes   : /Users/tanmaybhuskute/Documents/gifdroid-reproduction/app_AntennaPod/utg02/output/keyframes_baseline
2026-03-27 03:47:32  INFO        --keyframe-method  : baseline
2026-03-27 03:47:32  INFO      ==================================================
2026-03-27 03:47:32  INFO      STEP 1: Keyframe Location
2026-03-27 03:47:32  INFO        Input video      : /Users/tanmaybhuskute/Documents/gifdroid-reproduction/app_AntennaPod/utg02/input/handheld/hhv_app_AntennaPod.mp4
2026-03-27 03:47:32  INFO        Keyframe method  : baseline
2026-03-27 03:47:32  INFO      keyframe_location: starting on video "/Users/tanmaybhuskute/Documents/gifdroid-reproduction/app_AntennaPod/utg02/input/handheld/hhv_app_AntennaPod.mp4"
2026-03-27 03:47:51  DEBUG     read_frames_from_video: 2025 frames decoded in 19.19s
2026-03-27 03:51:18  DEBUG     calculate_sim_seq: 2024 similarities computed in 207.54s
2026-03-27 03:51:18  DEBUG     detect_keyframes: 10 keyframes detected from 2024 frames in 0.00s
2026-03-27 03:51:18  INFO      keyframe_location: done — 10 keyframes at indices [4, 9, 115, 172, 930, 1019, 1430, 1679, 1988, 2024] (226.78s total)
2026-03-27 03:51:19  INFO        Keyframes found   : 10
2026-03-27 03:51:19  INFO        Keyframe indices  : [4, 9, 115, 172, 930, 1019, 1430, 1679, 1988, 2024]
2026-03-27 03:51:19  INFO        Duration          : 227.30s
2026-03-27 03:51:20  INFO        Keyframes saved to: /Users/tanmaybhuskute/Documents/gifdroid-reproduction/app_AntennaPod/utg02/output/keyframes_baseline (10 files)
2026-03-27 03:51:20  INFO      ==================================================
2026-03-27 03:51:20  INFO      STEP 2: GUI Mapping
2026-03-27 03:51:20  INFO        Screenshots dir : /Users/tanmaybhuskute/Documents/gifdroid-reproduction/app_AntennaPod/utg02/input/artifacts
2026-03-27 03:51:20  INFO      gui_mapping: matching 10 keyframes against screenshots in "/Users/tanmaybhuskute/Documents/gifdroid-reproduction/app_AntennaPod/utg02/input/artifacts"
2026-03-27 03:51:30  DEBUG     load_screenshots: 151 screenshots loaded in 9.82s from "/Users/tanmaybhuskute/Documents/gifdroid-reproduction/app_AntennaPod/utg02/input/artifacts"
2026-03-27 03:51:45  DEBUG     mapping: best match "artifacts_29.png" (score=0.304)
2026-03-27 03:52:00  DEBUG     mapping: best match "artifacts_29.png" (score=0.304)
2026-03-27 03:52:15  DEBUG     mapping: best match "artifacts_29.png" (score=0.301)
2026-03-27 03:52:31  DEBUG     mapping: best match "artifacts_29.png" (score=0.310)
2026-03-27 03:52:46  DEBUG     mapping: best match "artifacts_29.png" (score=0.324)
2026-03-27 03:53:01  DEBUG     mapping: best match "artifacts_29.png" (score=0.324)
2026-03-27 03:53:16  DEBUG     mapping: best match "artifacts_29.png" (score=0.326)
2026-03-27 03:53:31  DEBUG     mapping: best match "artifacts_29.png" (score=0.310)
2026-03-27 03:53:46  DEBUG     mapping: best match "artifacts_29.png" (score=0.329)
2026-03-27 03:54:02  DEBUG     mapping: best match "artifacts_29.png" (score=0.331)
2026-03-27 03:54:02  INFO      gui_mapping: done — index sequence [29, 29, 29, 29, 29, 29, 29, 29, 29, 29] (161.49s)
2026-03-27 03:54:02  INFO        Mapped index sequence : [29, 29, 29, 29, 29, 29, 29, 29, 29, 29]
2026-03-27 03:54:02  INFO        Duration              : 161.49s
2026-03-27 03:54:02  INFO      ==================================================
2026-03-27 03:54:02  INFO      STEP 3: Find Execution Trace
2026-03-27 03:54:02  INFO        UTG file : /Users/tanmaybhuskute/Documents/gifdroid-reproduction/app_AntennaPod/utg02/input/utg.json
2026-03-27 03:54:02  INFO      find_execution_trace: target sequence [29, 29, 29, 29, 29, 29, 29, 29, 29, 29]
2026-03-27 03:54:02  DEBUG     read_graph: 403 edges, 151 vertices loaded in 0.00s
2026-03-27 03:57:31  DEBUG     find_execution_trace: 257 candidate paths found in 209.48s
2026-03-27 03:57:31  INFO      find_execution_trace: 1 trace(s) found (LCS=1, length=4) in 209.50s
2026-03-27 03:57:31  INFO        Candidate traces found : 1
2026-03-27 03:57:31  INFO          Trace 0: [0, 1, 7, 29]
2026-03-27 03:57:31  INFO        Duration : 209.50s
2026-03-27 03:57:31  INFO      ==================================================
2026-03-27 03:57:31  INFO      STEP 4: Store Execution Trace
2026-03-27 03:57:31  INFO      Execution trace written to: /Users/tanmaybhuskute/Documents/gifdroid-reproduction/app_AntennaPod/utg02/output/execution_hhv_AntennaPod_baseline.json
2026-03-27 03:57:31  INFO        Duration : 0.00s
2026-03-27 03:57:31  INFO      ==================================================
2026-03-27 03:57:31  INFO      Pipeline complete.  Total time: 599.57s
2026-03-27 03:57:31  INFO      ==================================================
