2026-03-27 04:20:15  INFO      Log file: /Users/tanmaybhuskute/Documents/gifdroid-reproduction/app_AntennaPod/utg02/gifdroid_20260327_042015_hhv_homography.log
2026-03-27 04:20:15  INFO      GIFdroid started
2026-03-27 04:20:15  INFO        --video            : /Users/tanmaybhuskute/Documents/gifdroid-reproduction/app_AntennaPod/utg02/input/handheld/hhv_app_AntennaPod.mp4
2026-03-27 04:20:15  INFO        --utg              : /Users/tanmaybhuskute/Documents/gifdroid-reproduction/app_AntennaPod/utg02/input/utg.json
2026-03-27 04:20:15  INFO        --artifact         : /Users/tanmaybhuskute/Documents/gifdroid-reproduction/app_AntennaPod/utg02/input/artifacts
2026-03-27 04:20:15  INFO        --out              : /Users/tanmaybhuskute/Documents/gifdroid-reproduction/app_AntennaPod/utg02/output/execution_hhv_AntennaPod_homography.json
2026-03-27 04:20:15  INFO        --log-dir          : None
2026-03-27 04:20:15  INFO        --save-keyframes   : /Users/tanmaybhuskute/Documents/gifdroid-reproduction/app_AntennaPod/utg02/output/keyframes_homography
2026-03-27 04:20:15  INFO        --keyframe-method  : homography
2026-03-27 04:20:15  INFO      ==================================================
2026-03-27 04:20:15  INFO      STEP 1: Keyframe Location
2026-03-27 04:20:15  INFO        Input video      : /Users/tanmaybhuskute/Documents/gifdroid-reproduction/app_AntennaPod/utg02/input/handheld/hhv_app_AntennaPod.mp4
2026-03-27 04:20:15  INFO        Keyframe method  : homography
2026-03-27 04:20:15  INFO      keyframe_location_homography: starting on "/Users/tanmaybhuskute/Documents/gifdroid-reproduction/app_AntennaPod/utg02/input/handheld/hhv_app_AntennaPod.mp4"
2026-03-27 04:20:34  DEBUG     read_frames_from_video: 2025 frames decoded in 19.10s
2026-03-27 04:42:38  DEBUG     detect_keyframes: 9 keyframes detected from 2024 frames in 0.00s
2026-03-27 04:42:38  INFO      keyframe_location_homography: done — 9 keyframes at indices [115, 172, 202, 517, 533, 930, 1019, 1679, 2024] (1343.71s)
2026-03-27 04:42:39  INFO        Keyframes found   : 9
2026-03-27 04:42:39  INFO        Keyframe indices  : [115, 172, 202, 517, 533, 930, 1019, 1679, 2024]
2026-03-27 04:42:39  INFO        Duration          : 1344.29s
2026-03-27 04:42:40  INFO        Keyframes saved to: /Users/tanmaybhuskute/Documents/gifdroid-reproduction/app_AntennaPod/utg02/output/keyframes_homography (9 files)
2026-03-27 04:42:40  INFO      ==================================================
2026-03-27 04:42:40  INFO      STEP 2: GUI Mapping
2026-03-27 04:42:40  INFO        Screenshots dir : /Users/tanmaybhuskute/Documents/gifdroid-reproduction/app_AntennaPod/utg02/input/artifacts
2026-03-27 04:42:40  INFO      gui_mapping: matching 9 keyframes against screenshots in "/Users/tanmaybhuskute/Documents/gifdroid-reproduction/app_AntennaPod/utg02/input/artifacts"
2026-03-27 04:42:50  DEBUG     load_screenshots: 151 screenshots loaded in 10.03s from "/Users/tanmaybhuskute/Documents/gifdroid-reproduction/app_AntennaPod/utg02/input/artifacts"
2026-03-27 04:43:06  DEBUG     mapping: best match "artifacts_29.png" (score=0.301)
2026-03-27 04:43:21  DEBUG     mapping: best match "artifacts_29.png" (score=0.310)
2026-03-27 04:43:36  DEBUG     mapping: best match "artifacts_29.png" (score=0.341)
2026-03-27 04:43:51  DEBUG     mapping: best match "artifacts_29.png" (score=0.355)
2026-03-27 04:44:06  DEBUG     mapping: best match "artifacts_29.png" (score=0.356)
2026-03-27 04:44:21  DEBUG     mapping: best match "artifacts_29.png" (score=0.324)
2026-03-27 04:44:36  DEBUG     mapping: best match "artifacts_29.png" (score=0.324)
2026-03-27 04:44:51  DEBUG     mapping: best match "artifacts_29.png" (score=0.310)
2026-03-27 04:45:07  DEBUG     mapping: best match "artifacts_29.png" (score=0.331)
2026-03-27 04:45:07  INFO      gui_mapping: done — index sequence [29, 29, 29, 29, 29, 29, 29, 29, 29] (146.25s)
2026-03-27 04:45:07  INFO        Mapped index sequence : [29, 29, 29, 29, 29, 29, 29, 29, 29]
2026-03-27 04:45:07  INFO        Duration              : 146.26s
2026-03-27 04:45:07  INFO      ==================================================
2026-03-27 04:45:07  INFO      STEP 3: Find Execution Trace
2026-03-27 04:45:07  INFO        UTG file : /Users/tanmaybhuskute/Documents/gifdroid-reproduction/app_AntennaPod/utg02/input/utg.json
2026-03-27 04:45:07  INFO      find_execution_trace: target sequence [29, 29, 29, 29, 29, 29, 29, 29, 29]
2026-03-27 04:45:07  DEBUG     read_graph: 403 edges, 151 vertices loaded in 0.05s
2026-03-27 04:48:32  DEBUG     find_execution_trace: 257 candidate paths found in 205.58s
2026-03-27 04:48:32  INFO      find_execution_trace: 1 trace(s) found (LCS=1, length=4) in 205.65s
2026-03-27 04:48:32  INFO        Candidate traces found : 1
2026-03-27 04:48:32  INFO          Trace 0: [0, 1, 7, 29]
2026-03-27 04:48:32  INFO        Duration : 205.65s
2026-03-27 04:48:32  INFO      ==================================================
2026-03-27 04:48:32  INFO      STEP 4: Store Execution Trace
2026-03-27 04:48:32  INFO      Execution trace written to: /Users/tanmaybhuskute/Documents/gifdroid-reproduction/app_AntennaPod/utg02/output/execution_hhv_AntennaPod_homography.json
2026-03-27 04:48:32  INFO        Duration : 0.01s
2026-03-27 04:48:32  INFO      ==================================================
2026-03-27 04:48:32  INFO      Pipeline complete.  Total time: 1697.68s
2026-03-27 04:48:32  INFO      ==================================================
