2026-03-27 02:06:16  INFO      Log file: /Users/tanmaybhuskute/Documents/gifdroid-reproduction/app_HomeMedkit/utg01/gifdroid_20260327_020616_hhv_hysteresis.log
2026-03-27 02:06:16  INFO      GIFdroid started
2026-03-27 02:06:16  INFO        --video            : /Users/tanmaybhuskute/Documents/gifdroid-reproduction/app_HomeMedkit/utg01/input/handheld/hhv_app_HomeMedkit.mp4
2026-03-27 02:06:16  INFO        --utg              : /Users/tanmaybhuskute/Documents/gifdroid-reproduction/app_HomeMedkit/utg01/input/utg.json
2026-03-27 02:06:16  INFO        --artifact         : /Users/tanmaybhuskute/Documents/gifdroid-reproduction/app_HomeMedkit/utg01/input/artifacts
2026-03-27 02:06:16  INFO        --out              : /Users/tanmaybhuskute/Documents/gifdroid-reproduction/app_HomeMedkit/utg01/output/execution_hhv_HomeMedkit_hysteresis.json
2026-03-27 02:06:16  INFO        --log-dir          : None
2026-03-27 02:06:16  INFO        --save-keyframes   : /Users/tanmaybhuskute/Documents/gifdroid-reproduction/app_HomeMedkit/utg01/output/keyframes_hysteresis
2026-03-27 02:06:16  INFO        --keyframe-method  : hysteresis
2026-03-27 02:06:16  INFO      ==================================================
2026-03-27 02:06:16  INFO      STEP 1: Keyframe Location
2026-03-27 02:06:16  INFO        Input video      : /Users/tanmaybhuskute/Documents/gifdroid-reproduction/app_HomeMedkit/utg01/input/handheld/hhv_app_HomeMedkit.mp4
2026-03-27 02:06:16  INFO        Keyframe method  : hysteresis
2026-03-27 02:06:16  INFO      keyframe_location_hysteresis: starting on "/Users/tanmaybhuskute/Documents/gifdroid-reproduction/app_HomeMedkit/utg01/input/handheld/hhv_app_HomeMedkit.mp4" (k=3)
2026-03-27 02:06:31  DEBUG     read_frames_from_video: 1359 frames decoded in 15.22s
2026-03-27 02:09:14  DEBUG     calculate_sim_seq: 1358 similarities computed in 162.99s
2026-03-27 02:09:14  INFO      keyframe_location_hysteresis: done — 58 keyframes at indices [128, 280, 378, 399, 433, 453, 464, 491, 496, 514, 519, 525, 542, 557, 565, 590, 603, 614, 620, 639, 648, 675, 687, 706, 767, 774, 785, 806, 837, 848, 917, 927, 944, 956, 966, 970, 1014, 1022, 1032, 1042, 1051, 1060, 1081, 1117, 1133, 1143, 1149, 1157, 1180, 1200, 1206, 1213, 1239, 1247, 1264, 1270, 1296, 1358] (178.38s)
2026-03-27 02:09:14  INFO        Keyframes found   : 58
2026-03-27 02:09:14  INFO        Keyframe indices  : [128, 280, 378, 399, 433, 453, 464, 491, 496, 514, 519, 525, 542, 557, 565, 590, 603, 614, 620, 639, 648, 675, 687, 706, 767, 774, 785, 806, 837, 848, 917, 927, 944, 956, 966, 970, 1014, 1022, 1032, 1042, 1051, 1060, 1081, 1117, 1133, 1143, 1149, 1157, 1180, 1200, 1206, 1213, 1239, 1247, 1264, 1270, 1296, 1358]
2026-03-27 02:09:14  INFO        Duration          : 178.62s
2026-03-27 02:09:23  INFO        Keyframes saved to: /Users/tanmaybhuskute/Documents/gifdroid-reproduction/app_HomeMedkit/utg01/output/keyframes_hysteresis (58 files)
2026-03-27 02:09:23  INFO      ==================================================
2026-03-27 02:09:23  INFO      STEP 2: GUI Mapping
2026-03-27 02:09:23  INFO        Screenshots dir : /Users/tanmaybhuskute/Documents/gifdroid-reproduction/app_HomeMedkit/utg01/input/artifacts
2026-03-27 02:09:23  INFO      gui_mapping: matching 58 keyframes against screenshots in "/Users/tanmaybhuskute/Documents/gifdroid-reproduction/app_HomeMedkit/utg01/input/artifacts"
2026-03-27 02:09:26  DEBUG     load_screenshots: 48 screenshots loaded in 3.45s from "/Users/tanmaybhuskute/Documents/gifdroid-reproduction/app_HomeMedkit/utg01/input/artifacts"
2026-03-27 02:09:32  DEBUG     mapping: best match "artifacts_15.png" (score=0.281)
2026-03-27 02:09:38  DEBUG     mapping: best match "artifacts_15.png" (score=0.317)
2026-03-27 02:09:43  DEBUG     mapping: best match "artifacts_15.png" (score=0.313)
2026-03-27 02:09:48  DEBUG     mapping: best match "artifacts_15.png" (score=0.308)
2026-03-27 02:09:54  DEBUG     mapping: best match "artifacts_15.png" (score=0.275)
2026-03-27 02:09:59  DEBUG     mapping: best match "artifacts_15.png" (score=0.275)
2026-03-27 02:10:05  DEBUG     mapping: best match "artifacts_15.png" (score=0.275)
2026-03-27 02:10:10  DEBUG     mapping: best match "artifacts_15.png" (score=0.299)
2026-03-27 02:10:16  DEBUG     mapping: best match "artifacts_15.png" (score=0.298)
2026-03-27 02:10:21  DEBUG     mapping: best match "artifacts_15.png" (score=0.294)
2026-03-27 02:10:26  DEBUG     mapping: best match "artifacts_15.png" (score=0.297)
2026-03-27 02:10:32  DEBUG     mapping: best match "artifacts_15.png" (score=0.302)
2026-03-27 02:10:37  DEBUG     mapping: best match "artifacts_15.png" (score=0.293)
2026-03-27 02:10:43  DEBUG     mapping: best match "artifacts_15.png" (score=0.290)
2026-03-27 02:10:50  DEBUG     mapping: best match "artifacts_15.png" (score=0.292)
2026-03-27 02:10:55  DEBUG     mapping: best match "artifacts_15.png" (score=0.283)
2026-03-27 02:11:01  DEBUG     mapping: best match "artifacts_15.png" (score=0.284)
2026-03-27 02:11:06  DEBUG     mapping: best match "artifacts_15.png" (score=0.254)
2026-03-27 02:11:11  DEBUG     mapping: best match "artifacts_15.png" (score=0.269)
2026-03-27 02:11:16  DEBUG     mapping: best match "artifacts_15.png" (score=0.269)
2026-03-27 02:11:22  DEBUG     mapping: best match "artifacts_15.png" (score=0.268)
2026-03-27 02:11:27  DEBUG     mapping: best match "artifacts_15.png" (score=0.274)
2026-03-27 02:11:34  DEBUG     mapping: best match "artifacts_15.png" (score=0.275)
2026-03-27 02:11:40  DEBUG     mapping: best match "artifacts_15.png" (score=0.284)
2026-03-27 02:11:46  DEBUG     mapping: best match "artifacts_15.png" (score=0.284)
2026-03-27 02:11:51  DEBUG     mapping: best match "artifacts_15.png" (score=0.283)
2026-03-27 02:11:56  DEBUG     mapping: best match "artifacts_15.png" (score=0.279)
2026-03-27 02:12:02  DEBUG     mapping: best match "artifacts_15.png" (score=0.278)
2026-03-27 02:12:07  DEBUG     mapping: best match "artifacts_15.png" (score=0.286)
2026-03-27 02:12:12  DEBUG     mapping: best match "artifacts_15.png" (score=0.303)
2026-03-27 02:12:18  DEBUG     mapping: best match "artifacts_15.png" (score=0.306)
2026-03-27 02:12:23  DEBUG     mapping: best match "artifacts_15.png" (score=0.309)
2026-03-27 02:12:28  DEBUG     mapping: best match "artifacts_15.png" (score=0.304)
2026-03-27 02:12:34  DEBUG     mapping: best match "artifacts_15.png" (score=0.308)
2026-03-27 02:12:40  DEBUG     mapping: best match "artifacts_15.png" (score=0.305)
2026-03-27 02:12:45  DEBUG     mapping: best match "artifacts_15.png" (score=0.303)
2026-03-27 02:12:50  DEBUG     mapping: best match "artifacts_15.png" (score=0.299)
2026-03-27 02:12:56  DEBUG     mapping: best match "artifacts_15.png" (score=0.292)
2026-03-27 02:13:01  DEBUG     mapping: best match "artifacts_15.png" (score=0.290)
2026-03-27 02:13:06  DEBUG     mapping: best match "artifacts_15.png" (score=0.292)
2026-03-27 02:13:11  DEBUG     mapping: best match "artifacts_15.png" (score=0.297)
2026-03-27 02:13:17  DEBUG     mapping: best match "artifacts_15.png" (score=0.292)
2026-03-27 02:13:22  DEBUG     mapping: best match "artifacts_15.png" (score=0.286)
2026-03-27 02:13:28  DEBUG     mapping: best match "artifacts_15.png" (score=0.303)
2026-03-27 02:13:33  DEBUG     mapping: best match "artifacts_15.png" (score=0.304)
2026-03-27 02:13:39  DEBUG     mapping: best match "artifacts_15.png" (score=0.303)
2026-03-27 02:13:44  DEBUG     mapping: best match "artifacts_15.png" (score=0.302)
2026-03-27 02:13:50  DEBUG     mapping: best match "artifacts_15.png" (score=0.298)
2026-03-27 02:13:55  DEBUG     mapping: best match "artifacts_15.png" (score=0.286)
2026-03-27 02:14:01  DEBUG     mapping: best match "artifacts_15.png" (score=0.286)
2026-03-27 02:14:07  DEBUG     mapping: best match "artifacts_15.png" (score=0.298)
2026-03-27 02:14:12  DEBUG     mapping: best match "artifacts_15.png" (score=0.280)
2026-03-27 02:14:17  DEBUG     mapping: best match "artifacts_15.png" (score=0.292)
2026-03-27 02:14:23  DEBUG     mapping: best match "artifacts_15.png" (score=0.291)
2026-03-27 02:14:28  DEBUG     mapping: best match "artifacts_15.png" (score=0.307)
2026-03-27 02:14:34  DEBUG     mapping: best match "artifacts_15.png" (score=0.308)
2026-03-27 02:14:39  DEBUG     mapping: best match "artifacts_15.png" (score=0.306)
2026-03-27 02:14:45  DEBUG     mapping: best match "artifacts_15.png" (score=0.321)
2026-03-27 02:14:45  INFO      gui_mapping: done — index sequence [15, 15, 15, 15, 15, 15, 15, 15, 15, 15, 15, 15, 15, 15, 15, 15, 15, 15, 15, 15, 15, 15, 15, 15, 15, 15, 15, 15, 15, 15, 15, 15, 15, 15, 15, 15, 15, 15, 15, 15, 15, 15, 15, 15, 15, 15, 15, 15, 15, 15, 15, 15, 15, 15, 15, 15, 15, 15] (322.34s)
2026-03-27 02:14:45  INFO        Mapped index sequence : [15, 15, 15, 15, 15, 15, 15, 15, 15, 15, 15, 15, 15, 15, 15, 15, 15, 15, 15, 15, 15, 15, 15, 15, 15, 15, 15, 15, 15, 15, 15, 15, 15, 15, 15, 15, 15, 15, 15, 15, 15, 15, 15, 15, 15, 15, 15, 15, 15, 15, 15, 15, 15, 15, 15, 15, 15, 15]
2026-03-27 02:14:45  INFO        Duration              : 322.34s
2026-03-27 02:14:45  INFO      ==================================================
2026-03-27 02:14:45  INFO      STEP 3: Find Execution Trace
2026-03-27 02:14:45  INFO        UTG file : /Users/tanmaybhuskute/Documents/gifdroid-reproduction/app_HomeMedkit/utg01/input/utg.json
2026-03-27 02:14:45  INFO      find_execution_trace: target sequence [15, 15, 15, 15, 15, 15, 15, 15, 15, 15, 15, 15, 15, 15, 15, 15, 15, 15, 15, 15, 15, 15, 15, 15, 15, 15, 15, 15, 15, 15, 15, 15, 15, 15, 15, 15, 15, 15, 15, 15, 15, 15, 15, 15, 15, 15, 15, 15, 15, 15, 15, 15, 15, 15, 15, 15, 15, 15]
2026-03-27 02:14:45  DEBUG     read_graph: 127 edges, 49 vertices loaded in 0.00s
2026-03-27 02:14:45  DEBUG     find_execution_trace: 1 candidate paths found in 0.00s
2026-03-27 02:14:45  INFO      find_execution_trace: 1 trace(s) found (LCS=1, length=3) in 0.01s
2026-03-27 02:14:45  INFO        Candidate traces found : 1
2026-03-27 02:14:45  INFO          Trace 0: [0, 1, 15]
2026-03-27 02:14:45  INFO        Duration : 0.01s
2026-03-27 02:14:45  INFO      ==================================================
2026-03-27 02:14:45  INFO      STEP 4: Store Execution Trace
2026-03-27 02:14:45  INFO      Execution trace written to: /Users/tanmaybhuskute/Documents/gifdroid-reproduction/app_HomeMedkit/utg01/output/execution_hhv_HomeMedkit_hysteresis.json
2026-03-27 02:14:45  INFO        Duration : 0.00s
2026-03-27 02:14:45  INFO      ==================================================
2026-03-27 02:14:45  INFO      Pipeline complete.  Total time: 509.03s
2026-03-27 02:14:45  INFO      ==================================================
