2026-03-27 02:32:06  INFO      Log file: /Users/tanmaybhuskute/Documents/gifdroid-reproduction/app_HomeMedkit/utg01/gifdroid_20260327_023206_hhv_clip.log
2026-03-27 02:32:06  INFO      GIFdroid started
2026-03-27 02:32:06  INFO        --video            : /Users/tanmaybhuskute/Documents/gifdroid-reproduction/app_HomeMedkit/utg01/input/handheld/hhv_app_HomeMedkit.mp4
2026-03-27 02:32:06  INFO        --utg              : /Users/tanmaybhuskute/Documents/gifdroid-reproduction/app_HomeMedkit/utg01/input/utg.json
2026-03-27 02:32:06  INFO        --artifact         : /Users/tanmaybhuskute/Documents/gifdroid-reproduction/app_HomeMedkit/utg01/input/artifacts
2026-03-27 02:32:06  INFO        --out              : /Users/tanmaybhuskute/Documents/gifdroid-reproduction/app_HomeMedkit/utg01/output/execution_hhv_HomeMedkit_clip.json
2026-03-27 02:32:06  INFO        --log-dir          : None
2026-03-27 02:32:06  INFO        --save-keyframes   : /Users/tanmaybhuskute/Documents/gifdroid-reproduction/app_HomeMedkit/utg01/output/keyframes_clip
2026-03-27 02:32:06  INFO        --keyframe-method  : clip
2026-03-27 02:32:06  INFO      ==================================================
2026-03-27 02:32:06  INFO      STEP 1: Keyframe Location
2026-03-27 02:32:06  INFO        Input video      : /Users/tanmaybhuskute/Documents/gifdroid-reproduction/app_HomeMedkit/utg01/input/handheld/hhv_app_HomeMedkit.mp4
2026-03-27 02:32:06  INFO        Keyframe method  : clip
2026-03-27 02:32:06  INFO      keyframe_location_clip_cluster: starting on "/Users/tanmaybhuskute/Documents/gifdroid-reproduction/app_HomeMedkit/utg01/input/handheld/hhv_app_HomeMedkit.mp4" (threshold=0.85)
2026-03-27 02:32:06  INFO      keyframe_location: starting on video "/Users/tanmaybhuskute/Documents/gifdroid-reproduction/app_HomeMedkit/utg01/input/handheld/hhv_app_HomeMedkit.mp4"
2026-03-27 02:32:21  DEBUG     read_frames_from_video: 1359 frames decoded in 15.26s
2026-03-27 02:34:37  DEBUG     calculate_sim_seq: 1358 similarities computed in 136.27s
2026-03-27 02:34:37  DEBUG     detect_keyframes: 54 keyframes detected from 1358 frames in 0.00s
2026-03-27 02:34:37  INFO      keyframe_location: done — 54 keyframes at indices [129, 281, 379, 400, 434, 454, 465, 492, 497, 515, 520, 526, 543, 558, 591, 604, 615, 640, 649, 676, 688, 707, 768, 775, 786, 807, 838, 849, 918, 928, 945, 957, 967, 1015, 1023, 1033, 1043, 1052, 1061, 1082, 1118, 1134, 1144, 1150, 1158, 1181, 1201, 1207, 1240, 1248, 1265, 1271, 1297, 1358] (151.60s total)
2026-03-27 02:34:38  INFO      keyframe_location_clip_cluster: baseline produced 54 keyframes
2026-03-27 02:34:39  WARNING   keyframe_location_clip_cluster: missing dependency (No module named 'transformers'); returning baseline result. Install with: pip install transformers torch scikit-learn
2026-03-27 02:34:39  INFO        Keyframes found   : 54
2026-03-27 02:34:39  INFO        Keyframe indices  : [129, 281, 379, 400, 434, 454, 465, 492, 497, 515, 520, 526, 543, 558, 591, 604, 615, 640, 649, 676, 688, 707, 768, 775, 786, 807, 838, 849, 918, 928, 945, 957, 967, 1015, 1023, 1033, 1043, 1052, 1061, 1082, 1118, 1134, 1144, 1150, 1158, 1181, 1201, 1207, 1240, 1248, 1265, 1271, 1297, 1358]
2026-03-27 02:34:39  INFO        Duration          : 153.46s
2026-03-27 02:34:44  INFO        Keyframes saved to: /Users/tanmaybhuskute/Documents/gifdroid-reproduction/app_HomeMedkit/utg01/output/keyframes_clip (54 files)
2026-03-27 02:34:44  INFO      ==================================================
2026-03-27 02:34:44  INFO      STEP 2: GUI Mapping
2026-03-27 02:34:44  INFO        Screenshots dir : /Users/tanmaybhuskute/Documents/gifdroid-reproduction/app_HomeMedkit/utg01/input/artifacts
2026-03-27 02:34:44  INFO      gui_mapping: matching 54 keyframes against screenshots in "/Users/tanmaybhuskute/Documents/gifdroid-reproduction/app_HomeMedkit/utg01/input/artifacts"
2026-03-27 02:34:47  DEBUG     load_screenshots: 48 screenshots loaded in 2.78s from "/Users/tanmaybhuskute/Documents/gifdroid-reproduction/app_HomeMedkit/utg01/input/artifacts"
2026-03-27 02:34:52  DEBUG     mapping: best match "artifacts_15.png" (score=0.283)
2026-03-27 02:34:58  DEBUG     mapping: best match "artifacts_15.png" (score=0.317)
2026-03-27 02:35:03  DEBUG     mapping: best match "artifacts_15.png" (score=0.314)
2026-03-27 02:35:08  DEBUG     mapping: best match "artifacts_15.png" (score=0.307)
2026-03-27 02:35:14  DEBUG     mapping: best match "artifacts_15.png" (score=0.275)
2026-03-27 02:35:19  DEBUG     mapping: best match "artifacts_15.png" (score=0.275)
2026-03-27 02:35:25  DEBUG     mapping: best match "artifacts_15.png" (score=0.275)
2026-03-27 02:35:30  DEBUG     mapping: best match "artifacts_15.png" (score=0.298)
2026-03-27 02:35:35  DEBUG     mapping: best match "artifacts_15.png" (score=0.297)
2026-03-27 02:35:41  DEBUG     mapping: best match "artifacts_15.png" (score=0.294)
2026-03-27 02:35:46  DEBUG     mapping: best match "artifacts_15.png" (score=0.298)
2026-03-27 02:35:51  DEBUG     mapping: best match "artifacts_15.png" (score=0.301)
2026-03-27 02:35:56  DEBUG     mapping: best match "artifacts_15.png" (score=0.293)
2026-03-27 02:36:01  DEBUG     mapping: best match "artifacts_15.png" (score=0.290)
2026-03-27 02:36:07  DEBUG     mapping: best match "artifacts_15.png" (score=0.283)
2026-03-27 02:36:12  DEBUG     mapping: best match "artifacts_15.png" (score=0.284)
2026-03-27 02:36:17  DEBUG     mapping: best match "artifacts_15.png" (score=0.255)
2026-03-27 02:36:22  DEBUG     mapping: best match "artifacts_15.png" (score=0.269)
2026-03-27 02:36:27  DEBUG     mapping: best match "artifacts_15.png" (score=0.264)
2026-03-27 02:36:32  DEBUG     mapping: best match "artifacts_15.png" (score=0.275)
2026-03-27 02:36:38  DEBUG     mapping: best match "artifacts_15.png" (score=0.275)
2026-03-27 02:36:43  DEBUG     mapping: best match "artifacts_15.png" (score=0.285)
2026-03-27 02:36:48  DEBUG     mapping: best match "artifacts_15.png" (score=0.285)
2026-03-27 02:36:53  DEBUG     mapping: best match "artifacts_15.png" (score=0.283)
2026-03-27 02:36:58  DEBUG     mapping: best match "artifacts_15.png" (score=0.280)
2026-03-27 02:37:03  DEBUG     mapping: best match "artifacts_15.png" (score=0.278)
2026-03-27 02:37:09  DEBUG     mapping: best match "artifacts_15.png" (score=0.286)
2026-03-27 02:37:14  DEBUG     mapping: best match "artifacts_15.png" (score=0.304)
2026-03-27 02:37:19  DEBUG     mapping: best match "artifacts_15.png" (score=0.308)
2026-03-27 02:37:24  DEBUG     mapping: best match "artifacts_15.png" (score=0.308)
2026-03-27 02:37:30  DEBUG     mapping: best match "artifacts_15.png" (score=0.304)
2026-03-27 02:37:35  DEBUG     mapping: best match "artifacts_15.png" (score=0.308)
2026-03-27 02:37:40  DEBUG     mapping: best match "artifacts_15.png" (score=0.304)
2026-03-27 02:37:45  DEBUG     mapping: best match "artifacts_15.png" (score=0.299)
2026-03-27 02:37:51  DEBUG     mapping: best match "artifacts_15.png" (score=0.292)
2026-03-27 02:37:56  DEBUG     mapping: best match "artifacts_15.png" (score=0.289)
2026-03-27 02:38:01  DEBUG     mapping: best match "artifacts_15.png" (score=0.293)
2026-03-27 02:38:07  DEBUG     mapping: best match "artifacts_15.png" (score=0.296)
2026-03-27 02:38:12  DEBUG     mapping: best match "artifacts_15.png" (score=0.294)
2026-03-27 02:38:17  DEBUG     mapping: best match "artifacts_15.png" (score=0.287)
2026-03-27 02:38:23  DEBUG     mapping: best match "artifacts_15.png" (score=0.304)
2026-03-27 02:38:28  DEBUG     mapping: best match "artifacts_15.png" (score=0.304)
2026-03-27 02:38:33  DEBUG     mapping: best match "artifacts_15.png" (score=0.302)
2026-03-27 02:38:38  DEBUG     mapping: best match "artifacts_15.png" (score=0.301)
2026-03-27 02:38:44  DEBUG     mapping: best match "artifacts_15.png" (score=0.297)
2026-03-27 02:38:49  DEBUG     mapping: best match "artifacts_15.png" (score=0.286)
2026-03-27 02:38:54  DEBUG     mapping: best match "artifacts_15.png" (score=0.286)
2026-03-27 02:38:59  DEBUG     mapping: best match "artifacts_15.png" (score=0.297)
2026-03-27 02:39:04  DEBUG     mapping: best match "artifacts_15.png" (score=0.293)
2026-03-27 02:39:09  DEBUG     mapping: best match "artifacts_15.png" (score=0.291)
2026-03-27 02:39:15  DEBUG     mapping: best match "artifacts_15.png" (score=0.308)
2026-03-27 02:39:20  DEBUG     mapping: best match "artifacts_15.png" (score=0.309)
2026-03-27 02:39:26  DEBUG     mapping: best match "artifacts_15.png" (score=0.306)
2026-03-27 02:39:31  DEBUG     mapping: best match "artifacts_15.png" (score=0.321)
2026-03-27 02:39:31  INFO      gui_mapping: done — index sequence [15, 15, 15, 15, 15, 15, 15, 15, 15, 15, 15, 15, 15, 15, 15, 15, 15, 15, 15, 15, 15, 15, 15, 15, 15, 15, 15, 15, 15, 15, 15, 15, 15, 15, 15, 15, 15, 15, 15, 15, 15, 15, 15, 15, 15, 15, 15, 15, 15, 15, 15, 15, 15, 15] (287.18s)
2026-03-27 02:39:31  INFO        Mapped index sequence : [15, 15, 15, 15, 15, 15, 15, 15, 15, 15, 15, 15, 15, 15, 15, 15, 15, 15, 15, 15, 15, 15, 15, 15, 15, 15, 15, 15, 15, 15, 15, 15, 15, 15, 15, 15, 15, 15, 15, 15, 15, 15, 15, 15, 15, 15, 15, 15, 15, 15, 15, 15, 15, 15]
2026-03-27 02:39:31  INFO        Duration              : 287.18s
2026-03-27 02:39:31  INFO      ==================================================
2026-03-27 02:39:31  INFO      STEP 3: Find Execution Trace
2026-03-27 02:39:31  INFO        UTG file : /Users/tanmaybhuskute/Documents/gifdroid-reproduction/app_HomeMedkit/utg01/input/utg.json
2026-03-27 02:39:31  INFO      find_execution_trace: target sequence [15, 15, 15, 15, 15, 15, 15, 15, 15, 15, 15, 15, 15, 15, 15, 15, 15, 15, 15, 15, 15, 15, 15, 15, 15, 15, 15, 15, 15, 15, 15, 15, 15, 15, 15, 15, 15, 15, 15, 15, 15, 15, 15, 15, 15, 15, 15, 15, 15, 15, 15, 15, 15, 15]
2026-03-27 02:39:31  DEBUG     read_graph: 127 edges, 49 vertices loaded in 0.00s
2026-03-27 02:39:31  DEBUG     find_execution_trace: 1 candidate paths found in 0.00s
2026-03-27 02:39:31  INFO      find_execution_trace: 1 trace(s) found (LCS=1, length=3) in 0.00s
2026-03-27 02:39:31  INFO        Candidate traces found : 1
2026-03-27 02:39:31  INFO          Trace 0: [0, 1, 15]
2026-03-27 02:39:31  INFO        Duration : 0.00s
2026-03-27 02:39:31  INFO      ==================================================
2026-03-27 02:39:31  INFO      STEP 4: Store Execution Trace
2026-03-27 02:39:31  INFO      Execution trace written to: /Users/tanmaybhuskute/Documents/gifdroid-reproduction/app_HomeMedkit/utg01/output/execution_hhv_HomeMedkit_clip.json
2026-03-27 02:39:31  INFO        Duration : 0.00s
2026-03-27 02:39:31  INFO      ==================================================
2026-03-27 02:39:31  INFO      Pipeline complete.  Total time: 445.27s
2026-03-27 02:39:31  INFO      ==================================================
