2026-03-27 02:14:46  INFO      Log file: /Users/tanmaybhuskute/Documents/gifdroid-reproduction/app_HomeMedkit/utg01/gifdroid_20260327_021446_hhv_homography.log
2026-03-27 02:14:46  INFO      GIFdroid started
2026-03-27 02:14:46  INFO        --video            : /Users/tanmaybhuskute/Documents/gifdroid-reproduction/app_HomeMedkit/utg01/input/handheld/hhv_app_HomeMedkit.mp4
2026-03-27 02:14:46  INFO        --utg              : /Users/tanmaybhuskute/Documents/gifdroid-reproduction/app_HomeMedkit/utg01/input/utg.json
2026-03-27 02:14:46  INFO        --artifact         : /Users/tanmaybhuskute/Documents/gifdroid-reproduction/app_HomeMedkit/utg01/input/artifacts
2026-03-27 02:14:46  INFO        --out              : /Users/tanmaybhuskute/Documents/gifdroid-reproduction/app_HomeMedkit/utg01/output/execution_hhv_HomeMedkit_homography.json
2026-03-27 02:14:46  INFO        --log-dir          : None
2026-03-27 02:14:46  INFO        --save-keyframes   : /Users/tanmaybhuskute/Documents/gifdroid-reproduction/app_HomeMedkit/utg01/output/keyframes_homography
2026-03-27 02:14:46  INFO        --keyframe-method  : homography
2026-03-27 02:14:46  INFO      ==================================================
2026-03-27 02:14:46  INFO      STEP 1: Keyframe Location
2026-03-27 02:14:46  INFO        Input video      : /Users/tanmaybhuskute/Documents/gifdroid-reproduction/app_HomeMedkit/utg01/input/handheld/hhv_app_HomeMedkit.mp4
2026-03-27 02:14:46  INFO        Keyframe method  : homography
2026-03-27 02:14:46  INFO      keyframe_location_homography: starting on "/Users/tanmaybhuskute/Documents/gifdroid-reproduction/app_HomeMedkit/utg01/input/handheld/hhv_app_HomeMedkit.mp4"
2026-03-27 02:15:05  DEBUG     read_frames_from_video: 1359 frames decoded in 18.30s
2026-03-27 02:28:42  DEBUG     detect_keyframes: 36 keyframes detected from 1358 frames in 0.00s
2026-03-27 02:28:42  INFO      keyframe_location_homography: done — 36 keyframes at indices [129, 281, 316, 379, 388, 400, 436, 454, 466, 497, 527, 543, 558, 566, 591, 604, 615, 769, 838, 921, 928, 957, 1016, 1023, 1031, 1043, 1064, 1082, 1121, 1150, 1158, 1201, 1248, 1265, 1271, 1358] (836.28s)
2026-03-27 02:28:43  INFO        Keyframes found   : 36
2026-03-27 02:28:43  INFO        Keyframe indices  : [129, 281, 316, 379, 388, 400, 436, 454, 466, 497, 527, 543, 558, 566, 591, 604, 615, 769, 838, 921, 928, 957, 1016, 1023, 1031, 1043, 1064, 1082, 1121, 1150, 1158, 1201, 1248, 1265, 1271, 1358]
2026-03-27 02:28:43  INFO        Duration          : 836.60s
2026-03-27 02:28:47  INFO        Keyframes saved to: /Users/tanmaybhuskute/Documents/gifdroid-reproduction/app_HomeMedkit/utg01/output/keyframes_homography (36 files)
2026-03-27 02:28:47  INFO      ==================================================
2026-03-27 02:28:47  INFO      STEP 2: GUI Mapping
2026-03-27 02:28:47  INFO        Screenshots dir : /Users/tanmaybhuskute/Documents/gifdroid-reproduction/app_HomeMedkit/utg01/input/artifacts
2026-03-27 02:28:47  INFO      gui_mapping: matching 36 keyframes against screenshots in "/Users/tanmaybhuskute/Documents/gifdroid-reproduction/app_HomeMedkit/utg01/input/artifacts"
2026-03-27 02:28:50  DEBUG     load_screenshots: 48 screenshots loaded in 3.36s from "/Users/tanmaybhuskute/Documents/gifdroid-reproduction/app_HomeMedkit/utg01/input/artifacts"
2026-03-27 02:28:56  DEBUG     mapping: best match "artifacts_15.png" (score=0.283)
2026-03-27 02:29:01  DEBUG     mapping: best match "artifacts_15.png" (score=0.317)
2026-03-27 02:29:06  DEBUG     mapping: best match "artifacts_15.png" (score=0.314)
2026-03-27 02:29:11  DEBUG     mapping: best match "artifacts_15.png" (score=0.314)
2026-03-27 02:29:17  DEBUG     mapping: best match "artifacts_15.png" (score=0.311)
2026-03-27 02:29:22  DEBUG     mapping: best match "artifacts_15.png" (score=0.307)
2026-03-27 02:29:28  DEBUG     mapping: best match "artifacts_15.png" (score=0.275)
2026-03-27 02:29:33  DEBUG     mapping: best match "artifacts_15.png" (score=0.275)
2026-03-27 02:29:38  DEBUG     mapping: best match "artifacts_15.png" (score=0.274)
2026-03-27 02:29:44  DEBUG     mapping: best match "artifacts_15.png" (score=0.297)
2026-03-27 02:29:49  DEBUG     mapping: best match "artifacts_15.png" (score=0.300)
2026-03-27 02:29:54  DEBUG     mapping: best match "artifacts_15.png" (score=0.293)
2026-03-27 02:29:59  DEBUG     mapping: best match "artifacts_15.png" (score=0.290)
2026-03-27 02:30:05  DEBUG     mapping: best match "artifacts_15.png" (score=0.293)
2026-03-27 02:30:10  DEBUG     mapping: best match "artifacts_15.png" (score=0.283)
2026-03-27 02:30:15  DEBUG     mapping: best match "artifacts_15.png" (score=0.284)
2026-03-27 02:30:21  DEBUG     mapping: best match "artifacts_15.png" (score=0.255)
2026-03-27 02:30:26  DEBUG     mapping: best match "artifacts_15.png" (score=0.285)
2026-03-27 02:30:32  DEBUG     mapping: best match "artifacts_15.png" (score=0.286)
2026-03-27 02:30:37  DEBUG     mapping: best match "artifacts_15.png" (score=0.312)
2026-03-27 02:30:42  DEBUG     mapping: best match "artifacts_15.png" (score=0.308)
2026-03-27 02:30:48  DEBUG     mapping: best match "artifacts_15.png" (score=0.308)
2026-03-27 02:30:53  DEBUG     mapping: best match "artifacts_15.png" (score=0.298)
2026-03-27 02:30:59  DEBUG     mapping: best match "artifacts_15.png" (score=0.292)
2026-03-27 02:31:04  DEBUG     mapping: best match "artifacts_15.png" (score=0.290)
2026-03-27 02:31:09  DEBUG     mapping: best match "artifacts_15.png" (score=0.293)
2026-03-27 02:31:15  DEBUG     mapping: best match "artifacts_15.png" (score=0.291)
2026-03-27 02:31:20  DEBUG     mapping: best match "artifacts_15.png" (score=0.287)
2026-03-27 02:31:26  DEBUG     mapping: best match "artifacts_15.png" (score=0.307)
2026-03-27 02:31:32  DEBUG     mapping: best match "artifacts_15.png" (score=0.301)
2026-03-27 02:31:37  DEBUG     mapping: best match "artifacts_15.png" (score=0.297)
2026-03-27 02:31:43  DEBUG     mapping: best match "artifacts_15.png" (score=0.286)
2026-03-27 02:31:48  DEBUG     mapping: best match "artifacts_15.png" (score=0.291)
2026-03-27 02:31:54  DEBUG     mapping: best match "artifacts_15.png" (score=0.308)
2026-03-27 02:31:59  DEBUG     mapping: best match "artifacts_15.png" (score=0.309)
2026-03-27 02:32:04  DEBUG     mapping: best match "artifacts_15.png" (score=0.321)
2026-03-27 02:32:04  INFO      gui_mapping: done — index sequence [15, 15, 15, 15, 15, 15, 15, 15, 15, 15, 15, 15, 15, 15, 15, 15, 15, 15, 15, 15, 15, 15, 15, 15, 15, 15, 15, 15, 15, 15, 15, 15, 15, 15, 15, 15] (197.42s)
2026-03-27 02:32:04  INFO        Mapped index sequence : [15, 15, 15, 15, 15, 15, 15, 15, 15, 15, 15, 15, 15, 15, 15, 15, 15, 15, 15, 15, 15, 15, 15, 15, 15, 15, 15, 15, 15, 15, 15, 15, 15, 15, 15, 15]
2026-03-27 02:32:04  INFO        Duration              : 197.42s
2026-03-27 02:32:04  INFO      ==================================================
2026-03-27 02:32:04  INFO      STEP 3: Find Execution Trace
2026-03-27 02:32:04  INFO        UTG file : /Users/tanmaybhuskute/Documents/gifdroid-reproduction/app_HomeMedkit/utg01/input/utg.json
2026-03-27 02:32:04  INFO      find_execution_trace: target sequence [15, 15, 15, 15, 15, 15, 15, 15, 15, 15, 15, 15, 15, 15, 15, 15, 15, 15, 15, 15, 15, 15, 15, 15, 15, 15, 15, 15, 15, 15, 15, 15, 15, 15, 15, 15]
2026-03-27 02:32:04  DEBUG     read_graph: 127 edges, 49 vertices loaded in 0.00s
2026-03-27 02:32:04  DEBUG     find_execution_trace: 1 candidate paths found in 0.00s
2026-03-27 02:32:04  INFO      find_execution_trace: 1 trace(s) found (LCS=1, length=3) in 0.01s
2026-03-27 02:32:04  INFO        Candidate traces found : 1
2026-03-27 02:32:04  INFO          Trace 0: [0, 1, 15]
2026-03-27 02:32:04  INFO        Duration : 0.01s
2026-03-27 02:32:04  INFO      ==================================================
2026-03-27 02:32:04  INFO      STEP 4: Store Execution Trace
2026-03-27 02:32:04  INFO      Execution trace written to: /Users/tanmaybhuskute/Documents/gifdroid-reproduction/app_HomeMedkit/utg01/output/execution_hhv_HomeMedkit_homography.json
2026-03-27 02:32:04  INFO        Duration : 0.00s
2026-03-27 02:32:04  INFO      ==================================================
2026-03-27 02:32:04  INFO      Pipeline complete.  Total time: 1038.24s
2026-03-27 02:32:04  INFO      ==================================================
