2026-03-27 01:46:56  INFO      Log file: /Users/tanmaybhuskute/Documents/gifdroid-reproduction/app_HomeMedkit/utg01/gifdroid_20260327_014656_hhv_baseline.log
2026-03-27 01:46:56  INFO      GIFdroid started
2026-03-27 01:46:56  INFO        --video            : /Users/tanmaybhuskute/Documents/gifdroid-reproduction/app_HomeMedkit/utg01/input/handheld/hhv_app_HomeMedkit.mp4
2026-03-27 01:46:56  INFO        --utg              : /Users/tanmaybhuskute/Documents/gifdroid-reproduction/app_HomeMedkit/utg01/input/utg.json
2026-03-27 01:46:56  INFO        --artifact         : /Users/tanmaybhuskute/Documents/gifdroid-reproduction/app_HomeMedkit/utg01/input/artifacts
2026-03-27 01:46:56  INFO        --out              : /Users/tanmaybhuskute/Documents/gifdroid-reproduction/app_HomeMedkit/utg01/output/execution_hhv_HomeMedkit_baseline.json
2026-03-27 01:46:56  INFO        --log-dir          : None
2026-03-27 01:46:56  INFO        --save-keyframes   : /Users/tanmaybhuskute/Documents/gifdroid-reproduction/app_HomeMedkit/utg01/output/keyframes_baseline
2026-03-27 01:46:56  INFO        --keyframe-method  : baseline
2026-03-27 01:46:56  INFO      ==================================================
2026-03-27 01:46:56  INFO      STEP 1: Keyframe Location
2026-03-27 01:46:56  INFO        Input video      : /Users/tanmaybhuskute/Documents/gifdroid-reproduction/app_HomeMedkit/utg01/input/handheld/hhv_app_HomeMedkit.mp4
2026-03-27 01:46:56  INFO        Keyframe method  : baseline
2026-03-27 01:46:56  INFO      keyframe_location: starting on video "/Users/tanmaybhuskute/Documents/gifdroid-reproduction/app_HomeMedkit/utg01/input/handheld/hhv_app_HomeMedkit.mp4"
2026-03-27 01:47:11  DEBUG     read_frames_from_video: 1359 frames decoded in 15.15s
2026-03-27 01:50:05  DEBUG     calculate_sim_seq: 1358 similarities computed in 173.50s
2026-03-27 01:50:05  DEBUG     detect_keyframes: 54 keyframes detected from 1358 frames in 0.01s
2026-03-27 01:50:05  INFO      keyframe_location: done — 54 keyframes at indices [129, 281, 379, 400, 434, 454, 465, 492, 497, 515, 520, 526, 543, 558, 591, 604, 615, 640, 649, 676, 688, 707, 768, 775, 786, 807, 838, 849, 918, 928, 945, 957, 967, 1015, 1023, 1033, 1043, 1052, 1061, 1082, 1118, 1134, 1144, 1150, 1158, 1181, 1201, 1207, 1240, 1248, 1265, 1271, 1297, 1358] (188.73s total)
2026-03-27 01:50:05  INFO        Keyframes found   : 54
2026-03-27 01:50:05  INFO        Keyframe indices  : [129, 281, 379, 400, 434, 454, 465, 492, 497, 515, 520, 526, 543, 558, 591, 604, 615, 640, 649, 676, 688, 707, 768, 775, 786, 807, 838, 849, 918, 928, 945, 957, 967, 1015, 1023, 1033, 1043, 1052, 1061, 1082, 1118, 1134, 1144, 1150, 1158, 1181, 1201, 1207, 1240, 1248, 1265, 1271, 1297, 1358]
2026-03-27 01:50:05  INFO        Duration          : 189.01s
2026-03-27 01:50:12  INFO        Keyframes saved to: /Users/tanmaybhuskute/Documents/gifdroid-reproduction/app_HomeMedkit/utg01/output/keyframes_baseline (54 files)
2026-03-27 01:50:12  INFO      ==================================================
2026-03-27 01:50:12  INFO      STEP 2: GUI Mapping
2026-03-27 01:50:12  INFO        Screenshots dir : /Users/tanmaybhuskute/Documents/gifdroid-reproduction/app_HomeMedkit/utg01/input/artifacts
2026-03-27 01:50:12  INFO      gui_mapping: matching 54 keyframes against screenshots in "/Users/tanmaybhuskute/Documents/gifdroid-reproduction/app_HomeMedkit/utg01/input/artifacts"
2026-03-27 01:50:18  DEBUG     load_screenshots: 48 screenshots loaded in 5.75s from "/Users/tanmaybhuskute/Documents/gifdroid-reproduction/app_HomeMedkit/utg01/input/artifacts"
2026-03-27 01:50:24  DEBUG     mapping: best match "artifacts_15.png" (score=0.283)
2026-03-27 01:50:30  DEBUG     mapping: best match "artifacts_15.png" (score=0.317)
2026-03-27 01:50:36  DEBUG     mapping: best match "artifacts_15.png" (score=0.314)
2026-03-27 01:50:42  DEBUG     mapping: best match "artifacts_15.png" (score=0.307)
2026-03-27 01:50:47  DEBUG     mapping: best match "artifacts_15.png" (score=0.275)
2026-03-27 01:50:53  DEBUG     mapping: best match "artifacts_15.png" (score=0.275)
2026-03-27 01:50:59  DEBUG     mapping: best match "artifacts_15.png" (score=0.275)
2026-03-27 01:51:04  DEBUG     mapping: best match "artifacts_15.png" (score=0.298)
2026-03-27 01:51:09  DEBUG     mapping: best match "artifacts_15.png" (score=0.297)
2026-03-27 01:51:14  DEBUG     mapping: best match "artifacts_15.png" (score=0.294)
2026-03-27 01:51:20  DEBUG     mapping: best match "artifacts_15.png" (score=0.298)
2026-03-27 01:51:25  DEBUG     mapping: best match "artifacts_15.png" (score=0.301)
2026-03-27 01:51:31  DEBUG     mapping: best match "artifacts_15.png" (score=0.293)
2026-03-27 01:51:36  DEBUG     mapping: best match "artifacts_15.png" (score=0.290)
2026-03-27 01:51:41  DEBUG     mapping: best match "artifacts_15.png" (score=0.283)
2026-03-27 01:51:47  DEBUG     mapping: best match "artifacts_15.png" (score=0.284)
2026-03-27 01:51:52  DEBUG     mapping: best match "artifacts_15.png" (score=0.255)
2026-03-27 01:51:58  DEBUG     mapping: best match "artifacts_15.png" (score=0.269)
2026-03-27 01:52:03  DEBUG     mapping: best match "artifacts_15.png" (score=0.264)
2026-03-27 01:52:09  DEBUG     mapping: best match "artifacts_15.png" (score=0.275)
2026-03-27 01:52:14  DEBUG     mapping: best match "artifacts_15.png" (score=0.275)
2026-03-27 01:52:20  DEBUG     mapping: best match "artifacts_15.png" (score=0.285)
2026-03-27 01:52:26  DEBUG     mapping: best match "artifacts_15.png" (score=0.285)
2026-03-27 01:52:31  DEBUG     mapping: best match "artifacts_15.png" (score=0.283)
2026-03-27 01:52:37  DEBUG     mapping: best match "artifacts_15.png" (score=0.280)
2026-03-27 01:52:43  DEBUG     mapping: best match "artifacts_15.png" (score=0.278)
2026-03-27 01:52:49  DEBUG     mapping: best match "artifacts_15.png" (score=0.286)
2026-03-27 01:52:55  DEBUG     mapping: best match "artifacts_15.png" (score=0.304)
2026-03-27 01:53:02  DEBUG     mapping: best match "artifacts_15.png" (score=0.308)
2026-03-27 01:53:08  DEBUG     mapping: best match "artifacts_15.png" (score=0.308)
2026-03-27 01:53:14  DEBUG     mapping: best match "artifacts_15.png" (score=0.304)
2026-03-27 01:53:20  DEBUG     mapping: best match "artifacts_15.png" (score=0.308)
2026-03-27 01:53:26  DEBUG     mapping: best match "artifacts_15.png" (score=0.304)
2026-03-27 01:53:32  DEBUG     mapping: best match "artifacts_15.png" (score=0.299)
2026-03-27 01:53:37  DEBUG     mapping: best match "artifacts_15.png" (score=0.292)
2026-03-27 01:53:43  DEBUG     mapping: best match "artifacts_15.png" (score=0.289)
2026-03-27 01:53:48  DEBUG     mapping: best match "artifacts_15.png" (score=0.293)
2026-03-27 01:53:54  DEBUG     mapping: best match "artifacts_15.png" (score=0.296)
2026-03-27 01:53:59  DEBUG     mapping: best match "artifacts_15.png" (score=0.294)
2026-03-27 01:54:04  DEBUG     mapping: best match "artifacts_15.png" (score=0.287)
2026-03-27 01:54:10  DEBUG     mapping: best match "artifacts_15.png" (score=0.304)
2026-03-27 01:54:15  DEBUG     mapping: best match "artifacts_15.png" (score=0.304)
2026-03-27 01:54:20  DEBUG     mapping: best match "artifacts_15.png" (score=0.302)
2026-03-27 01:54:26  DEBUG     mapping: best match "artifacts_15.png" (score=0.301)
2026-03-27 01:54:31  DEBUG     mapping: best match "artifacts_15.png" (score=0.297)
2026-03-27 01:54:36  DEBUG     mapping: best match "artifacts_15.png" (score=0.286)
2026-03-27 01:54:42  DEBUG     mapping: best match "artifacts_15.png" (score=0.286)
2026-03-27 01:54:47  DEBUG     mapping: best match "artifacts_15.png" (score=0.297)
2026-03-27 01:54:52  DEBUG     mapping: best match "artifacts_15.png" (score=0.293)
2026-03-27 01:54:58  DEBUG     mapping: best match "artifacts_15.png" (score=0.291)
2026-03-27 01:55:03  DEBUG     mapping: best match "artifacts_15.png" (score=0.308)
2026-03-27 01:55:08  DEBUG     mapping: best match "artifacts_15.png" (score=0.309)
2026-03-27 01:55:14  DEBUG     mapping: best match "artifacts_15.png" (score=0.306)
2026-03-27 01:55:19  DEBUG     mapping: best match "artifacts_15.png" (score=0.321)
2026-03-27 01:55:19  INFO      gui_mapping: done — index sequence [15, 15, 15, 15, 15, 15, 15, 15, 15, 15, 15, 15, 15, 15, 15, 15, 15, 15, 15, 15, 15, 15, 15, 15, 15, 15, 15, 15, 15, 15, 15, 15, 15, 15, 15, 15, 15, 15, 15, 15, 15, 15, 15, 15, 15, 15, 15, 15, 15, 15, 15, 15, 15, 15] (307.41s)
2026-03-27 01:55:19  INFO        Mapped index sequence : [15, 15, 15, 15, 15, 15, 15, 15, 15, 15, 15, 15, 15, 15, 15, 15, 15, 15, 15, 15, 15, 15, 15, 15, 15, 15, 15, 15, 15, 15, 15, 15, 15, 15, 15, 15, 15, 15, 15, 15, 15, 15, 15, 15, 15, 15, 15, 15, 15, 15, 15, 15, 15, 15]
2026-03-27 01:55:19  INFO        Duration              : 307.41s
2026-03-27 01:55:19  INFO      ==================================================
2026-03-27 01:55:19  INFO      STEP 3: Find Execution Trace
2026-03-27 01:55:19  INFO        UTG file : /Users/tanmaybhuskute/Documents/gifdroid-reproduction/app_HomeMedkit/utg01/input/utg.json
2026-03-27 01:55:19  INFO      find_execution_trace: target sequence [15, 15, 15, 15, 15, 15, 15, 15, 15, 15, 15, 15, 15, 15, 15, 15, 15, 15, 15, 15, 15, 15, 15, 15, 15, 15, 15, 15, 15, 15, 15, 15, 15, 15, 15, 15, 15, 15, 15, 15, 15, 15, 15, 15, 15, 15, 15, 15, 15, 15, 15, 15, 15, 15]
2026-03-27 01:55:19  DEBUG     read_graph: 127 edges, 49 vertices loaded in 0.00s
2026-03-27 01:55:19  DEBUG     find_execution_trace: 1 candidate paths found in 0.00s
2026-03-27 01:55:19  INFO      find_execution_trace: 1 trace(s) found (LCS=1, length=3) in 0.01s
2026-03-27 01:55:19  INFO        Candidate traces found : 1
2026-03-27 01:55:19  INFO          Trace 0: [0, 1, 15]
2026-03-27 01:55:19  INFO        Duration : 0.01s
2026-03-27 01:55:19  INFO      ==================================================
2026-03-27 01:55:19  INFO      STEP 4: Store Execution Trace
2026-03-27 01:55:19  INFO      Execution trace written to: /Users/tanmaybhuskute/Documents/gifdroid-reproduction/app_HomeMedkit/utg01/output/execution_hhv_HomeMedkit_baseline.json
2026-03-27 01:55:19  INFO        Duration : 0.00s
2026-03-27 01:55:19  INFO      ==================================================
2026-03-27 01:55:19  INFO      Pipeline complete.  Total time: 503.19s
2026-03-27 01:55:19  INFO      ==================================================
