2026-03-20 02:19:38  INFO      Log file: /Users/tanmaybhuskute/Documents/gifdroid-reproduction/app_PortAuthority/utg02/gifdroid_20260320_021938_hhv.log
2026-03-20 02:19:38  INFO      GIFdroid started
2026-03-20 02:19:38  INFO        --video    : /Users/tanmaybhuskute/Documents/gifdroid-reproduction/app_PortAuthority/utg02/input/handheld/hhv_app_PortAuthority.mp4
2026-03-20 02:19:38  INFO        --utg      : /Users/tanmaybhuskute/Documents/gifdroid-reproduction/app_PortAuthority/utg02/input/utg.json
2026-03-20 02:19:38  INFO        --artifact : /Users/tanmaybhuskute/Documents/gifdroid-reproduction/app_PortAuthority/utg02/input/artifacts
2026-03-20 02:19:38  INFO        --out      : /Users/tanmaybhuskute/Documents/gifdroid-reproduction/app_PortAuthority/utg02/output/execution_hhv_PortAuthority.json
2026-03-20 02:19:38  INFO        --log-dir  : None
2026-03-20 02:19:38  INFO      ==================================================
2026-03-20 02:19:38  INFO      STEP 1: Keyframe Location
2026-03-20 02:19:38  INFO        Input video : /Users/tanmaybhuskute/Documents/gifdroid-reproduction/app_PortAuthority/utg02/input/handheld/hhv_app_PortAuthority.mp4
2026-03-20 02:19:38  INFO      keyframe_location: starting on video "/Users/tanmaybhuskute/Documents/gifdroid-reproduction/app_PortAuthority/utg02/input/handheld/hhv_app_PortAuthority.mp4"
2026-03-20 02:19:48  DEBUG     read_frames_from_video: 882 frames decoded in 10.45s
2026-03-20 02:21:41  DEBUG     calculate_sim_seq: 881 similarities computed in 112.83s
2026-03-20 02:21:41  DEBUG     detect_keyframes: 22 keyframes detected from 881 frames in 0.00s
2026-03-20 02:21:41  INFO      keyframe_location: done — 22 keyframes at indices [50, 118, 155, 181, 296, 429, 465, 490, 509, 577, 590, 614, 639, 657, 689, 720, 788, 815, 820, 827, 869, 874] (123.34s total)
2026-03-20 02:21:42  INFO        Keyframes found   : 22
2026-03-20 02:21:42  INFO        Keyframe indices  : [50, 118, 155, 181, 296, 429, 465, 490, 509, 577, 590, 614, 639, 657, 689, 720, 788, 815, 820, 827, 869, 874]
2026-03-20 02:21:42  INFO        Duration          : 124.04s
2026-03-20 02:21:42  INFO      ==================================================
2026-03-20 02:21:42  INFO      STEP 2: GUI Mapping
2026-03-20 02:21:42  INFO        Screenshots dir : /Users/tanmaybhuskute/Documents/gifdroid-reproduction/app_PortAuthority/utg02/input/artifacts
2026-03-20 02:21:42  INFO      gui_mapping: matching 22 keyframes against screenshots in "/Users/tanmaybhuskute/Documents/gifdroid-reproduction/app_PortAuthority/utg02/input/artifacts"
2026-03-20 02:21:50  DEBUG     load_screenshots: 88 screenshots loaded in 7.80s from "/Users/tanmaybhuskute/Documents/gifdroid-reproduction/app_PortAuthority/utg02/input/artifacts"
2026-03-20 02:22:04  DEBUG     mapping: best match "artifacts_13.png" (score=0.300)
2026-03-20 02:22:18  DEBUG     mapping: best match "artifacts_13.png" (score=0.240)
2026-03-20 02:22:32  DEBUG     mapping: best match "artifacts_13.png" (score=0.241)
2026-03-20 02:22:48  DEBUG     mapping: best match "artifacts_13.png" (score=0.240)
2026-03-20 02:23:01  DEBUG     mapping: best match "artifacts_13.png" (score=0.245)
2026-03-20 02:23:14  DEBUG     mapping: best match "artifacts_13.png" (score=0.241)
2026-03-20 02:23:27  DEBUG     mapping: best match "artifacts_13.png" (score=0.231)
2026-03-20 02:23:42  DEBUG     mapping: best match "artifacts_13.png" (score=0.237)
2026-03-20 02:23:56  DEBUG     mapping: best match "artifacts_13.png" (score=0.227)
2026-03-20 02:24:07  DEBUG     mapping: best match "artifacts_13.png" (score=0.201)
2026-03-20 02:24:17  DEBUG     mapping: best match "artifacts_13.png" (score=0.199)
2026-03-20 02:24:28  DEBUG     mapping: best match "artifacts_13.png" (score=0.219)
2026-03-20 02:24:40  DEBUG     mapping: best match "artifacts_13.png" (score=0.244)
2026-03-20 02:24:52  DEBUG     mapping: best match "artifacts_13.png" (score=0.241)
2026-03-20 02:25:05  DEBUG     mapping: best match "artifacts_13.png" (score=0.255)
2026-03-20 02:25:17  DEBUG     mapping: best match "artifacts_13.png" (score=0.250)
2026-03-20 02:25:29  DEBUG     mapping: best match "artifacts_13.png" (score=0.256)
2026-03-20 02:25:42  DEBUG     mapping: best match "artifacts_13.png" (score=0.219)
2026-03-20 02:25:56  DEBUG     mapping: best match "artifacts_13.png" (score=0.220)
2026-03-20 02:26:08  DEBUG     mapping: best match "artifacts_13.png" (score=0.226)
2026-03-20 02:26:20  DEBUG     mapping: best match "artifacts_13.png" (score=0.291)
2026-03-20 02:26:33  DEBUG     mapping: best match "artifacts_13.png" (score=0.291)
2026-03-20 02:26:33  INFO      gui_mapping: done — index sequence [13, 13, 13, 13, 13, 13, 13, 13, 13, 13, 13, 13, 13, 13, 13, 13, 13, 13, 13, 13, 13, 13] (291.11s)
2026-03-20 02:26:33  INFO        Mapped index sequence : [13, 13, 13, 13, 13, 13, 13, 13, 13, 13, 13, 13, 13, 13, 13, 13, 13, 13, 13, 13, 13, 13]
2026-03-20 02:26:33  INFO        Duration              : 291.11s
2026-03-20 02:26:33  INFO      ==================================================
2026-03-20 02:26:33  INFO      STEP 3: Find Execution Trace
2026-03-20 02:26:33  INFO        UTG file : /Users/tanmaybhuskute/Documents/gifdroid-reproduction/app_PortAuthority/utg02/input/utg.json
2026-03-20 02:26:33  INFO      find_execution_trace: target sequence [13, 13, 13, 13, 13, 13, 13, 13, 13, 13, 13, 13, 13, 13, 13, 13, 13, 13, 13, 13, 13, 13]
2026-03-20 02:26:33  DEBUG     read_graph: 254 edges, 88 vertices loaded in 0.02s
2026-03-20 02:26:33  DEBUG     find_execution_trace: 2 candidate paths found in 0.44s
2026-03-20 02:26:33  INFO      find_execution_trace: 1 trace(s) found (LCS=1, length=5) in 0.46s
2026-03-20 02:26:33  INFO        Candidate traces found : 1
2026-03-20 02:26:33  INFO          Trace 0: [0, 1, 2, 3, 13]
2026-03-20 02:26:33  INFO        Duration : 0.46s
2026-03-20 02:26:33  INFO      ==================================================
2026-03-20 02:26:33  INFO      STEP 4: Store Execution Trace
2026-03-20 02:26:33  INFO      Execution trace written to: /Users/tanmaybhuskute/Documents/gifdroid-reproduction/app_PortAuthority/utg02/output/execution_hhv_PortAuthority.json
2026-03-20 02:26:33  INFO        Duration : 0.01s
2026-03-20 02:26:33  INFO      ==================================================
2026-03-20 02:26:33  INFO      Pipeline complete.  Total time: 415.63s
2026-03-20 02:26:33  INFO      ==================================================
