2026-03-27 22:52:47  INFO      Log file: /Users/tanmaybhuskute/Documents/gifdroid-reproduction/app_WifiAnalyzer/utg03/gifdroid_20260327_225247_hhv_baseline.log
2026-03-27 22:52:47  INFO      GIFdroid started
2026-03-27 22:52:47  INFO        --video            : /Users/tanmaybhuskute/Documents/gifdroid-reproduction/app_WifiAnalyzer/utg03/input/handheld/hhv_app_WifiAnalyzer.mp4
2026-03-27 22:52:47  INFO        --utg              : /Users/tanmaybhuskute/Documents/gifdroid-reproduction/app_WifiAnalyzer/utg03/input/utg.json
2026-03-27 22:52:47  INFO        --artifact         : /Users/tanmaybhuskute/Documents/gifdroid-reproduction/app_WifiAnalyzer/utg03/input/artifacts
2026-03-27 22:52:47  INFO        --out              : /Users/tanmaybhuskute/Documents/gifdroid-reproduction/app_WifiAnalyzer/utg03/output/execution_hhv_WifiAnalyzer_baseline.json
2026-03-27 22:52:47  INFO        --log-dir          : None
2026-03-27 22:52:47  INFO        --save-keyframes   : /Users/tanmaybhuskute/Documents/gifdroid-reproduction/app_WifiAnalyzer/utg03/output/keyframes_baseline
2026-03-27 22:52:47  INFO        --keyframe-method  : baseline
2026-03-27 22:52:47  INFO      ==================================================
2026-03-27 22:52:47  INFO      STEP 1: Keyframe Location
2026-03-27 22:52:47  INFO        Input video      : /Users/tanmaybhuskute/Documents/gifdroid-reproduction/app_WifiAnalyzer/utg03/input/handheld/hhv_app_WifiAnalyzer.mp4
2026-03-27 22:52:47  INFO        Keyframe method  : baseline
2026-03-27 22:52:47  INFO      keyframe_location: starting on video "/Users/tanmaybhuskute/Documents/gifdroid-reproduction/app_WifiAnalyzer/utg03/input/handheld/hhv_app_WifiAnalyzer.mp4"
2026-03-27 22:52:58  DEBUG     read_frames_from_video: 1191 frames decoded in 10.18s
2026-03-27 22:54:43  DEBUG     calculate_sim_seq: 1190 similarities computed in 105.61s
2026-03-27 22:54:43  DEBUG     detect_keyframes: 15 keyframes detected from 1190 frames in 0.00s
2026-03-27 22:54:43  INFO      keyframe_location: done — 15 keyframes at indices [96, 131, 198, 260, 379, 466, 574, 599, 720, 738, 900, 943, 1100, 1124, 1190] (115.83s total)
2026-03-27 22:54:44  INFO        Keyframes found   : 15
2026-03-27 22:54:44  INFO        Keyframe indices  : [96, 131, 198, 260, 379, 466, 574, 599, 720, 738, 900, 943, 1100, 1124, 1190]
2026-03-27 22:54:44  INFO        Duration          : 116.32s
2026-03-27 22:54:45  INFO        Keyframes saved to: /Users/tanmaybhuskute/Documents/gifdroid-reproduction/app_WifiAnalyzer/utg03/output/keyframes_baseline (15 files)
2026-03-27 22:54:45  INFO      ==================================================
2026-03-27 22:54:45  INFO      STEP 2: GUI Mapping
2026-03-27 22:54:45  INFO        Screenshots dir : /Users/tanmaybhuskute/Documents/gifdroid-reproduction/app_WifiAnalyzer/utg03/input/artifacts
2026-03-27 22:54:45  INFO      gui_mapping: matching 15 keyframes against screenshots in "/Users/tanmaybhuskute/Documents/gifdroid-reproduction/app_WifiAnalyzer/utg03/input/artifacts"
2026-03-27 22:54:48  DEBUG     load_screenshots: 33 screenshots loaded in 2.88s from "/Users/tanmaybhuskute/Documents/gifdroid-reproduction/app_WifiAnalyzer/utg03/input/artifacts"
2026-03-27 22:54:56  DEBUG     mapping: best match "artifacts_33.png" (score=0.279)
2026-03-27 22:55:05  DEBUG     mapping: best match "artifacts_33.png" (score=0.363)
2026-03-27 22:55:13  DEBUG     mapping: best match "artifacts_33.png" (score=0.306)
2026-03-27 22:55:21  DEBUG     mapping: best match "artifacts_33.png" (score=0.304)
2026-03-27 22:55:29  DEBUG     mapping: best match "artifacts_33.png" (score=0.313)
2026-03-27 22:55:38  DEBUG     mapping: best match "artifacts_33.png" (score=0.329)
2026-03-27 22:55:46  DEBUG     mapping: best match "artifacts_33.png" (score=0.320)
2026-03-27 22:55:54  DEBUG     mapping: best match "artifacts_33.png" (score=0.319)
2026-03-27 22:56:03  DEBUG     mapping: best match "artifacts_33.png" (score=0.318)
2026-03-27 22:56:32  DEBUG     mapping: best match "artifacts_33.png" (score=0.319)
2026-03-27 22:56:41  DEBUG     mapping: best match "artifacts_33.png" (score=0.328)
2026-03-27 22:56:50  DEBUG     mapping: best match "artifacts_33.png" (score=0.327)
2026-03-27 22:56:59  DEBUG     mapping: best match "artifacts_33.png" (score=0.332)
2026-03-27 22:57:07  DEBUG     mapping: best match "artifacts_33.png" (score=0.332)
2026-03-27 22:57:16  DEBUG     mapping: best match "artifacts_33.png" (score=0.331)
2026-03-27 22:57:16  INFO      gui_mapping: done — index sequence [33, 33, 33, 33, 33, 33, 33, 33, 33, 33, 33, 33, 33, 33, 33] (150.76s)
2026-03-27 22:57:16  INFO        Mapped index sequence : [33, 33, 33, 33, 33, 33, 33, 33, 33, 33, 33, 33, 33, 33, 33]
2026-03-27 22:57:16  INFO        Duration              : 150.76s
2026-03-27 22:57:16  INFO      ==================================================
2026-03-27 22:57:16  INFO      STEP 3: Find Execution Trace
2026-03-27 22:57:16  INFO        UTG file : /Users/tanmaybhuskute/Documents/gifdroid-reproduction/app_WifiAnalyzer/utg03/input/utg.json
2026-03-27 22:57:16  INFO      find_execution_trace: target sequence [33, 33, 33, 33, 33, 33, 33, 33, 33, 33, 33, 33, 33, 33, 33]
2026-03-27 22:57:16  DEBUG     read_graph: 119 edges, 32 vertices loaded in 0.01s
2026-03-27 22:57:16  DEBUG     find_execution_trace: 0 candidate paths found in 0.01s
2026-03-27 22:57:16  WARNING   find_execution_trace: no paths found from node 0 to screen 33 in the UTG (sequence=[33, 33, 33, 33, 33, 33, 33, 33, 33, 33, 33, 33, 33, 33, 33]). Returning empty trace. (0.01s)
2026-03-27 22:57:16  INFO        Candidate traces found : 0
2026-03-27 22:57:16  INFO        Duration : 0.01s
2026-03-27 22:57:16  INFO      ==================================================
2026-03-27 22:57:16  INFO      STEP 4: Store Execution Trace
2026-03-27 22:57:16  INFO      Execution trace written to: /Users/tanmaybhuskute/Documents/gifdroid-reproduction/app_WifiAnalyzer/utg03/output/execution_hhv_WifiAnalyzer_baseline.json
2026-03-27 22:57:16  INFO        Duration : 0.00s
2026-03-27 22:57:16  INFO      ==================================================
2026-03-27 22:57:16  INFO      Pipeline complete.  Total time: 268.35s
2026-03-27 22:57:16  INFO      ==================================================
