2026-03-23 13:31:28  INFO      Log file: /Users/tanmaybhuskute/Documents/gifdroid-reproduction/app_WifiAnalyzer/utg03/gifdroid_20260323_133128_hhv.log
2026-03-23 13:31:28  INFO      GIFdroid started
2026-03-23 13:31:28  INFO        --video          : app_WifiAnalyzer/utg03/input/handheld/hhv_app_WifiAnalyzer.mp4
2026-03-23 13:31:28  INFO        --utg            : app_WifiAnalyzer/utg03/input/utg.json
2026-03-23 13:31:28  INFO        --artifact       : app_WifiAnalyzer/utg03/input/artifacts
2026-03-23 13:31:28  INFO        --out            : app_WifiAnalyzer/utg03/output/execution_hhv_WifiAnalyzer.json
2026-03-23 13:31:28  INFO        --log-dir        : None
2026-03-23 13:31:28  INFO        --save-keyframes : /Users/tanmaybhuskute/Documents/gifdroid-reproduction/app_WifiAnalyzer/utg03/output/keyframes
2026-03-23 13:31:28  INFO      ==================================================
2026-03-23 13:31:28  INFO      STEP 1: Keyframe Location
2026-03-23 13:31:28  INFO        Input video : app_WifiAnalyzer/utg03/input/handheld/hhv_app_WifiAnalyzer.mp4
2026-03-23 13:31:28  INFO      keyframe_location: starting on video "app_WifiAnalyzer/utg03/input/handheld/hhv_app_WifiAnalyzer.mp4"
2026-03-23 13:31:37  DEBUG     read_frames_from_video: 1191 frames decoded in 8.51s
2026-03-23 13:33:24  DEBUG     calculate_sim_seq: 1190 similarities computed in 106.78s
2026-03-23 13:33:24  DEBUG     detect_keyframes: 15 keyframes detected from 1190 frames in 0.00s
2026-03-23 13:33:24  INFO      keyframe_location: done — 15 keyframes at indices [96, 131, 198, 260, 379, 466, 574, 599, 720, 738, 900, 943, 1100, 1124, 1190] (115.32s total)
2026-03-23 13:33:24  INFO        Keyframes found   : 15
2026-03-23 13:33:24  INFO        Keyframe indices  : [96, 131, 198, 260, 379, 466, 574, 599, 720, 738, 900, 943, 1100, 1124, 1190]
2026-03-23 13:33:24  INFO        Duration          : 115.73s
2026-03-23 13:33:25  INFO        Keyframes saved to: /Users/tanmaybhuskute/Documents/gifdroid-reproduction/app_WifiAnalyzer/utg03/output/keyframes (15 files)
2026-03-23 13:33:25  INFO      ==================================================
2026-03-23 13:33:25  INFO      STEP 2: GUI Mapping
2026-03-23 13:33:25  INFO        Screenshots dir : app_WifiAnalyzer/utg03/input/artifacts
2026-03-23 13:33:25  INFO      gui_mapping: matching 15 keyframes against screenshots in "app_WifiAnalyzer/utg03/input/artifacts"
2026-03-23 13:33:28  DEBUG     load_screenshots: 33 screenshots loaded in 2.84s from "app_WifiAnalyzer/utg03/input/artifacts"
2026-03-23 13:33:36  DEBUG     mapping: best match "artifacts_33.png" (score=0.279)
2026-03-23 13:33:45  DEBUG     mapping: best match "artifacts_33.png" (score=0.363)
2026-03-23 13:33:53  DEBUG     mapping: best match "artifacts_33.png" (score=0.306)
2026-03-23 13:34:02  DEBUG     mapping: best match "artifacts_33.png" (score=0.304)
2026-03-23 13:34:10  DEBUG     mapping: best match "artifacts_33.png" (score=0.313)
2026-03-23 13:34:18  DEBUG     mapping: best match "artifacts_33.png" (score=0.329)
2026-03-23 13:34:26  DEBUG     mapping: best match "artifacts_33.png" (score=0.320)
2026-03-23 13:34:35  DEBUG     mapping: best match "artifacts_33.png" (score=0.319)
2026-03-23 13:34:43  DEBUG     mapping: best match "artifacts_33.png" (score=0.318)
2026-03-23 13:34:52  DEBUG     mapping: best match "artifacts_33.png" (score=0.319)
2026-03-23 13:35:00  DEBUG     mapping: best match "artifacts_33.png" (score=0.328)
2026-03-23 13:35:08  DEBUG     mapping: best match "artifacts_33.png" (score=0.327)
2026-03-23 13:35:17  DEBUG     mapping: best match "artifacts_33.png" (score=0.332)
2026-03-23 13:35:25  DEBUG     mapping: best match "artifacts_33.png" (score=0.332)
2026-03-23 13:35:33  DEBUG     mapping: best match "artifacts_33.png" (score=0.331)
2026-03-23 13:35:33  INFO      gui_mapping: done — index sequence [33, 33, 33, 33, 33, 33, 33, 33, 33, 33, 33, 33, 33, 33, 33] (127.97s)
2026-03-23 13:35:33  INFO        Mapped index sequence : [33, 33, 33, 33, 33, 33, 33, 33, 33, 33, 33, 33, 33, 33, 33]
2026-03-23 13:35:33  INFO        Duration              : 127.97s
2026-03-23 13:35:33  INFO      ==================================================
2026-03-23 13:35:33  INFO      STEP 3: Find Execution Trace
2026-03-23 13:35:33  INFO        UTG file : app_WifiAnalyzer/utg03/input/utg.json
2026-03-23 13:35:33  INFO      find_execution_trace: target sequence [33, 33, 33, 33, 33, 33, 33, 33, 33, 33, 33, 33, 33, 33, 33]
2026-03-23 13:35:33  DEBUG     read_graph: 119 edges, 32 vertices loaded in 0.00s
2026-03-23 13:35:33  DEBUG     find_execution_trace: 0 candidate paths found in 0.01s
2026-03-23 13:35:33  WARNING   find_execution_trace: no paths found from node 0 to screen 33 in the UTG (sequence=[33, 33, 33, 33, 33, 33, 33, 33, 33, 33, 33, 33, 33, 33, 33]). Returning empty trace. (0.01s)
2026-03-23 13:35:33  INFO        Candidate traces found : 0
2026-03-23 13:35:33  INFO        Duration : 0.01s
2026-03-23 13:35:33  INFO      ==================================================
2026-03-23 13:35:33  INFO      STEP 4: Store Execution Trace
2026-03-23 13:35:33  INFO      Execution trace written to: app_WifiAnalyzer/utg03/output/execution_hhv_WifiAnalyzer.json
2026-03-23 13:35:33  INFO        Duration : 0.00s
2026-03-23 13:35:33  INFO      ==================================================
2026-03-23 13:35:33  INFO      Pipeline complete.  Total time: 244.90s
2026-03-23 13:35:33  INFO      ==================================================
