2026-03-27 23:25:23  INFO      Log file: /Users/tanmaybhuskute/Documents/gifdroid-reproduction/app_WifiAnalyzer/utg03/gifdroid_20260327_232523_hhv_clip.log
2026-03-27 23:25:23  INFO      GIFdroid started
2026-03-27 23:25:23  INFO        --video            : /Users/tanmaybhuskute/Documents/gifdroid-reproduction/app_WifiAnalyzer/utg03/input/handheld/hhv_app_WifiAnalyzer.mp4
2026-03-27 23:25:23  INFO        --utg              : /Users/tanmaybhuskute/Documents/gifdroid-reproduction/app_WifiAnalyzer/utg03/input/utg.json
2026-03-27 23:25:23  INFO        --artifact         : /Users/tanmaybhuskute/Documents/gifdroid-reproduction/app_WifiAnalyzer/utg03/input/artifacts
2026-03-27 23:25:23  INFO        --out              : /Users/tanmaybhuskute/Documents/gifdroid-reproduction/app_WifiAnalyzer/utg03/output/execution_hhv_WifiAnalyzer_clip.json
2026-03-27 23:25:23  INFO        --log-dir          : None
2026-03-27 23:25:23  INFO        --save-keyframes   : /Users/tanmaybhuskute/Documents/gifdroid-reproduction/app_WifiAnalyzer/utg03/output/keyframes_clip
2026-03-27 23:25:23  INFO        --keyframe-method  : clip
2026-03-27 23:25:23  INFO      ==================================================
2026-03-27 23:25:23  INFO      STEP 1: Keyframe Location
2026-03-27 23:25:23  INFO        Input video      : /Users/tanmaybhuskute/Documents/gifdroid-reproduction/app_WifiAnalyzer/utg03/input/handheld/hhv_app_WifiAnalyzer.mp4
2026-03-27 23:25:23  INFO        Keyframe method  : clip
2026-03-27 23:25:23  INFO      keyframe_location_clip_cluster: starting on "/Users/tanmaybhuskute/Documents/gifdroid-reproduction/app_WifiAnalyzer/utg03/input/handheld/hhv_app_WifiAnalyzer.mp4" (threshold=0.85)
2026-03-27 23:25:23  INFO      keyframe_location: starting on video "/Users/tanmaybhuskute/Documents/gifdroid-reproduction/app_WifiAnalyzer/utg03/input/handheld/hhv_app_WifiAnalyzer.mp4"
2026-03-27 23:25:32  DEBUG     read_frames_from_video: 1191 frames decoded in 9.46s
2026-03-27 23:27:17  DEBUG     calculate_sim_seq: 1190 similarities computed in 104.56s
2026-03-27 23:27:17  DEBUG     detect_keyframes: 15 keyframes detected from 1190 frames in 0.00s
2026-03-27 23:27:17  INFO      keyframe_location: done — 15 keyframes at indices [96, 131, 198, 260, 379, 466, 574, 599, 720, 738, 900, 943, 1100, 1124, 1190] (114.07s total)
2026-03-27 23:27:18  INFO      keyframe_location_clip_cluster: baseline produced 15 keyframes
2026-03-27 23:27:19  WARNING   keyframe_location_clip_cluster: missing dependency (No module named 'transformers'); returning baseline result. Install with: pip install transformers torch scikit-learn
2026-03-27 23:27:19  INFO        Keyframes found   : 15
2026-03-27 23:27:19  INFO        Keyframe indices  : [96, 131, 198, 260, 379, 466, 574, 599, 720, 738, 900, 943, 1100, 1124, 1190]
2026-03-27 23:27:19  INFO        Duration          : 115.74s
2026-03-27 23:27:20  INFO        Keyframes saved to: /Users/tanmaybhuskute/Documents/gifdroid-reproduction/app_WifiAnalyzer/utg03/output/keyframes_clip (15 files)
2026-03-27 23:27:20  INFO      ==================================================
2026-03-27 23:27:20  INFO      STEP 2: GUI Mapping
2026-03-27 23:27:20  INFO        Screenshots dir : /Users/tanmaybhuskute/Documents/gifdroid-reproduction/app_WifiAnalyzer/utg03/input/artifacts
2026-03-27 23:27:20  INFO      gui_mapping: matching 15 keyframes against screenshots in "/Users/tanmaybhuskute/Documents/gifdroid-reproduction/app_WifiAnalyzer/utg03/input/artifacts"
2026-03-27 23:27:23  DEBUG     load_screenshots: 33 screenshots loaded in 2.83s from "/Users/tanmaybhuskute/Documents/gifdroid-reproduction/app_WifiAnalyzer/utg03/input/artifacts"
2026-03-27 23:27:31  DEBUG     mapping: best match "artifacts_33.png" (score=0.279)
2026-03-27 23:27:39  DEBUG     mapping: best match "artifacts_33.png" (score=0.363)
2026-03-27 23:27:47  DEBUG     mapping: best match "artifacts_33.png" (score=0.306)
2026-03-27 23:27:56  DEBUG     mapping: best match "artifacts_33.png" (score=0.304)
2026-03-27 23:28:04  DEBUG     mapping: best match "artifacts_33.png" (score=0.313)
2026-03-27 23:28:12  DEBUG     mapping: best match "artifacts_33.png" (score=0.329)
2026-03-27 23:28:20  DEBUG     mapping: best match "artifacts_33.png" (score=0.320)
2026-03-27 23:28:37  DEBUG     mapping: best match "artifacts_33.png" (score=0.319)
2026-03-27 23:28:47  DEBUG     mapping: best match "artifacts_33.png" (score=0.318)
2026-03-27 23:28:55  DEBUG     mapping: best match "artifacts_33.png" (score=0.319)
2026-03-27 23:29:04  DEBUG     mapping: best match "artifacts_33.png" (score=0.328)
2026-03-27 23:29:12  DEBUG     mapping: best match "artifacts_33.png" (score=0.327)
2026-03-27 23:29:21  DEBUG     mapping: best match "artifacts_33.png" (score=0.332)
2026-03-27 23:29:29  DEBUG     mapping: best match "artifacts_33.png" (score=0.332)
2026-03-27 23:29:39  DEBUG     mapping: best match "artifacts_33.png" (score=0.331)
2026-03-27 23:29:39  INFO      gui_mapping: done — index sequence [33, 33, 33, 33, 33, 33, 33, 33, 33, 33, 33, 33, 33, 33, 33] (138.88s)
2026-03-27 23:29:39  INFO        Mapped index sequence : [33, 33, 33, 33, 33, 33, 33, 33, 33, 33, 33, 33, 33, 33, 33]
2026-03-27 23:29:39  INFO        Duration              : 138.88s
2026-03-27 23:29:39  INFO      ==================================================
2026-03-27 23:29:39  INFO      STEP 3: Find Execution Trace
2026-03-27 23:29:39  INFO        UTG file : /Users/tanmaybhuskute/Documents/gifdroid-reproduction/app_WifiAnalyzer/utg03/input/utg.json
2026-03-27 23:29:39  INFO      find_execution_trace: target sequence [33, 33, 33, 33, 33, 33, 33, 33, 33, 33, 33, 33, 33, 33, 33]
2026-03-27 23:29:39  DEBUG     read_graph: 119 edges, 32 vertices loaded in 0.00s
2026-03-27 23:29:39  DEBUG     find_execution_trace: 0 candidate paths found in 0.01s
2026-03-27 23:29:39  WARNING   find_execution_trace: no paths found from node 0 to screen 33 in the UTG (sequence=[33, 33, 33, 33, 33, 33, 33, 33, 33, 33, 33, 33, 33, 33, 33]). Returning empty trace. (0.01s)
2026-03-27 23:29:39  INFO        Candidate traces found : 0
2026-03-27 23:29:39  INFO        Duration : 0.01s
2026-03-27 23:29:39  INFO      ==================================================
2026-03-27 23:29:39  INFO      STEP 4: Store Execution Trace
2026-03-27 23:29:39  INFO      Execution trace written to: /Users/tanmaybhuskute/Documents/gifdroid-reproduction/app_WifiAnalyzer/utg03/output/execution_hhv_WifiAnalyzer_clip.json
2026-03-27 23:29:39  INFO        Duration : 0.00s
2026-03-27 23:29:39  INFO      ==================================================
2026-03-27 23:29:39  INFO      Pipeline complete.  Total time: 255.80s
2026-03-27 23:29:39  INFO      ==================================================
