2026-03-27 23:07:24  INFO      Log file: /Users/tanmaybhuskute/Documents/gifdroid-reproduction/app_WifiAnalyzer/utg03/gifdroid_20260327_230724_hhv_homography.log
2026-03-27 23:07:24  INFO      GIFdroid started
2026-03-27 23:07:24  INFO        --video            : /Users/tanmaybhuskute/Documents/gifdroid-reproduction/app_WifiAnalyzer/utg03/input/handheld/hhv_app_WifiAnalyzer.mp4
2026-03-27 23:07:24  INFO        --utg              : /Users/tanmaybhuskute/Documents/gifdroid-reproduction/app_WifiAnalyzer/utg03/input/utg.json
2026-03-27 23:07:24  INFO        --artifact         : /Users/tanmaybhuskute/Documents/gifdroid-reproduction/app_WifiAnalyzer/utg03/input/artifacts
2026-03-27 23:07:24  INFO        --out              : /Users/tanmaybhuskute/Documents/gifdroid-reproduction/app_WifiAnalyzer/utg03/output/execution_hhv_WifiAnalyzer_homography.json
2026-03-27 23:07:24  INFO        --log-dir          : None
2026-03-27 23:07:24  INFO        --save-keyframes   : /Users/tanmaybhuskute/Documents/gifdroid-reproduction/app_WifiAnalyzer/utg03/output/keyframes_homography
2026-03-27 23:07:24  INFO        --keyframe-method  : homography
2026-03-27 23:07:24  INFO      ==================================================
2026-03-27 23:07:24  INFO      STEP 1: Keyframe Location
2026-03-27 23:07:24  INFO        Input video      : /Users/tanmaybhuskute/Documents/gifdroid-reproduction/app_WifiAnalyzer/utg03/input/handheld/hhv_app_WifiAnalyzer.mp4
2026-03-27 23:07:24  INFO        Keyframe method  : homography
2026-03-27 23:07:24  INFO      keyframe_location_homography: starting on "/Users/tanmaybhuskute/Documents/gifdroid-reproduction/app_WifiAnalyzer/utg03/input/handheld/hhv_app_WifiAnalyzer.mp4"
2026-03-27 23:07:34  DEBUG     read_frames_from_video: 1191 frames decoded in 10.09s
2026-03-27 23:23:27  DEBUG     detect_keyframes: 13 keyframes detected from 1190 frames in 0.00s
2026-03-27 23:23:27  INFO      keyframe_location_homography: done — 13 keyframes at indices [96, 123, 128, 206, 219, 260, 379, 466, 599, 720, 738, 943, 1190] (963.64s)
2026-03-27 23:23:28  INFO        Keyframes found   : 13
2026-03-27 23:23:28  INFO        Keyframe indices  : [96, 123, 128, 206, 219, 260, 379, 466, 599, 720, 738, 943, 1190]
2026-03-27 23:23:28  INFO        Duration          : 963.94s
2026-03-27 23:23:29  INFO        Keyframes saved to: /Users/tanmaybhuskute/Documents/gifdroid-reproduction/app_WifiAnalyzer/utg03/output/keyframes_homography (13 files)
2026-03-27 23:23:29  INFO      ==================================================
2026-03-27 23:23:29  INFO      STEP 2: GUI Mapping
2026-03-27 23:23:29  INFO        Screenshots dir : /Users/tanmaybhuskute/Documents/gifdroid-reproduction/app_WifiAnalyzer/utg03/input/artifacts
2026-03-27 23:23:29  INFO      gui_mapping: matching 13 keyframes against screenshots in "/Users/tanmaybhuskute/Documents/gifdroid-reproduction/app_WifiAnalyzer/utg03/input/artifacts"
2026-03-27 23:23:32  DEBUG     load_screenshots: 33 screenshots loaded in 3.57s from "/Users/tanmaybhuskute/Documents/gifdroid-reproduction/app_WifiAnalyzer/utg03/input/artifacts"
2026-03-27 23:23:41  DEBUG     mapping: best match "artifacts_33.png" (score=0.279)
2026-03-27 23:23:49  DEBUG     mapping: best match "artifacts_33.png" (score=0.370)
2026-03-27 23:23:58  DEBUG     mapping: best match "artifacts_33.png" (score=0.369)
2026-03-27 23:24:06  DEBUG     mapping: best match "artifacts_33.png" (score=0.304)
2026-03-27 23:24:14  DEBUG     mapping: best match "artifacts_33.png" (score=0.305)
2026-03-27 23:24:23  DEBUG     mapping: best match "artifacts_33.png" (score=0.304)
2026-03-27 23:24:31  DEBUG     mapping: best match "artifacts_33.png" (score=0.313)
2026-03-27 23:24:40  DEBUG     mapping: best match "artifacts_33.png" (score=0.329)
2026-03-27 23:24:48  DEBUG     mapping: best match "artifacts_33.png" (score=0.319)
2026-03-27 23:24:56  DEBUG     mapping: best match "artifacts_33.png" (score=0.318)
2026-03-27 23:25:05  DEBUG     mapping: best match "artifacts_33.png" (score=0.319)
2026-03-27 23:25:13  DEBUG     mapping: best match "artifacts_33.png" (score=0.327)
2026-03-27 23:25:21  DEBUG     mapping: best match "artifacts_33.png" (score=0.331)
2026-03-27 23:25:21  INFO      gui_mapping: done — index sequence [33, 33, 33, 33, 33, 33, 33, 33, 33, 33, 33, 33, 33] (111.95s)
2026-03-27 23:25:21  INFO        Mapped index sequence : [33, 33, 33, 33, 33, 33, 33, 33, 33, 33, 33, 33, 33]
2026-03-27 23:25:21  INFO        Duration              : 111.95s
2026-03-27 23:25:21  INFO      ==================================================
2026-03-27 23:25:21  INFO      STEP 3: Find Execution Trace
2026-03-27 23:25:21  INFO        UTG file : /Users/tanmaybhuskute/Documents/gifdroid-reproduction/app_WifiAnalyzer/utg03/input/utg.json
2026-03-27 23:25:21  INFO      find_execution_trace: target sequence [33, 33, 33, 33, 33, 33, 33, 33, 33, 33, 33, 33, 33]
2026-03-27 23:25:21  DEBUG     read_graph: 119 edges, 32 vertices loaded in 0.01s
2026-03-27 23:25:21  DEBUG     find_execution_trace: 0 candidate paths found in 0.01s
2026-03-27 23:25:21  WARNING   find_execution_trace: no paths found from node 0 to screen 33 in the UTG (sequence=[33, 33, 33, 33, 33, 33, 33, 33, 33, 33, 33, 33, 33]). Returning empty trace. (0.01s)
2026-03-27 23:25:21  INFO        Candidate traces found : 0
2026-03-27 23:25:21  INFO        Duration : 0.01s
2026-03-27 23:25:21  INFO      ==================================================
2026-03-27 23:25:21  INFO      STEP 4: Store Execution Trace
2026-03-27 23:25:21  INFO      Execution trace written to: /Users/tanmaybhuskute/Documents/gifdroid-reproduction/app_WifiAnalyzer/utg03/output/execution_hhv_WifiAnalyzer_homography.json
2026-03-27 23:25:21  INFO        Duration : 0.00s
2026-03-27 23:25:21  INFO      ==================================================
2026-03-27 23:25:21  INFO      Pipeline complete.  Total time: 1077.28s
2026-03-27 23:25:21  INFO      ==================================================
