2026-03-22 23:01:44  INFO      Log file: /Users/tanmaybhuskute/Documents/gifdroid-reproduction/app_WifiAnalyzer/utg03/gifdroid_20260322_230144_srv.log
2026-03-22 23:01:44  INFO      GIFdroid started
2026-03-22 23:01:44  INFO        --video          : /Users/tanmaybhuskute/Documents/gifdroid-reproduction/app_WifiAnalyzer/utg03/input/screenrec/srv_app_WifiAnalyzer.mp4
2026-03-22 23:01:44  INFO        --utg            : /Users/tanmaybhuskute/Documents/gifdroid-reproduction/app_WifiAnalyzer/utg03/input/utg.json
2026-03-22 23:01:44  INFO        --artifact       : /Users/tanmaybhuskute/Documents/gifdroid-reproduction/app_WifiAnalyzer/utg03/input/artifacts
2026-03-22 23:01:44  INFO        --out            : /Users/tanmaybhuskute/Documents/gifdroid-reproduction/app_WifiAnalyzer/utg03/output/execution_srv_WifiAnalyzer.json
2026-03-22 23:01:44  INFO        --log-dir        : None
2026-03-22 23:01:44  INFO        --save-keyframes : /Users/tanmaybhuskute/Documents/gifdroid-reproduction/app_WifiAnalyzer/utg03/output/keyframes
2026-03-22 23:01:44  INFO      ==================================================
2026-03-22 23:01:44  INFO      STEP 1: Keyframe Location
2026-03-22 23:01:44  INFO        Input video : /Users/tanmaybhuskute/Documents/gifdroid-reproduction/app_WifiAnalyzer/utg03/input/screenrec/srv_app_WifiAnalyzer.mp4
2026-03-22 23:01:44  INFO      keyframe_location: starting on video "/Users/tanmaybhuskute/Documents/gifdroid-reproduction/app_WifiAnalyzer/utg03/input/screenrec/srv_app_WifiAnalyzer.mp4"
2026-03-22 23:01:51  DEBUG     read_frames_from_video: 877 frames decoded in 6.93s
2026-03-22 23:03:07  DEBUG     calculate_sim_seq: 876 similarities computed in 76.06s
2026-03-22 23:03:07  DEBUG     detect_keyframes: 16 keyframes detected from 876 frames in 0.00s
2026-03-22 23:03:07  INFO      keyframe_location: done — 16 keyframes at indices [12, 36, 114, 130, 211, 226, 244, 370, 514, 528, 623, 688, 715, 726, 749, 876] (83.01s total)
2026-03-22 23:03:07  INFO        Keyframes found   : 16
2026-03-22 23:03:07  INFO        Keyframe indices  : [12, 36, 114, 130, 211, 226, 244, 370, 514, 528, 623, 688, 715, 726, 749, 876]
2026-03-22 23:03:07  INFO        Duration          : 83.20s
2026-03-22 23:03:08  INFO        Keyframes saved to: /Users/tanmaybhuskute/Documents/gifdroid-reproduction/app_WifiAnalyzer/utg03/output/keyframes (16 files)
2026-03-22 23:03:08  INFO      ==================================================
2026-03-22 23:03:08  INFO      STEP 2: GUI Mapping
2026-03-22 23:03:08  INFO        Screenshots dir : /Users/tanmaybhuskute/Documents/gifdroid-reproduction/app_WifiAnalyzer/utg03/input/artifacts
2026-03-22 23:03:08  INFO      gui_mapping: matching 16 keyframes against screenshots in "/Users/tanmaybhuskute/Documents/gifdroid-reproduction/app_WifiAnalyzer/utg03/input/artifacts"
2026-03-22 23:03:11  DEBUG     load_screenshots: 33 screenshots loaded in 2.84s from "/Users/tanmaybhuskute/Documents/gifdroid-reproduction/app_WifiAnalyzer/utg03/input/artifacts"
2026-03-22 23:03:21  DEBUG     mapping: best match "artifacts_23.png" (score=0.244)
2026-03-22 23:03:29  DEBUG     mapping: best match "artifacts_33.png" (score=0.349)
2026-03-22 23:03:38  DEBUG     mapping: best match "artifacts_4.png" (score=0.335)
2026-03-22 23:03:46  DEBUG     mapping: best match "artifacts_3.png" (score=0.343)
2026-03-22 23:03:56  DEBUG     mapping: best match "artifacts_33.png" (score=0.284)
2026-03-22 23:04:04  DEBUG     mapping: best match "artifacts_17.png" (score=0.366)
2026-03-22 23:04:13  DEBUG     mapping: best match "artifacts_19.png" (score=0.471)
2026-03-22 23:04:22  DEBUG     mapping: best match "artifacts_8.png" (score=0.491)
2026-03-22 23:04:30  DEBUG     mapping: best match "artifacts_28.png" (score=0.525)
2026-03-22 23:04:39  DEBUG     mapping: best match "artifacts_8.png" (score=0.525)
2026-03-22 23:04:47  DEBUG     mapping: best match "artifacts_18.png" (score=0.381)
2026-03-22 23:04:56  DEBUG     mapping: best match "artifacts_18.png" (score=0.632)
2026-03-22 23:05:05  DEBUG     mapping: best match "artifacts_12.png" (score=0.350)
2026-03-22 23:05:14  DEBUG     mapping: best match "artifacts_12.png" (score=0.324)
2026-03-22 23:05:23  DEBUG     mapping: best match "artifacts_33.png" (score=0.294)
2026-03-22 23:05:32  DEBUG     mapping: best match "artifacts_20.png" (score=0.454)
2026-03-22 23:05:32  INFO      gui_mapping: done — index sequence [23, 33, 4, 3, 33, 17, 19, 8, 28, 8, 18, 18, 12, 12, 33, 20] (143.78s)
2026-03-22 23:05:32  INFO        Mapped index sequence : [23, 33, 4, 3, 33, 17, 19, 8, 28, 8, 18, 18, 12, 12, 33, 20]
2026-03-22 23:05:32  INFO        Duration              : 143.78s
2026-03-22 23:05:32  INFO      ==================================================
2026-03-22 23:05:32  INFO      STEP 3: Find Execution Trace
2026-03-22 23:05:32  INFO        UTG file : /Users/tanmaybhuskute/Documents/gifdroid-reproduction/app_WifiAnalyzer/utg03/input/utg.json
2026-03-22 23:05:32  INFO      find_execution_trace: target sequence [23, 33, 4, 3, 33, 17, 19, 8, 28, 8, 18, 18, 12, 12, 33, 20]
2026-03-22 23:05:32  DEBUG     read_graph: 119 edges, 32 vertices loaded in 0.00s
2026-03-22 23:05:32  DEBUG     find_execution_trace: 607 candidate paths found in 0.01s
2026-03-22 23:05:32  INFO      find_execution_trace: 3 trace(s) found (LCS=3, length=9) in 0.06s
2026-03-22 23:05:32  INFO        Candidate traces found : 3
2026-03-22 23:05:32  INFO          Trace 0: [0, 1, 2, 3, 9, 7, 8, 5, 20]
2026-03-22 23:05:32  INFO          Trace 1: [0, 1, 2, 3, 9, 23, 8, 5, 20]
2026-03-22 23:05:32  INFO          Trace 2: [0, 1, 2, 3, 9, 23, 11, 4, 20]
2026-03-22 23:05:32  INFO        Duration : 0.06s
2026-03-22 23:05:32  INFO      ==================================================
2026-03-22 23:05:32  INFO      STEP 4: Store Execution Trace
2026-03-22 23:05:32  INFO      Execution trace written to: /Users/tanmaybhuskute/Documents/gifdroid-reproduction/app_WifiAnalyzer/utg03/output/execution_srv_WifiAnalyzer.json
2026-03-22 23:05:32  INFO        Duration : 0.00s
2026-03-22 23:05:32  INFO      ==================================================
2026-03-22 23:05:32  INFO      Pipeline complete.  Total time: 227.49s
2026-03-22 23:05:32  INFO      ==================================================
