2026-03-27 22:57:18  INFO      Log file: /Users/tanmaybhuskute/Documents/gifdroid-reproduction/app_WifiAnalyzer/utg03/gifdroid_20260327_225718_hhv_stabilize.log
2026-03-27 22:57:18  INFO      GIFdroid started
2026-03-27 22:57:18  INFO        --video            : /Users/tanmaybhuskute/Documents/gifdroid-reproduction/app_WifiAnalyzer/utg03/input/handheld/hhv_app_WifiAnalyzer.mp4
2026-03-27 22:57:18  INFO        --utg              : /Users/tanmaybhuskute/Documents/gifdroid-reproduction/app_WifiAnalyzer/utg03/input/utg.json
2026-03-27 22:57:18  INFO        --artifact         : /Users/tanmaybhuskute/Documents/gifdroid-reproduction/app_WifiAnalyzer/utg03/input/artifacts
2026-03-27 22:57:18  INFO        --out              : /Users/tanmaybhuskute/Documents/gifdroid-reproduction/app_WifiAnalyzer/utg03/output/execution_hhv_WifiAnalyzer_stabilize.json
2026-03-27 22:57:18  INFO        --log-dir          : None
2026-03-27 22:57:18  INFO        --save-keyframes   : /Users/tanmaybhuskute/Documents/gifdroid-reproduction/app_WifiAnalyzer/utg03/output/keyframes_stabilize
2026-03-27 22:57:18  INFO        --keyframe-method  : stabilize
2026-03-27 22:57:18  INFO      ==================================================
2026-03-27 22:57:18  INFO      STEP 1: Keyframe Location
2026-03-27 22:57:18  INFO        Input video      : /Users/tanmaybhuskute/Documents/gifdroid-reproduction/app_WifiAnalyzer/utg03/input/handheld/hhv_app_WifiAnalyzer.mp4
2026-03-27 22:57:18  INFO        Keyframe method  : stabilize
2026-03-27 22:57:18  INFO      keyframe_location_stabilized: starting on "/Users/tanmaybhuskute/Documents/gifdroid-reproduction/app_WifiAnalyzer/utg03/input/handheld/hhv_app_WifiAnalyzer.mp4"
2026-03-27 22:58:33  INFO      keyframe_location: starting on video "/Users/tanmaybhuskute/Documents/gifdroid-reproduction/app_WifiAnalyzer/utg03/input/handheld/hhv_app_WifiAnalyzer_stabilized.mp4"
2026-03-27 22:58:44  DEBUG     read_frames_from_video: 1191 frames decoded in 10.39s
2026-03-27 23:00:30  DEBUG     calculate_sim_seq: 1190 similarities computed in 106.85s
2026-03-27 23:00:30  DEBUG     detect_keyframes: 16 keyframes detected from 1190 frames in 0.00s
2026-03-27 23:00:30  INFO      keyframe_location: done — 16 keyframes at indices [93, 132, 200, 260, 379, 466, 573, 598, 605, 720, 738, 842, 855, 943, 983, 1190] (117.28s total)
2026-03-27 23:00:31  INFO      keyframe_location_stabilized: done — 16 keyframes at indices [93, 132, 200, 260, 379, 466, 573, 598, 605, 720, 738, 842, 855, 943, 983, 1190] (192.76s)
2026-03-27 23:00:31  INFO        Keyframes found   : 16
2026-03-27 23:00:31  INFO        Keyframe indices  : [93, 132, 200, 260, 379, 466, 573, 598, 605, 720, 738, 842, 855, 943, 983, 1190]
2026-03-27 23:00:31  INFO        Duration          : 192.76s
2026-03-27 23:00:32  INFO        Keyframes saved to: /Users/tanmaybhuskute/Documents/gifdroid-reproduction/app_WifiAnalyzer/utg03/output/keyframes_stabilize (16 files)
2026-03-27 23:00:32  INFO      ==================================================
2026-03-27 23:00:32  INFO      STEP 2: GUI Mapping
2026-03-27 23:00:32  INFO        Screenshots dir : /Users/tanmaybhuskute/Documents/gifdroid-reproduction/app_WifiAnalyzer/utg03/input/artifacts
2026-03-27 23:00:32  INFO      gui_mapping: matching 16 keyframes against screenshots in "/Users/tanmaybhuskute/Documents/gifdroid-reproduction/app_WifiAnalyzer/utg03/input/artifacts"
2026-03-27 23:00:36  DEBUG     load_screenshots: 33 screenshots loaded in 3.38s from "/Users/tanmaybhuskute/Documents/gifdroid-reproduction/app_WifiAnalyzer/utg03/input/artifacts"
2026-03-27 23:00:45  DEBUG     mapping: best match "artifacts_33.png" (score=0.284)
2026-03-27 23:00:54  DEBUG     mapping: best match "artifacts_33.png" (score=0.360)
2026-03-27 23:01:03  DEBUG     mapping: best match "artifacts_33.png" (score=0.309)
2026-03-27 23:01:12  DEBUG     mapping: best match "artifacts_33.png" (score=0.307)
2026-03-27 23:01:21  DEBUG     mapping: best match "artifacts_33.png" (score=0.316)
2026-03-27 23:01:30  DEBUG     mapping: best match "artifacts_33.png" (score=0.332)
2026-03-27 23:01:39  DEBUG     mapping: best match "artifacts_33.png" (score=0.323)
2026-03-27 23:01:48  DEBUG     mapping: best match "artifacts_33.png" (score=0.322)
2026-03-27 23:01:57  DEBUG     mapping: best match "artifacts_33.png" (score=0.322)
2026-03-27 23:02:06  DEBUG     mapping: best match "artifacts_33.png" (score=0.323)
2026-03-27 23:02:14  DEBUG     mapping: best match "artifacts_33.png" (score=0.323)
2026-03-27 23:02:23  DEBUG     mapping: best match "artifacts_33.png" (score=0.327)
2026-03-27 23:02:33  DEBUG     mapping: best match "artifacts_33.png" (score=0.311)
2026-03-27 23:02:41  DEBUG     mapping: best match "artifacts_33.png" (score=0.330)
2026-03-27 23:02:50  DEBUG     mapping: best match "artifacts_33.png" (score=0.335)
2026-03-27 23:02:59  DEBUG     mapping: best match "artifacts_33.png" (score=0.333)
2026-03-27 23:02:59  INFO      gui_mapping: done — index sequence [33, 33, 33, 33, 33, 33, 33, 33, 33, 33, 33, 33, 33, 33, 33, 33] (146.73s)
2026-03-27 23:02:59  INFO        Mapped index sequence : [33, 33, 33, 33, 33, 33, 33, 33, 33, 33, 33, 33, 33, 33, 33, 33]
2026-03-27 23:02:59  INFO        Duration              : 146.73s
2026-03-27 23:02:59  INFO      ==================================================
2026-03-27 23:02:59  INFO      STEP 3: Find Execution Trace
2026-03-27 23:02:59  INFO        UTG file : /Users/tanmaybhuskute/Documents/gifdroid-reproduction/app_WifiAnalyzer/utg03/input/utg.json
2026-03-27 23:02:59  INFO      find_execution_trace: target sequence [33, 33, 33, 33, 33, 33, 33, 33, 33, 33, 33, 33, 33, 33, 33, 33]
2026-03-27 23:02:59  DEBUG     read_graph: 119 edges, 32 vertices loaded in 0.00s
2026-03-27 23:02:59  DEBUG     find_execution_trace: 0 candidate paths found in 0.01s
2026-03-27 23:02:59  WARNING   find_execution_trace: no paths found from node 0 to screen 33 in the UTG (sequence=[33, 33, 33, 33, 33, 33, 33, 33, 33, 33, 33, 33, 33, 33, 33, 33]). Returning empty trace. (0.01s)
2026-03-27 23:02:59  INFO        Candidate traces found : 0
2026-03-27 23:02:59  INFO        Duration : 0.01s
2026-03-27 23:02:59  INFO      ==================================================
2026-03-27 23:02:59  INFO      STEP 4: Store Execution Trace
2026-03-27 23:02:59  INFO      Execution trace written to: /Users/tanmaybhuskute/Documents/gifdroid-reproduction/app_WifiAnalyzer/utg03/output/execution_hhv_WifiAnalyzer_stabilize.json
2026-03-27 23:02:59  INFO        Duration : 0.00s
2026-03-27 23:02:59  INFO      ==================================================
2026-03-27 23:02:59  INFO      Pipeline complete.  Total time: 340.84s
2026-03-27 23:02:59  INFO      ==================================================
