2026-03-27 23:03:00  INFO      Log file: /Users/tanmaybhuskute/Documents/gifdroid-reproduction/app_WifiAnalyzer/utg03/gifdroid_20260327_230300_hhv_hysteresis.log
2026-03-27 23:03:00  INFO      GIFdroid started
2026-03-27 23:03:00  INFO        --video            : /Users/tanmaybhuskute/Documents/gifdroid-reproduction/app_WifiAnalyzer/utg03/input/handheld/hhv_app_WifiAnalyzer.mp4
2026-03-27 23:03:00  INFO        --utg              : /Users/tanmaybhuskute/Documents/gifdroid-reproduction/app_WifiAnalyzer/utg03/input/utg.json
2026-03-27 23:03:00  INFO        --artifact         : /Users/tanmaybhuskute/Documents/gifdroid-reproduction/app_WifiAnalyzer/utg03/input/artifacts
2026-03-27 23:03:00  INFO        --out              : /Users/tanmaybhuskute/Documents/gifdroid-reproduction/app_WifiAnalyzer/utg03/output/execution_hhv_WifiAnalyzer_hysteresis.json
2026-03-27 23:03:00  INFO        --log-dir          : None
2026-03-27 23:03:00  INFO        --save-keyframes   : /Users/tanmaybhuskute/Documents/gifdroid-reproduction/app_WifiAnalyzer/utg03/output/keyframes_hysteresis
2026-03-27 23:03:00  INFO        --keyframe-method  : hysteresis
2026-03-27 23:03:00  INFO      ==================================================
2026-03-27 23:03:00  INFO      STEP 1: Keyframe Location
2026-03-27 23:03:00  INFO        Input video      : /Users/tanmaybhuskute/Documents/gifdroid-reproduction/app_WifiAnalyzer/utg03/input/handheld/hhv_app_WifiAnalyzer.mp4
2026-03-27 23:03:00  INFO        Keyframe method  : hysteresis
2026-03-27 23:03:00  INFO      keyframe_location_hysteresis: starting on "/Users/tanmaybhuskute/Documents/gifdroid-reproduction/app_WifiAnalyzer/utg03/input/handheld/hhv_app_WifiAnalyzer.mp4" (k=3)
2026-03-27 23:03:10  DEBUG     read_frames_from_video: 1191 frames decoded in 10.47s
2026-03-27 23:04:58  DEBUG     calculate_sim_seq: 1190 similarities computed in 107.80s
2026-03-27 23:04:58  INFO      keyframe_location_hysteresis: done — 15 keyframes at indices [95, 130, 197, 259, 378, 465, 573, 598, 719, 737, 899, 942, 1099, 1123, 1190] (118.29s)
2026-03-27 23:04:59  INFO        Keyframes found   : 15
2026-03-27 23:04:59  INFO        Keyframe indices  : [95, 130, 197, 259, 378, 465, 573, 598, 719, 737, 899, 942, 1099, 1123, 1190]
2026-03-27 23:04:59  INFO        Duration          : 118.78s
2026-03-27 23:05:00  INFO        Keyframes saved to: /Users/tanmaybhuskute/Documents/gifdroid-reproduction/app_WifiAnalyzer/utg03/output/keyframes_hysteresis (15 files)
2026-03-27 23:05:00  INFO      ==================================================
2026-03-27 23:05:00  INFO      STEP 2: GUI Mapping
2026-03-27 23:05:00  INFO        Screenshots dir : /Users/tanmaybhuskute/Documents/gifdroid-reproduction/app_WifiAnalyzer/utg03/input/artifacts
2026-03-27 23:05:00  INFO      gui_mapping: matching 15 keyframes against screenshots in "/Users/tanmaybhuskute/Documents/gifdroid-reproduction/app_WifiAnalyzer/utg03/input/artifacts"
2026-03-27 23:05:03  DEBUG     load_screenshots: 33 screenshots loaded in 2.94s from "/Users/tanmaybhuskute/Documents/gifdroid-reproduction/app_WifiAnalyzer/utg03/input/artifacts"
2026-03-27 23:05:12  DEBUG     mapping: best match "artifacts_33.png" (score=0.280)
2026-03-27 23:05:20  DEBUG     mapping: best match "artifacts_33.png" (score=0.366)
2026-03-27 23:05:29  DEBUG     mapping: best match "artifacts_33.png" (score=0.306)
2026-03-27 23:05:37  DEBUG     mapping: best match "artifacts_33.png" (score=0.304)
2026-03-27 23:05:45  DEBUG     mapping: best match "artifacts_33.png" (score=0.313)
2026-03-27 23:05:55  DEBUG     mapping: best match "artifacts_33.png" (score=0.330)
2026-03-27 23:06:03  DEBUG     mapping: best match "artifacts_33.png" (score=0.320)
2026-03-27 23:06:11  DEBUG     mapping: best match "artifacts_33.png" (score=0.319)
2026-03-27 23:06:21  DEBUG     mapping: best match "artifacts_33.png" (score=0.319)
2026-03-27 23:06:30  DEBUG     mapping: best match "artifacts_33.png" (score=0.319)
2026-03-27 23:06:42  DEBUG     mapping: best match "artifacts_33.png" (score=0.328)
2026-03-27 23:06:51  DEBUG     mapping: best match "artifacts_33.png" (score=0.326)
2026-03-27 23:07:02  DEBUG     mapping: best match "artifacts_33.png" (score=0.332)
2026-03-27 23:07:12  DEBUG     mapping: best match "artifacts_33.png" (score=0.331)
2026-03-27 23:07:22  DEBUG     mapping: best match "artifacts_33.png" (score=0.331)
2026-03-27 23:07:22  INFO      gui_mapping: done — index sequence [33, 33, 33, 33, 33, 33, 33, 33, 33, 33, 33, 33, 33, 33, 33] (142.37s)
2026-03-27 23:07:22  INFO        Mapped index sequence : [33, 33, 33, 33, 33, 33, 33, 33, 33, 33, 33, 33, 33, 33, 33]
2026-03-27 23:07:22  INFO        Duration              : 142.38s
2026-03-27 23:07:22  INFO      ==================================================
2026-03-27 23:07:22  INFO      STEP 3: Find Execution Trace
2026-03-27 23:07:22  INFO        UTG file : /Users/tanmaybhuskute/Documents/gifdroid-reproduction/app_WifiAnalyzer/utg03/input/utg.json
2026-03-27 23:07:22  INFO      find_execution_trace: target sequence [33, 33, 33, 33, 33, 33, 33, 33, 33, 33, 33, 33, 33, 33, 33]
2026-03-27 23:07:22  DEBUG     read_graph: 119 edges, 32 vertices loaded in 0.00s
2026-03-27 23:07:22  DEBUG     find_execution_trace: 0 candidate paths found in 0.01s
2026-03-27 23:07:22  WARNING   find_execution_trace: no paths found from node 0 to screen 33 in the UTG (sequence=[33, 33, 33, 33, 33, 33, 33, 33, 33, 33, 33, 33, 33, 33, 33]). Returning empty trace. (0.01s)
2026-03-27 23:07:22  INFO        Candidate traces found : 0
2026-03-27 23:07:22  INFO        Duration : 0.01s
2026-03-27 23:07:22  INFO      ==================================================
2026-03-27 23:07:22  INFO      STEP 4: Store Execution Trace
2026-03-27 23:07:22  INFO      Execution trace written to: /Users/tanmaybhuskute/Documents/gifdroid-reproduction/app_WifiAnalyzer/utg03/output/execution_hhv_WifiAnalyzer_hysteresis.json
2026-03-27 23:07:22  INFO        Duration : 0.00s
2026-03-27 23:07:22  INFO      ==================================================
2026-03-27 23:07:22  INFO      Pipeline complete.  Total time: 262.47s
2026-03-27 23:07:22  INFO      ==================================================
