2026-03-17 00:20:09  INFO      Log file: logs/gifdroid_20260317_002009.log
2026-03-17 00:20:09  INFO      GIFdroid started
2026-03-17 00:20:09  INFO        --video    : ../app_AdAway/handheld/handheld_video_AdAway.mp4
2026-03-17 00:20:09  INFO        --utg      : ../app_AdAway/utg.json
2026-03-17 00:20:09  INFO        --artifact : ../app_AdAway/artifacts
2026-03-17 00:20:09  INFO        --out      : ../app_AdAway/handheld/execution_handheld.json
2026-03-17 00:20:09  INFO        --log-dir  : logs
2026-03-17 00:20:09  INFO      ==================================================
2026-03-17 00:20:09  INFO      STEP 1: Keyframe Location
2026-03-17 00:20:09  INFO        Input video : ../app_AdAway/handheld/handheld_video_AdAway.mp4
2026-03-17 00:22:22  INFO        Keyframes found   : 39
2026-03-17 00:22:22  INFO        Keyframe indices  : [11, 21, 74, 168, 231, 245, 366, 421, 428, 454, 550, 608, 626, 643, 677, 683, 689, 718, 745, 764, 792, 802, 812, 819, 827, 858, 880, 943, 1017, 1097, 1126, 1161, 1174, 1187, 1221, 1227, 1262, 1270, 1330]
2026-03-17 00:22:22  INFO        Duration          : 132.05s
2026-03-17 00:22:22  INFO      ==================================================
2026-03-17 00:22:22  INFO      STEP 2: GUI Mapping
2026-03-17 00:22:22  INFO        Screenshots dir : ../app_AdAway/artifacts
2026-03-17 00:23:38  INFO        Mapped index sequence : [5, 5, 5, 5, 5, 5, 5, 5, 5, 5, 5, 5, 5, 5, 5, 5, 5, 5, 5, 5, 5, 5, 5, 5, 5, 5, 5, 5, 5, 5, 5, 5, 5, 5, 5, 5, 5, 5, 5]
2026-03-17 00:23:38  INFO        Duration              : 76.40s
2026-03-17 00:23:38  INFO      ==================================================
2026-03-17 00:23:38  INFO      STEP 3: Find Execution Trace
2026-03-17 00:23:38  INFO        UTG file : ../app_AdAway/utg.json
2026-03-17 00:23:38  INFO        Candidate traces found : 1
2026-03-17 00:23:38  INFO          Trace 0: [0, 1, 4, 5]
2026-03-17 00:23:38  INFO        Duration : 0.00s
2026-03-17 00:23:38  INFO      ==================================================
2026-03-17 00:23:38  INFO      STEP 4: Store Execution Trace
2026-03-17 00:23:38  INFO      Execution trace written to: ../app_AdAway/handheld/execution_handheld.json
2026-03-17 00:23:38  INFO        Duration : 0.00s
2026-03-17 00:23:38  INFO      ==================================================
2026-03-17 00:23:38  INFO      Pipeline complete.  Total time: 208.45s
2026-03-17 00:23:38  INFO      ==================================================
